[teardown] ['harvest']
[setup] harvest:
MB:0=   20;1=   20
    L2:0=0ffff;1=0ffff;2=0ffff;3=0ffff;4=0ffff;5=0ffff;6=0ffff;7=0ffff;8=0ffff;9=0ffff;10=0ffff;11=0ffff;12=0ffff;13=0ffff;14=0ffff;15=0ffff;16=0ffff;17=0ffff;18=0ffff;19=0ffff;20=0ffff;21=0ffff;22=0ffff;23=0ffff;24=0ffff;25=0ffff;26=0ffff;27=0ffff;28=0ffff;29=0ffff;30=0ffff;31=0ffff;32=0ffff;33=0ffff;34=0ffff;35=0ffff;36=0ffff;37=0ffff;38=0ffff;39=0ffff;40=0ffff;41=0ffff;42=0ffff;43=0ffff;44=0ffff;45=0ffff;46=0ffff;47=0ffff;48=0ffff;49=0ffff;50=0ffff;51=0ffff;52=0ffff;53=0ffff;54=0ffff;55=0ffff;64=0ffff;65=0ffff;66=0ffff;67=0ffff;68=0ffff;69=0ffff;70=0ffff;71=0ffff;72=0ffff;73=0ffff;74=0ffff;75=0ffff;76=0ffff;77=0ffff;78=0ffff;79=0ffff;80=0ffff;81=0ffff;82=0ffff;83=0ffff;84=0ffff;85=0ffff;86=0ffff;87=0ffff;88=0ffff;89=0ffff;90=0ffff;91=0ffff;92=0ffff;93=0ffff;94=0ffff;95=0ffff;96=0ffff;97=0ffff;98=0ffff;99=0ffff;100=0ffff;101=0ffff;102=0ffff;103=0ffff;104=0ffff;105=0ffff;106=0ffff;107=0ffff;108=0ffff;109=0ffff;110=0ffff;111=0ffff;112=0ffff;113=0ffff;114=0ffff;115=0ffff;116=0ffff;117=0ffff;118=0ffff;119=0ffff
    L3:0=fffff;1=fffff
[assign] harvest cpus=112-119,168-175 tids=None
[teardown] ['harvest']
[setup] harvest:
MB:0=   20;1=   20
    L2:0=0ffff;1=0ffff;2=0ffff;3=0ffff;4=0ffff;5=0ffff;6=0ffff;7=0ffff;8=0ffff;9=0ffff;10=0ffff;11=0ffff;12=0ffff;13=0ffff;14=0ffff;15=0ffff;16=0ffff;17=0ffff;18=0ffff;19=0ffff;20=0ffff;21=0ffff;22=0ffff;23=0ffff;24=0ffff;25=0ffff;26=0ffff;27=0ffff;28=0ffff;29=0ffff;30=0ffff;31=0ffff;32=0ffff;33=0ffff;34=0ffff;35=0ffff;36=0ffff;37=0ffff;38=0ffff;39=0ffff;40=0ffff;41=0ffff;42=0ffff;43=0ffff;44=0ffff;45=0ffff;46=0ffff;47=0ffff;48=0ffff;49=0ffff;50=0ffff;51=0ffff;52=0ffff;53=0ffff;54=0ffff;55=0ffff;64=0ffff;65=0ffff;66=0ffff;67=0ffff;68=0ffff;69=0ffff;70=0ffff;71=0ffff;72=0ffff;73=0ffff;74=0ffff;75=0ffff;76=0ffff;77=0ffff;78=0ffff;79=0ffff;80=0ffff;81=0ffff;82=0ffff;83=0ffff;84=0ffff;85=0ffff;86=0ffff;87=0ffff;88=0ffff;89=0ffff;90=0ffff;91=0ffff;92=0ffff;93=0ffff;94=0ffff;95=0ffff;96=0ffff;97=0ffff;98=0ffff;99=0ffff;100=0ffff;101=0ffff;102=0ffff;103=0ffff;104=0ffff;105=0ffff;106=0ffff;107=0ffff;108=0ffff;109=0ffff;110=0ffff;111=0ffff;112=0ffff;113=0ffff;114=0ffff;115=0ffff;116=0ffff;117=0ffff;118=0ffff;119=0ffff
    L3:0=fffff;1=fffff
[set_l2_mask] harvest L2=000f (112 domains) OK
[assign] harvest cpus=112-119,168-175 tids=None
[teardown] ['harvest']
[setup] harvest:
MB:0=   20;1=   20
    L2:0=0ffff;1=0ffff;2=0ffff;3=0ffff;4=0ffff;5=0ffff;6=0ffff;7=0ffff;8=0ffff;9=0ffff;10=0ffff;11=0ffff;12=0ffff;13=0ffff;14=0ffff;15=0ffff;16=0ffff;17=0ffff;18=0ffff;19=0ffff;20=0ffff;21=0ffff;22=0ffff;23=0ffff;24=0ffff;25=0ffff;26=0ffff;27=0ffff;28=0ffff;29=0ffff;30=0ffff;31=0ffff;32=0ffff;33=0ffff;34=0ffff;35=0ffff;36=0ffff;37=0ffff;38=0ffff;39=0ffff;40=0ffff;41=0ffff;42=0ffff;43=0ffff;44=0ffff;45=0ffff;46=0ffff;47=0ffff;48=0ffff;49=0ffff;50=0ffff;51=0ffff;52=0ffff;53=0ffff;54=0ffff;55=0ffff;64=0ffff;65=0ffff;66=0ffff;67=0ffff;68=0ffff;69=0ffff;70=0ffff;71=0ffff;72=0ffff;73=0ffff;74=0ffff;75=0ffff;76=0ffff;77=0ffff;78=0ffff;79=0ffff;80=0ffff;81=0ffff;82=0ffff;83=0ffff;84=0ffff;85=0ffff;86=0ffff;87=0ffff;88=0ffff;89=0ffff;90=0ffff;91=0ffff;92=0ffff;93=0ffff;94=0ffff;95=0ffff;96=0ffff;97=0ffff;98=0ffff;99=0ffff;100=0ffff;101=0ffff;102=0ffff;103=0ffff;104=0ffff;105=0ffff;106=0ffff;107=0ffff;108=0ffff;109=0ffff;110=0ffff;111=0ffff;112=0ffff;113=0ffff;114=0ffff;115=0ffff;116=0ffff;117=0ffff;118=0ffff;119=0ffff
    L3:0=fffff;1=fffff
[set_l2_mask] harvest L2=0003 (112 domains) OK
[assign] harvest cpus=112-119,168-175 tids=None
[teardown] ['harvest']
