<frozen importlib._bootstrap_external>:1301: FutureWarning: The cuda.cudart module is deprecated and will be removed in a future release, please switch to use the cuda.bindings.runtime module instead.
<frozen importlib._bootstrap_external>:1301: FutureWarning: The cuda.nvrtc module is deprecated and will be removed in a future release, please switch to use the cuda.bindings.nvrtc module instead.
(Worker pid=1105629) <frozen importlib._bootstrap_external>:1301: FutureWarning: The cuda.cudart module is deprecated and will be removed in a future release, please switch to use the cuda.bindings.runtime module instead.
(Worker pid=1105629) <frozen importlib._bootstrap_external>:1301: FutureWarning: The cuda.nvrtc module is deprecated and will be removed in a future release, please switch to use the cuda.bindings.nvrtc module instead.
(Worker pid=1105630) <frozen importlib._bootstrap_external>:1301: FutureWarning: The cuda.cudart module is deprecated and will be removed in a future release, please switch to use the cuda.bindings.runtime module instead.
(Worker pid=1105630) <frozen importlib._bootstrap_external>:1301: FutureWarning: The cuda.nvrtc module is deprecated and will be removed in a future release, please switch to use the cuda.bindings.nvrtc module instead.
(Worker pid=1105636) <frozen importlib._bootstrap_external>:1301: FutureWarning: The cuda.cudart module is deprecated and will be removed in a future release, please switch to use the cuda.bindings.runtime module instead.
(Worker pid=1105636) <frozen importlib._bootstrap_external>:1301: FutureWarning: The cuda.nvrtc module is deprecated and will be removed in a future release, please switch to use the cuda.bindings.nvrtc module instead.
(Worker pid=1105634) <frozen importlib._bootstrap_external>:1301: FutureWarning: The cuda.cudart module is deprecated and will be removed in a future release, please switch to use the cuda.bindings.runtime module instead.
(Worker pid=1105632) <frozen importlib._bootstrap_external>:1301: FutureWarning: The cuda.cudart module is deprecated and will be removed in a future release, please switch to use the cuda.bindings.runtime module instead.
(Worker pid=1105634) <frozen importlib._bootstrap_external>:1301: FutureWarning: The cuda.nvrtc module is deprecated and will be removed in a future release, please switch to use the cuda.bindings.nvrtc module instead.
(Worker pid=1105632) <frozen importlib._bootstrap_external>:1301: FutureWarning: The cuda.nvrtc module is deprecated and will be removed in a future release, please switch to use the cuda.bindings.nvrtc module instead.
(Worker pid=1105633) <frozen importlib._bootstrap_external>:1301: FutureWarning: The cuda.cudart module is deprecated and will be removed in a future release, please switch to use the cuda.bindings.runtime module instead.
(Worker pid=1105633) <frozen importlib._bootstrap_external>:1301: FutureWarning: The cuda.nvrtc module is deprecated and will be removed in a future release, please switch to use the cuda.bindings.nvrtc module instead.
(Worker pid=1105635) <frozen importlib._bootstrap_external>:1301: FutureWarning: The cuda.cudart module is deprecated and will be removed in a future release, please switch to use the cuda.bindings.runtime module instead.
(Worker pid=1105635) <frozen importlib._bootstrap_external>:1301: FutureWarning: The cuda.nvrtc module is deprecated and will be removed in a future release, please switch to use the cuda.bindings.nvrtc module instead.
(Worker pid=1105631) <frozen importlib._bootstrap_external>:1301: FutureWarning: The cuda.cudart module is deprecated and will be removed in a future release, please switch to use the cuda.bindings.runtime module instead.
(Worker pid=1105631) <frozen importlib._bootstrap_external>:1301: FutureWarning: The cuda.nvrtc module is deprecated and will be removed in a future release, please switch to use the cuda.bindings.nvrtc module instead.
(Worker_TP0 pid=1105629) Loading safetensors checkpoint shards:   0% Completed | 0/30 [00:00<?, ?it/s]
(Worker_TP0 pid=1105629) Loading safetensors checkpoint shards:   3% Completed | 1/30 [00:00<00:05,  5.19it/s]
(Worker_TP0 pid=1105629) Loading safetensors checkpoint shards:   7% Completed | 2/30 [00:00<00:07,  3.51it/s]
(Worker_TP0 pid=1105629) Loading safetensors checkpoint shards:  10% Completed | 3/30 [00:00<00:08,  3.21it/s]
(Worker_TP0 pid=1105629) Loading safetensors checkpoint shards:  13% Completed | 4/30 [00:01<00:08,  2.96it/s]
(Worker_TP0 pid=1105629) Loading safetensors checkpoint shards:  17% Completed | 5/30 [00:01<00:08,  3.00it/s]
(Worker_TP0 pid=1105629) Loading safetensors checkpoint shards:  20% Completed | 6/30 [00:01<00:08,  2.94it/s]
(Worker_TP0 pid=1105629) Loading safetensors checkpoint shards:  23% Completed | 7/30 [00:02<00:07,  2.98it/s]
(Worker_TP0 pid=1105629) Loading safetensors checkpoint shards:  27% Completed | 8/30 [00:02<00:07,  2.80it/s]
(Worker_TP0 pid=1105629) Loading safetensors checkpoint shards:  30% Completed | 9/30 [00:03<00:07,  2.75it/s]
(Worker_TP0 pid=1105629) Loading safetensors checkpoint shards:  33% Completed | 10/30 [00:03<00:06,  2.96it/s]
(Worker_TP0 pid=1105629) Loading safetensors checkpoint shards:  37% Completed | 11/30 [00:03<00:06,  3.00it/s]
(Worker_TP0 pid=1105629) Loading safetensors checkpoint shards:  40% Completed | 12/30 [00:03<00:05,  3.01it/s]
(Worker_TP0 pid=1105629) Loading safetensors checkpoint shards:  43% Completed | 13/30 [00:04<00:05,  3.00it/s]
(Worker_TP0 pid=1105629) Loading safetensors checkpoint shards:  47% Completed | 14/30 [00:04<00:05,  2.86it/s]
(Worker_TP0 pid=1105629) Loading safetensors checkpoint shards:  50% Completed | 15/30 [00:05<00:05,  2.88it/s]
(Worker_TP0 pid=1105629) Loading safetensors checkpoint shards:  53% Completed | 16/30 [00:05<00:04,  2.85it/s]
(Worker_TP0 pid=1105629) Loading safetensors checkpoint shards:  57% Completed | 17/30 [00:05<00:04,  2.75it/s]
(Worker_TP0 pid=1105629) Loading safetensors checkpoint shards:  60% Completed | 18/30 [00:06<00:04,  2.80it/s]
(Worker_TP0 pid=1105629) Loading safetensors checkpoint shards:  63% Completed | 19/30 [00:06<00:04,  2.74it/s]
(Worker_TP0 pid=1105629) Loading safetensors checkpoint shards:  67% Completed | 20/30 [00:06<00:03,  2.77it/s]
(Worker_TP0 pid=1105629) Loading safetensors checkpoint shards:  70% Completed | 21/30 [00:07<00:03,  2.76it/s]
(Worker_TP0 pid=1105629) Loading safetensors checkpoint shards:  73% Completed | 22/30 [00:07<00:02,  2.72it/s]
(Worker_TP0 pid=1105629) Loading safetensors checkpoint shards:  77% Completed | 23/30 [00:07<00:02,  2.71it/s]
(Worker_TP0 pid=1105629) Loading safetensors checkpoint shards:  80% Completed | 24/30 [00:08<00:02,  2.66it/s]
(Worker_TP0 pid=1105629) Loading safetensors checkpoint shards:  83% Completed | 25/30 [00:08<00:01,  2.74it/s]
(Worker_TP0 pid=1105629) Loading safetensors checkpoint shards:  87% Completed | 26/30 [00:09<00:01,  2.73it/s]
(Worker_TP0 pid=1105629) Loading safetensors checkpoint shards:  90% Completed | 27/30 [00:09<00:01,  2.73it/s]
(Worker_TP0 pid=1105629) Loading safetensors checkpoint shards:  93% Completed | 28/30 [00:09<00:00,  2.69it/s]
(Worker_TP0 pid=1105629) Loading safetensors checkpoint shards:  97% Completed | 29/30 [00:10<00:00,  2.64it/s]
(Worker_TP0 pid=1105629) Loading safetensors checkpoint shards: 100% Completed | 30/30 [00:10<00:00,  2.90it/s]
(Worker_TP0 pid=1105629) 
(Worker_TP0 pid=1105629) /workspace/vllm_dev_prj/lib/python3.12/site-packages/torch/distributed/c10d_logger.py:83: UserWarning: barrier(): using the device under current context. You can specify `device_id` in `init_process_group` to mute this warning.
(Worker_TP0 pid=1105629)   return func(*args, **kwargs)
(Worker_TP0 pid=1105629) /workspace/vllm_dev_prj/lib/python3.12/site-packages/torch/distributed/c10d_logger.py:83: UserWarning: barrier(): using the device under current context. You can specify `device_id` in `init_process_group` to mute this warning.
(Worker_TP0 pid=1105629)   return func(*args, **kwargs)
(Worker_TP6 pid=1105635) 2026-04-28 06:59:19,776 - INFO - autotuner.py:446 - flashinfer.jit: [Autotuner]: Autotuning process starts ...
(Worker_TP4 pid=1105633) 2026-04-28 06:59:19,776 - INFO - autotuner.py:446 - flashinfer.jit: [Autotuner]: Autotuning process starts ...
(Worker_TP3 pid=1105632) 2026-04-28 06:59:19,777 - INFO - autotuner.py:446 - flashinfer.jit: [Autotuner]: Autotuning process starts ...
(Worker_TP2 pid=1105631) 2026-04-28 06:59:19,777 - INFO - autotuner.py:446 - flashinfer.jit: [Autotuner]: Autotuning process starts ...
(Worker_TP5 pid=1105634) 2026-04-28 06:59:19,777 - INFO - autotuner.py:446 - flashinfer.jit: [Autotuner]: Autotuning process starts ...
(Worker_TP7 pid=1105636) 2026-04-28 06:59:19,777 - INFO - autotuner.py:446 - flashinfer.jit: [Autotuner]: Autotuning process starts ...
(Worker_TP0 pid=1105629) 2026-04-28 06:59:19,777 - INFO - autotuner.py:446 - flashinfer.jit: [Autotuner]: Autotuning process starts ...
(Worker_TP1 pid=1105630) 2026-04-28 06:59:19,778 - INFO - autotuner.py:446 - flashinfer.jit: [Autotuner]: Autotuning process starts ...
(Worker_TP6 pid=1105635) 2026-04-28 06:59:19,904 - INFO - autotuner.py:455 - flashinfer.jit: [Autotuner]: Autotuning process ends
(Worker_TP3 pid=1105632) 2026-04-28 06:59:19,904 - INFO - autotuner.py:455 - flashinfer.jit: [Autotuner]: Autotuning process ends
(Worker_TP2 pid=1105631) 2026-04-28 06:59:19,904 - INFO - autotuner.py:455 - flashinfer.jit: [Autotuner]: Autotuning process ends
(Worker_TP0 pid=1105629) 2026-04-28 06:59:19,904 - INFO - autotuner.py:455 - flashinfer.jit: [Autotuner]: Autotuning process ends
(Worker_TP5 pid=1105634) 2026-04-28 06:59:19,904 - INFO - autotuner.py:455 - flashinfer.jit: [Autotuner]: Autotuning process ends
(Worker_TP4 pid=1105633) 2026-04-28 06:59:19,904 - INFO - autotuner.py:455 - flashinfer.jit: [Autotuner]: Autotuning process ends
(Worker_TP1 pid=1105630) 2026-04-28 06:59:19,904 - INFO - autotuner.py:455 - flashinfer.jit: [Autotuner]: Autotuning process ends
(Worker_TP7 pid=1105636) 2026-04-28 06:59:19,904 - INFO - autotuner.py:455 - flashinfer.jit: [Autotuner]: Autotuning process ends
(Worker_TP0 pid=1105629) Capturing CUDA graphs (mixed prefill-decode, PIECEWISE):   0%|          | 0/51 [00:00<?, ?it/s]Capturing CUDA graphs (mixed prefill-decode, PIECEWISE):   2%|▏         | 1/51 [00:00<00:15,  3.26it/s]Capturing CUDA graphs (mixed prefill-decode, PIECEWISE):   4%|▍         | 2/51 [00:00<00:09,  5.06it/s]Capturing CUDA graphs (mixed prefill-decode, PIECEWISE):   6%|▌         | 3/51 [00:00<00:08,  5.80it/s]Capturing CUDA graphs (mixed prefill-decode, PIECEWISE):   8%|▊         | 4/51 [00:00<00:07,  6.32it/s]Capturing CUDA graphs (mixed prefill-decode, PIECEWISE):  10%|▉         | 5/51 [00:00<00:06,  6.65it/s]Capturing CUDA graphs (mixed prefill-decode, PIECEWISE):  12%|█▏        | 6/51 [00:00<00:06,  6.74it/s]Capturing CUDA graphs (mixed prefill-decode, PIECEWISE):  14%|█▎        | 7/51 [00:01<00:06,  6.57it/s]Capturing CUDA graphs (mixed prefill-decode, PIECEWISE):  16%|█▌        | 8/51 [00:01<00:06,  6.20it/s]Capturing CUDA graphs (mixed prefill-decode, PIECEWISE):  18%|█▊        | 9/51 [00:01<00:06,  6.44it/s]Capturing CUDA graphs (mixed prefill-decode, PIECEWISE):  20%|█▉        | 10/51 [00:01<00:06,  6.34it/s]Capturing CUDA graphs (mixed prefill-decode, PIECEWISE):  22%|██▏       | 11/51 [00:01<00:06,  6.48it/s]Capturing CUDA graphs (mixed prefill-decode, PIECEWISE):  24%|██▎       | 12/51 [00:01<00:06,  6.19it/s]Capturing CUDA graphs (mixed prefill-decode, PIECEWISE):  25%|██▌       | 13/51 [00:02<00:05,  6.34it/s]Capturing CUDA graphs (mixed prefill-decode, PIECEWISE):  27%|██▋       | 14/51 [00:02<00:05,  6.48it/s]Capturing CUDA graphs (mixed prefill-decode, PIECEWISE):  29%|██▉       | 15/51 [00:02<00:05,  6.45it/s]Capturing CUDA graphs (mixed prefill-decode, PIECEWISE):  31%|███▏      | 16/51 [00:02<00:05,  6.34it/s]Capturing CUDA graphs (mixed prefill-decode, PIECEWISE):  33%|███▎      | 17/51 [00:02<00:05,  6.11it/s]Capturing CUDA graphs (mixed prefill-decode, PIECEWISE):  35%|███▌      | 18/51 [00:02<00:05,  6.01it/s]Capturing CUDA graphs (mixed prefill-decode, PIECEWISE):  37%|███▋      | 19/51 [00:03<00:05,  6.02it/s]Capturing CUDA graphs (mixed prefill-decode, PIECEWISE):  39%|███▉      | 20/51 [00:03<00:04,  6.30it/s]Capturing CUDA graphs (mixed prefill-decode, PIECEWISE):  41%|████      | 21/51 [00:03<00:04,  6.42it/s]Capturing CUDA graphs (mixed prefill-decode, PIECEWISE):  43%|████▎     | 22/51 [00:03<00:04,  6.47it/s]Capturing CUDA graphs (mixed prefill-decode, PIECEWISE):  45%|████▌     | 23/51 [00:03<00:04,  6.53it/s]Capturing CUDA graphs (mixed prefill-decode, PIECEWISE):  47%|████▋     | 24/51 [00:03<00:04,  6.43it/s]Capturing CUDA graphs (mixed prefill-decode, PIECEWISE):  49%|████▉     | 25/51 [00:04<00:04,  6.41it/s]Capturing CUDA graphs (mixed prefill-decode, PIECEWISE):  51%|█████     | 26/51 [00:04<00:04,  6.13it/s]Capturing CUDA graphs (mixed prefill-decode, PIECEWISE):  53%|█████▎    | 27/51 [00:04<00:03,  6.21it/s]Capturing CUDA graphs (mixed prefill-decode, PIECEWISE):  55%|█████▍    | 28/51 [00:04<00:03,  6.02it/s]Capturing CUDA graphs (mixed prefill-decode, PIECEWISE):  57%|█████▋    | 29/51 [00:04<00:03,  6.18it/s]Capturing CUDA graphs (mixed prefill-decode, PIECEWISE):  59%|█████▉    | 30/51 [00:04<00:03,  6.26it/s]Capturing CUDA graphs (mixed prefill-decode, PIECEWISE):  61%|██████    | 31/51 [00:04<00:03,  6.17it/s]Capturing CUDA graphs (mixed prefill-decode, PIECEWISE):  63%|██████▎   | 32/51 [00:05<00:03,  6.18it/s]Capturing CUDA graphs (mixed prefill-decode, PIECEWISE):  65%|██████▍   | 33/51 [00:05<00:02,  6.13it/s]Capturing CUDA graphs (mixed prefill-decode, PIECEWISE):  67%|██████▋   | 34/51 [00:05<00:02,  6.21it/s]Capturing CUDA graphs (mixed prefill-decode, PIECEWISE):  69%|██████▊   | 35/51 [00:05<00:02,  6.02it/s]Capturing CUDA graphs (mixed prefill-decode, PIECEWISE):  71%|███████   | 36/51 [00:05<00:02,  5.99it/s]Capturing CUDA graphs (mixed prefill-decode, PIECEWISE):  73%|███████▎  | 37/51 [00:05<00:02,  6.01it/s]Capturing CUDA graphs (mixed prefill-decode, PIECEWISE):  75%|███████▍  | 38/51 [00:06<00:02,  6.04it/s]Capturing CUDA graphs (mixed prefill-decode, PIECEWISE):  76%|███████▋  | 39/51 [00:06<00:01,  6.06it/s]Capturing CUDA graphs (mixed prefill-decode, PIECEWISE):  78%|███████▊  | 40/51 [00:06<00:01,  6.00it/s]Capturing CUDA graphs (mixed prefill-decode, PIECEWISE):  80%|████████  | 41/51 [00:06<00:01,  6.01it/s]Capturing CUDA graphs (mixed prefill-decode, PIECEWISE):  82%|████████▏ | 42/51 [00:06<00:01,  5.95it/s]Capturing CUDA graphs (mixed prefill-decode, PIECEWISE):  84%|████████▍ | 43/51 [00:07<00:01,  5.66it/s]Capturing CUDA graphs (mixed prefill-decode, PIECEWISE):  86%|████████▋ | 44/51 [00:07<00:01,  5.58it/s]Capturing CUDA graphs (mixed prefill-decode, PIECEWISE):  88%|████████▊ | 45/51 [00:07<00:01,  5.73it/s]Capturing CUDA graphs (mixed prefill-decode, PIECEWISE):  90%|█████████ | 46/51 [00:07<00:00,  6.03it/s]Capturing CUDA graphs (mixed prefill-decode, PIECEWISE):  92%|█████████▏| 47/51 [00:07<00:00,  6.17it/s]Capturing CUDA graphs (mixed prefill-decode, PIECEWISE):  94%|█████████▍| 48/51 [00:07<00:00,  6.21it/s]Capturing CUDA graphs (mixed prefill-decode, PIECEWISE):  96%|█████████▌| 49/51 [00:07<00:00,  6.34it/s]Capturing CUDA graphs (mixed prefill-decode, PIECEWISE):  98%|█████████▊| 50/51 [00:08<00:00,  6.50it/s]Capturing CUDA graphs (mixed prefill-decode, PIECEWISE): 100%|██████████| 51/51 [00:08<00:00,  6.64it/s]Capturing CUDA graphs (mixed prefill-decode, PIECEWISE): 100%|██████████| 51/51 [00:08<00:00,  6.17it/s]
(Worker_TP0 pid=1105629) Capturing CUDA graphs (decode, FULL):   0%|          | 0/51 [00:00<?, ?it/s]Capturing CUDA graphs (decode, FULL):   2%|▏         | 1/51 [00:00<00:09,  5.51it/s]Capturing CUDA graphs (decode, FULL):   4%|▍         | 2/51 [00:00<00:06,  7.23it/s]Capturing CUDA graphs (decode, FULL):   6%|▌         | 3/51 [00:00<00:05,  8.04it/s]Capturing CUDA graphs (decode, FULL):   8%|▊         | 4/51 [00:00<00:05,  8.17it/s]Capturing CUDA graphs (decode, FULL):  10%|▉         | 5/51 [00:00<00:05,  8.49it/s]Capturing CUDA graphs (decode, FULL):  12%|█▏        | 6/51 [00:00<00:05,  8.67it/s]Capturing CUDA graphs (decode, FULL):  14%|█▎        | 7/51 [00:00<00:04,  8.82it/s]Capturing CUDA graphs (decode, FULL):  16%|█▌        | 8/51 [00:00<00:04,  9.02it/s]Capturing CUDA graphs (decode, FULL):  18%|█▊        | 9/51 [00:01<00:04,  9.12it/s]Capturing CUDA graphs (decode, FULL):  20%|█▉        | 10/51 [00:01<00:04,  9.33it/s]Capturing CUDA graphs (decode, FULL):  22%|██▏       | 11/51 [00:01<00:04,  9.08it/s]Capturing CUDA graphs (decode, FULL):  24%|██▎       | 12/51 [00:01<00:04,  9.19it/s]Capturing CUDA graphs (decode, FULL):  25%|██▌       | 13/51 [00:01<00:04,  8.98it/s]Capturing CUDA graphs (decode, FULL):  27%|██▋       | 14/51 [00:01<00:04,  8.93it/s]Capturing CUDA graphs (decode, FULL):  29%|██▉       | 15/51 [00:01<00:04,  8.54it/s]Capturing CUDA graphs (decode, FULL):  31%|███▏      | 16/51 [00:01<00:04,  8.55it/s]Capturing CUDA graphs (decode, FULL):  33%|███▎      | 17/51 [00:01<00:03,  8.82it/s]Capturing CUDA graphs (decode, FULL):  35%|███▌      | 18/51 [00:02<00:03,  9.00it/s]Capturing CUDA graphs (decode, FULL):  37%|███▋      | 19/51 [00:02<00:03,  9.12it/s]Capturing CUDA graphs (decode, FULL):  39%|███▉      | 20/51 [00:02<00:03,  9.14it/s]Capturing CUDA graphs (decode, FULL):  41%|████      | 21/51 [00:02<00:03,  9.23it/s]Capturing CUDA graphs (decode, FULL):  43%|████▎     | 22/51 [00:02<00:03,  9.25it/s]Capturing CUDA graphs (decode, FULL):  45%|████▌     | 23/51 [00:02<00:03,  9.11it/s]Capturing CUDA graphs (decode, FULL):  47%|████▋     | 24/51 [00:02<00:02,  9.13it/s]Capturing CUDA graphs (decode, FULL):  49%|████▉     | 25/51 [00:02<00:02,  9.09it/s]Capturing CUDA graphs (decode, FULL):  51%|█████     | 26/51 [00:02<00:02,  8.61it/s]Capturing CUDA graphs (decode, FULL):  55%|█████▍    | 28/51 [00:03<00:02,  9.05it/s]Capturing CUDA graphs (decode, FULL):  57%|█████▋    | 29/51 [00:03<00:02,  8.99it/s]Capturing CUDA graphs (decode, FULL):  61%|██████    | 31/51 [00:03<00:02,  9.24it/s]Capturing CUDA graphs (decode, FULL):  63%|██████▎   | 32/51 [00:03<00:02,  9.11it/s]Capturing CUDA graphs (decode, FULL):  65%|██████▍   | 33/51 [00:03<00:02,  8.95it/s]Capturing CUDA graphs (decode, FULL):  67%|██████▋   | 34/51 [00:03<00:01,  8.98it/s]Capturing CUDA graphs (decode, FULL):  69%|██████▊   | 35/51 [00:03<00:01,  9.13it/s]Capturing CUDA graphs (decode, FULL):  71%|███████   | 36/51 [00:04<00:01,  9.23it/s]Capturing CUDA graphs (decode, FULL):  73%|███████▎  | 37/51 [00:04<00:01,  9.22it/s]Capturing CUDA graphs (decode, FULL):  75%|███████▍  | 38/51 [00:04<00:01,  8.79it/s]Capturing CUDA graphs (decode, FULL):  76%|███████▋  | 39/51 [00:04<00:01,  8.47it/s]Capturing CUDA graphs (decode, FULL):  78%|███████▊  | 40/51 [00:04<00:01,  8.76it/s]Capturing CUDA graphs (decode, FULL):  80%|████████  | 41/51 [00:04<00:01,  8.38it/s]Capturing CUDA graphs (decode, FULL):  82%|████████▏ | 42/51 [00:04<00:01,  8.31it/s]Capturing CUDA graphs (decode, FULL):  84%|████████▍ | 43/51 [00:04<00:00,  8.53it/s]Capturing CUDA graphs (decode, FULL):  86%|████████▋ | 44/51 [00:04<00:00,  8.78it/s]Capturing CUDA graphs (decode, FULL):  90%|█████████ | 46/51 [00:05<00:00,  9.63it/s]Capturing CUDA graphs (decode, FULL):  94%|█████████▍| 48/51 [00:05<00:00, 10.14it/s]Capturing CUDA graphs (decode, FULL):  98%|█████████▊| 50/51 [00:05<00:00, 10.26it/s]Capturing CUDA graphs (decode, FULL): 100%|██████████| 51/51 [00:05<00:00,  9.05it/s]
(EngineCore pid=1105150) <frozen importlib._bootstrap_external>:1301: FutureWarning: The cuda.cudart module is deprecated and will be removed in a future release, please switch to use the cuda.bindings.runtime module instead.
(EngineCore pid=1105150) <frozen importlib._bootstrap_external>:1301: FutureWarning: The cuda.nvrtc module is deprecated and will be removed in a future release, please switch to use the cuda.bindings.nvrtc module instead.
Rendering prompts:   0%|          | 0/5 [00:00<?, ?it/s]Rendering prompts:  20%|██        | 1/5 [00:00<00:00,  6.47it/s]Rendering prompts:  40%|████      | 2/5 [00:00<00:00,  7.52it/s]Rendering prompts:  60%|██████    | 3/5 [00:00<00:00,  8.02it/s]Rendering prompts:  80%|████████  | 4/5 [00:00<00:00,  8.25it/s]Rendering prompts: 100%|██████████| 5/5 [00:00<00:00,  8.29it/s]Rendering prompts: 100%|██████████| 5/5 [00:00<00:00,  8.03it/s]
Processed prompts:   0%|          | 0/5 [00:00<?, ?it/s, est. speed input: 0.00 toks/s, output: 0.00 toks/s](Worker_TP6 pid=1105635) [IDE_006/TSK_004 cold-path fired pid=1105635] #1/5 need_cold_seqs=1/2 reduced_rows=1/16384 max_cold_blocks=1024
(Worker_TP3 pid=1105632) [IDE_006/TSK_004 cold-path fired pid=1105632] #1/5 need_cold_seqs=1/2 reduced_rows=1/16384 max_cold_blocks=1024
(Worker_TP0 pid=1105629) [IDE_006/TSK_004 cold-path fired pid=1105629] #1/5 need_cold_seqs=1/2 reduced_rows=1/16384 max_cold_blocks=1024
(Worker_TP1 pid=1105630) [IDE_006/TSK_004 cold-path fired pid=1105630] #1/5 need_cold_seqs=1/2 reduced_rows=1/16384 max_cold_blocks=1024
(Worker_TP2 pid=1105631) [IDE_006/TSK_004 cold-path fired pid=1105631] #1/5 need_cold_seqs=1/2 reduced_rows=1/16384 max_cold_blocks=1024
(Worker_TP4 pid=1105633) [IDE_006/TSK_004 cold-path fired pid=1105633] #1/5 need_cold_seqs=1/2 reduced_rows=1/16384 max_cold_blocks=1024
(Worker_TP7 pid=1105636) [IDE_006/TSK_004 cold-path fired pid=1105636] #1/5 need_cold_seqs=1/2 reduced_rows=1/16384 max_cold_blocks=1024
(Worker_TP5 pid=1105634) [IDE_006/TSK_004 cold-path fired pid=1105634] #1/5 need_cold_seqs=1/2 reduced_rows=1/16384 max_cold_blocks=1024
(Worker_TP1 pid=1105630) [IDE_006/TSK_004 profile pid=1105630 kernel=forward_partial_with_lse_amx] prep_ms=0.01 kernel_ms=10.78 q.shape=(1, 8, 128) n_seqs=1 max_cbl=1024
(Worker_TP7 pid=1105636) [IDE_006/TSK_004 profile pid=1105636 kernel=forward_partial_with_lse_amx] prep_ms=0.01 kernel_ms=10.98 q.shape=(1, 8, 128) n_seqs=1 max_cbl=1024
(Worker_TP1 pid=1105630) [IDE_006/TSK_004 profile pid=1105630 stage=hot_cold] d2h_ms=57.72 kernel_ms=11.00 h2d_ms=1.46 merge_ms=1.11 total_ms=71.29 q.shape=(16384, 8, 128) reduced_q=(1, 8, 128) max_cold_blocks=1024
(Worker_TP7 pid=1105636) [IDE_006/TSK_004 profile pid=1105636 stage=hot_cold] d2h_ms=58.15 kernel_ms=11.18 h2d_ms=1.46 merge_ms=1.14 total_ms=71.92 q.shape=(16384, 8, 128) reduced_q=(1, 8, 128) max_cold_blocks=1024
(Worker_TP0 pid=1105629) [IDE_006/TSK_004 profile pid=1105629 kernel=forward_partial_with_lse_amx] prep_ms=0.00 kernel_ms=17.52 q.shape=(1, 8, 128) n_seqs=1 max_cbl=1024
(Worker_TP5 pid=1105634) [IDE_006/TSK_004 profile pid=1105634 kernel=forward_partial_with_lse_amx] prep_ms=0.01 kernel_ms=17.05 q.shape=(1, 8, 128) n_seqs=1 max_cbl=1024
(Worker_TP3 pid=1105632) [IDE_006/TSK_004 profile pid=1105632 kernel=forward_partial_with_lse_amx] prep_ms=0.00 kernel_ms=18.38 q.shape=(1, 8, 128) n_seqs=1 max_cbl=1024
(Worker_TP0 pid=1105629) [IDE_006/TSK_004 profile pid=1105629 stage=hot_cold] d2h_ms=57.91 kernel_ms=17.73 h2d_ms=1.57 merge_ms=1.11 total_ms=78.31 q.shape=(16384, 8, 128) reduced_q=(1, 8, 128) max_cold_blocks=1024
(Worker_TP5 pid=1105634) [IDE_006/TSK_004 profile pid=1105634 stage=hot_cold] d2h_ms=58.63 kernel_ms=17.28 h2d_ms=1.64 merge_ms=1.26 total_ms=78.80 q.shape=(16384, 8, 128) reduced_q=(1, 8, 128) max_cold_blocks=1024
(Worker_TP3 pid=1105632) [IDE_006/TSK_004 profile pid=1105632 stage=hot_cold] d2h_ms=58.05 kernel_ms=18.58 h2d_ms=1.45 merge_ms=1.07 total_ms=79.14 q.shape=(16384, 8, 128) reduced_q=(1, 8, 128) max_cold_blocks=1024
(Worker_TP6 pid=1105635) [IDE_006/TSK_004 profile pid=1105635 kernel=forward_partial_with_lse_amx] prep_ms=0.01 kernel_ms=21.27 q.shape=(1, 8, 128) n_seqs=1 max_cbl=1024
(Worker_TP4 pid=1105633) [IDE_006/TSK_004 profile pid=1105633 kernel=forward_partial_with_lse_amx] prep_ms=0.01 kernel_ms=23.24 q.shape=(1, 8, 128) n_seqs=1 max_cbl=1024
(Worker_TP6 pid=1105635) [IDE_006/TSK_004 profile pid=1105635 stage=hot_cold] d2h_ms=57.86 kernel_ms=21.48 h2d_ms=1.54 merge_ms=1.15 total_ms=82.04 q.shape=(16384, 8, 128) reduced_q=(1, 8, 128) max_cold_blocks=1024
(Worker_TP2 pid=1105631) [IDE_006/TSK_004 profile pid=1105631 kernel=forward_partial_with_lse_amx] prep_ms=0.01 kernel_ms=20.41 q.shape=(1, 8, 128) n_seqs=1 max_cbl=1024
(Worker_TP4 pid=1105633) [IDE_006/TSK_004 profile pid=1105633 stage=hot_cold] d2h_ms=58.24 kernel_ms=23.44 h2d_ms=1.52 merge_ms=1.15 total_ms=84.34 q.shape=(16384, 8, 128) reduced_q=(1, 8, 128) max_cold_blocks=1024
(Worker_TP2 pid=1105631) [IDE_006/TSK_004 profile pid=1105631 stage=hot_cold] d2h_ms=61.58 kernel_ms=20.61 h2d_ms=1.52 merge_ms=1.05 total_ms=84.76 q.shape=(16384, 8, 128) reduced_q=(1, 8, 128) max_cold_blocks=1024
(Worker_TP3 pid=1105632) [IDE_006/TSK_004 cold-path fired pid=1105632] #2/5 need_cold_seqs=1/2 reduced_rows=1/16384 max_cold_blocks=1024
(Worker_TP0 pid=1105629) [IDE_006/TSK_004 cold-path fired pid=1105629] #2/5 need_cold_seqs=1/2 reduced_rows=1/16384 max_cold_blocks=1024
(Worker_TP2 pid=1105631) [IDE_006/TSK_004 cold-path fired pid=1105631] #2/5 need_cold_seqs=1/2 reduced_rows=1/16384 max_cold_blocks=1024
(Worker_TP4 pid=1105633) [IDE_006/TSK_004 cold-path fired pid=1105633] #2/5 need_cold_seqs=1/2 reduced_rows=1/16384 max_cold_blocks=1024
(Worker_TP5 pid=1105634) [IDE_006/TSK_004 cold-path fired pid=1105634] #2/5 need_cold_seqs=1/2 reduced_rows=1/16384 max_cold_blocks=1024
(Worker_TP1 pid=1105630) [IDE_006/TSK_004 cold-path fired pid=1105630] #2/5 need_cold_seqs=1/2 reduced_rows=1/16384 max_cold_blocks=1024
(Worker_TP6 pid=1105635) [IDE_006/TSK_004 cold-path fired pid=1105635] #2/5 need_cold_seqs=1/2 reduced_rows=1/16384 max_cold_blocks=1024
(Worker_TP7 pid=1105636) [IDE_006/TSK_004 cold-path fired pid=1105636] #2/5 need_cold_seqs=1/2 reduced_rows=1/16384 max_cold_blocks=1024
(Worker_TP3 pid=1105632) [IDE_006/TSK_004 profile pid=1105632 kernel=forward_partial_with_lse_amx] prep_ms=0.00 kernel_ms=2.33 q.shape=(1, 8, 128) n_seqs=1 max_cbl=1024
(Worker_TP1 pid=1105630) [IDE_006/TSK_004 profile pid=1105630 kernel=forward_partial_with_lse_amx] prep_ms=0.00 kernel_ms=2.36 q.shape=(1, 8, 128) n_seqs=1 max_cbl=1024
(Worker_TP5 pid=1105634) [IDE_006/TSK_004 profile pid=1105634 kernel=forward_partial_with_lse_amx] prep_ms=0.00 kernel_ms=2.79 q.shape=(1, 8, 128) n_seqs=1 max_cbl=1024
(Worker_TP4 pid=1105633) [IDE_006/TSK_004 profile pid=1105633 kernel=forward_partial_with_lse_amx] prep_ms=0.00 kernel_ms=3.05 q.shape=(1, 8, 128) n_seqs=1 max_cbl=1024
(Worker_TP2 pid=1105631) [IDE_006/TSK_004 profile pid=1105631 kernel=forward_partial_with_lse_amx] prep_ms=0.00 kernel_ms=3.05 q.shape=(1, 8, 128) n_seqs=1 max_cbl=1024
(Worker_TP7 pid=1105636) [IDE_006/TSK_004 profile pid=1105636 kernel=forward_partial_with_lse_amx] prep_ms=0.00 kernel_ms=2.92 q.shape=(1, 8, 128) n_seqs=1 max_cbl=1024
(Worker_TP6 pid=1105635) [IDE_006/TSK_004 profile pid=1105635 kernel=forward_partial_with_lse_amx] prep_ms=0.00 kernel_ms=2.98 q.shape=(1, 8, 128) n_seqs=1 max_cbl=1024
(Worker_TP3 pid=1105632) [IDE_006/TSK_004 profile pid=1105632 stage=hot_cold] d2h_ms=0.26 kernel_ms=2.49 h2d_ms=0.76 merge_ms=0.19 total_ms=3.70 q.shape=(16384, 8, 128) reduced_q=(1, 8, 128) max_cold_blocks=1024
(Worker_TP1 pid=1105630) [IDE_006/TSK_004 profile pid=1105630 stage=hot_cold] d2h_ms=0.29 kernel_ms=2.52 h2d_ms=0.77 merge_ms=0.20 total_ms=3.78 q.shape=(16384, 8, 128) reduced_q=(1, 8, 128) max_cold_blocks=1024
(Worker_TP5 pid=1105634) [IDE_006/TSK_004 profile pid=1105634 stage=hot_cold] d2h_ms=0.28 kernel_ms=2.96 h2d_ms=0.84 merge_ms=0.22 total_ms=4.29 q.shape=(16384, 8, 128) reduced_q=(1, 8, 128) max_cold_blocks=1024
(Worker_TP2 pid=1105631) [IDE_006/TSK_004 profile pid=1105631 stage=hot_cold] d2h_ms=0.26 kernel_ms=3.16 h2d_ms=0.74 merge_ms=0.20 total_ms=4.36 q.shape=(16384, 8, 128) reduced_q=(1, 8, 128) max_cold_blocks=1024
(Worker_TP4 pid=1105633) [IDE_006/TSK_004 profile pid=1105633 stage=hot_cold] d2h_ms=0.26 kernel_ms=3.21 h2d_ms=0.76 merge_ms=0.21 total_ms=4.44 q.shape=(16384, 8, 128) reduced_q=(1, 8, 128) max_cold_blocks=1024
(Worker_TP6 pid=1105635) [IDE_006/TSK_004 profile pid=1105635 stage=hot_cold] d2h_ms=0.32 kernel_ms=3.09 h2d_ms=0.74 merge_ms=0.20 total_ms=4.35 q.shape=(16384, 8, 128) reduced_q=(1, 8, 128) max_cold_blocks=1024
(Worker_TP7 pid=1105636) [IDE_006/TSK_004 profile pid=1105636 stage=hot_cold] d2h_ms=0.32 kernel_ms=3.08 h2d_ms=0.82 merge_ms=0.20 total_ms=4.42 q.shape=(16384, 8, 128) reduced_q=(1, 8, 128) max_cold_blocks=1024
(Worker_TP0 pid=1105629) [IDE_006/TSK_004 profile pid=1105629 kernel=forward_partial_with_lse_amx] prep_ms=0.01 kernel_ms=8.30 q.shape=(1, 8, 128) n_seqs=1 max_cbl=1024
(Worker_TP0 pid=1105629) [IDE_006/TSK_004 profile pid=1105629 stage=hot_cold] d2h_ms=0.26 kernel_ms=8.45 h2d_ms=0.81 merge_ms=0.19 total_ms=9.72 q.shape=(16384, 8, 128) reduced_q=(1, 8, 128) max_cold_blocks=1024
(Worker_TP2 pid=1105631) [IDE_006/TSK_004 cold-path fired pid=1105631] #3/5 need_cold_seqs=1/2 reduced_rows=1/16384 max_cold_blocks=1024
(Worker_TP4 pid=1105633) [IDE_006/TSK_004 cold-path fired pid=1105633] #3/5 need_cold_seqs=1/2 reduced_rows=1/16384 max_cold_blocks=1024
(Worker_TP3 pid=1105632) [IDE_006/TSK_004 cold-path fired pid=1105632] #3/5 need_cold_seqs=1/2 reduced_rows=1/16384 max_cold_blocks=1024
(Worker_TP0 pid=1105629) [IDE_006/TSK_004 cold-path fired pid=1105629] #3/5 need_cold_seqs=1/2 reduced_rows=1/16384 max_cold_blocks=1024
(Worker_TP6 pid=1105635) [IDE_006/TSK_004 cold-path fired pid=1105635] #3/5 need_cold_seqs=1/2 reduced_rows=1/16384 max_cold_blocks=1024
(Worker_TP1 pid=1105630) [IDE_006/TSK_004 cold-path fired pid=1105630] #3/5 need_cold_seqs=1/2 reduced_rows=1/16384 max_cold_blocks=1024
(Worker_TP5 pid=1105634) [IDE_006/TSK_004 cold-path fired pid=1105634] #3/5 need_cold_seqs=1/2 reduced_rows=1/16384 max_cold_blocks=1024
(Worker_TP7 pid=1105636) [IDE_006/TSK_004 cold-path fired pid=1105636] #3/5 need_cold_seqs=1/2 reduced_rows=1/16384 max_cold_blocks=1024
(Worker_TP1 pid=1105630) [IDE_006/TSK_004 profile pid=1105630 kernel=forward_partial_with_lse_amx] prep_ms=0.00 kernel_ms=2.31 q.shape=(1, 8, 128) n_seqs=1 max_cbl=1024
(Worker_TP5 pid=1105634) [IDE_006/TSK_004 profile pid=1105634 kernel=forward_partial_with_lse_amx] prep_ms=0.00 kernel_ms=2.94 q.shape=(1, 8, 128) n_seqs=1 max_cbl=1024
(Worker_TP2 pid=1105631) [IDE_006/TSK_004 profile pid=1105631 kernel=forward_partial_with_lse_amx] prep_ms=0.00 kernel_ms=3.02 q.shape=(1, 8, 128) n_seqs=1 max_cbl=1024
(Worker_TP6 pid=1105635) [IDE_006/TSK_004 profile pid=1105635 kernel=forward_partial_with_lse_amx] prep_ms=0.00 kernel_ms=2.99 q.shape=(1, 8, 128) n_seqs=1 max_cbl=1024
(Worker_TP4 pid=1105633) [IDE_006/TSK_004 profile pid=1105633 kernel=forward_partial_with_lse_amx] prep_ms=0.00 kernel_ms=3.08 q.shape=(1, 8, 128) n_seqs=1 max_cbl=1024
(Worker_TP7 pid=1105636) [IDE_006/TSK_004 profile pid=1105636 kernel=forward_partial_with_lse_amx] prep_ms=0.01 kernel_ms=2.96 q.shape=(1, 8, 128) n_seqs=1 max_cbl=1024
(Worker_TP1 pid=1105630) [IDE_006/TSK_004 profile pid=1105630 stage=hot_cold] d2h_ms=0.25 kernel_ms=2.45 h2d_ms=0.55 merge_ms=0.18 total_ms=3.43 q.shape=(16384, 8, 128) reduced_q=(1, 8, 128) max_cold_blocks=1024
(Worker_TP2 pid=1105631) [IDE_006/TSK_004 profile pid=1105631 stage=hot_cold] d2h_ms=0.24 kernel_ms=3.11 h2d_ms=0.47 merge_ms=0.17 total_ms=3.99 q.shape=(16384, 8, 128) reduced_q=(1, 8, 128) max_cold_blocks=1024
(Worker_TP6 pid=1105635) [IDE_006/TSK_004 profile pid=1105635 stage=hot_cold] d2h_ms=0.24 kernel_ms=3.08 h2d_ms=0.50 merge_ms=0.17 total_ms=4.00 q.shape=(16384, 8, 128) reduced_q=(1, 8, 128) max_cold_blocks=1024
(Worker_TP5 pid=1105634) [IDE_006/TSK_004 profile pid=1105634 stage=hot_cold] d2h_ms=0.26 kernel_ms=3.09 h2d_ms=0.52 merge_ms=0.18 total_ms=4.05 q.shape=(16384, 8, 128) reduced_q=(1, 8, 128) max_cold_blocks=1024
(Worker_TP4 pid=1105633) [IDE_006/TSK_004 profile pid=1105633 stage=hot_cold] d2h_ms=0.25 kernel_ms=3.22 h2d_ms=0.50 merge_ms=0.17 total_ms=4.14 q.shape=(16384, 8, 128) reduced_q=(1, 8, 128) max_cold_blocks=1024
(Worker_TP7 pid=1105636) [IDE_006/TSK_004 profile pid=1105636 stage=hot_cold] d2h_ms=0.27 kernel_ms=3.06 h2d_ms=0.59 merge_ms=0.20 total_ms=4.12 q.shape=(16384, 8, 128) reduced_q=(1, 8, 128) max_cold_blocks=1024
(Worker_TP0 pid=1105629) [IDE_006/TSK_004 profile pid=1105629 kernel=forward_partial_with_lse_amx] prep_ms=0.00 kernel_ms=8.26 q.shape=(1, 8, 128) n_seqs=1 max_cbl=1024
(Worker_TP3 pid=1105632) [IDE_006/TSK_004 profile pid=1105632 kernel=forward_partial_with_lse_amx] prep_ms=0.00 kernel_ms=8.27 q.shape=(1, 8, 128) n_seqs=1 max_cbl=1024
(Worker_TP3 pid=1105632) [IDE_006/TSK_004 profile pid=1105632 stage=hot_cold] d2h_ms=0.24 kernel_ms=8.36 h2d_ms=0.49 merge_ms=0.19 total_ms=9.28 q.shape=(16384, 8, 128) reduced_q=(1, 8, 128) max_cold_blocks=1024
(Worker_TP0 pid=1105629) [IDE_006/TSK_004 profile pid=1105629 stage=hot_cold] d2h_ms=0.23 kernel_ms=8.41 h2d_ms=0.49 merge_ms=0.19 total_ms=9.32 q.shape=(16384, 8, 128) reduced_q=(1, 8, 128) max_cold_blocks=1024
(Worker_TP3 pid=1105632) [IDE_006/TSK_004 cold-path fired pid=1105632] #4/5 need_cold_seqs=1/2 reduced_rows=1/16384 max_cold_blocks=1024
(Worker_TP2 pid=1105631) [IDE_006/TSK_004 cold-path fired pid=1105631] #4/5 need_cold_seqs=1/2 reduced_rows=1/16384 max_cold_blocks=1024
(Worker_TP4 pid=1105633) [IDE_006/TSK_004 cold-path fired pid=1105633] #4/5 need_cold_seqs=1/2 reduced_rows=1/16384 max_cold_blocks=1024
(Worker_TP0 pid=1105629) [IDE_006/TSK_004 cold-path fired pid=1105629] #4/5 need_cold_seqs=1/2 reduced_rows=1/16384 max_cold_blocks=1024
(Worker_TP6 pid=1105635) [IDE_006/TSK_004 cold-path fired pid=1105635] #4/5 need_cold_seqs=1/2 reduced_rows=1/16384 max_cold_blocks=1024
(Worker_TP5 pid=1105634) [IDE_006/TSK_004 cold-path fired pid=1105634] #4/5 need_cold_seqs=1/2 reduced_rows=1/16384 max_cold_blocks=1024
(Worker_TP1 pid=1105630) [IDE_006/TSK_004 cold-path fired pid=1105630] #4/5 need_cold_seqs=1/2 reduced_rows=1/16384 max_cold_blocks=1024
(Worker_TP7 pid=1105636) [IDE_006/TSK_004 cold-path fired pid=1105636] #4/5 need_cold_seqs=1/2 reduced_rows=1/16384 max_cold_blocks=1024
(Worker_TP1 pid=1105630) [IDE_006/TSK_004 profile pid=1105630 kernel=forward_partial_with_lse_amx] prep_ms=0.00 kernel_ms=2.36 q.shape=(1, 8, 128) n_seqs=1 max_cbl=1024
(Worker_TP4 pid=1105633) [IDE_006/TSK_004 profile pid=1105633 kernel=forward_partial_with_lse_amx] prep_ms=0.00 kernel_ms=2.98 q.shape=(1, 8, 128) n_seqs=1 max_cbl=1024
(Worker_TP5 pid=1105634) [IDE_006/TSK_004 profile pid=1105634 kernel=forward_partial_with_lse_amx] prep_ms=0.00 kernel_ms=2.98 q.shape=(1, 8, 128) n_seqs=1 max_cbl=1024
(Worker_TP2 pid=1105631) [IDE_006/TSK_004 profile pid=1105631 kernel=forward_partial_with_lse_amx] prep_ms=0.00 kernel_ms=3.07 q.shape=(1, 8, 128) n_seqs=1 max_cbl=1024
(Worker_TP6 pid=1105635) [IDE_006/TSK_004 profile pid=1105635 kernel=forward_partial_with_lse_amx] prep_ms=0.00 kernel_ms=3.03 q.shape=(1, 8, 128) n_seqs=1 max_cbl=1024
(Worker_TP7 pid=1105636) [IDE_006/TSK_004 profile pid=1105636 kernel=forward_partial_with_lse_amx] prep_ms=0.00 kernel_ms=2.98 q.shape=(1, 8, 128) n_seqs=1 max_cbl=1024
(Worker_TP1 pid=1105630) [IDE_006/TSK_004 profile pid=1105630 stage=hot_cold] d2h_ms=0.25 kernel_ms=2.51 h2d_ms=0.50 merge_ms=0.17 total_ms=3.42 q.shape=(16384, 8, 128) reduced_q=(1, 8, 128) max_cold_blocks=1024
(Worker_TP4 pid=1105633) [IDE_006/TSK_004 profile pid=1105633 stage=hot_cold] d2h_ms=0.22 kernel_ms=3.11 h2d_ms=0.50 merge_ms=0.17 total_ms=4.00 q.shape=(16384, 8, 128) reduced_q=(1, 8, 128) max_cold_blocks=1024
(Worker_TP2 pid=1105631) [IDE_006/TSK_004 profile pid=1105631 stage=hot_cold] d2h_ms=0.22 kernel_ms=3.15 h2d_ms=0.49 merge_ms=0.17 total_ms=4.02 q.shape=(16384, 8, 128) reduced_q=(1, 8, 128) max_cold_blocks=1024
(Worker_TP6 pid=1105635) [IDE_006/TSK_004 profile pid=1105635 stage=hot_cold] d2h_ms=0.26 kernel_ms=3.11 h2d_ms=0.49 merge_ms=0.17 total_ms=4.04 q.shape=(16384, 8, 128) reduced_q=(1, 8, 128) max_cold_blocks=1024
(Worker_TP5 pid=1105634) [IDE_006/TSK_004 profile pid=1105634 stage=hot_cold] d2h_ms=0.23 kernel_ms=3.13 h2d_ms=0.52 merge_ms=0.18 total_ms=4.06 q.shape=(16384, 8, 128) reduced_q=(1, 8, 128) max_cold_blocks=1024
(Worker_TP7 pid=1105636) [IDE_006/TSK_004 profile pid=1105636 stage=hot_cold] d2h_ms=0.26 kernel_ms=3.12 h2d_ms=0.54 merge_ms=0.18 total_ms=4.10 q.shape=(16384, 8, 128) reduced_q=(1, 8, 128) max_cold_blocks=1024
(Worker_TP3 pid=1105632) [IDE_006/TSK_004 profile pid=1105632 kernel=forward_partial_with_lse_amx] prep_ms=0.00 kernel_ms=8.24 q.shape=(1, 8, 128) n_seqs=1 max_cbl=1024
(Worker_TP0 pid=1105629) [IDE_006/TSK_004 profile pid=1105629 kernel=forward_partial_with_lse_amx] prep_ms=0.00 kernel_ms=8.28 q.shape=(1, 8, 128) n_seqs=1 max_cbl=1024
(Worker_TP3 pid=1105632) [IDE_006/TSK_004 profile pid=1105632 stage=hot_cold] d2h_ms=0.23 kernel_ms=8.39 h2d_ms=0.48 merge_ms=0.17 total_ms=9.27 q.shape=(16384, 8, 128) reduced_q=(1, 8, 128) max_cold_blocks=1024
(Worker_TP0 pid=1105629) [IDE_006/TSK_004 profile pid=1105629 stage=hot_cold] d2h_ms=0.22 kernel_ms=8.41 h2d_ms=0.51 merge_ms=0.18 total_ms=9.33 q.shape=(16384, 8, 128) reduced_q=(1, 8, 128) max_cold_blocks=1024
(Worker_TP2 pid=1105631) [IDE_006/TSK_004 cold-path fired pid=1105631] #5/5 need_cold_seqs=1/2 reduced_rows=1/16384 max_cold_blocks=1024
(Worker_TP3 pid=1105632) [IDE_006/TSK_004 cold-path fired pid=1105632] #5/5 need_cold_seqs=1/2 reduced_rows=1/16384 max_cold_blocks=1024
(Worker_TP6 pid=1105635) [IDE_006/TSK_004 cold-path fired pid=1105635] #5/5 need_cold_seqs=1/2 reduced_rows=1/16384 max_cold_blocks=1024
(Worker_TP4 pid=1105633) [IDE_006/TSK_004 cold-path fired pid=1105633] #5/5 need_cold_seqs=1/2 reduced_rows=1/16384 max_cold_blocks=1024
(Worker_TP5 pid=1105634) [IDE_006/TSK_004 cold-path fired pid=1105634] #5/5 need_cold_seqs=1/2 reduced_rows=1/16384 max_cold_blocks=1024
(Worker_TP0 pid=1105629) [IDE_006/TSK_004 cold-path fired pid=1105629] #5/5 need_cold_seqs=1/2 reduced_rows=1/16384 max_cold_blocks=1024
(Worker_TP1 pid=1105630) [IDE_006/TSK_004 cold-path fired pid=1105630] #5/5 need_cold_seqs=1/2 reduced_rows=1/16384 max_cold_blocks=1024
(Worker_TP7 pid=1105636) [IDE_006/TSK_004 cold-path fired pid=1105636] #5/5 need_cold_seqs=1/2 reduced_rows=1/16384 max_cold_blocks=1024
(Worker_TP5 pid=1105634) [IDE_006/TSK_004 profile pid=1105634 kernel=forward_partial_with_lse_amx] prep_ms=0.00 kernel_ms=2.96 q.shape=(1, 8, 128) n_seqs=1 max_cbl=1024
(Worker_TP6 pid=1105635) [IDE_006/TSK_004 profile pid=1105635 kernel=forward_partial_with_lse_amx] prep_ms=0.00 kernel_ms=3.06 q.shape=(1, 8, 128) n_seqs=1 max_cbl=1024
(Worker_TP4 pid=1105633) [IDE_006/TSK_004 profile pid=1105633 kernel=forward_partial_with_lse_amx] prep_ms=0.00 kernel_ms=3.07 q.shape=(1, 8, 128) n_seqs=1 max_cbl=1024
(Worker_TP2 pid=1105631) [IDE_006/TSK_004 profile pid=1105631 kernel=forward_partial_with_lse_amx] prep_ms=0.00 kernel_ms=3.09 q.shape=(1, 8, 128) n_seqs=1 max_cbl=1024
(Worker_TP1 pid=1105630) [IDE_006/TSK_004 profile pid=1105630 kernel=forward_partial_with_lse_amx] prep_ms=0.00 kernel_ms=3.03 q.shape=(1, 8, 128) n_seqs=1 max_cbl=1024
(Worker_TP5 pid=1105634) [IDE_006/TSK_004 profile pid=1105634 stage=hot_cold] d2h_ms=0.24 kernel_ms=3.07 h2d_ms=0.52 merge_ms=0.17 total_ms=4.01 q.shape=(16384, 8, 128) reduced_q=(1, 8, 128) max_cold_blocks=1024
(Worker_TP6 pid=1105635) [IDE_006/TSK_004 profile pid=1105635 stage=hot_cold] d2h_ms=0.23 kernel_ms=3.15 h2d_ms=0.49 merge_ms=0.17 total_ms=4.04 q.shape=(16384, 8, 128) reduced_q=(1, 8, 128) max_cold_blocks=1024
(Worker_TP2 pid=1105631) [IDE_006/TSK_004 profile pid=1105631 stage=hot_cold] d2h_ms=0.23 kernel_ms=3.18 h2d_ms=0.48 merge_ms=0.17 total_ms=4.06 q.shape=(16384, 8, 128) reduced_q=(1, 8, 128) max_cold_blocks=1024
(Worker_TP1 pid=1105630) [IDE_006/TSK_004 profile pid=1105630 stage=hot_cold] d2h_ms=0.25 kernel_ms=3.12 h2d_ms=0.51 merge_ms=0.17 total_ms=4.05 q.shape=(16384, 8, 128) reduced_q=(1, 8, 128) max_cold_blocks=1024
(Worker_TP4 pid=1105633) [IDE_006/TSK_004 profile pid=1105633 stage=hot_cold] d2h_ms=0.24 kernel_ms=3.19 h2d_ms=0.50 merge_ms=0.17 total_ms=4.11 q.shape=(16384, 8, 128) reduced_q=(1, 8, 128) max_cold_blocks=1024
(Worker_TP3 pid=1105632) [IDE_006/TSK_004 profile pid=1105632 kernel=forward_partial_with_lse_amx] prep_ms=0.00 kernel_ms=8.27 q.shape=(1, 8, 128) n_seqs=1 max_cbl=1024
(Worker_TP0 pid=1105629) [IDE_006/TSK_004 profile pid=1105629 kernel=forward_partial_with_lse_amx] prep_ms=0.00 kernel_ms=8.30 q.shape=(1, 8, 128) n_seqs=1 max_cbl=1024
(Worker_TP3 pid=1105632) [IDE_006/TSK_004 profile pid=1105632 stage=hot_cold] d2h_ms=0.23 kernel_ms=8.40 h2d_ms=0.52 merge_ms=0.18 total_ms=9.33 q.shape=(16384, 8, 128) reduced_q=(1, 8, 128) max_cold_blocks=1024
(Worker_TP0 pid=1105629) [IDE_006/TSK_004 profile pid=1105629 stage=hot_cold] d2h_ms=0.23 kernel_ms=8.43 h2d_ms=0.54 merge_ms=0.18 total_ms=9.38 q.shape=(16384, 8, 128) reduced_q=(1, 8, 128) max_cold_blocks=1024
(Worker_TP7 pid=1105636) [IDE_006/TSK_004 profile pid=1105636 kernel=forward_partial_with_lse_amx] prep_ms=0.00 kernel_ms=10.39 q.shape=(1, 8, 128) n_seqs=1 max_cbl=1024
(Worker_TP7 pid=1105636) [IDE_006/TSK_004 profile pid=1105636 stage=hot_cold] d2h_ms=0.25 kernel_ms=10.52 h2d_ms=0.54 merge_ms=0.20 total_ms=11.51 q.shape=(16384, 8, 128) reduced_q=(1, 8, 128) max_cold_blocks=1024
(Worker_TP4 pid=1105633) [IDE_006/TSK_004 profile pid=1105633 kernel=forward_partial_with_lse_amx] prep_ms=0.00 kernel_ms=3.00 q.shape=(1, 8, 128) n_seqs=1 max_cbl=1024
(Worker_TP2 pid=1105631) [IDE_006/TSK_004 profile pid=1105631 kernel=forward_partial_with_lse_amx] prep_ms=0.00 kernel_ms=3.07 q.shape=(1, 8, 128) n_seqs=1 max_cbl=1024
(Worker_TP6 pid=1105635) [IDE_006/TSK_004 profile pid=1105635 kernel=forward_partial_with_lse_amx] prep_ms=0.00 kernel_ms=3.02 q.shape=(1, 8, 128) n_seqs=1 max_cbl=1024
(Worker_TP5 pid=1105634) [IDE_006/TSK_004 profile pid=1105634 kernel=forward_partial_with_lse_amx] prep_ms=0.00 kernel_ms=3.02 q.shape=(1, 8, 128) n_seqs=1 max_cbl=1024
(Worker_TP7 pid=1105636) [IDE_006/TSK_004 profile pid=1105636 kernel=forward_partial_with_lse_amx] prep_ms=0.00 kernel_ms=3.03 q.shape=(1, 8, 128) n_seqs=1 max_cbl=1024
(Worker_TP3 pid=1105632) [IDE_006/TSK_004 profile pid=1105632 kernel=forward_partial_with_lse_amx] prep_ms=0.00 kernel_ms=3.12 q.shape=(1, 8, 128) n_seqs=1 max_cbl=1024
(Worker_TP1 pid=1105630) [IDE_006/TSK_004 profile pid=1105630 kernel=forward_partial_with_lse_amx] prep_ms=0.00 kernel_ms=3.13 q.shape=(1, 8, 128) n_seqs=1 max_cbl=1024
(Worker_TP2 pid=1105631) [IDE_006/TSK_004 profile pid=1105631 stage=hot_cold] d2h_ms=0.20 kernel_ms=3.16 h2d_ms=0.46 merge_ms=0.19 total_ms=4.01 q.shape=(16384, 8, 128) reduced_q=(1, 8, 128) max_cold_blocks=1024
(Worker_TP4 pid=1105633) [IDE_006/TSK_004 profile pid=1105633 stage=hot_cold] d2h_ms=0.21 kernel_ms=3.16 h2d_ms=0.49 merge_ms=0.20 total_ms=4.05 q.shape=(16384, 8, 128) reduced_q=(1, 8, 128) max_cold_blocks=1024
(Worker_TP3 pid=1105632) [IDE_006/TSK_004 profile pid=1105632 stage=hot_cold] d2h_ms=0.20 kernel_ms=3.21 h2d_ms=0.50 merge_ms=0.17 total_ms=4.08 q.shape=(16384, 8, 128) reduced_q=(1, 8, 128) max_cold_blocks=1024
(Worker_TP5 pid=1105634) [IDE_006/TSK_004 profile pid=1105634 stage=hot_cold] d2h_ms=0.21 kernel_ms=3.15 h2d_ms=0.52 merge_ms=0.17 total_ms=4.06 q.shape=(16384, 8, 128) reduced_q=(1, 8, 128) max_cold_blocks=1024
(Worker_TP6 pid=1105635) [IDE_006/TSK_004 profile pid=1105635 stage=hot_cold] d2h_ms=0.22 kernel_ms=3.11 h2d_ms=0.55 merge_ms=0.23 total_ms=4.10 q.shape=(16384, 8, 128) reduced_q=(1, 8, 128) max_cold_blocks=1024
(Worker_TP7 pid=1105636) [IDE_006/TSK_004 profile pid=1105636 stage=hot_cold] d2h_ms=0.21 kernel_ms=3.17 h2d_ms=0.53 merge_ms=0.18 total_ms=4.09 q.shape=(16384, 8, 128) reduced_q=(1, 8, 128) max_cold_blocks=1024
(Worker_TP1 pid=1105630) [IDE_006/TSK_004 profile pid=1105630 stage=hot_cold] d2h_ms=0.22 kernel_ms=3.28 h2d_ms=0.50 merge_ms=0.17 total_ms=4.17 q.shape=(16384, 8, 128) reduced_q=(1, 8, 128) max_cold_blocks=1024
(Worker_TP0 pid=1105629) [IDE_006/TSK_004 profile pid=1105629 kernel=forward_partial_with_lse_amx] prep_ms=0.00 kernel_ms=9.85 q.shape=(1, 8, 128) n_seqs=1 max_cbl=1024
(Worker_TP0 pid=1105629) [IDE_006/TSK_004 profile pid=1105629 stage=hot_cold] d2h_ms=0.21 kernel_ms=10.01 h2d_ms=0.56 merge_ms=0.20 total_ms=10.98 q.shape=(16384, 8, 128) reduced_q=(1, 8, 128) max_cold_blocks=1024
(Worker_TP2 pid=1105631) [IDE_006/TSK_004 profile pid=1105631 kernel=forward_partial_with_lse_amx] prep_ms=0.00 kernel_ms=3.07 q.shape=(1, 8, 128) n_seqs=1 max_cbl=1024
(Worker_TP1 pid=1105630) [IDE_006/TSK_004 profile pid=1105630 kernel=forward_partial_with_lse_amx] prep_ms=0.00 kernel_ms=3.04 q.shape=(1, 8, 128) n_seqs=1 max_cbl=1024
(Worker_TP5 pid=1105634) [IDE_006/TSK_004 profile pid=1105634 kernel=forward_partial_with_lse_amx] prep_ms=0.00 kernel_ms=3.05 q.shape=(1, 8, 128) n_seqs=1 max_cbl=1024
(Worker_TP7 pid=1105636) [IDE_006/TSK_004 profile pid=1105636 kernel=forward_partial_with_lse_amx] prep_ms=0.00 kernel_ms=3.05 q.shape=(1, 8, 128) n_seqs=1 max_cbl=1024
(Worker_TP1 pid=1105630) [IDE_006/TSK_004 profile pid=1105630 stage=hot_cold] d2h_ms=0.21 kernel_ms=3.13 h2d_ms=0.49 merge_ms=0.17 total_ms=4.01 q.shape=(16384, 8, 128) reduced_q=(1, 8, 128) max_cold_blocks=1024
(Worker_TP2 pid=1105631) [IDE_006/TSK_004 profile pid=1105631 stage=hot_cold] d2h_ms=0.19 kernel_ms=3.22 h2d_ms=0.48 merge_ms=0.17 total_ms=4.07 q.shape=(16384, 8, 128) reduced_q=(1, 8, 128) max_cold_blocks=1024
(Worker_TP5 pid=1105634) [IDE_006/TSK_004 profile pid=1105634 stage=hot_cold] d2h_ms=0.22 kernel_ms=3.14 h2d_ms=0.51 merge_ms=0.17 total_ms=4.04 q.shape=(16384, 8, 128) reduced_q=(1, 8, 128) max_cold_blocks=1024
(Worker_TP7 pid=1105636) [IDE_006/TSK_004 profile pid=1105636 stage=hot_cold] d2h_ms=0.22 kernel_ms=3.19 h2d_ms=0.52 merge_ms=0.17 total_ms=4.11 q.shape=(16384, 8, 128) reduced_q=(1, 8, 128) max_cold_blocks=1024
(Worker_TP4 pid=1105633) [IDE_006/TSK_004 profile pid=1105633 kernel=forward_partial_with_lse_amx] prep_ms=0.00 kernel_ms=4.13 q.shape=(1, 8, 128) n_seqs=1 max_cbl=1024
(Worker_TP4 pid=1105633) [IDE_006/TSK_004 profile pid=1105633 stage=hot_cold] d2h_ms=0.20 kernel_ms=4.26 h2d_ms=0.52 merge_ms=0.17 total_ms=5.15 q.shape=(16384, 8, 128) reduced_q=(1, 8, 128) max_cold_blocks=1024
(Worker_TP6 pid=1105635) [IDE_006/TSK_004 profile pid=1105635 kernel=forward_partial_with_lse_amx] prep_ms=0.00 kernel_ms=4.99 q.shape=(1, 8, 128) n_seqs=1 max_cbl=1024
(Worker_TP6 pid=1105635) [IDE_006/TSK_004 profile pid=1105635 stage=hot_cold] d2h_ms=0.21 kernel_ms=5.13 h2d_ms=0.51 merge_ms=0.17 total_ms=6.02 q.shape=(16384, 8, 128) reduced_q=(1, 8, 128) max_cold_blocks=1024
(Worker_TP0 pid=1105629) [IDE_006/TSK_004 profile pid=1105629 kernel=forward_partial_with_lse_amx] prep_ms=0.00 kernel_ms=8.14 q.shape=(1, 8, 128) n_seqs=1 max_cbl=1024
(Worker_TP0 pid=1105629) [IDE_006/TSK_004 profile pid=1105629 stage=hot_cold] d2h_ms=0.21 kernel_ms=8.29 h2d_ms=0.53 merge_ms=0.17 total_ms=9.21 q.shape=(16384, 8, 128) reduced_q=(1, 8, 128) max_cold_blocks=1024
(Worker_TP3 pid=1105632) [IDE_006/TSK_004 profile pid=1105632 kernel=forward_partial_with_lse_amx] prep_ms=0.00 kernel_ms=10.22 q.shape=(1, 8, 128) n_seqs=1 max_cbl=1024
(Worker_TP3 pid=1105632) [IDE_006/TSK_004 profile pid=1105632 stage=hot_cold] d2h_ms=0.21 kernel_ms=10.32 h2d_ms=0.50 merge_ms=0.17 total_ms=11.20 q.shape=(16384, 8, 128) reduced_q=(1, 8, 128) max_cold_blocks=1024
(Worker_TP3 pid=1105632) [IDE_006/TSK_004 profile pid=1105632 kernel=forward_partial_with_lse_amx] prep_ms=0.00 kernel_ms=2.93 q.shape=(1, 8, 128) n_seqs=1 max_cbl=1024
(Worker_TP5 pid=1105634) [IDE_006/TSK_004 profile pid=1105634 kernel=forward_partial_with_lse_amx] prep_ms=0.00 kernel_ms=2.99 q.shape=(1, 8, 128) n_seqs=1 max_cbl=1024
(Worker_TP2 pid=1105631) [IDE_006/TSK_004 profile pid=1105631 kernel=forward_partial_with_lse_amx] prep_ms=0.00 kernel_ms=3.04 q.shape=(1, 8, 128) n_seqs=1 max_cbl=1024
(Worker_TP7 pid=1105636) [IDE_006/TSK_004 profile pid=1105636 kernel=forward_partial_with_lse_amx] prep_ms=0.00 kernel_ms=3.01 q.shape=(1, 8, 128) n_seqs=1 max_cbl=1024
(Worker_TP6 pid=1105635) [IDE_006/TSK_004 profile pid=1105635 kernel=forward_partial_with_lse_amx] prep_ms=0.00 kernel_ms=3.06 q.shape=(1, 8, 128) n_seqs=1 max_cbl=1024
(Worker_TP4 pid=1105633) [IDE_006/TSK_004 profile pid=1105633 kernel=forward_partial_with_lse_amx] prep_ms=0.00 kernel_ms=3.09 q.shape=(1, 8, 128) n_seqs=1 max_cbl=1024
(Worker_TP1 pid=1105630) [IDE_006/TSK_004 profile pid=1105630 kernel=forward_partial_with_lse_amx] prep_ms=0.00 kernel_ms=3.01 q.shape=(1, 8, 128) n_seqs=1 max_cbl=1024
(Worker_TP3 pid=1105632) [IDE_006/TSK_004 profile pid=1105632 stage=hot_cold] d2h_ms=0.21 kernel_ms=3.07 h2d_ms=0.48 merge_ms=0.17 total_ms=3.93 q.shape=(16384, 8, 128) reduced_q=(1, 8, 128) max_cold_blocks=1024
(Worker_TP2 pid=1105631) [IDE_006/TSK_004 profile pid=1105631 stage=hot_cold] d2h_ms=0.21 kernel_ms=3.14 h2d_ms=0.47 merge_ms=0.17 total_ms=3.99 q.shape=(16384, 8, 128) reduced_q=(1, 8, 128) max_cold_blocks=1024
(Worker_TP7 pid=1105636) [IDE_006/TSK_004 profile pid=1105636 stage=hot_cold] d2h_ms=0.20 kernel_ms=3.09 h2d_ms=0.48 merge_ms=0.17 total_ms=3.95 q.shape=(16384, 8, 128) reduced_q=(1, 8, 128) max_cold_blocks=1024
(Worker_TP4 pid=1105633) [IDE_006/TSK_004 profile pid=1105633 stage=hot_cold] d2h_ms=0.21 kernel_ms=3.18 h2d_ms=0.47 merge_ms=0.16 total_ms=4.01 q.shape=(16384, 8, 128) reduced_q=(1, 8, 128) max_cold_blocks=1024
(Worker_TP5 pid=1105634) [IDE_006/TSK_004 profile pid=1105634 stage=hot_cold] d2h_ms=0.20 kernel_ms=3.17 h2d_ms=0.49 merge_ms=0.20 total_ms=4.06 q.shape=(16384, 8, 128) reduced_q=(1, 8, 128) max_cold_blocks=1024
