(Worker_TP2 pid=3424052) INFO 04-29 05:18:17 [numa_aware.py:241] [IDE_006/TSK_004] rank=2 bound CPU memory preference to NUMA node 0
(Worker_TP3 pid=3424053) INFO 04-29 05:18:17 [intel_cpu_utils.py:119] NUMA initialized: 2 nodes available
(Worker_TP3 pid=3424053) INFO 04-29 05:18:17 [numa_aware.py:241] [IDE_006/TSK_004] rank=3 bound CPU memory preference to NUMA node 0
(Worker_TP6 pid=3424056) INFO 04-29 05:18:17 [intel_cpu_utils.py:119] NUMA initialized: 2 nodes available
(Worker_TP6 pid=3424056) INFO 04-29 05:18:17 [numa_aware.py:241] [IDE_006/TSK_004] rank=6 bound CPU memory preference to NUMA node 1
(Worker_TP7 pid=3424057) INFO 04-29 05:18:17 [intel_cpu_utils.py:119] NUMA initialized: 2 nodes available
(Worker_TP7 pid=3424057) INFO 04-29 05:18:17 [numa_aware.py:241] [IDE_006/TSK_004] rank=7 bound CPU memory preference to NUMA node 1
(Worker_TP1 pid=3424051) INFO 04-29 05:18:17 [intel_cpu_utils.py:119] NUMA initialized: 2 nodes available
(Worker_TP1 pid=3424051) INFO 04-29 05:18:17 [numa_aware.py:241] [IDE_006/TSK_004] rank=1 bound CPU memory preference to NUMA node 0
(Worker_TP0 pid=3424050) INFO 04-29 05:18:17 [intel_cpu_utils.py:119] NUMA initialized: 2 nodes available
(Worker_TP0 pid=3424050) INFO 04-29 05:18:17 [numa_aware.py:241] [IDE_006/TSK_004] rank=0 bound CPU memory preference to NUMA node 0
(Worker_TP5 pid=3424055) INFO 04-29 05:18:19 [numa_aware.py:317] [IDE_006/TSK_004] rank=5 pinned threads to NUMA node 1 (28/112 cores: 84~111)
(Worker_TP5 pid=3424055) INFO 04-29 05:18:19 [cpu_gpu.py:379] Allocating 160 CPU tensors...
(Worker_TP0 pid=3424050) INFO 04-29 05:18:19 [numa_aware.py:317] [IDE_006/TSK_004] rank=0 pinned threads to NUMA node 0 (28/112 cores: 0~27)
(Worker_TP0 pid=3424050) INFO 04-29 05:18:19 [cpu_gpu.py:379] Allocating 160 CPU tensors...
(Worker_TP7 pid=3424057) INFO 04-29 05:18:19 [numa_aware.py:317] [IDE_006/TSK_004] rank=7 pinned threads to NUMA node 1 (28/112 cores: 196~223)
(Worker_TP7 pid=3424057) INFO 04-29 05:18:19 [cpu_gpu.py:379] Allocating 160 CPU tensors...
(Worker_TP3 pid=3424053) INFO 04-29 05:18:19 [numa_aware.py:317] [IDE_006/TSK_004] rank=3 pinned threads to NUMA node 0 (28/112 cores: 140~167)
(Worker_TP2 pid=3424052) INFO 04-29 05:18:19 [numa_aware.py:317] [IDE_006/TSK_004] rank=2 pinned threads to NUMA node 0 (28/112 cores: 112~139)
(Worker_TP3 pid=3424053) INFO 04-29 05:18:19 [cpu_gpu.py:379] Allocating 160 CPU tensors...
(Worker_TP2 pid=3424052) INFO 04-29 05:18:19 [cpu_gpu.py:379] Allocating 160 CPU tensors...
(Worker_TP4 pid=3424054) INFO 04-29 05:18:19 [numa_aware.py:317] [IDE_006/TSK_004] rank=4 pinned threads to NUMA node 1 (28/112 cores: 56~83)
(Worker_TP4 pid=3424054) INFO 04-29 05:18:19 [cpu_gpu.py:379] Allocating 160 CPU tensors...
(Worker_TP6 pid=3424056) INFO 04-29 05:18:19 [numa_aware.py:317] [IDE_006/TSK_004] rank=6 pinned threads to NUMA node 1 (28/112 cores: 168~195)
(Worker_TP6 pid=3424056) INFO 04-29 05:18:19 [cpu_gpu.py:379] Allocating 160 CPU tensors...
(Worker_TP1 pid=3424051) INFO 04-29 05:18:19 [numa_aware.py:317] [IDE_006/TSK_004] rank=1 pinned threads to NUMA node 0 (28/112 cores: 28~55)
(Worker_TP1 pid=3424051) INFO 04-29 05:18:19 [cpu_gpu.py:379] Allocating 160 CPU tensors...
(Worker_TP4 pid=3424054) INFO 04-29 05:19:20 [custom_all_reduce.py:215] Registering 0 cuda graph addresses
(Worker_TP5 pid=3424055) INFO 04-29 05:19:20 [custom_all_reduce.py:215] Registering 0 cuda graph addresses
(Worker_TP3 pid=3424053) INFO 04-29 05:19:20 [custom_all_reduce.py:215] Registering 0 cuda graph addresses
(Worker_TP6 pid=3424056) INFO 04-29 05:19:20 [custom_all_reduce.py:215] Registering 0 cuda graph addresses
(Worker_TP0 pid=3424050) INFO 04-29 05:19:20 [custom_all_reduce.py:215] Registering 0 cuda graph addresses
(Worker_TP1 pid=3424051) INFO 04-29 05:19:20 [custom_all_reduce.py:215] Registering 0 cuda graph addresses
(Worker_TP7 pid=3424057) INFO 04-29 05:19:20 [custom_all_reduce.py:215] Registering 0 cuda graph addresses
(Worker_TP2 pid=3424052) INFO 04-29 05:19:20 [custom_all_reduce.py:215] Registering 0 cuda graph addresses
(Worker_TP7 pid=3424057) INFO 04-29 05:19:21 [gpu_worker.py:601] CUDA graph pool memory: 0.95 GiB (actual), 0.91 GiB (estimated), difference: 0.04 GiB (4.1%).
(Worker_TP5 pid=3424055) INFO 04-29 05:19:21 [gpu_worker.py:601] CUDA graph pool memory: 0.95 GiB (actual), 0.91 GiB (estimated), difference: 0.04 GiB (4.1%).
(Worker_TP4 pid=3424054) INFO 04-29 05:19:21 [gpu_worker.py:601] CUDA graph pool memory: 0.95 GiB (actual), 0.91 GiB (estimated), difference: 0.04 GiB (4.1%).
(Worker_TP6 pid=3424056) INFO 04-29 05:19:21 [gpu_worker.py:601] CUDA graph pool memory: 0.95 GiB (actual), 0.91 GiB (estimated), difference: 0.04 GiB (4.3%).
(Worker_TP3 pid=3424053) INFO 04-29 05:19:21 [gpu_worker.py:601] CUDA graph pool memory: 0.95 GiB (actual), 0.91 GiB (estimated), difference: 0.04 GiB (4.1%).
(Worker_TP2 pid=3424052) INFO 04-29 05:19:21 [gpu_worker.py:601] CUDA graph pool memory: 0.95 GiB (actual), 0.91 GiB (estimated), difference: 0.04 GiB (4.1%).
(Worker_TP1 pid=3424051) INFO 04-29 05:19:21 [gpu_worker.py:601] CUDA graph pool memory: 0.95 GiB (actual), 0.91 GiB (estimated), difference: 0.04 GiB (4.1%).
(Worker_TP0 pid=3424050) INFO 04-29 05:19:21 [gpu_model_runner.py:6305] Graph capturing finished in 15 secs, took 0.95 GiB
(Worker_TP0 pid=3424050) INFO 04-29 05:19:21 [gpu_worker.py:601] CUDA graph pool memory: 0.95 GiB (actual), 0.91 GiB (estimated), difference: 0.04 GiB (4.1%).
(EngineCore pid=3423612) INFO 04-29 05:19:21 [core.py:299] init engine (profile, create kv cache, warmup model) took 91.17 s (compilation: 27.80 s)
(EngineCore pid=3423612) INFO 04-29 05:19:23 [factory.py:64] Creating v1 connector with name: OffloadingConnector and engine_id: 505dd460-5437-4616-a1d3-0b611451eaad
(EngineCore pid=3423612) WARNING 04-29 05:19:23 [base.py:189] Initializing KVConnectorBase_V1. This API is experimental and subject to change in the future as we iterate the design.
(EngineCore pid=3423612) INFO 04-29 05:19:23 [factory.py:51] Creating offloading spec with name: CPUOffloadingSpec
(EngineCore pid=3423612) WARNING 04-29 05:19:23 [spec.py:75] Initializing OffloadingSpec. This API is experimental and subject to change in the future as we iterate the design.
(EngineCore pid=3423612) INFO 04-29 05:19:23 [vllm.py:834] Asynchronous scheduling is enabled.
(EngineCore pid=3423612) INFO 04-29 05:19:23 [kernel.py:199] Final IR op priority after setting platform defaults: IrOpPriorityConfig(rms_norm=['native'])
(EngineCore pid=3423612) INFO 04-29 05:19:24 [compilation.py:294] Enabled custom fusions: allreduce_rms
  [split_on] batched generate: 100 prompts in flight
  [split_on] batched generate complete: 100 prompts in 439.6s (avg 4.40s/prompt)
[split_on] done in 573.9s
(EngineCore pid=3423612) INFO 04-29 05:26:44 [core.py:1234] Shutdown initiated (timeout=0)
(EngineCore pid=3423612) INFO 04-29 05:26:44 [core.py:1257] Shutdown complete
(Worker_TP0 pid=3424050) INFO 04-29 05:26:44 [multiproc_executor.py:775] Parent process exited, terminating worker queues
(Worker_TP5 pid=3424055) INFO 04-29 05:26:44 [multiproc_executor.py:872] WorkerProc shutting down.
(Worker_TP4 pid=3424054) INFO 04-29 05:26:44 [multiproc_executor.py:872] WorkerProc shutting down.
(Worker_TP3 pid=3424053) INFO 04-29 05:26:44 [multiproc_executor.py:872] WorkerProc shutting down.
(Worker_TP7 pid=3424057) INFO 04-29 05:26:44 [multiproc_executor.py:872] WorkerProc shutting down.
(Worker_TP6 pid=3424056) INFO 04-29 05:26:44 [multiproc_executor.py:872] WorkerProc shutting down.
(Worker_TP1 pid=3424051) INFO 04-29 05:26:44 [multiproc_executor.py:872] WorkerProc shutting down.
(Worker_TP0 pid=3424050) INFO 04-29 05:26:44 [multiproc_executor.py:872] WorkerProc shutting down.
(Worker_TP2 pid=3424052) INFO 04-29 05:26:44 [multiproc_executor.py:872] WorkerProc shutting down.

============================================================
D-i  (token divergence):  FAIL  [informational — does not affect overall]
D-ii (logprob / PPL):     PASS  [binding]
overall:                  PASS
results -> /workspace/vllm_hybrid/eval/results/20260429_043734_Intel_Xeon_Platinum_8480+x2_H100_80GB_HBM3x8_tsk009_validation/output_heavy_C/e2e_artifacts
============================================================
