(Worker_TP1 pid=2892057) [IDE_006/TSK_009 profile pid=2892057 tag=pagedfa] #19/100 disp_calls=0 disp_total_us_per_call=0.0 lookup_us=0.0 layout_us=0.0 meta_us=0.0 hcattn_us=0.0 pfa_calls=3800 pfa_total_us_per_call=86.4
(Worker_TP2 pid=2892058) [IDE_006/TSK_009 profile pid=2892058 tag=pagedfa] #19/100 disp_calls=0 disp_total_us_per_call=0.0 lookup_us=0.0 layout_us=0.0 meta_us=0.0 hcattn_us=0.0 pfa_calls=3800 pfa_total_us_per_call=87.4
(Worker_TP0 pid=2892056) Capturing CUDA graphs (decode, FULL):  43%|████▎     | 22/51 [00:02<00:03,  9.49it/s](Worker_TP6 pid=2892062) [IDE_006/TSK_009 profile pid=2892062 tag=pagedfa] #20/100 disp_calls=0 disp_total_us_per_call=0.0 lookup_us=0.0 layout_us=0.0 meta_us=0.0 hcattn_us=0.0 pfa_calls=4000 pfa_total_us_per_call=84.6
[IDE_006/TSK_009 profile pid=2892056 tag=pagedfa] #20/100 disp_calls=0 disp_total_us_per_call=0.0 lookup_us=0.0 layout_us=0.0 meta_us=0.0 hcattn_us=0.0 pfa_calls=4000 pfa_total_us_per_call=87.5
(Worker_TP2 pid=2892058) [IDE_006/TSK_009 profile pid=2892058 tag=pagedfa] #20/100 disp_calls=0 disp_total_us_per_call=0.0 lookup_us=0.0 layout_us=0.0 meta_us=0.0 hcattn_us=0.0 pfa_calls=4000 pfa_total_us_per_call=86.5
(Worker_TP1 pid=2892057) [IDE_006/TSK_009 profile pid=2892057 tag=pagedfa] #20/100 disp_calls=0 disp_total_us_per_call=0.0 lookup_us=0.0 layout_us=0.0 meta_us=0.0 hcattn_us=0.0 pfa_calls=4000 pfa_total_us_per_call=85.6
(Worker_TP3 pid=2892059) [IDE_006/TSK_009 profile pid=2892059 tag=pagedfa] #20/100 disp_calls=0 disp_total_us_per_call=0.0 lookup_us=0.0 layout_us=0.0 meta_us=0.0 hcattn_us=0.0 pfa_calls=4000 pfa_total_us_per_call=86.5
(Worker_TP4 pid=2892060) [IDE_006/TSK_009 profile pid=2892060 tag=pagedfa] #20/100 disp_calls=0 disp_total_us_per_call=0.0 lookup_us=0.0 layout_us=0.0 meta_us=0.0 hcattn_us=0.0 pfa_calls=4000 pfa_total_us_per_call=85.3
(Worker_TP7 pid=2892063) [IDE_006/TSK_009 profile pid=2892063 tag=pagedfa] #20/100 disp_calls=0 disp_total_us_per_call=0.0 lookup_us=0.0 layout_us=0.0 meta_us=0.0 hcattn_us=0.0 pfa_calls=4000 pfa_total_us_per_call=86.1
(Worker_TP5 pid=2892061) [IDE_006/TSK_009 profile pid=2892061 tag=pagedfa] #20/100 disp_calls=0 disp_total_us_per_call=0.0 lookup_us=0.0 layout_us=0.0 meta_us=0.0 hcattn_us=0.0 pfa_calls=4000 pfa_total_us_per_call=86.1
(Worker_TP0 pid=2892056) Capturing CUDA graphs (decode, FULL):  45%|████▌     | 23/51 [00:02<00:02,  9.40it/s][IDE_006/TSK_009 profile pid=2892056 tag=pagedfa] #21/100 disp_calls=0 disp_total_us_per_call=0.0 lookup_us=0.0 layout_us=0.0 meta_us=0.0 hcattn_us=0.0 pfa_calls=4200 pfa_total_us_per_call=86.8
(Worker_TP2 pid=2892058) [IDE_006/TSK_009 profile pid=2892058 tag=pagedfa] #21/100 disp_calls=0 disp_total_us_per_call=0.0 lookup_us=0.0 layout_us=0.0 meta_us=0.0 hcattn_us=0.0 pfa_calls=4200 pfa_total_us_per_call=85.8
(Worker_TP6 pid=2892062) [IDE_006/TSK_009 profile pid=2892062 tag=pagedfa] #21/100 disp_calls=0 disp_total_us_per_call=0.0 lookup_us=0.0 layout_us=0.0 meta_us=0.0 hcattn_us=0.0 pfa_calls=4200 pfa_total_us_per_call=84.1
(Worker_TP1 pid=2892057) [IDE_006/TSK_009 profile pid=2892057 tag=pagedfa] #21/100 disp_calls=0 disp_total_us_per_call=0.0 lookup_us=0.0 layout_us=0.0 meta_us=0.0 hcattn_us=0.0 pfa_calls=4200 pfa_total_us_per_call=85.1
(Worker_TP4 pid=2892060) [IDE_006/TSK_009 profile pid=2892060 tag=pagedfa] #21/100 disp_calls=0 disp_total_us_per_call=0.0 lookup_us=0.0 layout_us=0.0 meta_us=0.0 hcattn_us=0.0 pfa_calls=4200 pfa_total_us_per_call=84.8
(Worker_TP3 pid=2892059) [IDE_006/TSK_009 profile pid=2892059 tag=pagedfa] #21/100 disp_calls=0 disp_total_us_per_call=0.0 lookup_us=0.0 layout_us=0.0 meta_us=0.0 hcattn_us=0.0 pfa_calls=4200 pfa_total_us_per_call=85.8
(Worker_TP7 pid=2892063) [IDE_006/TSK_009 profile pid=2892063 tag=pagedfa] #21/100 disp_calls=0 disp_total_us_per_call=0.0 lookup_us=0.0 layout_us=0.0 meta_us=0.0 hcattn_us=0.0 pfa_calls=4200 pfa_total_us_per_call=85.7
(Worker_TP5 pid=2892061) [IDE_006/TSK_009 profile pid=2892061 tag=pagedfa] #21/100 disp_calls=0 disp_total_us_per_call=0.0 lookup_us=0.0 layout_us=0.0 meta_us=0.0 hcattn_us=0.0 pfa_calls=4200 pfa_total_us_per_call=85.7
(Worker_TP0 pid=2892056) Capturing CUDA graphs (decode, FULL):  49%|████▉     | 25/51 [00:02<00:02,  9.73it/s](Worker_TP2 pid=2892058) [IDE_006/TSK_009 profile pid=2892058 tag=pagedfa] #22/100 disp_calls=0 disp_total_us_per_call=0.0 lookup_us=0.0 layout_us=0.0 meta_us=0.0 hcattn_us=0.0 pfa_calls=4400 pfa_total_us_per_call=85.1
(Worker_TP3 pid=2892059) [IDE_006/TSK_009 profile pid=2892059 tag=pagedfa] #22/100 disp_calls=0 disp_total_us_per_call=0.0 lookup_us=0.0 layout_us=0.0 meta_us=0.0 hcattn_us=0.0 pfa_calls=4400 pfa_total_us_per_call=85.2
(Worker_TP6 pid=2892062) [IDE_006/TSK_009 profile pid=2892062 tag=pagedfa] #22/100 disp_calls=0 disp_total_us_per_call=0.0 lookup_us=0.0 layout_us=0.0 meta_us=0.0 hcattn_us=0.0 pfa_calls=4400 pfa_total_us_per_call=83.5
[IDE_006/TSK_009 profile pid=2892056 tag=pagedfa] #22/100 disp_calls=0 disp_total_us_per_call=0.0 lookup_us=0.0 layout_us=0.0 meta_us=0.0 hcattn_us=0.0 pfa_calls=4400 pfa_total_us_per_call=86.1
(Worker_TP1 pid=2892057) [IDE_006/TSK_009 profile pid=2892057 tag=pagedfa] #22/100 disp_calls=0 disp_total_us_per_call=0.0 lookup_us=0.0 layout_us=0.0 meta_us=0.0 hcattn_us=0.0 pfa_calls=4400 pfa_total_us_per_call=84.5
(Worker_TP4 pid=2892060) [IDE_006/TSK_009 profile pid=2892060 tag=pagedfa] #22/100 disp_calls=0 disp_total_us_per_call=0.0 lookup_us=0.0 layout_us=0.0 meta_us=0.0 hcattn_us=0.0 pfa_calls=4400 pfa_total_us_per_call=84.2
(Worker_TP5 pid=2892061) [IDE_006/TSK_009 profile pid=2892061 tag=pagedfa] #22/100 disp_calls=0 disp_total_us_per_call=0.0 lookup_us=0.0 layout_us=0.0 meta_us=0.0 hcattn_us=0.0 pfa_calls=4400 pfa_total_us_per_call=85.1
(Worker_TP7 pid=2892063) [IDE_006/TSK_009 profile pid=2892063 tag=pagedfa] #22/100 disp_calls=0 disp_total_us_per_call=0.0 lookup_us=0.0 layout_us=0.0 meta_us=0.0 hcattn_us=0.0 pfa_calls=4400 pfa_total_us_per_call=85.2
(Worker_TP2 pid=2892058) [IDE_006/TSK_009 profile pid=2892058 tag=pagedfa] #23/100 disp_calls=0 disp_total_us_per_call=0.0 lookup_us=0.0 layout_us=0.0 meta_us=0.0 hcattn_us=0.0 pfa_calls=4600 pfa_total_us_per_call=84.4
(Worker_TP3 pid=2892059) [IDE_006/TSK_009 profile pid=2892059 tag=pagedfa] #23/100 disp_calls=0 disp_total_us_per_call=0.0 lookup_us=0.0 layout_us=0.0 meta_us=0.0 hcattn_us=0.0 pfa_calls=4600 pfa_total_us_per_call=84.6
(Worker_TP6 pid=2892062) [IDE_006/TSK_009 profile pid=2892062 tag=pagedfa] #23/100 disp_calls=0 disp_total_us_per_call=0.0 lookup_us=0.0 layout_us=0.0 meta_us=0.0 hcattn_us=0.0 pfa_calls=4600 pfa_total_us_per_call=82.9
(Worker_TP4 pid=2892060) [IDE_006/TSK_009 profile pid=2892060 tag=pagedfa] #23/100 disp_calls=0 disp_total_us_per_call=0.0 lookup_us=0.0 layout_us=0.0 meta_us=0.0 hcattn_us=0.0 pfa_calls=4600 pfa_total_us_per_call=83.6
(Worker_TP1 pid=2892057) [IDE_006/TSK_009 profile pid=2892057 tag=pagedfa] #23/100 disp_calls=0 disp_total_us_per_call=0.0 lookup_us=0.0 layout_us=0.0 meta_us=0.0 hcattn_us=0.0 pfa_calls=4600 pfa_total_us_per_call=84.3
(Worker_TP7 pid=2892063) [IDE_006/TSK_009 profile pid=2892063 tag=pagedfa] #23/100 disp_calls=0 disp_total_us_per_call=0.0 lookup_us=0.0 layout_us=0.0 meta_us=0.0 hcattn_us=0.0 pfa_calls=4600 pfa_total_us_per_call=84.6
(Worker_TP5 pid=2892061) [IDE_006/TSK_009 profile pid=2892061 tag=pagedfa] #23/100 disp_calls=0 disp_total_us_per_call=0.0 lookup_us=0.0 layout_us=0.0 meta_us=0.0 hcattn_us=0.0 pfa_calls=4600 pfa_total_us_per_call=84.6
(Worker_TP0 pid=2892056) [IDE_006/TSK_009 profile pid=2892056 tag=pagedfa] #23/100 disp_calls=0 disp_total_us_per_call=0.0 lookup_us=0.0 layout_us=0.0 meta_us=0.0 hcattn_us=0.0 pfa_calls=4600 pfa_total_us_per_call=86.0
(Worker_TP0 pid=2892056) Capturing CUDA graphs (decode, FULL):  53%|█████▎    | 27/51 [00:02<00:02,  9.50it/s](Worker_TP2 pid=2892058) [IDE_006/TSK_009 profile pid=2892058 tag=pagedfa] #24/100 disp_calls=0 disp_total_us_per_call=0.0 lookup_us=0.0 layout_us=0.0 meta_us=0.0 hcattn_us=0.0 pfa_calls=4800 pfa_total_us_per_call=84.8
(Worker_TP1 pid=2892057) [IDE_006/TSK_009 profile pid=2892057 tag=pagedfa] #24/100 disp_calls=0 disp_total_us_per_call=0.0 lookup_us=0.0 layout_us=0.0 meta_us=0.0 hcattn_us=0.0 pfa_calls=4800 pfa_total_us_per_call=84.9
[IDE_006/TSK_009 profile pid=2892056 tag=pagedfa] #24/100 disp_calls=0 disp_total_us_per_call=0.0 lookup_us=0.0 layout_us=0.0 meta_us=0.0 hcattn_us=0.0 pfa_calls=4800 pfa_total_us_per_call=86.4
(Worker_TP6 pid=2892062) [IDE_006/TSK_009 profile pid=2892062 tag=pagedfa] #24/100 disp_calls=0 disp_total_us_per_call=0.0 lookup_us=0.0 layout_us=0.0 meta_us=0.0 hcattn_us=0.0 pfa_calls=4800 pfa_total_us_per_call=83.5
(Worker_TP3 pid=2892059) [IDE_006/TSK_009 profile pid=2892059 tag=pagedfa] #24/100 disp_calls=0 disp_total_us_per_call=0.0 lookup_us=0.0 layout_us=0.0 meta_us=0.0 hcattn_us=0.0 pfa_calls=4800 pfa_total_us_per_call=85.8
(Worker_TP5 pid=2892061) [IDE_006/TSK_009 profile pid=2892061 tag=pagedfa] #24/100 disp_calls=0 disp_total_us_per_call=0.0 lookup_us=0.0 layout_us=0.0 meta_us=0.0 hcattn_us=0.0 pfa_calls=4800 pfa_total_us_per_call=85.1
(Worker_TP7 pid=2892063) [IDE_006/TSK_009 profile pid=2892063 tag=pagedfa] #24/100 disp_calls=0 disp_total_us_per_call=0.0 lookup_us=0.0 layout_us=0.0 meta_us=0.0 hcattn_us=0.0 pfa_calls=4800 pfa_total_us_per_call=85.9
(Worker_TP4 pid=2892060) [IDE_006/TSK_009 profile pid=2892060 tag=pagedfa] #24/100 disp_calls=0 disp_total_us_per_call=0.0 lookup_us=0.0 layout_us=0.0 meta_us=0.0 hcattn_us=0.0 pfa_calls=4800 pfa_total_us_per_call=86.0
(Worker_TP0 pid=2892056) Capturing CUDA graphs (decode, FULL):  57%|█████▋    | 29/51 [00:03<00:02,  9.69it/s](Worker_TP2 pid=2892058) [IDE_006/TSK_009 profile pid=2892058 tag=pagedfa] #25/100 disp_calls=0 disp_total_us_per_call=0.0 lookup_us=0.0 layout_us=0.0 meta_us=0.0 hcattn_us=0.0 pfa_calls=5000 pfa_total_us_per_call=84.3
(Worker_TP6 pid=2892062) [IDE_006/TSK_009 profile pid=2892062 tag=pagedfa] #25/100 disp_calls=0 disp_total_us_per_call=0.0 lookup_us=0.0 layout_us=0.0 meta_us=0.0 hcattn_us=0.0 pfa_calls=5000 pfa_total_us_per_call=83.0
(Worker_TP1 pid=2892057) [IDE_006/TSK_009 profile pid=2892057 tag=pagedfa] #25/100 disp_calls=0 disp_total_us_per_call=0.0 lookup_us=0.0 layout_us=0.0 meta_us=0.0 hcattn_us=0.0 pfa_calls=5000 pfa_total_us_per_call=84.4
(Worker_TP3 pid=2892059) [IDE_006/TSK_009 profile pid=2892059 tag=pagedfa] #25/100 disp_calls=0 disp_total_us_per_call=0.0 lookup_us=0.0 layout_us=0.0 meta_us=0.0 hcattn_us=0.0 pfa_calls=5000 pfa_total_us_per_call=85.3
[IDE_006/TSK_009 profile pid=2892056 tag=pagedfa] #25/100 disp_calls=0 disp_total_us_per_call=0.0 lookup_us=0.0 layout_us=0.0 meta_us=0.0 hcattn_us=0.0 pfa_calls=5000 pfa_total_us_per_call=85.9
(Worker_TP7 pid=2892063) [IDE_006/TSK_009 profile pid=2892063 tag=pagedfa] #25/100 disp_calls=0 disp_total_us_per_call=0.0 lookup_us=0.0 layout_us=0.0 meta_us=0.0 hcattn_us=0.0 pfa_calls=5000 pfa_total_us_per_call=85.4
(Worker_TP4 pid=2892060) [IDE_006/TSK_009 profile pid=2892060 tag=pagedfa] #25/100 disp_calls=0 disp_total_us_per_call=0.0 lookup_us=0.0 layout_us=0.0 meta_us=0.0 hcattn_us=0.0 pfa_calls=5000 pfa_total_us_per_call=85.5
(Worker_TP5 pid=2892061) [IDE_006/TSK_009 profile pid=2892061 tag=pagedfa] #25/100 disp_calls=0 disp_total_us_per_call=0.0 lookup_us=0.0 layout_us=0.0 meta_us=0.0 hcattn_us=0.0 pfa_calls=5000 pfa_total_us_per_call=84.7
(Worker_TP2 pid=2892058) [IDE_006/TSK_009 profile pid=2892058 tag=pagedfa] #26/100 disp_calls=0 disp_total_us_per_call=0.0 lookup_us=0.0 layout_us=0.0 meta_us=0.0 hcattn_us=0.0 pfa_calls=5200 pfa_total_us_per_call=83.7
(Worker_TP3 pid=2892059) [IDE_006/TSK_009 profile pid=2892059 tag=pagedfa] #26/100 disp_calls=0 disp_total_us_per_call=0.0 lookup_us=0.0 layout_us=0.0 meta_us=0.0 hcattn_us=0.0 pfa_calls=5200 pfa_total_us_per_call=84.7
(Worker_TP0 pid=2892056) [IDE_006/TSK_009 profile pid=2892056 tag=pagedfa] #26/100 disp_calls=0 disp_total_us_per_call=0.0 lookup_us=0.0 layout_us=0.0 meta_us=0.0 hcattn_us=0.0 pfa_calls=5200 pfa_total_us_per_call=85.4
(Worker_TP4 pid=2892060) [IDE_006/TSK_009 profile pid=2892060 tag=pagedfa] #26/100 disp_calls=0 disp_total_us_per_call=0.0 lookup_us=0.0 layout_us=0.0 meta_us=0.0 hcattn_us=0.0 pfa_calls=5200 pfa_total_us_per_call=84.9
(Worker_TP1 pid=2892057) [IDE_006/TSK_009 profile pid=2892057 tag=pagedfa] #26/100 disp_calls=0 disp_total_us_per_call=0.0 lookup_us=0.0 layout_us=0.0 meta_us=0.0 hcattn_us=0.0 pfa_calls=5200 pfa_total_us_per_call=84.0
(Worker_TP6 pid=2892062) [IDE_006/TSK_009 profile pid=2892062 tag=pagedfa] #26/100 disp_calls=0 disp_total_us_per_call=0.0 lookup_us=0.0 layout_us=0.0 meta_us=0.0 hcattn_us=0.0 pfa_calls=5200 pfa_total_us_per_call=82.7
(Worker_TP7 pid=2892063) [IDE_006/TSK_009 profile pid=2892063 tag=pagedfa] #26/100 disp_calls=0 disp_total_us_per_call=0.0 lookup_us=0.0 layout_us=0.0 meta_us=0.0 hcattn_us=0.0 pfa_calls=5200 pfa_total_us_per_call=85.0
(Worker_TP5 pid=2892061) [IDE_006/TSK_009 profile pid=2892061 tag=pagedfa] #26/100 disp_calls=0 disp_total_us_per_call=0.0 lookup_us=0.0 layout_us=0.0 meta_us=0.0 hcattn_us=0.0 pfa_calls=5200 pfa_total_us_per_call=84.5
(Worker_TP0 pid=2892056) Capturing CUDA graphs (decode, FULL):  61%|██████    | 31/51 [00:03<00:02,  9.88it/s](Worker_TP2 pid=2892058) [IDE_006/TSK_009 profile pid=2892058 tag=pagedfa] #27/100 disp_calls=0 disp_total_us_per_call=0.0 lookup_us=0.0 layout_us=0.0 meta_us=0.0 hcattn_us=0.0 pfa_calls=5400 pfa_total_us_per_call=83.2
(Worker_TP3 pid=2892059) [IDE_006/TSK_009 profile pid=2892059 tag=pagedfa] #27/100 disp_calls=0 disp_total_us_per_call=0.0 lookup_us=0.0 layout_us=0.0 meta_us=0.0 hcattn_us=0.0 pfa_calls=5400 pfa_total_us_per_call=84.2
(Worker_TP1 pid=2892057) [IDE_006/TSK_009 profile pid=2892057 tag=pagedfa] #27/100 disp_calls=0 disp_total_us_per_call=0.0 lookup_us=0.0 layout_us=0.0 meta_us=0.0 hcattn_us=0.0 pfa_calls=5400 pfa_total_us_per_call=83.5
[IDE_006/TSK_009 profile pid=2892056 tag=pagedfa] #27/100 disp_calls=0 disp_total_us_per_call=0.0 lookup_us=0.0 layout_us=0.0 meta_us=0.0 hcattn_us=0.0 pfa_calls=5400 pfa_total_us_per_call=84.8
(Worker_TP6 pid=2892062) [IDE_006/TSK_009 profile pid=2892062 tag=pagedfa] #27/100 disp_calls=0 disp_total_us_per_call=0.0 lookup_us=0.0 layout_us=0.0 meta_us=0.0 hcattn_us=0.0 pfa_calls=5400 pfa_total_us_per_call=82.3
(Worker_TP4 pid=2892060) [IDE_006/TSK_009 profile pid=2892060 tag=pagedfa] #27/100 disp_calls=0 disp_total_us_per_call=0.0 lookup_us=0.0 layout_us=0.0 meta_us=0.0 hcattn_us=0.0 pfa_calls=5400 pfa_total_us_per_call=84.5
(Worker_TP7 pid=2892063) [IDE_006/TSK_009 profile pid=2892063 tag=pagedfa] #27/100 disp_calls=0 disp_total_us_per_call=0.0 lookup_us=0.0 layout_us=0.0 meta_us=0.0 hcattn_us=0.0 pfa_calls=5400 pfa_total_us_per_call=84.6
(Worker_TP5 pid=2892061) [IDE_006/TSK_009 profile pid=2892061 tag=pagedfa] #27/100 disp_calls=0 disp_total_us_per_call=0.0 lookup_us=0.0 layout_us=0.0 meta_us=0.0 hcattn_us=0.0 pfa_calls=5400 pfa_total_us_per_call=84.1
(Worker_TP0 pid=2892056) Capturing CUDA graphs (decode, FULL):  63%|██████▎   | 32/51 [00:03<00:01,  9.74it/s](Worker_TP3 pid=2892059) [IDE_006/TSK_009 profile pid=2892059 tag=pagedfa] #28/100 disp_calls=0 disp_total_us_per_call=0.0 lookup_us=0.0 layout_us=0.0 meta_us=0.0 hcattn_us=0.0 pfa_calls=5600 pfa_total_us_per_call=83.6
(Worker_TP2 pid=2892058) [IDE_006/TSK_009 profile pid=2892058 tag=pagedfa] #28/100 disp_calls=0 disp_total_us_per_call=0.0 lookup_us=0.0 layout_us=0.0 meta_us=0.0 hcattn_us=0.0 pfa_calls=5600 pfa_total_us_per_call=83.0
(Worker_TP1 pid=2892057) [IDE_006/TSK_009 profile pid=2892057 tag=pagedfa] #28/100 disp_calls=0 disp_total_us_per_call=0.0 lookup_us=0.0 layout_us=0.0 meta_us=0.0 hcattn_us=0.0 pfa_calls=5600 pfa_total_us_per_call=83.0
[IDE_006/TSK_009 profile pid=2892056 tag=pagedfa] #28/100 disp_calls=0 disp_total_us_per_call=0.0 lookup_us=0.0 layout_us=0.0 meta_us=0.0 hcattn_us=0.0 pfa_calls=5600 pfa_total_us_per_call=84.3
(Worker_TP6 pid=2892062) [IDE_006/TSK_009 profile pid=2892062 tag=pagedfa] #28/100 disp_calls=0 disp_total_us_per_call=0.0 lookup_us=0.0 layout_us=0.0 meta_us=0.0 hcattn_us=0.0 pfa_calls=5600 pfa_total_us_per_call=81.8
(Worker_TP4 pid=2892060) [IDE_006/TSK_009 profile pid=2892060 tag=pagedfa] #28/100 disp_calls=0 disp_total_us_per_call=0.0 lookup_us=0.0 layout_us=0.0 meta_us=0.0 hcattn_us=0.0 pfa_calls=5600 pfa_total_us_per_call=84.0
(Worker_TP7 pid=2892063) [IDE_006/TSK_009 profile pid=2892063 tag=pagedfa] #28/100 disp_calls=0 disp_total_us_per_call=0.0 lookup_us=0.0 layout_us=0.0 meta_us=0.0 hcattn_us=0.0 pfa_calls=5600 pfa_total_us_per_call=84.1
(Worker_TP5 pid=2892061) [IDE_006/TSK_009 profile pid=2892061 tag=pagedfa] #28/100 disp_calls=0 disp_total_us_per_call=0.0 lookup_us=0.0 layout_us=0.0 meta_us=0.0 hcattn_us=0.0 pfa_calls=5600 pfa_total_us_per_call=83.8
(Worker_TP0 pid=2892056) Capturing CUDA graphs (decode, FULL):  67%|██████▋   | 34/51 [00:03<00:01,  9.89it/s](Worker_TP2 pid=2892058) [IDE_006/TSK_009 profile pid=2892058 tag=pagedfa] #29/100 disp_calls=0 disp_total_us_per_call=0.0 lookup_us=0.0 layout_us=0.0 meta_us=0.0 hcattn_us=0.0 pfa_calls=5800 pfa_total_us_per_call=82.7
(Worker_TP3 pid=2892059) [IDE_006/TSK_009 profile pid=2892059 tag=pagedfa] #29/100 disp_calls=0 disp_total_us_per_call=0.0 lookup_us=0.0 layout_us=0.0 meta_us=0.0 hcattn_us=0.0 pfa_calls=5800 pfa_total_us_per_call=83.2
(Worker_TP1 pid=2892057) [IDE_006/TSK_009 profile pid=2892057 tag=pagedfa] #29/100 disp_calls=0 disp_total_us_per_call=0.0 lookup_us=0.0 layout_us=0.0 meta_us=0.0 hcattn_us=0.0 pfa_calls=5800 pfa_total_us_per_call=82.7
(Worker_TP6 pid=2892062) [IDE_006/TSK_009 profile pid=2892062 tag=pagedfa] #29/100 disp_calls=0 disp_total_us_per_call=0.0 lookup_us=0.0 layout_us=0.0 meta_us=0.0 hcattn_us=0.0 pfa_calls=5800 pfa_total_us_per_call=81.6
(Worker_TP4 pid=2892060) [IDE_006/TSK_009 profile pid=2892060 tag=pagedfa] #29/100 disp_calls=0 disp_total_us_per_call=0.0 lookup_us=0.0 layout_us=0.0 meta_us=0.0 hcattn_us=0.0 pfa_calls=5800 pfa_total_us_per_call=83.6
(Worker_TP7 pid=2892063) [IDE_006/TSK_009 profile pid=2892063 tag=pagedfa] #29/100 disp_calls=0 disp_total_us_per_call=0.0 lookup_us=0.0 layout_us=0.0 meta_us=0.0 hcattn_us=0.0 pfa_calls=5800 pfa_total_us_per_call=83.8
(Worker_TP5 pid=2892061) [IDE_006/TSK_009 profile pid=2892061 tag=pagedfa] #29/100 disp_calls=0 disp_total_us_per_call=0.0 lookup_us=0.0 layout_us=0.0 meta_us=0.0 hcattn_us=0.0 pfa_calls=5800 pfa_total_us_per_call=83.5
[IDE_006/TSK_009 profile pid=2892056 tag=pagedfa] #29/100 disp_calls=0 disp_total_us_per_call=0.0 lookup_us=0.0 layout_us=0.0 meta_us=0.0 hcattn_us=0.0 pfa_calls=5800 pfa_total_us_per_call=84.0
(Worker_TP2 pid=2892058) [IDE_006/TSK_009 profile pid=2892058 tag=pagedfa] #30/100 disp_calls=0 disp_total_us_per_call=0.0 lookup_us=0.0 layout_us=0.0 meta_us=0.0 hcattn_us=0.0 pfa_calls=6000 pfa_total_us_per_call=82.3
(Worker_TP6 pid=2892062) [IDE_006/TSK_009 profile pid=2892062 tag=pagedfa] #30/100 disp_calls=0 disp_total_us_per_call=0.0 lookup_us=0.0 layout_us=0.0 meta_us=0.0 hcattn_us=0.0 pfa_calls=6000 pfa_total_us_per_call=81.2
(Worker_TP0 pid=2892056) [IDE_006/TSK_009 profile pid=2892056 tag=pagedfa] #30/100 disp_calls=0 disp_total_us_per_call=0.0 lookup_us=0.0 layout_us=0.0 meta_us=0.0 hcattn_us=0.0 pfa_calls=6000 pfa_total_us_per_call=83.5
(Worker_TP3 pid=2892059) [IDE_006/TSK_009 profile pid=2892059 tag=pagedfa] #30/100 disp_calls=0 disp_total_us_per_call=0.0 lookup_us=0.0 layout_us=0.0 meta_us=0.0 hcattn_us=0.0 pfa_calls=6000 pfa_total_us_per_call=82.9
(Worker_TP1 pid=2892057) [IDE_006/TSK_009 profile pid=2892057 tag=pagedfa] #30/100 disp_calls=0 disp_total_us_per_call=0.0 lookup_us=0.0 layout_us=0.0 meta_us=0.0 hcattn_us=0.0 pfa_calls=6000 pfa_total_us_per_call=82.3
(Worker_TP4 pid=2892060) [IDE_006/TSK_009 profile pid=2892060 tag=pagedfa] #30/100 disp_calls=0 disp_total_us_per_call=0.0 lookup_us=0.0 layout_us=0.0 meta_us=0.0 hcattn_us=0.0 pfa_calls=6000 pfa_total_us_per_call=83.2
(Worker_TP7 pid=2892063) [IDE_006/TSK_009 profile pid=2892063 tag=pagedfa] #30/100 disp_calls=0 disp_total_us_per_call=0.0 lookup_us=0.0 layout_us=0.0 meta_us=0.0 hcattn_us=0.0 pfa_calls=6000 pfa_total_us_per_call=83.5
(Worker_TP5 pid=2892061) [IDE_006/TSK_009 profile pid=2892061 tag=pagedfa] #30/100 disp_calls=0 disp_total_us_per_call=0.0 lookup_us=0.0 layout_us=0.0 meta_us=0.0 hcattn_us=0.0 pfa_calls=6000 pfa_total_us_per_call=83.2
(Worker_TP0 pid=2892056) Capturing CUDA graphs (decode, FULL):  71%|███████   | 36/51 [00:03<00:01,  9.93it/s](Worker_TP2 pid=2892058) [IDE_006/TSK_009 profile pid=2892058 tag=pagedfa] #31/100 disp_calls=0 disp_total_us_per_call=0.0 lookup_us=0.0 layout_us=0.0 meta_us=0.0 hcattn_us=0.0 pfa_calls=6200 pfa_total_us_per_call=81.8
(Worker_TP3 pid=2892059) [IDE_006/TSK_009 profile pid=2892059 tag=pagedfa] #31/100 disp_calls=0 disp_total_us_per_call=0.0 lookup_us=0.0 layout_us=0.0 meta_us=0.0 hcattn_us=0.0 pfa_calls=6200 pfa_total_us_per_call=82.4
(Worker_TP6 pid=2892062) [IDE_006/TSK_009 profile pid=2892062 tag=pagedfa] #31/100 disp_calls=0 disp_total_us_per_call=0.0 lookup_us=0.0 layout_us=0.0 meta_us=0.0 hcattn_us=0.0 pfa_calls=6200 pfa_total_us_per_call=80.9
[IDE_006/TSK_009 profile pid=2892056 tag=pagedfa] #31/100 disp_calls=0 disp_total_us_per_call=0.0 lookup_us=0.0 layout_us=0.0 meta_us=0.0 hcattn_us=0.0 pfa_calls=6200 pfa_total_us_per_call=83.1
(Worker_TP4 pid=2892060) [IDE_006/TSK_009 profile pid=2892060 tag=pagedfa] #31/100 disp_calls=0 disp_total_us_per_call=0.0 lookup_us=0.0 layout_us=0.0 meta_us=0.0 hcattn_us=0.0 pfa_calls=6200 pfa_total_us_per_call=82.8
(Worker_TP1 pid=2892057) [IDE_006/TSK_009 profile pid=2892057 tag=pagedfa] #31/100 disp_calls=0 disp_total_us_per_call=0.0 lookup_us=0.0 layout_us=0.0 meta_us=0.0 hcattn_us=0.0 pfa_calls=6200 pfa_total_us_per_call=82.0
(Worker_TP5 pid=2892061) [IDE_006/TSK_009 profile pid=2892061 tag=pagedfa] #31/100 disp_calls=0 disp_total_us_per_call=0.0 lookup_us=0.0 layout_us=0.0 meta_us=0.0 hcattn_us=0.0 pfa_calls=6200 pfa_total_us_per_call=82.9
(Worker_TP7 pid=2892063) [IDE_006/TSK_009 profile pid=2892063 tag=pagedfa] #31/100 disp_calls=0 disp_total_us_per_call=0.0 lookup_us=0.0 layout_us=0.0 meta_us=0.0 hcattn_us=0.0 pfa_calls=6200 pfa_total_us_per_call=83.2
(Worker_TP0 pid=2892056) Capturing CUDA graphs (decode, FULL):  73%|███████▎  | 37/51 [00:03<00:01,  9.85it/s](Worker_TP3 pid=2892059) [IDE_006/TSK_009 profile pid=2892059 tag=pagedfa] #32/100 disp_calls=0 disp_total_us_per_call=0.0 lookup_us=0.0 layout_us=0.0 meta_us=0.0 hcattn_us=0.0 pfa_calls=6400 pfa_total_us_per_call=81.9
(Worker_TP6 pid=2892062) [IDE_006/TSK_009 profile pid=2892062 tag=pagedfa] #32/100 disp_calls=0 disp_total_us_per_call=0.0 lookup_us=0.0 layout_us=0.0 meta_us=0.0 hcattn_us=0.0 pfa_calls=6400 pfa_total_us_per_call=80.5
[IDE_006/TSK_009 profile pid=2892056 tag=pagedfa] #32/100 disp_calls=0 disp_total_us_per_call=0.0 lookup_us=0.0 layout_us=0.0 meta_us=0.0 hcattn_us=0.0 pfa_calls=6400 pfa_total_us_per_call=82.7
(Worker_TP2 pid=2892058) [IDE_006/TSK_009 profile pid=2892058 tag=pagedfa] #32/100 disp_calls=0 disp_total_us_per_call=0.0 lookup_us=0.0 layout_us=0.0 meta_us=0.0 hcattn_us=0.0 pfa_calls=6400 pfa_total_us_per_call=81.3
(Worker_TP4 pid=2892060) [IDE_006/TSK_009 profile pid=2892060 tag=pagedfa] #32/100 disp_calls=0 disp_total_us_per_call=0.0 lookup_us=0.0 layout_us=0.0 meta_us=0.0 hcattn_us=0.0 pfa_calls=6400 pfa_total_us_per_call=82.4
(Worker_TP1 pid=2892057) [IDE_006/TSK_009 profile pid=2892057 tag=pagedfa] #32/100 disp_calls=0 disp_total_us_per_call=0.0 lookup_us=0.0 layout_us=0.0 meta_us=0.0 hcattn_us=0.0 pfa_calls=6400 pfa_total_us_per_call=81.6
(Worker_TP7 pid=2892063) [IDE_006/TSK_009 profile pid=2892063 tag=pagedfa] #32/100 disp_calls=0 disp_total_us_per_call=0.0 lookup_us=0.0 layout_us=0.0 meta_us=0.0 hcattn_us=0.0 pfa_calls=6400 pfa_total_us_per_call=82.8
(Worker_TP5 pid=2892061) [IDE_006/TSK_009 profile pid=2892061 tag=pagedfa] #32/100 disp_calls=0 disp_total_us_per_call=0.0 lookup_us=0.0 layout_us=0.0 meta_us=0.0 hcattn_us=0.0 pfa_calls=6400 pfa_total_us_per_call=82.6
(Worker_TP0 pid=2892056) Capturing CUDA graphs (decode, FULL):  76%|███████▋  | 39/51 [00:04<00:01,  9.92it/s](Worker_TP1 pid=2892057) [IDE_006/TSK_009 profile pid=2892057 tag=pagedfa] #33/100 disp_calls=0 disp_total_us_per_call=0.0 lookup_us=0.0 layout_us=0.0 meta_us=0.0 hcattn_us=0.0 pfa_calls=6600 pfa_total_us_per_call=81.3
(Worker_TP2 pid=2892058) [IDE_006/TSK_009 profile pid=2892058 tag=pagedfa] #33/100 disp_calls=0 disp_total_us_per_call=0.0 lookup_us=0.0 layout_us=0.0 meta_us=0.0 hcattn_us=0.0 pfa_calls=6600 pfa_total_us_per_call=81.0
(Worker_TP3 pid=2892059) [IDE_006/TSK_009 profile pid=2892059 tag=pagedfa] #33/100 disp_calls=0 disp_total_us_per_call=0.0 lookup_us=0.0 layout_us=0.0 meta_us=0.0 hcattn_us=0.0 pfa_calls=6600 pfa_total_us_per_call=81.6
(Worker_TP6 pid=2892062) [IDE_006/TSK_009 profile pid=2892062 tag=pagedfa] #33/100 disp_calls=0 disp_total_us_per_call=0.0 lookup_us=0.0 layout_us=0.0 meta_us=0.0 hcattn_us=0.0 pfa_calls=6600 pfa_total_us_per_call=80.2
[IDE_006/TSK_009 profile pid=2892056 tag=pagedfa] #33/100 disp_calls=0 disp_total_us_per_call=0.0 lookup_us=0.0 layout_us=0.0 meta_us=0.0 hcattn_us=0.0 pfa_calls=6600 pfa_total_us_per_call=82.3
(Worker_TP4 pid=2892060) [IDE_006/TSK_009 profile pid=2892060 tag=pagedfa] #33/100 disp_calls=0 disp_total_us_per_call=0.0 lookup_us=0.0 layout_us=0.0 meta_us=0.0 hcattn_us=0.0 pfa_calls=6600 pfa_total_us_per_call=82.0
(Worker_TP7 pid=2892063) [IDE_006/TSK_009 profile pid=2892063 tag=pagedfa] #33/100 disp_calls=0 disp_total_us_per_call=0.0 lookup_us=0.0 layout_us=0.0 meta_us=0.0 hcattn_us=0.0 pfa_calls=6600 pfa_total_us_per_call=82.5
(Worker_TP5 pid=2892061) [IDE_006/TSK_009 profile pid=2892061 tag=pagedfa] #33/100 disp_calls=0 disp_total_us_per_call=0.0 lookup_us=0.0 layout_us=0.0 meta_us=0.0 hcattn_us=0.0 pfa_calls=6600 pfa_total_us_per_call=82.3
(Worker_TP0 pid=2892056) Capturing CUDA graphs (decode, FULL):  78%|███████▊  | 40/51 [00:04<00:01,  9.93it/s](Worker_TP2 pid=2892058) [IDE_006/TSK_009 profile pid=2892058 tag=pagedfa] #34/100 disp_calls=0 disp_total_us_per_call=0.0 lookup_us=0.0 layout_us=0.0 meta_us=0.0 hcattn_us=0.0 pfa_calls=6800 pfa_total_us_per_call=80.6
[IDE_006/TSK_009 profile pid=2892056 tag=pagedfa] #34/100 disp_calls=0 disp_total_us_per_call=0.0 lookup_us=0.0 layout_us=0.0 meta_us=0.0 hcattn_us=0.0 pfa_calls=6800 pfa_total_us_per_call=81.9
(Worker_TP3 pid=2892059) [IDE_006/TSK_009 profile pid=2892059 tag=pagedfa] #34/100 disp_calls=0 disp_total_us_per_call=0.0 lookup_us=0.0 layout_us=0.0 meta_us=0.0 hcattn_us=0.0 pfa_calls=6800 pfa_total_us_per_call=81.2
(Worker_TP1 pid=2892057) [IDE_006/TSK_009 profile pid=2892057 tag=pagedfa] #34/100 disp_calls=0 disp_total_us_per_call=0.0 lookup_us=0.0 layout_us=0.0 meta_us=0.0 hcattn_us=0.0 pfa_calls=6800 pfa_total_us_per_call=81.0
(Worker_TP4 pid=2892060) [IDE_006/TSK_009 profile pid=2892060 tag=pagedfa] #34/100 disp_calls=0 disp_total_us_per_call=0.0 lookup_us=0.0 layout_us=0.0 meta_us=0.0 hcattn_us=0.0 pfa_calls=6800 pfa_total_us_per_call=81.7
(Worker_TP7 pid=2892063) [IDE_006/TSK_009 profile pid=2892063 tag=pagedfa] #34/100 disp_calls=0 disp_total_us_per_call=0.0 lookup_us=0.0 layout_us=0.0 meta_us=0.0 hcattn_us=0.0 pfa_calls=6800 pfa_total_us_per_call=82.2
(Worker_TP5 pid=2892061) [IDE_006/TSK_009 profile pid=2892061 tag=pagedfa] #34/100 disp_calls=0 disp_total_us_per_call=0.0 lookup_us=0.0 layout_us=0.0 meta_us=0.0 hcattn_us=0.0 pfa_calls=6800 pfa_total_us_per_call=82.0
(Worker_TP6 pid=2892062) [IDE_006/TSK_009 profile pid=2892062 tag=pagedfa] #34/100 disp_calls=0 disp_total_us_per_call=0.0 lookup_us=0.0 layout_us=0.0 meta_us=0.0 hcattn_us=0.0 pfa_calls=6800 pfa_total_us_per_call=79.9
(Worker_TP0 pid=2892056) Capturing CUDA graphs (decode, FULL):  80%|████████  | 41/51 [00:04<00:01,  9.60it/s](Worker_TP6 pid=2892062) [IDE_006/TSK_009 profile pid=2892062 tag=pagedfa] #35/100 disp_calls=0 disp_total_us_per_call=0.0 lookup_us=0.0 layout_us=0.0 meta_us=0.0 hcattn_us=0.0 pfa_calls=7000 pfa_total_us_per_call=80.8
(Worker_TP3 pid=2892059) [IDE_006/TSK_009 profile pid=2892059 tag=pagedfa] #35/100 disp_calls=0 disp_total_us_per_call=0.0 lookup_us=0.0 layout_us=0.0 meta_us=0.0 hcattn_us=0.0 pfa_calls=7000 pfa_total_us_per_call=83.2
(Worker_TP1 pid=2892057) [IDE_006/TSK_009 profile pid=2892057 tag=pagedfa] #35/100 disp_calls=0 disp_total_us_per_call=0.0 lookup_us=0.0 layout_us=0.0 meta_us=0.0 hcattn_us=0.0 pfa_calls=7000 pfa_total_us_per_call=83.1
(Worker_TP2 pid=2892058) [IDE_006/TSK_009 profile pid=2892058 tag=pagedfa] #35/100 disp_calls=0 disp_total_us_per_call=0.0 lookup_us=0.0 layout_us=0.0 meta_us=0.0 hcattn_us=0.0 pfa_calls=7000 pfa_total_us_per_call=81.5
(Worker_TP4 pid=2892060) [IDE_006/TSK_009 profile pid=2892060 tag=pagedfa] #35/100 disp_calls=0 disp_total_us_per_call=0.0 lookup_us=0.0 layout_us=0.0 meta_us=0.0 hcattn_us=0.0 pfa_calls=7000 pfa_total_us_per_call=84.6
[IDE_006/TSK_009 profile pid=2892056 tag=pagedfa] #35/100 disp_calls=0 disp_total_us_per_call=0.0 lookup_us=0.0 layout_us=0.0 meta_us=0.0 hcattn_us=0.0 pfa_calls=7000 pfa_total_us_per_call=83.9
(Worker_TP5 pid=2892061) [IDE_006/TSK_009 profile pid=2892061 tag=pagedfa] #35/100 disp_calls=0 disp_total_us_per_call=0.0 lookup_us=0.0 layout_us=0.0 meta_us=0.0 hcattn_us=0.0 pfa_calls=7000 pfa_total_us_per_call=83.4
(Worker_TP7 pid=2892063) [IDE_006/TSK_009 profile pid=2892063 tag=pagedfa] #35/100 disp_calls=0 disp_total_us_per_call=0.0 lookup_us=0.0 layout_us=0.0 meta_us=0.0 hcattn_us=0.0 pfa_calls=7000 pfa_total_us_per_call=84.3
(Worker_TP0 pid=2892056) Capturing CUDA graphs (decode, FULL):  82%|████████▏ | 42/51 [00:04<00:00,  9.23it/s](Worker_TP3 pid=2892059) [IDE_006/TSK_009 profile pid=2892059 tag=pagedfa] #36/100 disp_calls=0 disp_total_us_per_call=0.0 lookup_us=0.0 layout_us=0.0 meta_us=0.0 hcattn_us=0.0 pfa_calls=7200 pfa_total_us_per_call=82.9
(Worker_TP2 pid=2892058) [IDE_006/TSK_009 profile pid=2892058 tag=pagedfa] #36/100 disp_calls=0 disp_total_us_per_call=0.0 lookup_us=0.0 layout_us=0.0 meta_us=0.0 hcattn_us=0.0 pfa_calls=7200 pfa_total_us_per_call=81.1
[IDE_006/TSK_009 profile pid=2892056 tag=pagedfa] #36/100 disp_calls=0 disp_total_us_per_call=0.0 lookup_us=0.0 layout_us=0.0 meta_us=0.0 hcattn_us=0.0 pfa_calls=7200 pfa_total_us_per_call=83.6
(Worker_TP6 pid=2892062) [IDE_006/TSK_009 profile pid=2892062 tag=pagedfa] #36/100 disp_calls=0 disp_total_us_per_call=0.0 lookup_us=0.0 layout_us=0.0 meta_us=0.0 hcattn_us=0.0 pfa_calls=7200 pfa_total_us_per_call=80.6
(Worker_TP1 pid=2892057) [IDE_006/TSK_009 profile pid=2892057 tag=pagedfa] #36/100 disp_calls=0 disp_total_us_per_call=0.0 lookup_us=0.0 layout_us=0.0 meta_us=0.0 hcattn_us=0.0 pfa_calls=7200 pfa_total_us_per_call=82.7
(Worker_TP4 pid=2892060) [IDE_006/TSK_009 profile pid=2892060 tag=pagedfa] #36/100 disp_calls=0 disp_total_us_per_call=0.0 lookup_us=0.0 layout_us=0.0 meta_us=0.0 hcattn_us=0.0 pfa_calls=7200 pfa_total_us_per_call=84.2
(Worker_TP5 pid=2892061) [IDE_006/TSK_009 profile pid=2892061 tag=pagedfa] #36/100 disp_calls=0 disp_total_us_per_call=0.0 lookup_us=0.0 layout_us=0.0 meta_us=0.0 hcattn_us=0.0 pfa_calls=7200 pfa_total_us_per_call=83.1
(Worker_TP7 pid=2892063) [IDE_006/TSK_009 profile pid=2892063 tag=pagedfa] #36/100 disp_calls=0 disp_total_us_per_call=0.0 lookup_us=0.0 layout_us=0.0 meta_us=0.0 hcattn_us=0.0 pfa_calls=7200 pfa_total_us_per_call=84.1
(Worker_TP0 pid=2892056) Capturing CUDA graphs (decode, FULL):  86%|████████▋ | 44/51 [00:04<00:00,  9.67it/s](Worker_TP2 pid=2892058) [IDE_006/TSK_009 profile pid=2892058 tag=pagedfa] #37/100 disp_calls=0 disp_total_us_per_call=0.0 lookup_us=0.0 layout_us=0.0 meta_us=0.0 hcattn_us=0.0 pfa_calls=7400 pfa_total_us_per_call=80.9
(Worker_TP3 pid=2892059) [IDE_006/TSK_009 profile pid=2892059 tag=pagedfa] #37/100 disp_calls=0 disp_total_us_per_call=0.0 lookup_us=0.0 layout_us=0.0 meta_us=0.0 hcattn_us=0.0 pfa_calls=7400 pfa_total_us_per_call=82.6
(Worker_TP6 pid=2892062) [IDE_006/TSK_009 profile pid=2892062 tag=pagedfa] #37/100 disp_calls=0 disp_total_us_per_call=0.0 lookup_us=0.0 layout_us=0.0 meta_us=0.0 hcattn_us=0.0 pfa_calls=7400 pfa_total_us_per_call=80.4
(Worker_TP1 pid=2892057) [IDE_006/TSK_009 profile pid=2892057 tag=pagedfa] #37/100 disp_calls=0 disp_total_us_per_call=0.0 lookup_us=0.0 layout_us=0.0 meta_us=0.0 hcattn_us=0.0 pfa_calls=7400 pfa_total_us_per_call=82.5
[IDE_006/TSK_009 profile pid=2892056 tag=pagedfa] #37/100 disp_calls=0 disp_total_us_per_call=0.0 lookup_us=0.0 layout_us=0.0 meta_us=0.0 hcattn_us=0.0 pfa_calls=7400 pfa_total_us_per_call=83.3
(Worker_TP4 pid=2892060) [IDE_006/TSK_009 profile pid=2892060 tag=pagedfa] #37/100 disp_calls=0 disp_total_us_per_call=0.0 lookup_us=0.0 layout_us=0.0 meta_us=0.0 hcattn_us=0.0 pfa_calls=7400 pfa_total_us_per_call=84.0
(Worker_TP5 pid=2892061) [IDE_006/TSK_009 profile pid=2892061 tag=pagedfa] #37/100 disp_calls=0 disp_total_us_per_call=0.0 lookup_us=0.0 layout_us=0.0 meta_us=0.0 hcattn_us=0.0 pfa_calls=7400 pfa_total_us_per_call=82.8
(Worker_TP7 pid=2892063) [IDE_006/TSK_009 profile pid=2892063 tag=pagedfa] #37/100 disp_calls=0 disp_total_us_per_call=0.0 lookup_us=0.0 layout_us=0.0 meta_us=0.0 hcattn_us=0.0 pfa_calls=7400 pfa_total_us_per_call=83.8
(Worker_TP6 pid=2892062) [IDE_006/TSK_009 profile pid=2892062 tag=pagedfa] #38/100 disp_calls=0 disp_total_us_per_call=0.0 lookup_us=0.0 layout_us=0.0 meta_us=0.0 hcattn_us=0.0 pfa_calls=7600 pfa_total_us_per_call=80.1
(Worker_TP3 pid=2892059) [IDE_006/TSK_009 profile pid=2892059 tag=pagedfa] #38/100 disp_calls=0 disp_total_us_per_call=0.0 lookup_us=0.0 layout_us=0.0 meta_us=0.0 hcattn_us=0.0 pfa_calls=7600 pfa_total_us_per_call=82.3
(Worker_TP2 pid=2892058) [IDE_006/TSK_009 profile pid=2892058 tag=pagedfa] #38/100 disp_calls=0 disp_total_us_per_call=0.0 lookup_us=0.0 layout_us=0.0 meta_us=0.0 hcattn_us=0.0 pfa_calls=7600 pfa_total_us_per_call=80.6
(Worker_TP0 pid=2892056) [IDE_006/TSK_009 profile pid=2892056 tag=pagedfa] #38/100 disp_calls=0 disp_total_us_per_call=0.0 lookup_us=0.0 layout_us=0.0 meta_us=0.0 hcattn_us=0.0 pfa_calls=7600 pfa_total_us_per_call=83.0
(Worker_TP1 pid=2892057) [IDE_006/TSK_009 profile pid=2892057 tag=pagedfa] #38/100 disp_calls=0 disp_total_us_per_call=0.0 lookup_us=0.0 layout_us=0.0 meta_us=0.0 hcattn_us=0.0 pfa_calls=7600 pfa_total_us_per_call=82.3
(Worker_TP7 pid=2892063) [IDE_006/TSK_009 profile pid=2892063 tag=pagedfa] #38/100 disp_calls=0 disp_total_us_per_call=0.0 lookup_us=0.0 layout_us=0.0 meta_us=0.0 hcattn_us=0.0 pfa_calls=7600 pfa_total_us_per_call=83.5
(Worker_TP5 pid=2892061) [IDE_006/TSK_009 profile pid=2892061 tag=pagedfa] #38/100 disp_calls=0 disp_total_us_per_call=0.0 lookup_us=0.0 layout_us=0.0 meta_us=0.0 hcattn_us=0.0 pfa_calls=7600 pfa_total_us_per_call=82.6
(Worker_TP4 pid=2892060) [IDE_006/TSK_009 profile pid=2892060 tag=pagedfa] #38/100 disp_calls=0 disp_total_us_per_call=0.0 lookup_us=0.0 layout_us=0.0 meta_us=0.0 hcattn_us=0.0 pfa_calls=7600 pfa_total_us_per_call=83.7
(Worker_TP0 pid=2892056) Capturing CUDA graphs (decode, FULL):  90%|█████████ | 46/51 [00:04<00:00, 10.27it/s](Worker_TP1 pid=2892057) [IDE_006/TSK_009 profile pid=2892057 tag=pagedfa] #39/100 disp_calls=0 disp_total_us_per_call=0.0 lookup_us=0.0 layout_us=0.0 meta_us=0.0 hcattn_us=0.0 pfa_calls=7800 pfa_total_us_per_call=82.0
(Worker_TP6 pid=2892062) [IDE_006/TSK_009 profile pid=2892062 tag=pagedfa] #39/100 disp_calls=0 disp_total_us_per_call=0.0 lookup_us=0.0 layout_us=0.0 meta_us=0.0 hcattn_us=0.0 pfa_calls=7800 pfa_total_us_per_call=79.9
[IDE_006/TSK_009 profile pid=2892056 tag=pagedfa] #39/100 disp_calls=0 disp_total_us_per_call=0.0 lookup_us=0.0 layout_us=0.0 meta_us=0.0 hcattn_us=0.0 pfa_calls=7800 pfa_total_us_per_call=82.7
(Worker_TP2 pid=2892058) [IDE_006/TSK_009 profile pid=2892058 tag=pagedfa] #39/100 disp_calls=0 disp_total_us_per_call=0.0 lookup_us=0.0 layout_us=0.0 meta_us=0.0 hcattn_us=0.0 pfa_calls=7800 pfa_total_us_per_call=80.4
(Worker_TP3 pid=2892059) [IDE_006/TSK_009 profile pid=2892059 tag=pagedfa] #39/100 disp_calls=0 disp_total_us_per_call=0.0 lookup_us=0.0 layout_us=0.0 meta_us=0.0 hcattn_us=0.0 pfa_calls=7800 pfa_total_us_per_call=82.2
(Worker_TP5 pid=2892061) [IDE_006/TSK_009 profile pid=2892061 tag=pagedfa] #39/100 disp_calls=0 disp_total_us_per_call=0.0 lookup_us=0.0 layout_us=0.0 meta_us=0.0 hcattn_us=0.0 pfa_calls=7800 pfa_total_us_per_call=82.4
(Worker_TP4 pid=2892060) [IDE_006/TSK_009 profile pid=2892060 tag=pagedfa] #39/100 disp_calls=0 disp_total_us_per_call=0.0 lookup_us=0.0 layout_us=0.0 meta_us=0.0 hcattn_us=0.0 pfa_calls=7800 pfa_total_us_per_call=83.4
(Worker_TP7 pid=2892063) [IDE_006/TSK_009 profile pid=2892063 tag=pagedfa] #39/100 disp_calls=0 disp_total_us_per_call=0.0 lookup_us=0.0 layout_us=0.0 meta_us=0.0 hcattn_us=0.0 pfa_calls=7800 pfa_total_us_per_call=83.3
(Worker_TP3 pid=2892059) [IDE_006/TSK_009 profile pid=2892059 tag=pagedfa] #40/100 disp_calls=0 disp_total_us_per_call=0.0 lookup_us=0.0 layout_us=0.0 meta_us=0.0 hcattn_us=0.0 pfa_calls=8000 pfa_total_us_per_call=81.9
(Worker_TP2 pid=2892058) [IDE_006/TSK_009 profile pid=2892058 tag=pagedfa] #40/100 disp_calls=0 disp_total_us_per_call=0.0 lookup_us=0.0 layout_us=0.0 meta_us=0.0 hcattn_us=0.0 pfa_calls=8000 pfa_total_us_per_call=80.1
(Worker_TP0 pid=2892056) [IDE_006/TSK_009 profile pid=2892056 tag=pagedfa] #40/100 disp_calls=0 disp_total_us_per_call=0.0 lookup_us=0.0 layout_us=0.0 meta_us=0.0 hcattn_us=0.0 pfa_calls=8000 pfa_total_us_per_call=82.4
(Worker_TP6 pid=2892062) [IDE_006/TSK_009 profile pid=2892062 tag=pagedfa] #40/100 disp_calls=0 disp_total_us_per_call=0.0 lookup_us=0.0 layout_us=0.0 meta_us=0.0 hcattn_us=0.0 pfa_calls=8000 pfa_total_us_per_call=79.7
(Worker_TP4 pid=2892060) [IDE_006/TSK_009 profile pid=2892060 tag=pagedfa] #40/100 disp_calls=0 disp_total_us_per_call=0.0 lookup_us=0.0 layout_us=0.0 meta_us=0.0 hcattn_us=0.0 pfa_calls=8000 pfa_total_us_per_call=83.0
(Worker_TP5 pid=2892061) [IDE_006/TSK_009 profile pid=2892061 tag=pagedfa] #40/100 disp_calls=0 disp_total_us_per_call=0.0 lookup_us=0.0 layout_us=0.0 meta_us=0.0 hcattn_us=0.0 pfa_calls=8000 pfa_total_us_per_call=82.1
(Worker_TP1 pid=2892057) [IDE_006/TSK_009 profile pid=2892057 tag=pagedfa] #40/100 disp_calls=0 disp_total_us_per_call=0.0 lookup_us=0.0 layout_us=0.0 meta_us=0.0 hcattn_us=0.0 pfa_calls=8000 pfa_total_us_per_call=81.7
(Worker_TP7 pid=2892063) [IDE_006/TSK_009 profile pid=2892063 tag=pagedfa] #40/100 disp_calls=0 disp_total_us_per_call=0.0 lookup_us=0.0 layout_us=0.0 meta_us=0.0 hcattn_us=0.0 pfa_calls=8000 pfa_total_us_per_call=83.0
(Worker_TP0 pid=2892056) Capturing CUDA graphs (decode, FULL):  94%|█████████▍| 48/51 [00:04<00:00, 10.80it/s](Worker_TP6 pid=2892062) [IDE_006/TSK_009 profile pid=2892062 tag=pagedfa] #41/100 disp_calls=0 disp_total_us_per_call=0.0 lookup_us=0.0 layout_us=0.0 meta_us=0.0 hcattn_us=0.0 pfa_calls=8200 pfa_total_us_per_call=79.4
(Worker_TP4 pid=2892060) [IDE_006/TSK_009 profile pid=2892060 tag=pagedfa] #41/100 disp_calls=0 disp_total_us_per_call=0.0 lookup_us=0.0 layout_us=0.0 meta_us=0.0 hcattn_us=0.0 pfa_calls=8200 pfa_total_us_per_call=82.7
(Worker_TP3 pid=2892059) [IDE_006/TSK_009 profile pid=2892059 tag=pagedfa] #41/100 disp_calls=0 disp_total_us_per_call=0.0 lookup_us=0.0 layout_us=0.0 meta_us=0.0 hcattn_us=0.0 pfa_calls=8200 pfa_total_us_per_call=81.5
(Worker_TP2 pid=2892058) [IDE_006/TSK_009 profile pid=2892058 tag=pagedfa] #41/100 disp_calls=0 disp_total_us_per_call=0.0 lookup_us=0.0 layout_us=0.0 meta_us=0.0 hcattn_us=0.0 pfa_calls=8200 pfa_total_us_per_call=79.8
[IDE_006/TSK_009 profile pid=2892056 tag=pagedfa] #41/100 disp_calls=0 disp_total_us_per_call=0.0 lookup_us=0.0 layout_us=0.0 meta_us=0.0 hcattn_us=0.0 pfa_calls=8200 pfa_total_us_per_call=82.1
(Worker_TP1 pid=2892057) [IDE_006/TSK_009 profile pid=2892057 tag=pagedfa] #41/100 disp_calls=0 disp_total_us_per_call=0.0 lookup_us=0.0 layout_us=0.0 meta_us=0.0 hcattn_us=0.0 pfa_calls=8200 pfa_total_us_per_call=81.4
(Worker_TP7 pid=2892063) [IDE_006/TSK_009 profile pid=2892063 tag=pagedfa] #41/100 disp_calls=0 disp_total_us_per_call=0.0 lookup_us=0.0 layout_us=0.0 meta_us=0.0 hcattn_us=0.0 pfa_calls=8200 pfa_total_us_per_call=82.7
(Worker_TP5 pid=2892061) [IDE_006/TSK_009 profile pid=2892061 tag=pagedfa] #41/100 disp_calls=0 disp_total_us_per_call=0.0 lookup_us=0.0 layout_us=0.0 meta_us=0.0 hcattn_us=0.0 pfa_calls=8200 pfa_total_us_per_call=81.9
(Worker_TP0 pid=2892056) Capturing CUDA graphs (decode, FULL):  98%|█████████▊| 50/51 [00:05<00:00, 11.01it/s](Worker_TP2 pid=2892058) [IDE_006/TSK_009 profile pid=2892058 tag=pagedfa] #42/100 disp_calls=0 disp_total_us_per_call=0.0 lookup_us=0.0 layout_us=0.0 meta_us=0.0 hcattn_us=0.0 pfa_calls=8400 pfa_total_us_per_call=79.5
(Worker_TP3 pid=2892059) [IDE_006/TSK_009 profile pid=2892059 tag=pagedfa] #42/100 disp_calls=0 disp_total_us_per_call=0.0 lookup_us=0.0 layout_us=0.0 meta_us=0.0 hcattn_us=0.0 pfa_calls=8400 pfa_total_us_per_call=81.2
(Worker_TP1 pid=2892057) [IDE_006/TSK_009 profile pid=2892057 tag=pagedfa] #42/100 disp_calls=0 disp_total_us_per_call=0.0 lookup_us=0.0 layout_us=0.0 meta_us=0.0 hcattn_us=0.0 pfa_calls=8400 pfa_total_us_per_call=81.2
(Worker_TP6 pid=2892062) [IDE_006/TSK_009 profile pid=2892062 tag=pagedfa] #42/100 disp_calls=0 disp_total_us_per_call=0.0 lookup_us=0.0 layout_us=0.0 meta_us=0.0 hcattn_us=0.0 pfa_calls=8400 pfa_total_us_per_call=79.2
[IDE_006/TSK_009 profile pid=2892056 tag=pagedfa] #42/100 disp_calls=0 disp_total_us_per_call=0.0 lookup_us=0.0 layout_us=0.0 meta_us=0.0 hcattn_us=0.0 pfa_calls=8400 pfa_total_us_per_call=81.8
(Worker_TP4 pid=2892060) [IDE_006/TSK_009 profile pid=2892060 tag=pagedfa] #42/100 disp_calls=0 disp_total_us_per_call=0.0 lookup_us=0.0 layout_us=0.0 meta_us=0.0 hcattn_us=0.0 pfa_calls=8400 pfa_total_us_per_call=82.4
(Worker_TP7 pid=2892063) [IDE_006/TSK_009 profile pid=2892063 tag=pagedfa] #42/100 disp_calls=0 disp_total_us_per_call=0.0 lookup_us=0.0 layout_us=0.0 meta_us=0.0 hcattn_us=0.0 pfa_calls=8400 pfa_total_us_per_call=82.5
(Worker_TP5 pid=2892061) [IDE_006/TSK_009 profile pid=2892061 tag=pagedfa] #42/100 disp_calls=0 disp_total_us_per_call=0.0 lookup_us=0.0 layout_us=0.0 meta_us=0.0 hcattn_us=0.0 pfa_calls=8400 pfa_total_us_per_call=81.6
(Worker_TP0 pid=2892056) Capturing CUDA graphs (decode, FULL): 100%|██████████| 51/51 [00:05<00:00,  9.78it/s]
(EngineCore pid=2891508) <frozen importlib._bootstrap_external>:1301: FutureWarning: The cuda.cudart module is deprecated and will be removed in a future release, please switch to use the cuda.bindings.runtime module instead.
(EngineCore pid=2891508) <frozen importlib._bootstrap_external>:1301: FutureWarning: The cuda.nvrtc module is deprecated and will be removed in a future release, please switch to use the cuda.bindings.nvrtc module instead.
Rendering prompts:   0%|          | 0/100 [00:00<?, ?it/s]Rendering prompts:   3%|▎         | 3/100 [00:00<00:03, 26.57it/s]Rendering prompts:   7%|▋         | 7/100 [00:00<00:02, 32.90it/s]Rendering prompts:  11%|█         | 11/100 [00:00<00:02, 35.28it/s]Rendering prompts:  15%|█▌        | 15/100 [00:00<00:02, 36.33it/s]Rendering prompts:  19%|█▉        | 19/100 [00:00<00:02, 37.07it/s](Worker_TP2 pid=2892058) [IDE_006/TSK_009 profile pid=2892058 tag=pagedfa] #43/100 disp_calls=0 disp_total_us_per_call=0.0 lookup_us=0.0 layout_us=0.0 meta_us=0.0 hcattn_us=0.0 pfa_calls=8600 pfa_total_us_per_call=79.5
(Worker_TP1 pid=2892057) [IDE_006/TSK_009 profile pid=2892057 tag=pagedfa] #43/100 disp_calls=0 disp_total_us_per_call=0.0 lookup_us=0.0 layout_us=0.0 meta_us=0.0 hcattn_us=0.0 pfa_calls=8600 pfa_total_us_per_call=81.2
(Worker_TP0 pid=2892056) [IDE_006/TSK_009 profile pid=2892056 tag=pagedfa] #43/100 disp_calls=0 disp_total_us_per_call=0.0 lookup_us=0.0 layout_us=0.0 meta_us=0.0 hcattn_us=0.0 pfa_calls=8600 pfa_total_us_per_call=81.8
(Worker_TP5 pid=2892061) [IDE_006/TSK_009 profile pid=2892061 tag=pagedfa] #43/100 disp_calls=0 disp_total_us_per_call=0.0 lookup_us=0.0 layout_us=0.0 meta_us=0.0 hcattn_us=0.0 pfa_calls=8600 pfa_total_us_per_call=81.7
(Worker_TP6 pid=2892062) [IDE_006/TSK_009 profile pid=2892062 tag=pagedfa] #43/100 disp_calls=0 disp_total_us_per_call=0.0 lookup_us=0.0 layout_us=0.0 meta_us=0.0 hcattn_us=0.0 pfa_calls=8600 pfa_total_us_per_call=79.2
(Worker_TP4 pid=2892060) [IDE_006/TSK_009 profile pid=2892060 tag=pagedfa] #43/100 disp_calls=0 disp_total_us_per_call=0.0 lookup_us=0.0 layout_us=0.0 meta_us=0.0 hcattn_us=0.0 pfa_calls=8600 pfa_total_us_per_call=82.4
(Worker_TP3 pid=2892059) [IDE_006/TSK_009 profile pid=2892059 tag=pagedfa] #43/100 disp_calls=0 disp_total_us_per_call=0.0 lookup_us=0.0 layout_us=0.0 meta_us=0.0 hcattn_us=0.0 pfa_calls=8600 pfa_total_us_per_call=81.2
(Worker_TP7 pid=2892063) [IDE_006/TSK_009 profile pid=2892063 tag=pagedfa] #43/100 disp_calls=0 disp_total_us_per_call=0.0 lookup_us=0.0 layout_us=0.0 meta_us=0.0 hcattn_us=0.0 pfa_calls=8600 pfa_total_us_per_call=82.5
Rendering prompts:  23%|██▎       | 23/100 [00:00<00:02, 36.98it/s]Rendering prompts:  27%|██▋       | 27/100 [00:00<00:01, 37.33it/s]Rendering prompts:  31%|███       | 31/100 [00:00<00:01, 37.58it/s]Rendering prompts:  35%|███▌      | 35/100 [00:00<00:01, 37.69it/s]Rendering prompts:  39%|███▉      | 39/100 [00:01<00:01, 37.93it/s]Rendering prompts:  43%|████▎     | 43/100 [00:01<00:01, 38.03it/s]Rendering prompts:  47%|████▋     | 47/100 [00:01<00:01, 38.12it/s]Rendering prompts:  51%|█████     | 51/100 [00:01<00:01, 38.15it/s]Rendering prompts:  55%|█████▌    | 55/100 [00:01<00:01, 38.15it/s]Rendering prompts:  59%|█████▉    | 59/100 [00:01<00:01, 38.21it/s]Rendering prompts:  63%|██████▎   | 63/100 [00:01<00:00, 38.23it/s]Rendering prompts:  67%|██████▋   | 67/100 [00:01<00:00, 38.24it/s]Rendering prompts:  71%|███████   | 71/100 [00:01<00:00, 38.11it/s]Rendering prompts:  75%|███████▌  | 75/100 [00:02<00:00, 38.08it/s](Worker_TP2 pid=2892058) [IDE_006/TSK_009 profile pid=2892058 tag=pagedfa] #44/100 disp_calls=0 disp_total_us_per_call=0.0 lookup_us=0.0 layout_us=0.0 meta_us=0.0 hcattn_us=0.0 pfa_calls=8800 pfa_total_us_per_call=95.3
(Worker_TP1 pid=2892057) [IDE_006/TSK_009 profile pid=2892057 tag=pagedfa] #44/100 disp_calls=0 disp_total_us_per_call=0.0 lookup_us=0.0 layout_us=0.0 meta_us=0.0 hcattn_us=0.0 pfa_calls=8800 pfa_total_us_per_call=97.0
(Worker_TP4 pid=2892060) [IDE_006/TSK_009 profile pid=2892060 tag=pagedfa] #44/100 disp_calls=0 disp_total_us_per_call=0.0 lookup_us=0.0 layout_us=0.0 meta_us=0.0 hcattn_us=0.0 pfa_calls=8800 pfa_total_us_per_call=98.3
(Worker_TP7 pid=2892063) [IDE_006/TSK_009 profile pid=2892063 tag=pagedfa] #44/100 disp_calls=0 disp_total_us_per_call=0.0 lookup_us=0.0 layout_us=0.0 meta_us=0.0 hcattn_us=0.0 pfa_calls=8800 pfa_total_us_per_call=98.6
(Worker_TP0 pid=2892056) [IDE_006/TSK_009 profile pid=2892056 tag=pagedfa] #44/100 disp_calls=0 disp_total_us_per_call=0.0 lookup_us=0.0 layout_us=0.0 meta_us=0.0 hcattn_us=0.0 pfa_calls=8800 pfa_total_us_per_call=97.6
(Worker_TP5 pid=2892061) [IDE_006/TSK_009 profile pid=2892061 tag=pagedfa] #44/100 disp_calls=0 disp_total_us_per_call=0.0 lookup_us=0.0 layout_us=0.0 meta_us=0.0 hcattn_us=0.0 pfa_calls=8800 pfa_total_us_per_call=97.4
(Worker_TP6 pid=2892062) [IDE_006/TSK_009 profile pid=2892062 tag=pagedfa] #44/100 disp_calls=0 disp_total_us_per_call=0.0 lookup_us=0.0 layout_us=0.0 meta_us=0.0 hcattn_us=0.0 pfa_calls=8800 pfa_total_us_per_call=95.1
(Worker_TP3 pid=2892059) [IDE_006/TSK_009 profile pid=2892059 tag=pagedfa] #44/100 disp_calls=0 disp_total_us_per_call=0.0 lookup_us=0.0 layout_us=0.0 meta_us=0.0 hcattn_us=0.0 pfa_calls=8800 pfa_total_us_per_call=96.9
Rendering prompts:  79%|███████▉  | 79/100 [00:02<00:00, 38.21it/s]Rendering prompts:  83%|████████▎ | 83/100 [00:02<00:00, 38.16it/s]Rendering prompts:  87%|████████▋ | 87/100 [00:02<00:00, 37.36it/s]Rendering prompts:  91%|█████████ | 91/100 [00:02<00:00, 37.56it/s]Rendering prompts:  95%|█████████▌| 95/100 [00:02<00:00, 37.71it/s]Rendering prompts:  99%|█████████▉| 99/100 [00:02<00:00, 37.87it/s]Rendering prompts: 100%|██████████| 100/100 [00:02<00:00, 37.50it/s]
Processed prompts:   0%|          | 0/100 [00:00<?, ?it/s, est. speed input: 0.00 toks/s, output: 0.00 toks/s](Worker_TP6 pid=2892062) [IDE_006/TSK_009 profile pid=2892062 tag=pagedfa] #45/100 disp_calls=0 disp_total_us_per_call=0.0 lookup_us=0.0 layout_us=0.0 meta_us=0.0 hcattn_us=0.0 pfa_calls=9000 pfa_total_us_per_call=110.3
(Worker_TP2 pid=2892058) [IDE_006/TSK_009 profile pid=2892058 tag=pagedfa] #45/100 disp_calls=0 disp_total_us_per_call=0.0 lookup_us=0.0 layout_us=0.0 meta_us=0.0 hcattn_us=0.0 pfa_calls=9000 pfa_total_us_per_call=110.2
(Worker_TP5 pid=2892061) [IDE_006/TSK_009 profile pid=2892061 tag=pagedfa] #45/100 disp_calls=0 disp_total_us_per_call=0.0 lookup_us=0.0 layout_us=0.0 meta_us=0.0 hcattn_us=0.0 pfa_calls=9000 pfa_total_us_per_call=112.5
(Worker_TP0 pid=2892056) [IDE_006/TSK_009 profile pid=2892056 tag=pagedfa] #45/100 disp_calls=0 disp_total_us_per_call=0.0 lookup_us=0.0 layout_us=0.0 meta_us=0.0 hcattn_us=0.0 pfa_calls=9000 pfa_total_us_per_call=112.6
(Worker_TP7 pid=2892063) [IDE_006/TSK_009 profile pid=2892063 tag=pagedfa] #45/100 disp_calls=0 disp_total_us_per_call=0.0 lookup_us=0.0 layout_us=0.0 meta_us=0.0 hcattn_us=0.0 pfa_calls=9000 pfa_total_us_per_call=114.0
(Worker_TP1 pid=2892057) [IDE_006/TSK_009 profile pid=2892057 tag=pagedfa] #45/100 disp_calls=0 disp_total_us_per_call=0.0 lookup_us=0.0 layout_us=0.0 meta_us=0.0 hcattn_us=0.0 pfa_calls=9000 pfa_total_us_per_call=112.2
(Worker_TP4 pid=2892060) [IDE_006/TSK_009 profile pid=2892060 tag=pagedfa] #45/100 disp_calls=0 disp_total_us_per_call=0.0 lookup_us=0.0 layout_us=0.0 meta_us=0.0 hcattn_us=0.0 pfa_calls=9000 pfa_total_us_per_call=113.6
