(Worker_TP3 pid=2897506) [IDE_006/TSK_009 profile pid=2897506 tag=pagedfa] #20/100 disp_calls=0 disp_total_us_per_call=0.0 lookup_us=0.0 layout_us=0.0 meta_us=0.0 hcattn_us=0.0 pfa_calls=4000 pfa_total_us_per_call=84.1
(Worker_TP2 pid=2897505) [IDE_006/TSK_009 profile pid=2897505 tag=pagedfa] #20/100 disp_calls=0 disp_total_us_per_call=0.0 lookup_us=0.0 layout_us=0.0 meta_us=0.0 hcattn_us=0.0 pfa_calls=4000 pfa_total_us_per_call=92.2
(Worker_TP0 pid=2897503) Capturing CUDA graphs (decode, FULL):  45%|████▌     | 23/51 [00:02<00:03,  8.88it/s]Capturing CUDA graphs (decode, FULL):  47%|████▋     | 24/51 [00:02<00:03,  8.84it/s][IDE_006/TSK_009 profile pid=2897503 tag=pagedfa] #21/100 disp_calls=0 disp_total_us_per_call=0.0 lookup_us=0.0 layout_us=0.0 meta_us=0.0 hcattn_us=0.0 pfa_calls=4200 pfa_total_us_per_call=79.6
(Worker_TP1 pid=2897504) [IDE_006/TSK_009 profile pid=2897504 tag=pagedfa] #21/100 disp_calls=0 disp_total_us_per_call=0.0 lookup_us=0.0 layout_us=0.0 meta_us=0.0 hcattn_us=0.0 pfa_calls=4200 pfa_total_us_per_call=82.2
(Worker_TP6 pid=2897509) [IDE_006/TSK_009 profile pid=2897509 tag=pagedfa] #21/100 disp_calls=0 disp_total_us_per_call=0.0 lookup_us=0.0 layout_us=0.0 meta_us=0.0 hcattn_us=0.0 pfa_calls=4200 pfa_total_us_per_call=84.9
(Worker_TP5 pid=2897508) [IDE_006/TSK_009 profile pid=2897508 tag=pagedfa] #21/100 disp_calls=0 disp_total_us_per_call=0.0 lookup_us=0.0 layout_us=0.0 meta_us=0.0 hcattn_us=0.0 pfa_calls=4200 pfa_total_us_per_call=84.8
(Worker_TP4 pid=2897507) [IDE_006/TSK_009 profile pid=2897507 tag=pagedfa] #21/100 disp_calls=0 disp_total_us_per_call=0.0 lookup_us=0.0 layout_us=0.0 meta_us=0.0 hcattn_us=0.0 pfa_calls=4200 pfa_total_us_per_call=86.2
(Worker_TP7 pid=2897510) [IDE_006/TSK_009 profile pid=2897510 tag=pagedfa] #21/100 disp_calls=0 disp_total_us_per_call=0.0 lookup_us=0.0 layout_us=0.0 meta_us=0.0 hcattn_us=0.0 pfa_calls=4200 pfa_total_us_per_call=85.4
(Worker_TP3 pid=2897506) [IDE_006/TSK_009 profile pid=2897506 tag=pagedfa] #21/100 disp_calls=0 disp_total_us_per_call=0.0 lookup_us=0.0 layout_us=0.0 meta_us=0.0 hcattn_us=0.0 pfa_calls=4200 pfa_total_us_per_call=84.2
(Worker_TP2 pid=2897505) [IDE_006/TSK_009 profile pid=2897505 tag=pagedfa] #21/100 disp_calls=0 disp_total_us_per_call=0.0 lookup_us=0.0 layout_us=0.0 meta_us=0.0 hcattn_us=0.0 pfa_calls=4200 pfa_total_us_per_call=93.3
(Worker_TP0 pid=2897503) Capturing CUDA graphs (decode, FULL):  49%|████▉     | 25/51 [00:02<00:03,  8.55it/s][IDE_006/TSK_009 profile pid=2897503 tag=pagedfa] #22/100 disp_calls=0 disp_total_us_per_call=0.0 lookup_us=0.0 layout_us=0.0 meta_us=0.0 hcattn_us=0.0 pfa_calls=4400 pfa_total_us_per_call=79.0
(Worker_TP1 pid=2897504) [IDE_006/TSK_009 profile pid=2897504 tag=pagedfa] #22/100 disp_calls=0 disp_total_us_per_call=0.0 lookup_us=0.0 layout_us=0.0 meta_us=0.0 hcattn_us=0.0 pfa_calls=4400 pfa_total_us_per_call=81.6
(Worker_TP4 pid=2897507) [IDE_006/TSK_009 profile pid=2897507 tag=pagedfa] #22/100 disp_calls=0 disp_total_us_per_call=0.0 lookup_us=0.0 layout_us=0.0 meta_us=0.0 hcattn_us=0.0 pfa_calls=4400 pfa_total_us_per_call=85.6
(Worker_TP6 pid=2897509) [IDE_006/TSK_009 profile pid=2897509 tag=pagedfa] #22/100 disp_calls=0 disp_total_us_per_call=0.0 lookup_us=0.0 layout_us=0.0 meta_us=0.0 hcattn_us=0.0 pfa_calls=4400 pfa_total_us_per_call=84.2
(Worker_TP3 pid=2897506) [IDE_006/TSK_009 profile pid=2897506 tag=pagedfa] #22/100 disp_calls=0 disp_total_us_per_call=0.0 lookup_us=0.0 layout_us=0.0 meta_us=0.0 hcattn_us=0.0 pfa_calls=4400 pfa_total_us_per_call=83.6
(Worker_TP5 pid=2897508) [IDE_006/TSK_009 profile pid=2897508 tag=pagedfa] #22/100 disp_calls=0 disp_total_us_per_call=0.0 lookup_us=0.0 layout_us=0.0 meta_us=0.0 hcattn_us=0.0 pfa_calls=4400 pfa_total_us_per_call=84.1
(Worker_TP7 pid=2897510) [IDE_006/TSK_009 profile pid=2897510 tag=pagedfa] #22/100 disp_calls=0 disp_total_us_per_call=0.0 lookup_us=0.0 layout_us=0.0 meta_us=0.0 hcattn_us=0.0 pfa_calls=4400 pfa_total_us_per_call=84.8
(Worker_TP2 pid=2897505) [IDE_006/TSK_009 profile pid=2897505 tag=pagedfa] #22/100 disp_calls=0 disp_total_us_per_call=0.0 lookup_us=0.0 layout_us=0.0 meta_us=0.0 hcattn_us=0.0 pfa_calls=4400 pfa_total_us_per_call=92.9
(Worker_TP0 pid=2897503) Capturing CUDA graphs (decode, FULL):  51%|█████     | 26/51 [00:03<00:02,  8.72it/s](Worker_TP6 pid=2897509) [IDE_006/TSK_009 profile pid=2897509 tag=pagedfa] #23/100 disp_calls=0 disp_total_us_per_call=0.0 lookup_us=0.0 layout_us=0.0 meta_us=0.0 hcattn_us=0.0 pfa_calls=4600 pfa_total_us_per_call=83.5
[IDE_006/TSK_009 profile pid=2897503 tag=pagedfa] #23/100 disp_calls=0 disp_total_us_per_call=0.0 lookup_us=0.0 layout_us=0.0 meta_us=0.0 hcattn_us=0.0 pfa_calls=4600 pfa_total_us_per_call=78.5
(Worker_TP1 pid=2897504) [IDE_006/TSK_009 profile pid=2897504 tag=pagedfa] #23/100 disp_calls=0 disp_total_us_per_call=0.0 lookup_us=0.0 layout_us=0.0 meta_us=0.0 hcattn_us=0.0 pfa_calls=4600 pfa_total_us_per_call=81.0
(Worker_TP5 pid=2897508) [IDE_006/TSK_009 profile pid=2897508 tag=pagedfa] #23/100 disp_calls=0 disp_total_us_per_call=0.0 lookup_us=0.0 layout_us=0.0 meta_us=0.0 hcattn_us=0.0 pfa_calls=4600 pfa_total_us_per_call=83.4
(Worker_TP4 pid=2897507) [IDE_006/TSK_009 profile pid=2897507 tag=pagedfa] #23/100 disp_calls=0 disp_total_us_per_call=0.0 lookup_us=0.0 layout_us=0.0 meta_us=0.0 hcattn_us=0.0 pfa_calls=4600 pfa_total_us_per_call=84.9
(Worker_TP3 pid=2897506) [IDE_006/TSK_009 profile pid=2897506 tag=pagedfa] #23/100 disp_calls=0 disp_total_us_per_call=0.0 lookup_us=0.0 layout_us=0.0 meta_us=0.0 hcattn_us=0.0 pfa_calls=4600 pfa_total_us_per_call=83.1
(Worker_TP7 pid=2897510) [IDE_006/TSK_009 profile pid=2897510 tag=pagedfa] #23/100 disp_calls=0 disp_total_us_per_call=0.0 lookup_us=0.0 layout_us=0.0 meta_us=0.0 hcattn_us=0.0 pfa_calls=4600 pfa_total_us_per_call=84.3
(Worker_TP2 pid=2897505) [IDE_006/TSK_009 profile pid=2897505 tag=pagedfa] #23/100 disp_calls=0 disp_total_us_per_call=0.0 lookup_us=0.0 layout_us=0.0 meta_us=0.0 hcattn_us=0.0 pfa_calls=4600 pfa_total_us_per_call=92.5
(Worker_TP0 pid=2897503) Capturing CUDA graphs (decode, FULL):  53%|█████▎    | 27/51 [00:03<00:02,  8.98it/s][IDE_006/TSK_009 profile pid=2897503 tag=pagedfa] #24/100 disp_calls=0 disp_total_us_per_call=0.0 lookup_us=0.0 layout_us=0.0 meta_us=0.0 hcattn_us=0.0 pfa_calls=4800 pfa_total_us_per_call=78.1
(Worker_TP1 pid=2897504) [IDE_006/TSK_009 profile pid=2897504 tag=pagedfa] #24/100 disp_calls=0 disp_total_us_per_call=0.0 lookup_us=0.0 layout_us=0.0 meta_us=0.0 hcattn_us=0.0 pfa_calls=4800 pfa_total_us_per_call=80.5
(Worker_TP6 pid=2897509) [IDE_006/TSK_009 profile pid=2897509 tag=pagedfa] #24/100 disp_calls=0 disp_total_us_per_call=0.0 lookup_us=0.0 layout_us=0.0 meta_us=0.0 hcattn_us=0.0 pfa_calls=4800 pfa_total_us_per_call=82.9
(Worker_TP4 pid=2897507) [IDE_006/TSK_009 profile pid=2897507 tag=pagedfa] #24/100 disp_calls=0 disp_total_us_per_call=0.0 lookup_us=0.0 layout_us=0.0 meta_us=0.0 hcattn_us=0.0 pfa_calls=4800 pfa_total_us_per_call=84.3
(Worker_TP5 pid=2897508) [IDE_006/TSK_009 profile pid=2897508 tag=pagedfa] #24/100 disp_calls=0 disp_total_us_per_call=0.0 lookup_us=0.0 layout_us=0.0 meta_us=0.0 hcattn_us=0.0 pfa_calls=4800 pfa_total_us_per_call=82.9
(Worker_TP3 pid=2897506) [IDE_006/TSK_009 profile pid=2897506 tag=pagedfa] #24/100 disp_calls=0 disp_total_us_per_call=0.0 lookup_us=0.0 layout_us=0.0 meta_us=0.0 hcattn_us=0.0 pfa_calls=4800 pfa_total_us_per_call=82.7
(Worker_TP7 pid=2897510) [IDE_006/TSK_009 profile pid=2897510 tag=pagedfa] #24/100 disp_calls=0 disp_total_us_per_call=0.0 lookup_us=0.0 layout_us=0.0 meta_us=0.0 hcattn_us=0.0 pfa_calls=4800 pfa_total_us_per_call=83.8
(Worker_TP2 pid=2897505) [IDE_006/TSK_009 profile pid=2897505 tag=pagedfa] #24/100 disp_calls=0 disp_total_us_per_call=0.0 lookup_us=0.0 layout_us=0.0 meta_us=0.0 hcattn_us=0.0 pfa_calls=4800 pfa_total_us_per_call=92.0
(Worker_TP0 pid=2897503) Capturing CUDA graphs (decode, FULL):  55%|█████▍    | 28/51 [00:03<00:02,  9.20it/s]Capturing CUDA graphs (decode, FULL):  57%|█████▋    | 29/51 [00:03<00:02,  9.30it/s][IDE_006/TSK_009 profile pid=2897503 tag=pagedfa] #25/100 disp_calls=0 disp_total_us_per_call=0.0 lookup_us=0.0 layout_us=0.0 meta_us=0.0 hcattn_us=0.0 pfa_calls=5000 pfa_total_us_per_call=77.7
(Worker_TP1 pid=2897504) [IDE_006/TSK_009 profile pid=2897504 tag=pagedfa] #25/100 disp_calls=0 disp_total_us_per_call=0.0 lookup_us=0.0 layout_us=0.0 meta_us=0.0 hcattn_us=0.0 pfa_calls=5000 pfa_total_us_per_call=80.1
(Worker_TP6 pid=2897509) [IDE_006/TSK_009 profile pid=2897509 tag=pagedfa] #25/100 disp_calls=0 disp_total_us_per_call=0.0 lookup_us=0.0 layout_us=0.0 meta_us=0.0 hcattn_us=0.0 pfa_calls=5000 pfa_total_us_per_call=82.5
(Worker_TP5 pid=2897508) [IDE_006/TSK_009 profile pid=2897508 tag=pagedfa] #25/100 disp_calls=0 disp_total_us_per_call=0.0 lookup_us=0.0 layout_us=0.0 meta_us=0.0 hcattn_us=0.0 pfa_calls=5000 pfa_total_us_per_call=82.5
(Worker_TP4 pid=2897507) [IDE_006/TSK_009 profile pid=2897507 tag=pagedfa] #25/100 disp_calls=0 disp_total_us_per_call=0.0 lookup_us=0.0 layout_us=0.0 meta_us=0.0 hcattn_us=0.0 pfa_calls=5000 pfa_total_us_per_call=83.9
(Worker_TP7 pid=2897510) [IDE_006/TSK_009 profile pid=2897510 tag=pagedfa] #25/100 disp_calls=0 disp_total_us_per_call=0.0 lookup_us=0.0 layout_us=0.0 meta_us=0.0 hcattn_us=0.0 pfa_calls=5000 pfa_total_us_per_call=83.4
(Worker_TP3 pid=2897506) [IDE_006/TSK_009 profile pid=2897506 tag=pagedfa] #25/100 disp_calls=0 disp_total_us_per_call=0.0 lookup_us=0.0 layout_us=0.0 meta_us=0.0 hcattn_us=0.0 pfa_calls=5000 pfa_total_us_per_call=82.3
(Worker_TP2 pid=2897505) [IDE_006/TSK_009 profile pid=2897505 tag=pagedfa] #25/100 disp_calls=0 disp_total_us_per_call=0.0 lookup_us=0.0 layout_us=0.0 meta_us=0.0 hcattn_us=0.0 pfa_calls=5000 pfa_total_us_per_call=91.6
(Worker_TP0 pid=2897503) Capturing CUDA graphs (decode, FULL):  59%|█████▉    | 30/51 [00:03<00:02,  9.25it/s](Worker_TP6 pid=2897509) [IDE_006/TSK_009 profile pid=2897509 tag=pagedfa] #26/100 disp_calls=0 disp_total_us_per_call=0.0 lookup_us=0.0 layout_us=0.0 meta_us=0.0 hcattn_us=0.0 pfa_calls=5200 pfa_total_us_per_call=82.1
[IDE_006/TSK_009 profile pid=2897503 tag=pagedfa] #26/100 disp_calls=0 disp_total_us_per_call=0.0 lookup_us=0.0 layout_us=0.0 meta_us=0.0 hcattn_us=0.0 pfa_calls=5200 pfa_total_us_per_call=77.5
(Worker_TP4 pid=2897507) [IDE_006/TSK_009 profile pid=2897507 tag=pagedfa] #26/100 disp_calls=0 disp_total_us_per_call=0.0 lookup_us=0.0 layout_us=0.0 meta_us=0.0 hcattn_us=0.0 pfa_calls=5200 pfa_total_us_per_call=83.4
(Worker_TP5 pid=2897508) [IDE_006/TSK_009 profile pid=2897508 tag=pagedfa] #26/100 disp_calls=0 disp_total_us_per_call=0.0 lookup_us=0.0 layout_us=0.0 meta_us=0.0 hcattn_us=0.0 pfa_calls=5200 pfa_total_us_per_call=82.1
(Worker_TP1 pid=2897504) [IDE_006/TSK_009 profile pid=2897504 tag=pagedfa] #26/100 disp_calls=0 disp_total_us_per_call=0.0 lookup_us=0.0 layout_us=0.0 meta_us=0.0 hcattn_us=0.0 pfa_calls=5200 pfa_total_us_per_call=79.8
(Worker_TP7 pid=2897510) [IDE_006/TSK_009 profile pid=2897510 tag=pagedfa] #26/100 disp_calls=0 disp_total_us_per_call=0.0 lookup_us=0.0 layout_us=0.0 meta_us=0.0 hcattn_us=0.0 pfa_calls=5200 pfa_total_us_per_call=83.1
(Worker_TP3 pid=2897506) [IDE_006/TSK_009 profile pid=2897506 tag=pagedfa] #26/100 disp_calls=0 disp_total_us_per_call=0.0 lookup_us=0.0 layout_us=0.0 meta_us=0.0 hcattn_us=0.0 pfa_calls=5200 pfa_total_us_per_call=82.1
(Worker_TP2 pid=2897505) [IDE_006/TSK_009 profile pid=2897505 tag=pagedfa] #26/100 disp_calls=0 disp_total_us_per_call=0.0 lookup_us=0.0 layout_us=0.0 meta_us=0.0 hcattn_us=0.0 pfa_calls=5200 pfa_total_us_per_call=91.4
(Worker_TP0 pid=2897503) Capturing CUDA graphs (decode, FULL):  61%|██████    | 31/51 [00:03<00:02,  9.33it/s][IDE_006/TSK_009 profile pid=2897503 tag=pagedfa] #27/100 disp_calls=0 disp_total_us_per_call=0.0 lookup_us=0.0 layout_us=0.0 meta_us=0.0 hcattn_us=0.0 pfa_calls=5400 pfa_total_us_per_call=77.2
(Worker_TP1 pid=2897504) [IDE_006/TSK_009 profile pid=2897504 tag=pagedfa] #27/100 disp_calls=0 disp_total_us_per_call=0.0 lookup_us=0.0 layout_us=0.0 meta_us=0.0 hcattn_us=0.0 pfa_calls=5400 pfa_total_us_per_call=79.5
(Worker_TP4 pid=2897507) [IDE_006/TSK_009 profile pid=2897507 tag=pagedfa] #27/100 disp_calls=0 disp_total_us_per_call=0.0 lookup_us=0.0 layout_us=0.0 meta_us=0.0 hcattn_us=0.0 pfa_calls=5400 pfa_total_us_per_call=83.0
(Worker_TP6 pid=2897509) [IDE_006/TSK_009 profile pid=2897509 tag=pagedfa] #27/100 disp_calls=0 disp_total_us_per_call=0.0 lookup_us=0.0 layout_us=0.0 meta_us=0.0 hcattn_us=0.0 pfa_calls=5400 pfa_total_us_per_call=81.7
(Worker_TP7 pid=2897510) [IDE_006/TSK_009 profile pid=2897510 tag=pagedfa] #27/100 disp_calls=0 disp_total_us_per_call=0.0 lookup_us=0.0 layout_us=0.0 meta_us=0.0 hcattn_us=0.0 pfa_calls=5400 pfa_total_us_per_call=82.7
(Worker_TP5 pid=2897508) [IDE_006/TSK_009 profile pid=2897508 tag=pagedfa] #27/100 disp_calls=0 disp_total_us_per_call=0.0 lookup_us=0.0 layout_us=0.0 meta_us=0.0 hcattn_us=0.0 pfa_calls=5400 pfa_total_us_per_call=81.8
(Worker_TP3 pid=2897506) [IDE_006/TSK_009 profile pid=2897506 tag=pagedfa] #27/100 disp_calls=0 disp_total_us_per_call=0.0 lookup_us=0.0 layout_us=0.0 meta_us=0.0 hcattn_us=0.0 pfa_calls=5400 pfa_total_us_per_call=81.8
(Worker_TP2 pid=2897505) [IDE_006/TSK_009 profile pid=2897505 tag=pagedfa] #27/100 disp_calls=0 disp_total_us_per_call=0.0 lookup_us=0.0 layout_us=0.0 meta_us=0.0 hcattn_us=0.0 pfa_calls=5400 pfa_total_us_per_call=91.0
(Worker_TP0 pid=2897503) Capturing CUDA graphs (decode, FULL):  63%|██████▎   | 32/51 [00:03<00:02,  8.41it/s][IDE_006/TSK_009 profile pid=2897503 tag=pagedfa] #28/100 disp_calls=0 disp_total_us_per_call=0.0 lookup_us=0.0 layout_us=0.0 meta_us=0.0 hcattn_us=0.0 pfa_calls=5600 pfa_total_us_per_call=77.0
(Worker_TP1 pid=2897504) [IDE_006/TSK_009 profile pid=2897504 tag=pagedfa] #28/100 disp_calls=0 disp_total_us_per_call=0.0 lookup_us=0.0 layout_us=0.0 meta_us=0.0 hcattn_us=0.0 pfa_calls=5600 pfa_total_us_per_call=79.2
(Worker_TP5 pid=2897508) [IDE_006/TSK_009 profile pid=2897508 tag=pagedfa] #28/100 disp_calls=0 disp_total_us_per_call=0.0 lookup_us=0.0 layout_us=0.0 meta_us=0.0 hcattn_us=0.0 pfa_calls=5600 pfa_total_us_per_call=81.4
(Worker_TP6 pid=2897509) [IDE_006/TSK_009 profile pid=2897509 tag=pagedfa] #28/100 disp_calls=0 disp_total_us_per_call=0.0 lookup_us=0.0 layout_us=0.0 meta_us=0.0 hcattn_us=0.0 pfa_calls=5600 pfa_total_us_per_call=81.4
(Worker_TP4 pid=2897507) [IDE_006/TSK_009 profile pid=2897507 tag=pagedfa] #28/100 disp_calls=0 disp_total_us_per_call=0.0 lookup_us=0.0 layout_us=0.0 meta_us=0.0 hcattn_us=0.0 pfa_calls=5600 pfa_total_us_per_call=82.6
(Worker_TP3 pid=2897506) [IDE_006/TSK_009 profile pid=2897506 tag=pagedfa] #28/100 disp_calls=0 disp_total_us_per_call=0.0 lookup_us=0.0 layout_us=0.0 meta_us=0.0 hcattn_us=0.0 pfa_calls=5600 pfa_total_us_per_call=81.6
(Worker_TP7 pid=2897510) [IDE_006/TSK_009 profile pid=2897510 tag=pagedfa] #28/100 disp_calls=0 disp_total_us_per_call=0.0 lookup_us=0.0 layout_us=0.0 meta_us=0.0 hcattn_us=0.0 pfa_calls=5600 pfa_total_us_per_call=82.5
(Worker_TP0 pid=2897503) Capturing CUDA graphs (decode, FULL):  65%|██████▍   | 33/51 [00:03<00:02,  8.58it/s](Worker_TP2 pid=2897505) [IDE_006/TSK_009 profile pid=2897505 tag=pagedfa] #28/100 disp_calls=0 disp_total_us_per_call=0.0 lookup_us=0.0 layout_us=0.0 meta_us=0.0 hcattn_us=0.0 pfa_calls=5600 pfa_total_us_per_call=91.1
Capturing CUDA graphs (decode, FULL):  67%|██████▋   | 34/51 [00:03<00:02,  8.45it/s][IDE_006/TSK_009 profile pid=2897503 tag=pagedfa] #29/100 disp_calls=0 disp_total_us_per_call=0.0 lookup_us=0.0 layout_us=0.0 meta_us=0.0 hcattn_us=0.0 pfa_calls=5800 pfa_total_us_per_call=76.9
(Worker_TP6 pid=2897509) [IDE_006/TSK_009 profile pid=2897509 tag=pagedfa] #29/100 disp_calls=0 disp_total_us_per_call=0.0 lookup_us=0.0 layout_us=0.0 meta_us=0.0 hcattn_us=0.0 pfa_calls=5800 pfa_total_us_per_call=81.2
(Worker_TP5 pid=2897508) [IDE_006/TSK_009 profile pid=2897508 tag=pagedfa] #29/100 disp_calls=0 disp_total_us_per_call=0.0 lookup_us=0.0 layout_us=0.0 meta_us=0.0 hcattn_us=0.0 pfa_calls=5800 pfa_total_us_per_call=81.1
(Worker_TP4 pid=2897507) [IDE_006/TSK_009 profile pid=2897507 tag=pagedfa] #29/100 disp_calls=0 disp_total_us_per_call=0.0 lookup_us=0.0 layout_us=0.0 meta_us=0.0 hcattn_us=0.0 pfa_calls=5800 pfa_total_us_per_call=82.3
(Worker_TP1 pid=2897504) [IDE_006/TSK_009 profile pid=2897504 tag=pagedfa] #29/100 disp_calls=0 disp_total_us_per_call=0.0 lookup_us=0.0 layout_us=0.0 meta_us=0.0 hcattn_us=0.0 pfa_calls=5800 pfa_total_us_per_call=79.0
(Worker_TP7 pid=2897510) [IDE_006/TSK_009 profile pid=2897510 tag=pagedfa] #29/100 disp_calls=0 disp_total_us_per_call=0.0 lookup_us=0.0 layout_us=0.0 meta_us=0.0 hcattn_us=0.0 pfa_calls=5800 pfa_total_us_per_call=82.3
(Worker_TP3 pid=2897506) [IDE_006/TSK_009 profile pid=2897506 tag=pagedfa] #29/100 disp_calls=0 disp_total_us_per_call=0.0 lookup_us=0.0 layout_us=0.0 meta_us=0.0 hcattn_us=0.0 pfa_calls=5800 pfa_total_us_per_call=81.4
(Worker_TP2 pid=2897505) [IDE_006/TSK_009 profile pid=2897505 tag=pagedfa] #29/100 disp_calls=0 disp_total_us_per_call=0.0 lookup_us=0.0 layout_us=0.0 meta_us=0.0 hcattn_us=0.0 pfa_calls=5800 pfa_total_us_per_call=91.4
(Worker_TP0 pid=2897503) Capturing CUDA graphs (decode, FULL):  69%|██████▊   | 35/51 [00:04<00:01,  8.49it/s][IDE_006/TSK_009 profile pid=2897503 tag=pagedfa] #30/100 disp_calls=0 disp_total_us_per_call=0.0 lookup_us=0.0 layout_us=0.0 meta_us=0.0 hcattn_us=0.0 pfa_calls=6000 pfa_total_us_per_call=76.8
(Worker_TP5 pid=2897508) [IDE_006/TSK_009 profile pid=2897508 tag=pagedfa] #30/100 disp_calls=0 disp_total_us_per_call=0.0 lookup_us=0.0 layout_us=0.0 meta_us=0.0 hcattn_us=0.0 pfa_calls=6000 pfa_total_us_per_call=80.8
(Worker_TP4 pid=2897507) [IDE_006/TSK_009 profile pid=2897507 tag=pagedfa] #30/100 disp_calls=0 disp_total_us_per_call=0.0 lookup_us=0.0 layout_us=0.0 meta_us=0.0 hcattn_us=0.0 pfa_calls=6000 pfa_total_us_per_call=82.1
(Worker_TP6 pid=2897509) [IDE_006/TSK_009 profile pid=2897509 tag=pagedfa] #30/100 disp_calls=0 disp_total_us_per_call=0.0 lookup_us=0.0 layout_us=0.0 meta_us=0.0 hcattn_us=0.0 pfa_calls=6000 pfa_total_us_per_call=81.2
(Worker_TP1 pid=2897504) [IDE_006/TSK_009 profile pid=2897504 tag=pagedfa] #30/100 disp_calls=0 disp_total_us_per_call=0.0 lookup_us=0.0 layout_us=0.0 meta_us=0.0 hcattn_us=0.0 pfa_calls=6000 pfa_total_us_per_call=78.9
(Worker_TP7 pid=2897510) [IDE_006/TSK_009 profile pid=2897510 tag=pagedfa] #30/100 disp_calls=0 disp_total_us_per_call=0.0 lookup_us=0.0 layout_us=0.0 meta_us=0.0 hcattn_us=0.0 pfa_calls=6000 pfa_total_us_per_call=82.0
(Worker_TP3 pid=2897506) [IDE_006/TSK_009 profile pid=2897506 tag=pagedfa] #30/100 disp_calls=0 disp_total_us_per_call=0.0 lookup_us=0.0 layout_us=0.0 meta_us=0.0 hcattn_us=0.0 pfa_calls=6000 pfa_total_us_per_call=81.1
(Worker_TP2 pid=2897505) [IDE_006/TSK_009 profile pid=2897505 tag=pagedfa] #30/100 disp_calls=0 disp_total_us_per_call=0.0 lookup_us=0.0 layout_us=0.0 meta_us=0.0 hcattn_us=0.0 pfa_calls=6000 pfa_total_us_per_call=91.3
(Worker_TP0 pid=2897503) Capturing CUDA graphs (decode, FULL):  71%|███████   | 36/51 [00:04<00:01,  8.69it/s][IDE_006/TSK_009 profile pid=2897503 tag=pagedfa] #31/100 disp_calls=0 disp_total_us_per_call=0.0 lookup_us=0.0 layout_us=0.0 meta_us=0.0 hcattn_us=0.0 pfa_calls=6200 pfa_total_us_per_call=76.4
(Worker_TP6 pid=2897509) [IDE_006/TSK_009 profile pid=2897509 tag=pagedfa] #31/100 disp_calls=0 disp_total_us_per_call=0.0 lookup_us=0.0 layout_us=0.0 meta_us=0.0 hcattn_us=0.0 pfa_calls=6200 pfa_total_us_per_call=80.8
(Worker_TP4 pid=2897507) [IDE_006/TSK_009 profile pid=2897507 tag=pagedfa] #31/100 disp_calls=0 disp_total_us_per_call=0.0 lookup_us=0.0 layout_us=0.0 meta_us=0.0 hcattn_us=0.0 pfa_calls=6200 pfa_total_us_per_call=81.6
(Worker_TP5 pid=2897508) [IDE_006/TSK_009 profile pid=2897508 tag=pagedfa] #31/100 disp_calls=0 disp_total_us_per_call=0.0 lookup_us=0.0 layout_us=0.0 meta_us=0.0 hcattn_us=0.0 pfa_calls=6200 pfa_total_us_per_call=80.4
(Worker_TP7 pid=2897510) [IDE_006/TSK_009 profile pid=2897510 tag=pagedfa] #31/100 disp_calls=0 disp_total_us_per_call=0.0 lookup_us=0.0 layout_us=0.0 meta_us=0.0 hcattn_us=0.0 pfa_calls=6200 pfa_total_us_per_call=81.6
(Worker_TP3 pid=2897506) [IDE_006/TSK_009 profile pid=2897506 tag=pagedfa] #31/100 disp_calls=0 disp_total_us_per_call=0.0 lookup_us=0.0 layout_us=0.0 meta_us=0.0 hcattn_us=0.0 pfa_calls=6200 pfa_total_us_per_call=80.8
(Worker_TP1 pid=2897504) [IDE_006/TSK_009 profile pid=2897504 tag=pagedfa] #31/100 disp_calls=0 disp_total_us_per_call=0.0 lookup_us=0.0 layout_us=0.0 meta_us=0.0 hcattn_us=0.0 pfa_calls=6200 pfa_total_us_per_call=78.5
(Worker_TP2 pid=2897505) [IDE_006/TSK_009 profile pid=2897505 tag=pagedfa] #31/100 disp_calls=0 disp_total_us_per_call=0.0 lookup_us=0.0 layout_us=0.0 meta_us=0.0 hcattn_us=0.0 pfa_calls=6200 pfa_total_us_per_call=91.0
(Worker_TP0 pid=2897503) Capturing CUDA graphs (decode, FULL):  73%|███████▎  | 37/51 [00:04<00:01,  8.44it/s](Worker_TP4 pid=2897507) [IDE_006/TSK_009 profile pid=2897507 tag=pagedfa] #32/100 disp_calls=0 disp_total_us_per_call=0.0 lookup_us=0.0 layout_us=0.0 meta_us=0.0 hcattn_us=0.0 pfa_calls=6400 pfa_total_us_per_call=81.2
[IDE_006/TSK_009 profile pid=2897503 tag=pagedfa] #32/100 disp_calls=0 disp_total_us_per_call=0.0 lookup_us=0.0 layout_us=0.0 meta_us=0.0 hcattn_us=0.0 pfa_calls=6400 pfa_total_us_per_call=76.1
(Worker_TP1 pid=2897504) [IDE_006/TSK_009 profile pid=2897504 tag=pagedfa] #32/100 disp_calls=0 disp_total_us_per_call=0.0 lookup_us=0.0 layout_us=0.0 meta_us=0.0 hcattn_us=0.0 pfa_calls=6400 pfa_total_us_per_call=78.1
(Worker_TP5 pid=2897508) [IDE_006/TSK_009 profile pid=2897508 tag=pagedfa] #32/100 disp_calls=0 disp_total_us_per_call=0.0 lookup_us=0.0 layout_us=0.0 meta_us=0.0 hcattn_us=0.0 pfa_calls=6400 pfa_total_us_per_call=80.1
(Worker_TP3 pid=2897506) [IDE_006/TSK_009 profile pid=2897506 tag=pagedfa] #32/100 disp_calls=0 disp_total_us_per_call=0.0 lookup_us=0.0 layout_us=0.0 meta_us=0.0 hcattn_us=0.0 pfa_calls=6400 pfa_total_us_per_call=80.4
(Worker_TP6 pid=2897509) [IDE_006/TSK_009 profile pid=2897509 tag=pagedfa] #32/100 disp_calls=0 disp_total_us_per_call=0.0 lookup_us=0.0 layout_us=0.0 meta_us=0.0 hcattn_us=0.0 pfa_calls=6400 pfa_total_us_per_call=80.5
(Worker_TP7 pid=2897510) [IDE_006/TSK_009 profile pid=2897510 tag=pagedfa] #32/100 disp_calls=0 disp_total_us_per_call=0.0 lookup_us=0.0 layout_us=0.0 meta_us=0.0 hcattn_us=0.0 pfa_calls=6400 pfa_total_us_per_call=81.3
(Worker_TP2 pid=2897505) [IDE_006/TSK_009 profile pid=2897505 tag=pagedfa] #32/100 disp_calls=0 disp_total_us_per_call=0.0 lookup_us=0.0 layout_us=0.0 meta_us=0.0 hcattn_us=0.0 pfa_calls=6400 pfa_total_us_per_call=90.6
(Worker_TP0 pid=2897503) Capturing CUDA graphs (decode, FULL):  75%|███████▍  | 38/51 [00:04<00:01,  8.82it/s]Capturing CUDA graphs (decode, FULL):  76%|███████▋  | 39/51 [00:04<00:01,  9.04it/s][IDE_006/TSK_009 profile pid=2897503 tag=pagedfa] #33/100 disp_calls=0 disp_total_us_per_call=0.0 lookup_us=0.0 layout_us=0.0 meta_us=0.0 hcattn_us=0.0 pfa_calls=6600 pfa_total_us_per_call=75.8
(Worker_TP4 pid=2897507) [IDE_006/TSK_009 profile pid=2897507 tag=pagedfa] #33/100 disp_calls=0 disp_total_us_per_call=0.0 lookup_us=0.0 layout_us=0.0 meta_us=0.0 hcattn_us=0.0 pfa_calls=6600 pfa_total_us_per_call=80.9
(Worker_TP1 pid=2897504) [IDE_006/TSK_009 profile pid=2897504 tag=pagedfa] #33/100 disp_calls=0 disp_total_us_per_call=0.0 lookup_us=0.0 layout_us=0.0 meta_us=0.0 hcattn_us=0.0 pfa_calls=6600 pfa_total_us_per_call=77.8
(Worker_TP5 pid=2897508) [IDE_006/TSK_009 profile pid=2897508 tag=pagedfa] #33/100 disp_calls=0 disp_total_us_per_call=0.0 lookup_us=0.0 layout_us=0.0 meta_us=0.0 hcattn_us=0.0 pfa_calls=6600 pfa_total_us_per_call=79.7
(Worker_TP6 pid=2897509) [IDE_006/TSK_009 profile pid=2897509 tag=pagedfa] #33/100 disp_calls=0 disp_total_us_per_call=0.0 lookup_us=0.0 layout_us=0.0 meta_us=0.0 hcattn_us=0.0 pfa_calls=6600 pfa_total_us_per_call=80.2
(Worker_TP3 pid=2897506) [IDE_006/TSK_009 profile pid=2897506 tag=pagedfa] #33/100 disp_calls=0 disp_total_us_per_call=0.0 lookup_us=0.0 layout_us=0.0 meta_us=0.0 hcattn_us=0.0 pfa_calls=6600 pfa_total_us_per_call=80.2
(Worker_TP7 pid=2897510) [IDE_006/TSK_009 profile pid=2897510 tag=pagedfa] #33/100 disp_calls=0 disp_total_us_per_call=0.0 lookup_us=0.0 layout_us=0.0 meta_us=0.0 hcattn_us=0.0 pfa_calls=6600 pfa_total_us_per_call=81.1
(Worker_TP2 pid=2897505) [IDE_006/TSK_009 profile pid=2897505 tag=pagedfa] #33/100 disp_calls=0 disp_total_us_per_call=0.0 lookup_us=0.0 layout_us=0.0 meta_us=0.0 hcattn_us=0.0 pfa_calls=6600 pfa_total_us_per_call=90.4
(Worker_TP0 pid=2897503) Capturing CUDA graphs (decode, FULL):  78%|███████▊  | 40/51 [00:04<00:01,  9.03it/s](Worker_TP6 pid=2897509) [IDE_006/TSK_009 profile pid=2897509 tag=pagedfa] #34/100 disp_calls=0 disp_total_us_per_call=0.0 lookup_us=0.0 layout_us=0.0 meta_us=0.0 hcattn_us=0.0 pfa_calls=6800 pfa_total_us_per_call=79.9
(Worker_TP1 pid=2897504) [IDE_006/TSK_009 profile pid=2897504 tag=pagedfa] #34/100 disp_calls=0 disp_total_us_per_call=0.0 lookup_us=0.0 layout_us=0.0 meta_us=0.0 hcattn_us=0.0 pfa_calls=6800 pfa_total_us_per_call=77.6
(Worker_TP4 pid=2897507) [IDE_006/TSK_009 profile pid=2897507 tag=pagedfa] #34/100 disp_calls=0 disp_total_us_per_call=0.0 lookup_us=0.0 layout_us=0.0 meta_us=0.0 hcattn_us=0.0 pfa_calls=6800 pfa_total_us_per_call=80.5
(Worker_TP5 pid=2897508) [IDE_006/TSK_009 profile pid=2897508 tag=pagedfa] #34/100 disp_calls=0 disp_total_us_per_call=0.0 lookup_us=0.0 layout_us=0.0 meta_us=0.0 hcattn_us=0.0 pfa_calls=6800 pfa_total_us_per_call=79.4
[IDE_006/TSK_009 profile pid=2897503 tag=pagedfa] #34/100 disp_calls=0 disp_total_us_per_call=0.0 lookup_us=0.0 layout_us=0.0 meta_us=0.0 hcattn_us=0.0 pfa_calls=6800 pfa_total_us_per_call=75.6
(Worker_TP7 pid=2897510) [IDE_006/TSK_009 profile pid=2897510 tag=pagedfa] #34/100 disp_calls=0 disp_total_us_per_call=0.0 lookup_us=0.0 layout_us=0.0 meta_us=0.0 hcattn_us=0.0 pfa_calls=6800 pfa_total_us_per_call=80.9
(Worker_TP3 pid=2897506) [IDE_006/TSK_009 profile pid=2897506 tag=pagedfa] #34/100 disp_calls=0 disp_total_us_per_call=0.0 lookup_us=0.0 layout_us=0.0 meta_us=0.0 hcattn_us=0.0 pfa_calls=6800 pfa_total_us_per_call=80.0
(Worker_TP2 pid=2897505) [IDE_006/TSK_009 profile pid=2897505 tag=pagedfa] #34/100 disp_calls=0 disp_total_us_per_call=0.0 lookup_us=0.0 layout_us=0.0 meta_us=0.0 hcattn_us=0.0 pfa_calls=6800 pfa_total_us_per_call=90.2
(Worker_TP0 pid=2897503) Capturing CUDA graphs (decode, FULL):  80%|████████  | 41/51 [00:04<00:01,  9.06it/s](Worker_TP6 pid=2897509) [IDE_006/TSK_009 profile pid=2897509 tag=pagedfa] #35/100 disp_calls=0 disp_total_us_per_call=0.0 lookup_us=0.0 layout_us=0.0 meta_us=0.0 hcattn_us=0.0 pfa_calls=7000 pfa_total_us_per_call=79.5
[IDE_006/TSK_009 profile pid=2897503 tag=pagedfa] #35/100 disp_calls=0 disp_total_us_per_call=0.0 lookup_us=0.0 layout_us=0.0 meta_us=0.0 hcattn_us=0.0 pfa_calls=7000 pfa_total_us_per_call=75.4
(Worker_TP1 pid=2897504) [IDE_006/TSK_009 profile pid=2897504 tag=pagedfa] #35/100 disp_calls=0 disp_total_us_per_call=0.0 lookup_us=0.0 layout_us=0.0 meta_us=0.0 hcattn_us=0.0 pfa_calls=7000 pfa_total_us_per_call=77.4
(Worker_TP5 pid=2897508) [IDE_006/TSK_009 profile pid=2897508 tag=pagedfa] #35/100 disp_calls=0 disp_total_us_per_call=0.0 lookup_us=0.0 layout_us=0.0 meta_us=0.0 hcattn_us=0.0 pfa_calls=7000 pfa_total_us_per_call=79.2
(Worker_TP4 pid=2897507) [IDE_006/TSK_009 profile pid=2897507 tag=pagedfa] #35/100 disp_calls=0 disp_total_us_per_call=0.0 lookup_us=0.0 layout_us=0.0 meta_us=0.0 hcattn_us=0.0 pfa_calls=7000 pfa_total_us_per_call=80.3
(Worker_TP3 pid=2897506) [IDE_006/TSK_009 profile pid=2897506 tag=pagedfa] #35/100 disp_calls=0 disp_total_us_per_call=0.0 lookup_us=0.0 layout_us=0.0 meta_us=0.0 hcattn_us=0.0 pfa_calls=7000 pfa_total_us_per_call=79.9
(Worker_TP7 pid=2897510) [IDE_006/TSK_009 profile pid=2897510 tag=pagedfa] #35/100 disp_calls=0 disp_total_us_per_call=0.0 lookup_us=0.0 layout_us=0.0 meta_us=0.0 hcattn_us=0.0 pfa_calls=7000 pfa_total_us_per_call=80.7
(Worker_TP2 pid=2897505) [IDE_006/TSK_009 profile pid=2897505 tag=pagedfa] #35/100 disp_calls=0 disp_total_us_per_call=0.0 lookup_us=0.0 layout_us=0.0 meta_us=0.0 hcattn_us=0.0 pfa_calls=7000 pfa_total_us_per_call=90.1
(Worker_TP0 pid=2897503) Capturing CUDA graphs (decode, FULL):  82%|████████▏ | 42/51 [00:04<00:01,  8.99it/s][IDE_006/TSK_009 profile pid=2897503 tag=pagedfa] #36/100 disp_calls=0 disp_total_us_per_call=0.0 lookup_us=0.0 layout_us=0.0 meta_us=0.0 hcattn_us=0.0 pfa_calls=7200 pfa_total_us_per_call=75.5
(Worker_TP4 pid=2897507) [IDE_006/TSK_009 profile pid=2897507 tag=pagedfa] #36/100 disp_calls=0 disp_total_us_per_call=0.0 lookup_us=0.0 layout_us=0.0 meta_us=0.0 hcattn_us=0.0 pfa_calls=7200 pfa_total_us_per_call=80.1
(Worker_TP6 pid=2897509) [IDE_006/TSK_009 profile pid=2897509 tag=pagedfa] #36/100 disp_calls=0 disp_total_us_per_call=0.0 lookup_us=0.0 layout_us=0.0 meta_us=0.0 hcattn_us=0.0 pfa_calls=7200 pfa_total_us_per_call=79.4
(Worker_TP1 pid=2897504) [IDE_006/TSK_009 profile pid=2897504 tag=pagedfa] #36/100 disp_calls=0 disp_total_us_per_call=0.0 lookup_us=0.0 layout_us=0.0 meta_us=0.0 hcattn_us=0.0 pfa_calls=7200 pfa_total_us_per_call=77.4
(Worker_TP5 pid=2897508) [IDE_006/TSK_009 profile pid=2897508 tag=pagedfa] #36/100 disp_calls=0 disp_total_us_per_call=0.0 lookup_us=0.0 layout_us=0.0 meta_us=0.0 hcattn_us=0.0 pfa_calls=7200 pfa_total_us_per_call=79.2
(Worker_TP3 pid=2897506) [IDE_006/TSK_009 profile pid=2897506 tag=pagedfa] #36/100 disp_calls=0 disp_total_us_per_call=0.0 lookup_us=0.0 layout_us=0.0 meta_us=0.0 hcattn_us=0.0 pfa_calls=7200 pfa_total_us_per_call=79.9
(Worker_TP2 pid=2897505) [IDE_006/TSK_009 profile pid=2897505 tag=pagedfa] #36/100 disp_calls=0 disp_total_us_per_call=0.0 lookup_us=0.0 layout_us=0.0 meta_us=0.0 hcattn_us=0.0 pfa_calls=7200 pfa_total_us_per_call=89.9
(Worker_TP7 pid=2897510) [IDE_006/TSK_009 profile pid=2897510 tag=pagedfa] #36/100 disp_calls=0 disp_total_us_per_call=0.0 lookup_us=0.0 layout_us=0.0 meta_us=0.0 hcattn_us=0.0 pfa_calls=7200 pfa_total_us_per_call=80.7
(Worker_TP0 pid=2897503) Capturing CUDA graphs (decode, FULL):  84%|████████▍ | 43/51 [00:04<00:00,  9.01it/s]Capturing CUDA graphs (decode, FULL):  86%|████████▋ | 44/51 [00:05<00:00,  8.38it/s][IDE_006/TSK_009 profile pid=2897503 tag=pagedfa] #37/100 disp_calls=0 disp_total_us_per_call=0.0 lookup_us=0.0 layout_us=0.0 meta_us=0.0 hcattn_us=0.0 pfa_calls=7400 pfa_total_us_per_call=76.6
(Worker_TP1 pid=2897504) [IDE_006/TSK_009 profile pid=2897504 tag=pagedfa] #37/100 disp_calls=0 disp_total_us_per_call=0.0 lookup_us=0.0 layout_us=0.0 meta_us=0.0 hcattn_us=0.0 pfa_calls=7400 pfa_total_us_per_call=78.3
(Worker_TP4 pid=2897507) [IDE_006/TSK_009 profile pid=2897507 tag=pagedfa] #37/100 disp_calls=0 disp_total_us_per_call=0.0 lookup_us=0.0 layout_us=0.0 meta_us=0.0 hcattn_us=0.0 pfa_calls=7400 pfa_total_us_per_call=81.0
(Worker_TP6 pid=2897509) [IDE_006/TSK_009 profile pid=2897509 tag=pagedfa] #37/100 disp_calls=0 disp_total_us_per_call=0.0 lookup_us=0.0 layout_us=0.0 meta_us=0.0 hcattn_us=0.0 pfa_calls=7400 pfa_total_us_per_call=80.3
(Worker_TP5 pid=2897508) [IDE_006/TSK_009 profile pid=2897508 tag=pagedfa] #37/100 disp_calls=0 disp_total_us_per_call=0.0 lookup_us=0.0 layout_us=0.0 meta_us=0.0 hcattn_us=0.0 pfa_calls=7400 pfa_total_us_per_call=80.0
(Worker_TP7 pid=2897510) [IDE_006/TSK_009 profile pid=2897510 tag=pagedfa] #37/100 disp_calls=0 disp_total_us_per_call=0.0 lookup_us=0.0 layout_us=0.0 meta_us=0.0 hcattn_us=0.0 pfa_calls=7400 pfa_total_us_per_call=82.0
(Worker_TP2 pid=2897505) [IDE_006/TSK_009 profile pid=2897505 tag=pagedfa] #37/100 disp_calls=0 disp_total_us_per_call=0.0 lookup_us=0.0 layout_us=0.0 meta_us=0.0 hcattn_us=0.0 pfa_calls=7400 pfa_total_us_per_call=91.3
(Worker_TP3 pid=2897506) [IDE_006/TSK_009 profile pid=2897506 tag=pagedfa] #37/100 disp_calls=0 disp_total_us_per_call=0.0 lookup_us=0.0 layout_us=0.0 meta_us=0.0 hcattn_us=0.0 pfa_calls=7400 pfa_total_us_per_call=81.2
(Worker_TP0 pid=2897503) Capturing CUDA graphs (decode, FULL):  88%|████████▊ | 45/51 [00:05<00:00,  8.19it/s](Worker_TP6 pid=2897509) [IDE_006/TSK_009 profile pid=2897509 tag=pagedfa] #38/100 disp_calls=0 disp_total_us_per_call=0.0 lookup_us=0.0 layout_us=0.0 meta_us=0.0 hcattn_us=0.0 pfa_calls=7600 pfa_total_us_per_call=80.0
[IDE_006/TSK_009 profile pid=2897503 tag=pagedfa] #38/100 disp_calls=0 disp_total_us_per_call=0.0 lookup_us=0.0 layout_us=0.0 meta_us=0.0 hcattn_us=0.0 pfa_calls=7600 pfa_total_us_per_call=76.4
(Worker_TP1 pid=2897504) [IDE_006/TSK_009 profile pid=2897504 tag=pagedfa] #38/100 disp_calls=0 disp_total_us_per_call=0.0 lookup_us=0.0 layout_us=0.0 meta_us=0.0 hcattn_us=0.0 pfa_calls=7600 pfa_total_us_per_call=78.1
(Worker_TP4 pid=2897507) [IDE_006/TSK_009 profile pid=2897507 tag=pagedfa] #38/100 disp_calls=0 disp_total_us_per_call=0.0 lookup_us=0.0 layout_us=0.0 meta_us=0.0 hcattn_us=0.0 pfa_calls=7600 pfa_total_us_per_call=80.7
(Worker_TP5 pid=2897508) [IDE_006/TSK_009 profile pid=2897508 tag=pagedfa] #38/100 disp_calls=0 disp_total_us_per_call=0.0 lookup_us=0.0 layout_us=0.0 meta_us=0.0 hcattn_us=0.0 pfa_calls=7600 pfa_total_us_per_call=79.8
(Worker_TP7 pid=2897510) [IDE_006/TSK_009 profile pid=2897510 tag=pagedfa] #38/100 disp_calls=0 disp_total_us_per_call=0.0 lookup_us=0.0 layout_us=0.0 meta_us=0.0 hcattn_us=0.0 pfa_calls=7600 pfa_total_us_per_call=81.8
(Worker_TP3 pid=2897506) [IDE_006/TSK_009 profile pid=2897506 tag=pagedfa] #38/100 disp_calls=0 disp_total_us_per_call=0.0 lookup_us=0.0 layout_us=0.0 meta_us=0.0 hcattn_us=0.0 pfa_calls=7600 pfa_total_us_per_call=81.0
(Worker_TP2 pid=2897505) [IDE_006/TSK_009 profile pid=2897505 tag=pagedfa] #38/100 disp_calls=0 disp_total_us_per_call=0.0 lookup_us=0.0 layout_us=0.0 meta_us=0.0 hcattn_us=0.0 pfa_calls=7600 pfa_total_us_per_call=91.1
(Worker_TP6 pid=2897509) [IDE_006/TSK_009 profile pid=2897509 tag=pagedfa] #39/100 disp_calls=0 disp_total_us_per_call=0.0 lookup_us=0.0 layout_us=0.0 meta_us=0.0 hcattn_us=0.0 pfa_calls=7800 pfa_total_us_per_call=79.7
(Worker_TP0 pid=2897503) [IDE_006/TSK_009 profile pid=2897503 tag=pagedfa] #39/100 disp_calls=0 disp_total_us_per_call=0.0 lookup_us=0.0 layout_us=0.0 meta_us=0.0 hcattn_us=0.0 pfa_calls=7800 pfa_total_us_per_call=76.2
(Worker_TP5 pid=2897508) [IDE_006/TSK_009 profile pid=2897508 tag=pagedfa] #39/100 disp_calls=0 disp_total_us_per_call=0.0 lookup_us=0.0 layout_us=0.0 meta_us=0.0 hcattn_us=0.0 pfa_calls=7800 pfa_total_us_per_call=79.6
(Worker_TP1 pid=2897504) [IDE_006/TSK_009 profile pid=2897504 tag=pagedfa] #39/100 disp_calls=0 disp_total_us_per_call=0.0 lookup_us=0.0 layout_us=0.0 meta_us=0.0 hcattn_us=0.0 pfa_calls=7800 pfa_total_us_per_call=77.8
(Worker_TP4 pid=2897507) [IDE_006/TSK_009 profile pid=2897507 tag=pagedfa] #39/100 disp_calls=0 disp_total_us_per_call=0.0 lookup_us=0.0 layout_us=0.0 meta_us=0.0 hcattn_us=0.0 pfa_calls=7800 pfa_total_us_per_call=80.5
(Worker_TP3 pid=2897506) [IDE_006/TSK_009 profile pid=2897506 tag=pagedfa] #39/100 disp_calls=0 disp_total_us_per_call=0.0 lookup_us=0.0 layout_us=0.0 meta_us=0.0 hcattn_us=0.0 pfa_calls=7800 pfa_total_us_per_call=80.7
(Worker_TP7 pid=2897510) [IDE_006/TSK_009 profile pid=2897510 tag=pagedfa] #39/100 disp_calls=0 disp_total_us_per_call=0.0 lookup_us=0.0 layout_us=0.0 meta_us=0.0 hcattn_us=0.0 pfa_calls=7800 pfa_total_us_per_call=81.6
(Worker_TP2 pid=2897505) [IDE_006/TSK_009 profile pid=2897505 tag=pagedfa] #39/100 disp_calls=0 disp_total_us_per_call=0.0 lookup_us=0.0 layout_us=0.0 meta_us=0.0 hcattn_us=0.0 pfa_calls=7800 pfa_total_us_per_call=90.8
(Worker_TP0 pid=2897503) Capturing CUDA graphs (decode, FULL):  92%|█████████▏| 47/51 [00:05<00:00,  9.08it/s][IDE_006/TSK_009 profile pid=2897503 tag=pagedfa] #40/100 disp_calls=0 disp_total_us_per_call=0.0 lookup_us=0.0 layout_us=0.0 meta_us=0.0 hcattn_us=0.0 pfa_calls=8000 pfa_total_us_per_call=76.0
(Worker_TP1 pid=2897504) [IDE_006/TSK_009 profile pid=2897504 tag=pagedfa] #40/100 disp_calls=0 disp_total_us_per_call=0.0 lookup_us=0.0 layout_us=0.0 meta_us=0.0 hcattn_us=0.0 pfa_calls=8000 pfa_total_us_per_call=77.6
(Worker_TP6 pid=2897509) [IDE_006/TSK_009 profile pid=2897509 tag=pagedfa] #40/100 disp_calls=0 disp_total_us_per_call=0.0 lookup_us=0.0 layout_us=0.0 meta_us=0.0 hcattn_us=0.0 pfa_calls=8000 pfa_total_us_per_call=79.3
(Worker_TP4 pid=2897507) [IDE_006/TSK_009 profile pid=2897507 tag=pagedfa] #40/100 disp_calls=0 disp_total_us_per_call=0.0 lookup_us=0.0 layout_us=0.0 meta_us=0.0 hcattn_us=0.0 pfa_calls=8000 pfa_total_us_per_call=80.2
(Worker_TP5 pid=2897508) [IDE_006/TSK_009 profile pid=2897508 tag=pagedfa] #40/100 disp_calls=0 disp_total_us_per_call=0.0 lookup_us=0.0 layout_us=0.0 meta_us=0.0 hcattn_us=0.0 pfa_calls=8000 pfa_total_us_per_call=79.3
(Worker_TP3 pid=2897506) [IDE_006/TSK_009 profile pid=2897506 tag=pagedfa] #40/100 disp_calls=0 disp_total_us_per_call=0.0 lookup_us=0.0 layout_us=0.0 meta_us=0.0 hcattn_us=0.0 pfa_calls=8000 pfa_total_us_per_call=80.5
(Worker_TP7 pid=2897510) [IDE_006/TSK_009 profile pid=2897510 tag=pagedfa] #40/100 disp_calls=0 disp_total_us_per_call=0.0 lookup_us=0.0 layout_us=0.0 meta_us=0.0 hcattn_us=0.0 pfa_calls=8000 pfa_total_us_per_call=81.3
(Worker_TP2 pid=2897505) [IDE_006/TSK_009 profile pid=2897505 tag=pagedfa] #40/100 disp_calls=0 disp_total_us_per_call=0.0 lookup_us=0.0 layout_us=0.0 meta_us=0.0 hcattn_us=0.0 pfa_calls=8000 pfa_total_us_per_call=90.6
(Worker_TP0 pid=2897503) Capturing CUDA graphs (decode, FULL):  96%|█████████▌| 49/51 [00:05<00:00,  9.57it/s][IDE_006/TSK_009 profile pid=2897503 tag=pagedfa] #41/100 disp_calls=0 disp_total_us_per_call=0.0 lookup_us=0.0 layout_us=0.0 meta_us=0.0 hcattn_us=0.0 pfa_calls=8200 pfa_total_us_per_call=75.8
(Worker_TP4 pid=2897507) [IDE_006/TSK_009 profile pid=2897507 tag=pagedfa] #41/100 disp_calls=0 disp_total_us_per_call=0.0 lookup_us=0.0 layout_us=0.0 meta_us=0.0 hcattn_us=0.0 pfa_calls=8200 pfa_total_us_per_call=79.9
(Worker_TP1 pid=2897504) [IDE_006/TSK_009 profile pid=2897504 tag=pagedfa] #41/100 disp_calls=0 disp_total_us_per_call=0.0 lookup_us=0.0 layout_us=0.0 meta_us=0.0 hcattn_us=0.0 pfa_calls=8200 pfa_total_us_per_call=77.4
(Worker_TP6 pid=2897509) [IDE_006/TSK_009 profile pid=2897509 tag=pagedfa] #41/100 disp_calls=0 disp_total_us_per_call=0.0 lookup_us=0.0 layout_us=0.0 meta_us=0.0 hcattn_us=0.0 pfa_calls=8200 pfa_total_us_per_call=79.0
(Worker_TP5 pid=2897508) [IDE_006/TSK_009 profile pid=2897508 tag=pagedfa] #41/100 disp_calls=0 disp_total_us_per_call=0.0 lookup_us=0.0 layout_us=0.0 meta_us=0.0 hcattn_us=0.0 pfa_calls=8200 pfa_total_us_per_call=79.0
(Worker_TP7 pid=2897510) [IDE_006/TSK_009 profile pid=2897510 tag=pagedfa] #41/100 disp_calls=0 disp_total_us_per_call=0.0 lookup_us=0.0 layout_us=0.0 meta_us=0.0 hcattn_us=0.0 pfa_calls=8200 pfa_total_us_per_call=81.0
(Worker_TP3 pid=2897506) [IDE_006/TSK_009 profile pid=2897506 tag=pagedfa] #41/100 disp_calls=0 disp_total_us_per_call=0.0 lookup_us=0.0 layout_us=0.0 meta_us=0.0 hcattn_us=0.0 pfa_calls=8200 pfa_total_us_per_call=80.3
(Worker_TP2 pid=2897505) [IDE_006/TSK_009 profile pid=2897505 tag=pagedfa] #41/100 disp_calls=0 disp_total_us_per_call=0.0 lookup_us=0.0 layout_us=0.0 meta_us=0.0 hcattn_us=0.0 pfa_calls=8200 pfa_total_us_per_call=90.4
(Worker_TP6 pid=2897509) [IDE_006/TSK_009 profile pid=2897509 tag=pagedfa] #42/100 disp_calls=0 disp_total_us_per_call=0.0 lookup_us=0.0 layout_us=0.0 meta_us=0.0 hcattn_us=0.0 pfa_calls=8400 pfa_total_us_per_call=78.7
(Worker_TP0 pid=2897503) [IDE_006/TSK_009 profile pid=2897503 tag=pagedfa] #42/100 disp_calls=0 disp_total_us_per_call=0.0 lookup_us=0.0 layout_us=0.0 meta_us=0.0 hcattn_us=0.0 pfa_calls=8400 pfa_total_us_per_call=75.5
(Worker_TP1 pid=2897504) [IDE_006/TSK_009 profile pid=2897504 tag=pagedfa] #42/100 disp_calls=0 disp_total_us_per_call=0.0 lookup_us=0.0 layout_us=0.0 meta_us=0.0 hcattn_us=0.0 pfa_calls=8400 pfa_total_us_per_call=77.1
(Worker_TP4 pid=2897507) [IDE_006/TSK_009 profile pid=2897507 tag=pagedfa] #42/100 disp_calls=0 disp_total_us_per_call=0.0 lookup_us=0.0 layout_us=0.0 meta_us=0.0 hcattn_us=0.0 pfa_calls=8400 pfa_total_us_per_call=79.6
(Worker_TP7 pid=2897510) [IDE_006/TSK_009 profile pid=2897510 tag=pagedfa] #42/100 disp_calls=0 disp_total_us_per_call=0.0 lookup_us=0.0 layout_us=0.0 meta_us=0.0 hcattn_us=0.0 pfa_calls=8400 pfa_total_us_per_call=80.8
(Worker_TP5 pid=2897508) [IDE_006/TSK_009 profile pid=2897508 tag=pagedfa] #42/100 disp_calls=0 disp_total_us_per_call=0.0 lookup_us=0.0 layout_us=0.0 meta_us=0.0 hcattn_us=0.0 pfa_calls=8400 pfa_total_us_per_call=78.8
(Worker_TP3 pid=2897506) [IDE_006/TSK_009 profile pid=2897506 tag=pagedfa] #42/100 disp_calls=0 disp_total_us_per_call=0.0 lookup_us=0.0 layout_us=0.0 meta_us=0.0 hcattn_us=0.0 pfa_calls=8400 pfa_total_us_per_call=80.1
(Worker_TP2 pid=2897505) [IDE_006/TSK_009 profile pid=2897505 tag=pagedfa] #42/100 disp_calls=0 disp_total_us_per_call=0.0 lookup_us=0.0 layout_us=0.0 meta_us=0.0 hcattn_us=0.0 pfa_calls=8400 pfa_total_us_per_call=90.1
(Worker_TP0 pid=2897503) Capturing CUDA graphs (decode, FULL): 100%|██████████| 51/51 [00:05<00:00,  9.94it/s]Capturing CUDA graphs (decode, FULL): 100%|██████████| 51/51 [00:05<00:00,  8.80it/s]
(EngineCore pid=2897043) <frozen importlib._bootstrap_external>:1301: FutureWarning: The cuda.cudart module is deprecated and will be removed in a future release, please switch to use the cuda.bindings.runtime module instead.
(EngineCore pid=2897043) <frozen importlib._bootstrap_external>:1301: FutureWarning: The cuda.nvrtc module is deprecated and will be removed in a future release, please switch to use the cuda.bindings.nvrtc module instead.
Rendering prompts:   0%|          | 0/100 [00:00<?, ?it/s]Rendering prompts:   4%|▍         | 4/100 [00:00<00:02, 33.51it/s]Rendering prompts:   8%|▊         | 8/100 [00:00<00:02, 35.83it/s]Rendering prompts:  12%|█▏        | 12/100 [00:00<00:02, 36.73it/s]Rendering prompts:  16%|█▌        | 16/100 [00:00<00:02, 37.19it/s]Rendering prompts:  20%|██        | 20/100 [00:00<00:02, 35.83it/s]Rendering prompts:  24%|██▍       | 24/100 [00:00<00:02, 36.30it/s](Worker_TP0 pid=2897503) [IDE_006/TSK_009 profile pid=2897503 tag=pagedfa] #43/100 disp_calls=0 disp_total_us_per_call=0.0 lookup_us=0.0 layout_us=0.0 meta_us=0.0 hcattn_us=0.0 pfa_calls=8600 pfa_total_us_per_call=75.6
(Worker_TP6 pid=2897509) [IDE_006/TSK_009 profile pid=2897509 tag=pagedfa] #43/100 disp_calls=0 disp_total_us_per_call=0.0 lookup_us=0.0 layout_us=0.0 meta_us=0.0 hcattn_us=0.0 pfa_calls=8600 pfa_total_us_per_call=78.7
(Worker_TP5 pid=2897508) [IDE_006/TSK_009 profile pid=2897508 tag=pagedfa] #43/100 disp_calls=0 disp_total_us_per_call=0.0 lookup_us=0.0 layout_us=0.0 meta_us=0.0 hcattn_us=0.0 pfa_calls=8600 pfa_total_us_per_call=78.9
(Worker_TP1 pid=2897504) [IDE_006/TSK_009 profile pid=2897504 tag=pagedfa] #43/100 disp_calls=0 disp_total_us_per_call=0.0 lookup_us=0.0 layout_us=0.0 meta_us=0.0 hcattn_us=0.0 pfa_calls=8600 pfa_total_us_per_call=77.3
(Worker_TP4 pid=2897507) [IDE_006/TSK_009 profile pid=2897507 tag=pagedfa] #43/100 disp_calls=0 disp_total_us_per_call=0.0 lookup_us=0.0 layout_us=0.0 meta_us=0.0 hcattn_us=0.0 pfa_calls=8600 pfa_total_us_per_call=79.7
(Worker_TP7 pid=2897510) [IDE_006/TSK_009 profile pid=2897510 tag=pagedfa] #43/100 disp_calls=0 disp_total_us_per_call=0.0 lookup_us=0.0 layout_us=0.0 meta_us=0.0 hcattn_us=0.0 pfa_calls=8600 pfa_total_us_per_call=80.9
(Worker_TP3 pid=2897506) [IDE_006/TSK_009 profile pid=2897506 tag=pagedfa] #43/100 disp_calls=0 disp_total_us_per_call=0.0 lookup_us=0.0 layout_us=0.0 meta_us=0.0 hcattn_us=0.0 pfa_calls=8600 pfa_total_us_per_call=80.2
(Worker_TP2 pid=2897505) [IDE_006/TSK_009 profile pid=2897505 tag=pagedfa] #43/100 disp_calls=0 disp_total_us_per_call=0.0 lookup_us=0.0 layout_us=0.0 meta_us=0.0 hcattn_us=0.0 pfa_calls=8600 pfa_total_us_per_call=90.5
Rendering prompts:  28%|██▊       | 28/100 [00:00<00:01, 36.78it/s]Rendering prompts:  32%|███▏      | 32/100 [00:00<00:01, 37.09it/s]Rendering prompts:  36%|███▌      | 36/100 [00:00<00:01, 37.29it/s]Rendering prompts:  40%|████      | 40/100 [00:01<00:01, 37.45it/s]Rendering prompts:  44%|████▍     | 44/100 [00:01<00:01, 37.53it/s]Rendering prompts:  48%|████▊     | 48/100 [00:01<00:01, 37.63it/s]Rendering prompts:  52%|█████▏    | 52/100 [00:01<00:01, 36.80it/s]Rendering prompts:  56%|█████▌    | 56/100 [00:01<00:01, 36.93it/s]Rendering prompts:  60%|██████    | 60/100 [00:01<00:01, 37.09it/s]Rendering prompts:  64%|██████▍   | 64/100 [00:01<00:00, 37.29it/s]Rendering prompts:  68%|██████▊   | 68/100 [00:01<00:00, 37.47it/s]Rendering prompts:  72%|███████▏  | 72/100 [00:01<00:00, 37.62it/s]Rendering prompts:  76%|███████▌  | 76/100 [00:02<00:00, 37.67it/s]Rendering prompts:  80%|████████  | 80/100 [00:02<00:00, 37.76it/s]Rendering prompts:  84%|████████▍ | 84/100 [00:02<00:00, 37.62it/s]Rendering prompts:  88%|████████▊ | 88/100 [00:02<00:00, 37.70it/s]Rendering prompts:  92%|█████████▏| 92/100 [00:02<00:00, 37.52it/s]Rendering prompts:  96%|█████████▌| 96/100 [00:02<00:00, 37.29it/s]Rendering prompts: 100%|██████████| 100/100 [00:02<00:00, 37.46it/s]Rendering prompts: 100%|██████████| 100/100 [00:02<00:00, 37.18it/s]
Processed prompts:   0%|          | 0/100 [00:00<?, ?it/s, est. speed input: 0.00 toks/s, output: 0.00 toks/s](Worker_TP5 pid=2897508) [IDE_006/TSK_009 profile pid=2897508 tag=dispatcher] #44/100 disp_calls=200 disp_total_us_per_call=8764.8 lookup_us=5.5 layout_us=3.9 meta_us=14.5 hcattn_us=8738.2 pfa_calls=8640 pfa_total_us_per_call=78.9
(Worker_TP0 pid=2897503) [IDE_006/TSK_009 profile pid=2897503 tag=dispatcher] #44/100 disp_calls=200 disp_total_us_per_call=8749.3 lookup_us=5.4 layout_us=3.7 meta_us=14.1 hcattn_us=8723.4 pfa_calls=8640 pfa_total_us_per_call=75.6
(Worker_TP6 pid=2897509) [IDE_006/TSK_009 profile pid=2897509 tag=dispatcher] #44/100 disp_calls=200 disp_total_us_per_call=8729.4 lookup_us=5.3 layout_us=3.7 meta_us=14.3 hcattn_us=8703.5 pfa_calls=8640 pfa_total_us_per_call=78.7
(Worker_TP3 pid=2897506) [IDE_006/TSK_009 profile pid=2897506 tag=dispatcher] #44/100 disp_calls=200 disp_total_us_per_call=8126.3 lookup_us=6.2 layout_us=4.2 meta_us=16.6 hcattn_us=8096.9 pfa_calls=8640 pfa_total_us_per_call=80.2
(Worker_TP1 pid=2897504) [IDE_006/TSK_009 profile pid=2897504 tag=dispatcher] #44/100 disp_calls=200 disp_total_us_per_call=8131.7 lookup_us=5.8 layout_us=4.1 meta_us=15.2 hcattn_us=8104.2 pfa_calls=8640 pfa_total_us_per_call=77.3
(Worker_TP4 pid=2897507) [IDE_006/TSK_009 profile pid=2897507 tag=dispatcher] #44/100 disp_calls=200 disp_total_us_per_call=8195.0 lookup_us=5.9 layout_us=4.0 meta_us=15.4 hcattn_us=8167.1 pfa_calls=8640 pfa_total_us_per_call=79.7
(Worker_TP7 pid=2897510) [IDE_006/TSK_009 profile pid=2897510 tag=dispatcher] #44/100 disp_calls=200 disp_total_us_per_call=8695.0 lookup_us=5.6 layout_us=4.2 meta_us=15.6 hcattn_us=8666.9 pfa_calls=8640 pfa_total_us_per_call=81.0
(Worker_TP2 pid=2897505) [IDE_006/TSK_009 profile pid=2897505 tag=dispatcher] #44/100 disp_calls=200 disp_total_us_per_call=7817.5 lookup_us=7.0 layout_us=5.5 meta_us=17.8 hcattn_us=7784.1 pfa_calls=8640 pfa_total_us_per_call=90.6
(Worker_TP6 pid=2897509) [IDE_006/TSK_009 profile pid=2897509 tag=dispatcher] #45/100 disp_calls=400 disp_total_us_per_call=8660.7 lookup_us=5.2 layout_us=3.7 meta_us=14.5 hcattn_us=8634.7 pfa_calls=8640 pfa_total_us_per_call=78.7
(Worker_TP5 pid=2897508) [IDE_006/TSK_009 profile pid=2897508 tag=dispatcher] #45/100 disp_calls=400 disp_total_us_per_call=8677.1 lookup_us=5.5 layout_us=3.9 meta_us=14.4 hcattn_us=8650.7 pfa_calls=8640 pfa_total_us_per_call=78.9
(Worker_TP0 pid=2897503) [IDE_006/TSK_009 profile pid=2897503 tag=dispatcher] #45/100 disp_calls=400 disp_total_us_per_call=8668.5 lookup_us=5.4 layout_us=3.8 meta_us=14.2 hcattn_us=8642.5 pfa_calls=8640 pfa_total_us_per_call=75.6
(Worker_TP1 pid=2897504) [IDE_006/TSK_009 profile pid=2897504 tag=dispatcher] #45/100 disp_calls=400 disp_total_us_per_call=8129.9 lookup_us=5.6 layout_us=4.0 meta_us=15.1 hcattn_us=8102.9 pfa_calls=8640 pfa_total_us_per_call=77.3
(Worker_TP7 pid=2897510) [IDE_006/TSK_009 profile pid=2897510 tag=dispatcher] #45/100 disp_calls=400 disp_total_us_per_call=8625.3 lookup_us=5.5 layout_us=4.1 meta_us=15.5 hcattn_us=8597.6 pfa_calls=8640 pfa_total_us_per_call=81.0
(Worker_TP3 pid=2897506) [IDE_006/TSK_009 profile pid=2897506 tag=dispatcher] #45/100 disp_calls=400 disp_total_us_per_call=8140.2 lookup_us=6.0 layout_us=4.0 meta_us=16.2 hcattn_us=8111.7 pfa_calls=8640 pfa_total_us_per_call=80.2
(Worker_TP4 pid=2897507) [IDE_006/TSK_009 profile pid=2897507 tag=dispatcher] #45/100 disp_calls=400 disp_total_us_per_call=8187.1 lookup_us=5.8 layout_us=4.0 meta_us=15.2 hcattn_us=8159.6 pfa_calls=8640 pfa_total_us_per_call=79.7
(Worker_TP2 pid=2897505) [IDE_006/TSK_009 profile pid=2897505 tag=dispatcher] #45/100 disp_calls=400 disp_total_us_per_call=7848.1 lookup_us=6.8 layout_us=5.4 meta_us=17.5 hcattn_us=7815.3 pfa_calls=8640 pfa_total_us_per_call=90.6
(Worker_TP3 pid=2897506) [IDE_006/TSK_009 profile pid=2897506 tag=dispatcher] #46/100 disp_calls=600 disp_total_us_per_call=8162.0 lookup_us=6.0 layout_us=4.0 meta_us=16.2 hcattn_us=8133.4 pfa_calls=8640 pfa_total_us_per_call=80.2
(Worker_TP0 pid=2897503) [IDE_006/TSK_009 profile pid=2897503 tag=dispatcher] #46/100 disp_calls=600 disp_total_us_per_call=8728.8 lookup_us=5.4 layout_us=3.8 meta_us=14.3 hcattn_us=8702.7 pfa_calls=8640 pfa_total_us_per_call=75.6
(Worker_TP6 pid=2897509) [IDE_006/TSK_009 profile pid=2897509 tag=dispatcher] #46/100 disp_calls=600 disp_total_us_per_call=8729.5 lookup_us=5.2 layout_us=3.8 meta_us=14.4 hcattn_us=8703.5 pfa_calls=8640 pfa_total_us_per_call=78.7
