<frozen importlib._bootstrap_external>:1301: FutureWarning: The cuda.cudart module is deprecated and will be removed in a future release, please switch to use the cuda.bindings.runtime module instead.
<frozen importlib._bootstrap_external>:1301: FutureWarning: The cuda.nvrtc module is deprecated and will be removed in a future release, please switch to use the cuda.bindings.nvrtc module instead.
(Worker pid=2892056) <frozen importlib._bootstrap_external>:1301: FutureWarning: The cuda.cudart module is deprecated and will be removed in a future release, please switch to use the cuda.bindings.runtime module instead.
(Worker pid=2892056) <frozen importlib._bootstrap_external>:1301: FutureWarning: The cuda.nvrtc module is deprecated and will be removed in a future release, please switch to use the cuda.bindings.nvrtc module instead.
(Worker pid=2892057) <frozen importlib._bootstrap_external>:1301: FutureWarning: The cuda.cudart module is deprecated and will be removed in a future release, please switch to use the cuda.bindings.runtime module instead.
(Worker pid=2892061) <frozen importlib._bootstrap_external>:1301: FutureWarning: The cuda.cudart module is deprecated and will be removed in a future release, please switch to use the cuda.bindings.runtime module instead.
(Worker pid=2892057) <frozen importlib._bootstrap_external>:1301: FutureWarning: The cuda.nvrtc module is deprecated and will be removed in a future release, please switch to use the cuda.bindings.nvrtc module instead.
(Worker pid=2892061) <frozen importlib._bootstrap_external>:1301: FutureWarning: The cuda.nvrtc module is deprecated and will be removed in a future release, please switch to use the cuda.bindings.nvrtc module instead.
(Worker pid=2892062) <frozen importlib._bootstrap_external>:1301: FutureWarning: The cuda.cudart module is deprecated and will be removed in a future release, please switch to use the cuda.bindings.runtime module instead.
(Worker pid=2892062) <frozen importlib._bootstrap_external>:1301: FutureWarning: The cuda.nvrtc module is deprecated and will be removed in a future release, please switch to use the cuda.bindings.nvrtc module instead.
(Worker pid=2892063) <frozen importlib._bootstrap_external>:1301: FutureWarning: The cuda.cudart module is deprecated and will be removed in a future release, please switch to use the cuda.bindings.runtime module instead.
(Worker pid=2892063) <frozen importlib._bootstrap_external>:1301: FutureWarning: The cuda.nvrtc module is deprecated and will be removed in a future release, please switch to use the cuda.bindings.nvrtc module instead.
(Worker pid=2892058) <frozen importlib._bootstrap_external>:1301: FutureWarning: The cuda.cudart module is deprecated and will be removed in a future release, please switch to use the cuda.bindings.runtime module instead.
(Worker pid=2892058) <frozen importlib._bootstrap_external>:1301: FutureWarning: The cuda.nvrtc module is deprecated and will be removed in a future release, please switch to use the cuda.bindings.nvrtc module instead.
(Worker pid=2892060) <frozen importlib._bootstrap_external>:1301: FutureWarning: The cuda.cudart module is deprecated and will be removed in a future release, please switch to use the cuda.bindings.runtime module instead.
(Worker pid=2892060) <frozen importlib._bootstrap_external>:1301: FutureWarning: The cuda.nvrtc module is deprecated and will be removed in a future release, please switch to use the cuda.bindings.nvrtc module instead.
(Worker pid=2892059) <frozen importlib._bootstrap_external>:1301: FutureWarning: The cuda.cudart module is deprecated and will be removed in a future release, please switch to use the cuda.bindings.runtime module instead.
(Worker pid=2892059) <frozen importlib._bootstrap_external>:1301: FutureWarning: The cuda.nvrtc module is deprecated and will be removed in a future release, please switch to use the cuda.bindings.nvrtc module instead.
(Worker_TP0 pid=2892056) Loading safetensors checkpoint shards:   0% Completed | 0/30 [00:00<?, ?it/s]
(Worker_TP0 pid=2892056) Loading safetensors checkpoint shards:   3% Completed | 1/30 [00:00<00:06,  4.61it/s]
(Worker_TP0 pid=2892056) Loading safetensors checkpoint shards:   7% Completed | 2/30 [00:00<00:08,  3.46it/s]
(Worker_TP0 pid=2892056) Loading safetensors checkpoint shards:  10% Completed | 3/30 [00:00<00:08,  3.28it/s]
(Worker_TP0 pid=2892056) Loading safetensors checkpoint shards:  13% Completed | 4/30 [00:01<00:08,  3.01it/s]
(Worker_TP0 pid=2892056) Loading safetensors checkpoint shards:  17% Completed | 5/30 [00:01<00:07,  3.18it/s]
(Worker_TP0 pid=2892056) Loading safetensors checkpoint shards:  20% Completed | 6/30 [00:01<00:07,  3.16it/s]
(Worker_TP0 pid=2892056) Loading safetensors checkpoint shards:  23% Completed | 7/30 [00:02<00:07,  3.11it/s]
(Worker_TP0 pid=2892056) Loading safetensors checkpoint shards:  27% Completed | 8/30 [00:02<00:07,  3.01it/s]
(Worker_TP0 pid=2892056) Loading safetensors checkpoint shards:  30% Completed | 9/30 [00:02<00:07,  2.99it/s]
(Worker_TP0 pid=2892056) Loading safetensors checkpoint shards:  33% Completed | 10/30 [00:03<00:06,  3.17it/s]
(Worker_TP0 pid=2892056) Loading safetensors checkpoint shards:  37% Completed | 11/30 [00:03<00:06,  3.13it/s]
(Worker_TP0 pid=2892056) Loading safetensors checkpoint shards:  40% Completed | 12/30 [00:03<00:05,  3.08it/s]
(Worker_TP0 pid=2892056) Loading safetensors checkpoint shards:  43% Completed | 13/30 [00:04<00:05,  2.98it/s]
(Worker_TP0 pid=2892056) Loading safetensors checkpoint shards:  47% Completed | 14/30 [00:04<00:05,  2.68it/s]
(Worker_TP0 pid=2892056) Loading safetensors checkpoint shards:  50% Completed | 15/30 [00:04<00:05,  2.74it/s]
(Worker_TP0 pid=2892056) Loading safetensors checkpoint shards:  53% Completed | 16/30 [00:05<00:05,  2.68it/s]
(Worker_TP0 pid=2892056) Loading safetensors checkpoint shards:  57% Completed | 17/30 [00:05<00:04,  2.64it/s]
(Worker_TP0 pid=2892056) Loading safetensors checkpoint shards:  60% Completed | 18/30 [00:06<00:04,  2.68it/s]
(Worker_TP0 pid=2892056) Loading safetensors checkpoint shards:  63% Completed | 19/30 [00:06<00:04,  2.66it/s]
(Worker_TP0 pid=2892056) Loading safetensors checkpoint shards:  67% Completed | 20/30 [00:06<00:03,  2.82it/s]
(Worker_TP0 pid=2892056) Loading safetensors checkpoint shards:  70% Completed | 21/30 [00:07<00:03,  2.81it/s]
(Worker_TP0 pid=2892056) Loading safetensors checkpoint shards:  73% Completed | 22/30 [00:07<00:02,  2.78it/s]
(Worker_TP0 pid=2892056) Loading safetensors checkpoint shards:  77% Completed | 23/30 [00:07<00:02,  2.78it/s]
(Worker_TP0 pid=2892056) Loading safetensors checkpoint shards:  80% Completed | 24/30 [00:08<00:02,  2.72it/s]
(Worker_TP0 pid=2892056) Loading safetensors checkpoint shards:  83% Completed | 25/30 [00:08<00:01,  2.87it/s]
(Worker_TP0 pid=2892056) Loading safetensors checkpoint shards:  87% Completed | 26/30 [00:08<00:01,  2.93it/s]
(Worker_TP0 pid=2892056) Loading safetensors checkpoint shards:  90% Completed | 27/30 [00:09<00:01,  2.88it/s]
(Worker_TP0 pid=2892056) Loading safetensors checkpoint shards:  93% Completed | 28/30 [00:09<00:00,  2.85it/s]
(Worker_TP0 pid=2892056) Loading safetensors checkpoint shards:  97% Completed | 29/30 [00:10<00:00,  2.80it/s]
(Worker_TP0 pid=2892056) Loading safetensors checkpoint shards: 100% Completed | 30/30 [00:10<00:00,  2.97it/s]
(Worker_TP0 pid=2892056) 
(Worker_TP0 pid=2892056) /workspace/vllm_dev_prj/lib/python3.12/site-packages/torch/distributed/c10d_logger.py:83: UserWarning: barrier(): using the device under current context. You can specify `device_id` in `init_process_group` to mute this warning.
(Worker_TP0 pid=2892056)   return func(*args, **kwargs)
(Worker_TP0 pid=2892056) /workspace/vllm_dev_prj/lib/python3.12/site-packages/torch/distributed/c10d_logger.py:83: UserWarning: barrier(): using the device under current context. You can specify `device_id` in `init_process_group` to mute this warning.
(Worker_TP0 pid=2892056)   return func(*args, **kwargs)
(Worker_TP2 pid=2892058) [IDE_006/TSK_009 profile pid=2892058 tag=pagedfa] #1/100 disp_calls=0 disp_total_us_per_call=0.0 lookup_us=0.0 layout_us=0.0 meta_us=0.0 hcattn_us=0.0 pfa_calls=200 pfa_total_us_per_call=114.9
(Worker_TP6 pid=2892062) [IDE_006/TSK_009 profile pid=2892062 tag=pagedfa] #1/100 disp_calls=0 disp_total_us_per_call=0.0 lookup_us=0.0 layout_us=0.0 meta_us=0.0 hcattn_us=0.0 pfa_calls=200 pfa_total_us_per_call=112.7
(Worker_TP1 pid=2892057) [IDE_006/TSK_009 profile pid=2892057 tag=pagedfa] #1/100 disp_calls=0 disp_total_us_per_call=0.0 lookup_us=0.0 layout_us=0.0 meta_us=0.0 hcattn_us=0.0 pfa_calls=200 pfa_total_us_per_call=108.9
(Worker_TP0 pid=2892056) [IDE_006/TSK_009 profile pid=2892056 tag=pagedfa] #1/100 disp_calls=0 disp_total_us_per_call=0.0 lookup_us=0.0 layout_us=0.0 meta_us=0.0 hcattn_us=0.0 pfa_calls=200 pfa_total_us_per_call=121.3
(Worker_TP3 pid=2892059) [IDE_006/TSK_009 profile pid=2892059 tag=pagedfa] #1/100 disp_calls=0 disp_total_us_per_call=0.0 lookup_us=0.0 layout_us=0.0 meta_us=0.0 hcattn_us=0.0 pfa_calls=200 pfa_total_us_per_call=108.2
(Worker_TP4 pid=2892060) [IDE_006/TSK_009 profile pid=2892060 tag=pagedfa] #1/100 disp_calls=0 disp_total_us_per_call=0.0 lookup_us=0.0 layout_us=0.0 meta_us=0.0 hcattn_us=0.0 pfa_calls=200 pfa_total_us_per_call=112.0
(Worker_TP5 pid=2892061) [IDE_006/TSK_009 profile pid=2892061 tag=pagedfa] #1/100 disp_calls=0 disp_total_us_per_call=0.0 lookup_us=0.0 layout_us=0.0 meta_us=0.0 hcattn_us=0.0 pfa_calls=200 pfa_total_us_per_call=99.5
(Worker_TP7 pid=2892063) [IDE_006/TSK_009 profile pid=2892063 tag=pagedfa] #1/100 disp_calls=0 disp_total_us_per_call=0.0 lookup_us=0.0 layout_us=0.0 meta_us=0.0 hcattn_us=0.0 pfa_calls=200 pfa_total_us_per_call=104.6
(Worker_TP5 pid=2892061) 2026-04-29 00:21:57,698 - INFO - autotuner.py:446 - flashinfer.jit: [Autotuner]: Autotuning process starts ...
(Worker_TP4 pid=2892060) 2026-04-29 00:21:57,698 - INFO - autotuner.py:446 - flashinfer.jit: [Autotuner]: Autotuning process starts ...
(Worker_TP6 pid=2892062) 2026-04-29 00:21:57,698 - INFO - autotuner.py:446 - flashinfer.jit: [Autotuner]: Autotuning process starts ...
(Worker_TP3 pid=2892059) 2026-04-29 00:21:57,698 - INFO - autotuner.py:446 - flashinfer.jit: [Autotuner]: Autotuning process starts ...
(Worker_TP0 pid=2892056) 2026-04-29 00:21:57,698 - INFO - autotuner.py:446 - flashinfer.jit: [Autotuner]: Autotuning process starts ...
(Worker_TP2 pid=2892058) 2026-04-29 00:21:57,698 - INFO - autotuner.py:446 - flashinfer.jit: [Autotuner]: Autotuning process starts ...
(Worker_TP1 pid=2892057) 2026-04-29 00:21:57,698 - INFO - autotuner.py:446 - flashinfer.jit: [Autotuner]: Autotuning process starts ...
(Worker_TP7 pid=2892063) 2026-04-29 00:21:57,699 - INFO - autotuner.py:446 - flashinfer.jit: [Autotuner]: Autotuning process starts ...
(Worker_TP2 pid=2892058) 2026-04-29 00:21:57,823 - INFO - autotuner.py:455 - flashinfer.jit: [Autotuner]: Autotuning process ends
(Worker_TP1 pid=2892057) 2026-04-29 00:21:57,824 - INFO - autotuner.py:455 - flashinfer.jit: [Autotuner]: Autotuning process ends
(Worker_TP0 pid=2892056) 2026-04-29 00:21:57,824 - INFO - autotuner.py:455 - flashinfer.jit: [Autotuner]: Autotuning process ends
(Worker_TP5 pid=2892061) 2026-04-29 00:21:57,824 - INFO - autotuner.py:455 - flashinfer.jit: [Autotuner]: Autotuning process ends
(Worker_TP6 pid=2892062) 2026-04-29 00:21:57,824 - INFO - autotuner.py:455 - flashinfer.jit: [Autotuner]: Autotuning process ends
(Worker_TP3 pid=2892059) 2026-04-29 00:21:57,824 - INFO - autotuner.py:455 - flashinfer.jit: [Autotuner]: Autotuning process ends
(Worker_TP7 pid=2892063) 2026-04-29 00:21:57,824 - INFO - autotuner.py:455 - flashinfer.jit: [Autotuner]: Autotuning process ends
(Worker_TP4 pid=2892060) 2026-04-29 00:21:57,824 - INFO - autotuner.py:455 - flashinfer.jit: [Autotuner]: Autotuning process ends
(Worker_TP0 pid=2892056) Capturing CUDA graphs (mixed prefill-decode, PIECEWISE):   0%|          | 0/51 [00:00<?, ?it/s]Capturing CUDA graphs (mixed prefill-decode, PIECEWISE):   2%|▏         | 1/51 [00:00<00:08,  5.90it/s]Capturing CUDA graphs (mixed prefill-decode, PIECEWISE):   4%|▍         | 2/51 [00:00<00:07,  6.88it/s]Capturing CUDA graphs (mixed prefill-decode, PIECEWISE):   6%|▌         | 3/51 [00:00<00:08,  5.93it/s]Capturing CUDA graphs (mixed prefill-decode, PIECEWISE):   8%|▊         | 4/51 [00:00<00:07,  6.54it/s]Capturing CUDA graphs (mixed prefill-decode, PIECEWISE):  10%|▉         | 5/51 [00:00<00:06,  7.03it/s]Capturing CUDA graphs (mixed prefill-decode, PIECEWISE):  12%|█▏        | 6/51 [00:00<00:06,  7.17it/s]Capturing CUDA graphs (mixed prefill-decode, PIECEWISE):  14%|█▎        | 7/51 [00:01<00:06,  7.24it/s]Capturing CUDA graphs (mixed prefill-decode, PIECEWISE):  16%|█▌        | 8/51 [00:01<00:05,  7.22it/s]Capturing CUDA graphs (mixed prefill-decode, PIECEWISE):  18%|█▊        | 9/51 [00:01<00:05,  7.29it/s]Capturing CUDA graphs (mixed prefill-decode, PIECEWISE):  20%|█▉        | 10/51 [00:01<00:05,  7.11it/s]Capturing CUDA graphs (mixed prefill-decode, PIECEWISE):  22%|██▏       | 11/51 [00:01<00:05,  7.25it/s]Capturing CUDA graphs (mixed prefill-decode, PIECEWISE):  24%|██▎       | 12/51 [00:01<00:05,  6.73it/s]Capturing CUDA graphs (mixed prefill-decode, PIECEWISE):  25%|██▌       | 13/51 [00:01<00:05,  6.67it/s]Capturing CUDA graphs (mixed prefill-decode, PIECEWISE):  27%|██▋       | 14/51 [00:02<00:05,  6.87it/s]Capturing CUDA graphs (mixed prefill-decode, PIECEWISE):  29%|██▉       | 15/51 [00:02<00:05,  6.92it/s]Capturing CUDA graphs (mixed prefill-decode, PIECEWISE):  31%|███▏      | 16/51 [00:02<00:05,  6.95it/s]Capturing CUDA graphs (mixed prefill-decode, PIECEWISE):  33%|███▎      | 17/51 [00:02<00:04,  6.95it/s]Capturing CUDA graphs (mixed prefill-decode, PIECEWISE):  35%|███▌      | 18/51 [00:02<00:04,  7.08it/s]Capturing CUDA graphs (mixed prefill-decode, PIECEWISE):  37%|███▋      | 19/51 [00:02<00:04,  7.10it/s]Capturing CUDA graphs (mixed prefill-decode, PIECEWISE):  39%|███▉      | 20/51 [00:02<00:04,  6.78it/s]Capturing CUDA graphs (mixed prefill-decode, PIECEWISE):  41%|████      | 21/51 [00:03<00:04,  6.70it/s]Capturing CUDA graphs (mixed prefill-decode, PIECEWISE):  43%|████▎     | 22/51 [00:03<00:04,  6.69it/s]Capturing CUDA graphs (mixed prefill-decode, PIECEWISE):  45%|████▌     | 23/51 [00:03<00:04,  6.24it/s]Capturing CUDA graphs (mixed prefill-decode, PIECEWISE):  47%|████▋     | 24/51 [00:03<00:04,  6.44it/s]Capturing CUDA graphs (mixed prefill-decode, PIECEWISE):  49%|████▉     | 25/51 [00:03<00:03,  6.59it/s]Capturing CUDA graphs (mixed prefill-decode, PIECEWISE):  51%|█████     | 26/51 [00:03<00:03,  6.86it/s]Capturing CUDA graphs (mixed prefill-decode, PIECEWISE):  53%|█████▎    | 27/51 [00:03<00:03,  6.86it/s]Capturing CUDA graphs (mixed prefill-decode, PIECEWISE):  55%|█████▍    | 28/51 [00:04<00:03,  6.87it/s]Capturing CUDA graphs (mixed prefill-decode, PIECEWISE):  57%|█████▋    | 29/51 [00:04<00:03,  6.67it/s]Capturing CUDA graphs (mixed prefill-decode, PIECEWISE):  59%|█████▉    | 30/51 [00:04<00:03,  6.65it/s]Capturing CUDA graphs (mixed prefill-decode, PIECEWISE):  61%|██████    | 31/51 [00:04<00:03,  6.59it/s]Capturing CUDA graphs (mixed prefill-decode, PIECEWISE):  63%|██████▎   | 32/51 [00:04<00:02,  6.46it/s]Capturing CUDA graphs (mixed prefill-decode, PIECEWISE):  65%|██████▍   | 33/51 [00:04<00:02,  6.43it/s]Capturing CUDA graphs (mixed prefill-decode, PIECEWISE):  67%|██████▋   | 34/51 [00:05<00:02,  6.54it/s]Capturing CUDA graphs (mixed prefill-decode, PIECEWISE):  69%|██████▊   | 35/51 [00:05<00:02,  6.57it/s]Capturing CUDA graphs (mixed prefill-decode, PIECEWISE):  71%|███████   | 36/51 [00:05<00:02,  6.55it/s]Capturing CUDA graphs (mixed prefill-decode, PIECEWISE):  73%|███████▎  | 37/51 [00:05<00:02,  6.54it/s]Capturing CUDA graphs (mixed prefill-decode, PIECEWISE):  75%|███████▍  | 38/51 [00:05<00:02,  6.32it/s]Capturing CUDA graphs (mixed prefill-decode, PIECEWISE):  76%|███████▋  | 39/51 [00:05<00:01,  6.31it/s]Capturing CUDA graphs (mixed prefill-decode, PIECEWISE):  78%|███████▊  | 40/51 [00:05<00:01,  6.36it/s]Capturing CUDA graphs (mixed prefill-decode, PIECEWISE):  80%|████████  | 41/51 [00:06<00:01,  6.18it/s]Capturing CUDA graphs (mixed prefill-decode, PIECEWISE):  82%|████████▏ | 42/51 [00:06<00:01,  6.19it/s]Capturing CUDA graphs (mixed prefill-decode, PIECEWISE):  84%|████████▍ | 43/51 [00:06<00:01,  6.39it/s]Capturing CUDA graphs (mixed prefill-decode, PIECEWISE):  86%|████████▋ | 44/51 [00:06<00:01,  6.45it/s]Capturing CUDA graphs (mixed prefill-decode, PIECEWISE):  88%|████████▊ | 45/51 [00:06<00:00,  6.56it/s]Capturing CUDA graphs (mixed prefill-decode, PIECEWISE):  90%|█████████ | 46/51 [00:06<00:00,  6.71it/s]Capturing CUDA graphs (mixed prefill-decode, PIECEWISE):  92%|█████████▏| 47/51 [00:07<00:00,  6.65it/s]Capturing CUDA graphs (mixed prefill-decode, PIECEWISE):  94%|█████████▍| 48/51 [00:07<00:00,  6.81it/s]Capturing CUDA graphs (mixed prefill-decode, PIECEWISE):  96%|█████████▌| 49/51 [00:07<00:00,  7.05it/s]Capturing CUDA graphs (mixed prefill-decode, PIECEWISE):  98%|█████████▊| 50/51 [00:07<00:00,  7.29it/s]Capturing CUDA graphs (mixed prefill-decode, PIECEWISE): 100%|██████████| 51/51 [00:07<00:00,  7.15it/s]Capturing CUDA graphs (mixed prefill-decode, PIECEWISE): 100%|██████████| 51/51 [00:07<00:00,  6.73it/s]
(Worker_TP0 pid=2892056) Capturing CUDA graphs (decode, FULL):   0%|          | 0/51 [00:00<?, ?it/s][IDE_006/TSK_009 profile pid=2892056 tag=pagedfa] #2/100 disp_calls=0 disp_total_us_per_call=0.0 lookup_us=0.0 layout_us=0.0 meta_us=0.0 hcattn_us=0.0 pfa_calls=400 pfa_total_us_per_call=97.8
(Worker_TP2 pid=2892058) [IDE_006/TSK_009 profile pid=2892058 tag=pagedfa] #2/100 disp_calls=0 disp_total_us_per_call=0.0 lookup_us=0.0 layout_us=0.0 meta_us=0.0 hcattn_us=0.0 pfa_calls=400 pfa_total_us_per_call=94.5
(Worker_TP4 pid=2892060) [IDE_006/TSK_009 profile pid=2892060 tag=pagedfa] #2/100 disp_calls=0 disp_total_us_per_call=0.0 lookup_us=0.0 layout_us=0.0 meta_us=0.0 hcattn_us=0.0 pfa_calls=400 pfa_total_us_per_call=92.4
(Worker_TP3 pid=2892059) [IDE_006/TSK_009 profile pid=2892059 tag=pagedfa] #2/100 disp_calls=0 disp_total_us_per_call=0.0 lookup_us=0.0 layout_us=0.0 meta_us=0.0 hcattn_us=0.0 pfa_calls=400 pfa_total_us_per_call=89.7
(Worker_TP5 pid=2892061) [IDE_006/TSK_009 profile pid=2892061 tag=pagedfa] #2/100 disp_calls=0 disp_total_us_per_call=0.0 lookup_us=0.0 layout_us=0.0 meta_us=0.0 hcattn_us=0.0 pfa_calls=400 pfa_total_us_per_call=87.0
(Worker_TP6 pid=2892062) [IDE_006/TSK_009 profile pid=2892062 tag=pagedfa] #2/100 disp_calls=0 disp_total_us_per_call=0.0 lookup_us=0.0 layout_us=0.0 meta_us=0.0 hcattn_us=0.0 pfa_calls=400 pfa_total_us_per_call=92.7
(Worker_TP7 pid=2892063) [IDE_006/TSK_009 profile pid=2892063 tag=pagedfa] #2/100 disp_calls=0 disp_total_us_per_call=0.0 lookup_us=0.0 layout_us=0.0 meta_us=0.0 hcattn_us=0.0 pfa_calls=400 pfa_total_us_per_call=90.2
(Worker_TP1 pid=2892057) [IDE_006/TSK_009 profile pid=2892057 tag=pagedfa] #2/100 disp_calls=0 disp_total_us_per_call=0.0 lookup_us=0.0 layout_us=0.0 meta_us=0.0 hcattn_us=0.0 pfa_calls=400 pfa_total_us_per_call=93.0
(Worker_TP0 pid=2892056) Capturing CUDA graphs (decode, FULL):   2%|▏         | 1/51 [00:00<00:06,  7.29it/s][IDE_006/TSK_009 profile pid=2892056 tag=pagedfa] #3/100 disp_calls=0 disp_total_us_per_call=0.0 lookup_us=0.0 layout_us=0.0 meta_us=0.0 hcattn_us=0.0 pfa_calls=600 pfa_total_us_per_call=90.8
(Worker_TP3 pid=2892059) [IDE_006/TSK_009 profile pid=2892059 tag=pagedfa] #3/100 disp_calls=0 disp_total_us_per_call=0.0 lookup_us=0.0 layout_us=0.0 meta_us=0.0 hcattn_us=0.0 pfa_calls=600 pfa_total_us_per_call=86.1
(Worker_TP2 pid=2892058) [IDE_006/TSK_009 profile pid=2892058 tag=pagedfa] #3/100 disp_calls=0 disp_total_us_per_call=0.0 lookup_us=0.0 layout_us=0.0 meta_us=0.0 hcattn_us=0.0 pfa_calls=600 pfa_total_us_per_call=89.5
(Worker_TP1 pid=2892057) [IDE_006/TSK_009 profile pid=2892057 tag=pagedfa] #3/100 disp_calls=0 disp_total_us_per_call=0.0 lookup_us=0.0 layout_us=0.0 meta_us=0.0 hcattn_us=0.0 pfa_calls=600 pfa_total_us_per_call=89.0
(Worker_TP6 pid=2892062) [IDE_006/TSK_009 profile pid=2892062 tag=pagedfa] #3/100 disp_calls=0 disp_total_us_per_call=0.0 lookup_us=0.0 layout_us=0.0 meta_us=0.0 hcattn_us=0.0 pfa_calls=600 pfa_total_us_per_call=87.7
(Worker_TP5 pid=2892061) [IDE_006/TSK_009 profile pid=2892061 tag=pagedfa] #3/100 disp_calls=0 disp_total_us_per_call=0.0 lookup_us=0.0 layout_us=0.0 meta_us=0.0 hcattn_us=0.0 pfa_calls=600 pfa_total_us_per_call=84.6
(Worker_TP4 pid=2892060) [IDE_006/TSK_009 profile pid=2892060 tag=pagedfa] #3/100 disp_calls=0 disp_total_us_per_call=0.0 lookup_us=0.0 layout_us=0.0 meta_us=0.0 hcattn_us=0.0 pfa_calls=600 pfa_total_us_per_call=87.7
(Worker_TP7 pid=2892063) [IDE_006/TSK_009 profile pid=2892063 tag=pagedfa] #3/100 disp_calls=0 disp_total_us_per_call=0.0 lookup_us=0.0 layout_us=0.0 meta_us=0.0 hcattn_us=0.0 pfa_calls=600 pfa_total_us_per_call=86.5
(Worker_TP0 pid=2892056) Capturing CUDA graphs (decode, FULL):   4%|▍         | 2/51 [00:00<00:05,  8.63it/s](Worker_TP2 pid=2892058) [IDE_006/TSK_009 profile pid=2892058 tag=pagedfa] #4/100 disp_calls=0 disp_total_us_per_call=0.0 lookup_us=0.0 layout_us=0.0 meta_us=0.0 hcattn_us=0.0 pfa_calls=800 pfa_total_us_per_call=85.8
(Worker_TP3 pid=2892059) [IDE_006/TSK_009 profile pid=2892059 tag=pagedfa] #4/100 disp_calls=0 disp_total_us_per_call=0.0 lookup_us=0.0 layout_us=0.0 meta_us=0.0 hcattn_us=0.0 pfa_calls=800 pfa_total_us_per_call=83.9
(Worker_TP6 pid=2892062) [IDE_006/TSK_009 profile pid=2892062 tag=pagedfa] #4/100 disp_calls=0 disp_total_us_per_call=0.0 lookup_us=0.0 layout_us=0.0 meta_us=0.0 hcattn_us=0.0 pfa_calls=800 pfa_total_us_per_call=84.5
[IDE_006/TSK_009 profile pid=2892056 tag=pagedfa] #4/100 disp_calls=0 disp_total_us_per_call=0.0 lookup_us=0.0 layout_us=0.0 meta_us=0.0 hcattn_us=0.0 pfa_calls=800 pfa_total_us_per_call=86.8
(Worker_TP1 pid=2892057) [IDE_006/TSK_009 profile pid=2892057 tag=pagedfa] #4/100 disp_calls=0 disp_total_us_per_call=0.0 lookup_us=0.0 layout_us=0.0 meta_us=0.0 hcattn_us=0.0 pfa_calls=800 pfa_total_us_per_call=85.5
(Worker_TP4 pid=2892060) [IDE_006/TSK_009 profile pid=2892060 tag=pagedfa] #4/100 disp_calls=0 disp_total_us_per_call=0.0 lookup_us=0.0 layout_us=0.0 meta_us=0.0 hcattn_us=0.0 pfa_calls=800 pfa_total_us_per_call=84.3
(Worker_TP5 pid=2892061) [IDE_006/TSK_009 profile pid=2892061 tag=pagedfa] #4/100 disp_calls=0 disp_total_us_per_call=0.0 lookup_us=0.0 layout_us=0.0 meta_us=0.0 hcattn_us=0.0 pfa_calls=800 pfa_total_us_per_call=82.6
(Worker_TP7 pid=2892063) [IDE_006/TSK_009 profile pid=2892063 tag=pagedfa] #4/100 disp_calls=0 disp_total_us_per_call=0.0 lookup_us=0.0 layout_us=0.0 meta_us=0.0 hcattn_us=0.0 pfa_calls=800 pfa_total_us_per_call=84.0
(Worker_TP0 pid=2892056) Capturing CUDA graphs (decode, FULL):   8%|▊         | 4/51 [00:00<00:04,  9.47it/s](Worker_TP1 pid=2892057) [IDE_006/TSK_009 profile pid=2892057 tag=pagedfa] #5/100 disp_calls=0 disp_total_us_per_call=0.0 lookup_us=0.0 layout_us=0.0 meta_us=0.0 hcattn_us=0.0 pfa_calls=1000 pfa_total_us_per_call=86.2
(Worker_TP6 pid=2892062) [IDE_006/TSK_009 profile pid=2892062 tag=pagedfa] #5/100 disp_calls=0 disp_total_us_per_call=0.0 lookup_us=0.0 layout_us=0.0 meta_us=0.0 hcattn_us=0.0 pfa_calls=1000 pfa_total_us_per_call=84.6
[IDE_006/TSK_009 profile pid=2892056 tag=pagedfa] #5/100 disp_calls=0 disp_total_us_per_call=0.0 lookup_us=0.0 layout_us=0.0 meta_us=0.0 hcattn_us=0.0 pfa_calls=1000 pfa_total_us_per_call=87.5
(Worker_TP3 pid=2892059) [IDE_006/TSK_009 profile pid=2892059 tag=pagedfa] #5/100 disp_calls=0 disp_total_us_per_call=0.0 lookup_us=0.0 layout_us=0.0 meta_us=0.0 hcattn_us=0.0 pfa_calls=1000 pfa_total_us_per_call=85.3
(Worker_TP2 pid=2892058) [IDE_006/TSK_009 profile pid=2892058 tag=pagedfa] #5/100 disp_calls=0 disp_total_us_per_call=0.0 lookup_us=0.0 layout_us=0.0 meta_us=0.0 hcattn_us=0.0 pfa_calls=1000 pfa_total_us_per_call=86.6
(Worker_TP4 pid=2892060) [IDE_006/TSK_009 profile pid=2892060 tag=pagedfa] #5/100 disp_calls=0 disp_total_us_per_call=0.0 lookup_us=0.0 layout_us=0.0 meta_us=0.0 hcattn_us=0.0 pfa_calls=1000 pfa_total_us_per_call=85.4
(Worker_TP5 pid=2892061) [IDE_006/TSK_009 profile pid=2892061 tag=pagedfa] #5/100 disp_calls=0 disp_total_us_per_call=0.0 lookup_us=0.0 layout_us=0.0 meta_us=0.0 hcattn_us=0.0 pfa_calls=1000 pfa_total_us_per_call=83.3
(Worker_TP7 pid=2892063) [IDE_006/TSK_009 profile pid=2892063 tag=pagedfa] #5/100 disp_calls=0 disp_total_us_per_call=0.0 lookup_us=0.0 layout_us=0.0 meta_us=0.0 hcattn_us=0.0 pfa_calls=1000 pfa_total_us_per_call=84.2
(Worker_TP6 pid=2892062) [IDE_006/TSK_009 profile pid=2892062 tag=pagedfa] #6/100 disp_calls=0 disp_total_us_per_call=0.0 lookup_us=0.0 layout_us=0.0 meta_us=0.0 hcattn_us=0.0 pfa_calls=1200 pfa_total_us_per_call=82.8
(Worker_TP2 pid=2892058) [IDE_006/TSK_009 profile pid=2892058 tag=pagedfa] #6/100 disp_calls=0 disp_total_us_per_call=0.0 lookup_us=0.0 layout_us=0.0 meta_us=0.0 hcattn_us=0.0 pfa_calls=1200 pfa_total_us_per_call=84.8
(Worker_TP1 pid=2892057) [IDE_006/TSK_009 profile pid=2892057 tag=pagedfa] #6/100 disp_calls=0 disp_total_us_per_call=0.0 lookup_us=0.0 layout_us=0.0 meta_us=0.0 hcattn_us=0.0 pfa_calls=1200 pfa_total_us_per_call=84.4
(Worker_TP3 pid=2892059) [IDE_006/TSK_009 profile pid=2892059 tag=pagedfa] #6/100 disp_calls=0 disp_total_us_per_call=0.0 lookup_us=0.0 layout_us=0.0 meta_us=0.0 hcattn_us=0.0 pfa_calls=1200 pfa_total_us_per_call=83.4
(Worker_TP4 pid=2892060) [IDE_006/TSK_009 profile pid=2892060 tag=pagedfa] #6/100 disp_calls=0 disp_total_us_per_call=0.0 lookup_us=0.0 layout_us=0.0 meta_us=0.0 hcattn_us=0.0 pfa_calls=1200 pfa_total_us_per_call=84.3
(Worker_TP0 pid=2892056) [IDE_006/TSK_009 profile pid=2892056 tag=pagedfa] #6/100 disp_calls=0 disp_total_us_per_call=0.0 lookup_us=0.0 layout_us=0.0 meta_us=0.0 hcattn_us=0.0 pfa_calls=1200 pfa_total_us_per_call=86.2
(Worker_TP5 pid=2892061) [IDE_006/TSK_009 profile pid=2892061 tag=pagedfa] #6/100 disp_calls=0 disp_total_us_per_call=0.0 lookup_us=0.0 layout_us=0.0 meta_us=0.0 hcattn_us=0.0 pfa_calls=1200 pfa_total_us_per_call=82.4
(Worker_TP7 pid=2892063) [IDE_006/TSK_009 profile pid=2892063 tag=pagedfa] #6/100 disp_calls=0 disp_total_us_per_call=0.0 lookup_us=0.0 layout_us=0.0 meta_us=0.0 hcattn_us=0.0 pfa_calls=1200 pfa_total_us_per_call=83.4
(Worker_TP0 pid=2892056) Capturing CUDA graphs (decode, FULL):  12%|█▏        | 6/51 [00:00<00:04,  9.77it/s][IDE_006/TSK_009 profile pid=2892056 tag=pagedfa] #7/100 disp_calls=0 disp_total_us_per_call=0.0 lookup_us=0.0 layout_us=0.0 meta_us=0.0 hcattn_us=0.0 pfa_calls=1400 pfa_total_us_per_call=84.7
(Worker_TP4 pid=2892060) [IDE_006/TSK_009 profile pid=2892060 tag=pagedfa] #7/100 disp_calls=0 disp_total_us_per_call=0.0 lookup_us=0.0 layout_us=0.0 meta_us=0.0 hcattn_us=0.0 pfa_calls=1400 pfa_total_us_per_call=83.3
(Worker_TP6 pid=2892062) [IDE_006/TSK_009 profile pid=2892062 tag=pagedfa] #7/100 disp_calls=0 disp_total_us_per_call=0.0 lookup_us=0.0 layout_us=0.0 meta_us=0.0 hcattn_us=0.0 pfa_calls=1400 pfa_total_us_per_call=81.5
(Worker_TP5 pid=2892061) [IDE_006/TSK_009 profile pid=2892061 tag=pagedfa] #7/100 disp_calls=0 disp_total_us_per_call=0.0 lookup_us=0.0 layout_us=0.0 meta_us=0.0 hcattn_us=0.0 pfa_calls=1400 pfa_total_us_per_call=82.0
(Worker_TP3 pid=2892059) [IDE_006/TSK_009 profile pid=2892059 tag=pagedfa] #7/100 disp_calls=0 disp_total_us_per_call=0.0 lookup_us=0.0 layout_us=0.0 meta_us=0.0 hcattn_us=0.0 pfa_calls=1400 pfa_total_us_per_call=81.9
(Worker_TP1 pid=2892057) [IDE_006/TSK_009 profile pid=2892057 tag=pagedfa] #7/100 disp_calls=0 disp_total_us_per_call=0.0 lookup_us=0.0 layout_us=0.0 meta_us=0.0 hcattn_us=0.0 pfa_calls=1400 pfa_total_us_per_call=83.1
(Worker_TP2 pid=2892058) [IDE_006/TSK_009 profile pid=2892058 tag=pagedfa] #7/100 disp_calls=0 disp_total_us_per_call=0.0 lookup_us=0.0 layout_us=0.0 meta_us=0.0 hcattn_us=0.0 pfa_calls=1400 pfa_total_us_per_call=83.7
(Worker_TP7 pid=2892063) [IDE_006/TSK_009 profile pid=2892063 tag=pagedfa] #7/100 disp_calls=0 disp_total_us_per_call=0.0 lookup_us=0.0 layout_us=0.0 meta_us=0.0 hcattn_us=0.0 pfa_calls=1400 pfa_total_us_per_call=82.4
(Worker_TP0 pid=2892056) Capturing CUDA graphs (decode, FULL):  14%|█▎        | 7/51 [00:00<00:04,  9.68it/s](Worker_TP3 pid=2892059) [IDE_006/TSK_009 profile pid=2892059 tag=pagedfa] #8/100 disp_calls=0 disp_total_us_per_call=0.0 lookup_us=0.0 layout_us=0.0 meta_us=0.0 hcattn_us=0.0 pfa_calls=1600 pfa_total_us_per_call=80.6
(Worker_TP6 pid=2892062) [IDE_006/TSK_009 profile pid=2892062 tag=pagedfa] #8/100 disp_calls=0 disp_total_us_per_call=0.0 lookup_us=0.0 layout_us=0.0 meta_us=0.0 hcattn_us=0.0 pfa_calls=1600 pfa_total_us_per_call=80.4
(Worker_TP2 pid=2892058) [IDE_006/TSK_009 profile pid=2892058 tag=pagedfa] #8/100 disp_calls=0 disp_total_us_per_call=0.0 lookup_us=0.0 layout_us=0.0 meta_us=0.0 hcattn_us=0.0 pfa_calls=1600 pfa_total_us_per_call=82.0
[IDE_006/TSK_009 profile pid=2892056 tag=pagedfa] #8/100 disp_calls=0 disp_total_us_per_call=0.0 lookup_us=0.0 layout_us=0.0 meta_us=0.0 hcattn_us=0.0 pfa_calls=1600 pfa_total_us_per_call=83.2
(Worker_TP1 pid=2892057) [IDE_006/TSK_009 profile pid=2892057 tag=pagedfa] #8/100 disp_calls=0 disp_total_us_per_call=0.0 lookup_us=0.0 layout_us=0.0 meta_us=0.0 hcattn_us=0.0 pfa_calls=1600 pfa_total_us_per_call=81.7
(Worker_TP4 pid=2892060) [IDE_006/TSK_009 profile pid=2892060 tag=pagedfa] #8/100 disp_calls=0 disp_total_us_per_call=0.0 lookup_us=0.0 layout_us=0.0 meta_us=0.0 hcattn_us=0.0 pfa_calls=1600 pfa_total_us_per_call=82.0
(Worker_TP7 pid=2892063) [IDE_006/TSK_009 profile pid=2892063 tag=pagedfa] #8/100 disp_calls=0 disp_total_us_per_call=0.0 lookup_us=0.0 layout_us=0.0 meta_us=0.0 hcattn_us=0.0 pfa_calls=1600 pfa_total_us_per_call=81.3
(Worker_TP5 pid=2892061) [IDE_006/TSK_009 profile pid=2892061 tag=pagedfa] #8/100 disp_calls=0 disp_total_us_per_call=0.0 lookup_us=0.0 layout_us=0.0 meta_us=0.0 hcattn_us=0.0 pfa_calls=1600 pfa_total_us_per_call=81.0
(Worker_TP0 pid=2892056) Capturing CUDA graphs (decode, FULL):  16%|█▌        | 8/51 [00:00<00:04,  9.21it/s]Capturing CUDA graphs (decode, FULL):  18%|█▊        | 9/51 [00:00<00:04,  8.95it/s](Worker_TP2 pid=2892058) [IDE_006/TSK_009 profile pid=2892058 tag=pagedfa] #9/100 disp_calls=0 disp_total_us_per_call=0.0 lookup_us=0.0 layout_us=0.0 meta_us=0.0 hcattn_us=0.0 pfa_calls=1800 pfa_total_us_per_call=88.1
[IDE_006/TSK_009 profile pid=2892056 tag=pagedfa] #9/100 disp_calls=0 disp_total_us_per_call=0.0 lookup_us=0.0 layout_us=0.0 meta_us=0.0 hcattn_us=0.0 pfa_calls=1800 pfa_total_us_per_call=89.3
(Worker_TP4 pid=2892060) [IDE_006/TSK_009 profile pid=2892060 tag=pagedfa] #9/100 disp_calls=0 disp_total_us_per_call=0.0 lookup_us=0.0 layout_us=0.0 meta_us=0.0 hcattn_us=0.0 pfa_calls=1800 pfa_total_us_per_call=88.3
(Worker_TP1 pid=2892057) [IDE_006/TSK_009 profile pid=2892057 tag=pagedfa] #9/100 disp_calls=0 disp_total_us_per_call=0.0 lookup_us=0.0 layout_us=0.0 meta_us=0.0 hcattn_us=0.0 pfa_calls=1800 pfa_total_us_per_call=90.1
(Worker_TP6 pid=2892062) [IDE_006/TSK_009 profile pid=2892062 tag=pagedfa] #9/100 disp_calls=0 disp_total_us_per_call=0.0 lookup_us=0.0 layout_us=0.0 meta_us=0.0 hcattn_us=0.0 pfa_calls=1800 pfa_total_us_per_call=88.2
(Worker_TP5 pid=2892061) [IDE_006/TSK_009 profile pid=2892061 tag=pagedfa] #9/100 disp_calls=0 disp_total_us_per_call=0.0 lookup_us=0.0 layout_us=0.0 meta_us=0.0 hcattn_us=0.0 pfa_calls=1800 pfa_total_us_per_call=87.5
(Worker_TP7 pid=2892063) [IDE_006/TSK_009 profile pid=2892063 tag=pagedfa] #9/100 disp_calls=0 disp_total_us_per_call=0.0 lookup_us=0.0 layout_us=0.0 meta_us=0.0 hcattn_us=0.0 pfa_calls=1800 pfa_total_us_per_call=87.7
(Worker_TP3 pid=2892059) [IDE_006/TSK_009 profile pid=2892059 tag=pagedfa] #9/100 disp_calls=0 disp_total_us_per_call=0.0 lookup_us=0.0 layout_us=0.0 meta_us=0.0 hcattn_us=0.0 pfa_calls=1800 pfa_total_us_per_call=86.8
(Worker_TP0 pid=2892056) Capturing CUDA graphs (decode, FULL):  20%|█▉        | 10/51 [00:01<00:04,  9.21it/s](Worker_TP2 pid=2892058) [IDE_006/TSK_009 profile pid=2892058 tag=pagedfa] #10/100 disp_calls=0 disp_total_us_per_call=0.0 lookup_us=0.0 layout_us=0.0 meta_us=0.0 hcattn_us=0.0 pfa_calls=2000 pfa_total_us_per_call=86.6
(Worker_TP1 pid=2892057) [IDE_006/TSK_009 profile pid=2892057 tag=pagedfa] #10/100 disp_calls=0 disp_total_us_per_call=0.0 lookup_us=0.0 layout_us=0.0 meta_us=0.0 hcattn_us=0.0 pfa_calls=2000 pfa_total_us_per_call=88.5
(Worker_TP3 pid=2892059) [IDE_006/TSK_009 profile pid=2892059 tag=pagedfa] #10/100 disp_calls=0 disp_total_us_per_call=0.0 lookup_us=0.0 layout_us=0.0 meta_us=0.0 hcattn_us=0.0 pfa_calls=2000 pfa_total_us_per_call=85.3
[IDE_006/TSK_009 profile pid=2892056 tag=pagedfa] #10/100 disp_calls=0 disp_total_us_per_call=0.0 lookup_us=0.0 layout_us=0.0 meta_us=0.0 hcattn_us=0.0 pfa_calls=2000 pfa_total_us_per_call=87.7
(Worker_TP4 pid=2892060) [IDE_006/TSK_009 profile pid=2892060 tag=pagedfa] #10/100 disp_calls=0 disp_total_us_per_call=0.0 lookup_us=0.0 layout_us=0.0 meta_us=0.0 hcattn_us=0.0 pfa_calls=2000 pfa_total_us_per_call=87.0
(Worker_TP6 pid=2892062) [IDE_006/TSK_009 profile pid=2892062 tag=pagedfa] #10/100 disp_calls=0 disp_total_us_per_call=0.0 lookup_us=0.0 layout_us=0.0 meta_us=0.0 hcattn_us=0.0 pfa_calls=2000 pfa_total_us_per_call=86.9
(Worker_TP5 pid=2892061) [IDE_006/TSK_009 profile pid=2892061 tag=pagedfa] #10/100 disp_calls=0 disp_total_us_per_call=0.0 lookup_us=0.0 layout_us=0.0 meta_us=0.0 hcattn_us=0.0 pfa_calls=2000 pfa_total_us_per_call=86.3
(Worker_TP7 pid=2892063) [IDE_006/TSK_009 profile pid=2892063 tag=pagedfa] #10/100 disp_calls=0 disp_total_us_per_call=0.0 lookup_us=0.0 layout_us=0.0 meta_us=0.0 hcattn_us=0.0 pfa_calls=2000 pfa_total_us_per_call=86.5
(Worker_TP2 pid=2892058) [IDE_006/TSK_009 profile pid=2892058 tag=pagedfa] #11/100 disp_calls=0 disp_total_us_per_call=0.0 lookup_us=0.0 layout_us=0.0 meta_us=0.0 hcattn_us=0.0 pfa_calls=2200 pfa_total_us_per_call=85.5
(Worker_TP0 pid=2892056) [IDE_006/TSK_009 profile pid=2892056 tag=pagedfa] #11/100 disp_calls=0 disp_total_us_per_call=0.0 lookup_us=0.0 layout_us=0.0 meta_us=0.0 hcattn_us=0.0 pfa_calls=2200 pfa_total_us_per_call=86.4
(Worker_TP3 pid=2892059) [IDE_006/TSK_009 profile pid=2892059 tag=pagedfa] #11/100 disp_calls=0 disp_total_us_per_call=0.0 lookup_us=0.0 layout_us=0.0 meta_us=0.0 hcattn_us=0.0 pfa_calls=2200 pfa_total_us_per_call=84.3
(Worker_TP1 pid=2892057) [IDE_006/TSK_009 profile pid=2892057 tag=pagedfa] #11/100 disp_calls=0 disp_total_us_per_call=0.0 lookup_us=0.0 layout_us=0.0 meta_us=0.0 hcattn_us=0.0 pfa_calls=2200 pfa_total_us_per_call=87.3
(Worker_TP6 pid=2892062) [IDE_006/TSK_009 profile pid=2892062 tag=pagedfa] #11/100 disp_calls=0 disp_total_us_per_call=0.0 lookup_us=0.0 layout_us=0.0 meta_us=0.0 hcattn_us=0.0 pfa_calls=2200 pfa_total_us_per_call=85.7
(Worker_TP7 pid=2892063) [IDE_006/TSK_009 profile pid=2892063 tag=pagedfa] #11/100 disp_calls=0 disp_total_us_per_call=0.0 lookup_us=0.0 layout_us=0.0 meta_us=0.0 hcattn_us=0.0 pfa_calls=2200 pfa_total_us_per_call=85.4
(Worker_TP5 pid=2892061) [IDE_006/TSK_009 profile pid=2892061 tag=pagedfa] #11/100 disp_calls=0 disp_total_us_per_call=0.0 lookup_us=0.0 layout_us=0.0 meta_us=0.0 hcattn_us=0.0 pfa_calls=2200 pfa_total_us_per_call=85.5
(Worker_TP4 pid=2892060) [IDE_006/TSK_009 profile pid=2892060 tag=pagedfa] #11/100 disp_calls=0 disp_total_us_per_call=0.0 lookup_us=0.0 layout_us=0.0 meta_us=0.0 hcattn_us=0.0 pfa_calls=2200 pfa_total_us_per_call=85.8
(Worker_TP0 pid=2892056) Capturing CUDA graphs (decode, FULL):  24%|██▎       | 12/51 [00:01<00:04,  9.54it/s](Worker_TP2 pid=2892058) [IDE_006/TSK_009 profile pid=2892058 tag=pagedfa] #12/100 disp_calls=0 disp_total_us_per_call=0.0 lookup_us=0.0 layout_us=0.0 meta_us=0.0 hcattn_us=0.0 pfa_calls=2400 pfa_total_us_per_call=89.2
(Worker_TP6 pid=2892062) [IDE_006/TSK_009 profile pid=2892062 tag=pagedfa] #12/100 disp_calls=0 disp_total_us_per_call=0.0 lookup_us=0.0 layout_us=0.0 meta_us=0.0 hcattn_us=0.0 pfa_calls=2400 pfa_total_us_per_call=84.6
[IDE_006/TSK_009 profile pid=2892056 tag=pagedfa] #12/100 disp_calls=0 disp_total_us_per_call=0.0 lookup_us=0.0 layout_us=0.0 meta_us=0.0 hcattn_us=0.0 pfa_calls=2400 pfa_total_us_per_call=90.2
(Worker_TP1 pid=2892057) [IDE_006/TSK_009 profile pid=2892057 tag=pagedfa] #12/100 disp_calls=0 disp_total_us_per_call=0.0 lookup_us=0.0 layout_us=0.0 meta_us=0.0 hcattn_us=0.0 pfa_calls=2400 pfa_total_us_per_call=86.2
(Worker_TP3 pid=2892059) [IDE_006/TSK_009 profile pid=2892059 tag=pagedfa] #12/100 disp_calls=0 disp_total_us_per_call=0.0 lookup_us=0.0 layout_us=0.0 meta_us=0.0 hcattn_us=0.0 pfa_calls=2400 pfa_total_us_per_call=88.2
(Worker_TP4 pid=2892060) [IDE_006/TSK_009 profile pid=2892060 tag=pagedfa] #12/100 disp_calls=0 disp_total_us_per_call=0.0 lookup_us=0.0 layout_us=0.0 meta_us=0.0 hcattn_us=0.0 pfa_calls=2400 pfa_total_us_per_call=84.8
(Worker_TP5 pid=2892061) [IDE_006/TSK_009 profile pid=2892061 tag=pagedfa] #12/100 disp_calls=0 disp_total_us_per_call=0.0 lookup_us=0.0 layout_us=0.0 meta_us=0.0 hcattn_us=0.0 pfa_calls=2400 pfa_total_us_per_call=85.1
(Worker_TP7 pid=2892063) [IDE_006/TSK_009 profile pid=2892063 tag=pagedfa] #12/100 disp_calls=0 disp_total_us_per_call=0.0 lookup_us=0.0 layout_us=0.0 meta_us=0.0 hcattn_us=0.0 pfa_calls=2400 pfa_total_us_per_call=84.9
(Worker_TP0 pid=2892056) Capturing CUDA graphs (decode, FULL):  25%|██▌       | 13/51 [00:01<00:04,  9.21it/s]Capturing CUDA graphs (decode, FULL):  27%|██▋       | 14/51 [00:01<00:04,  8.51it/s](Worker_TP2 pid=2892058) [IDE_006/TSK_009 profile pid=2892058 tag=pagedfa] #13/100 disp_calls=0 disp_total_us_per_call=0.0 lookup_us=0.0 layout_us=0.0 meta_us=0.0 hcattn_us=0.0 pfa_calls=2600 pfa_total_us_per_call=94.6
(Worker_TP1 pid=2892057) [IDE_006/TSK_009 profile pid=2892057 tag=pagedfa] #13/100 disp_calls=0 disp_total_us_per_call=0.0 lookup_us=0.0 layout_us=0.0 meta_us=0.0 hcattn_us=0.0 pfa_calls=2600 pfa_total_us_per_call=92.0
(Worker_TP6 pid=2892062) [IDE_006/TSK_009 profile pid=2892062 tag=pagedfa] #13/100 disp_calls=0 disp_total_us_per_call=0.0 lookup_us=0.0 layout_us=0.0 meta_us=0.0 hcattn_us=0.0 pfa_calls=2600 pfa_total_us_per_call=91.2
(Worker_TP3 pid=2892059) [IDE_006/TSK_009 profile pid=2892059 tag=pagedfa] #13/100 disp_calls=0 disp_total_us_per_call=0.0 lookup_us=0.0 layout_us=0.0 meta_us=0.0 hcattn_us=0.0 pfa_calls=2600 pfa_total_us_per_call=93.8
[IDE_006/TSK_009 profile pid=2892056 tag=pagedfa] #13/100 disp_calls=0 disp_total_us_per_call=0.0 lookup_us=0.0 layout_us=0.0 meta_us=0.0 hcattn_us=0.0 pfa_calls=2600 pfa_total_us_per_call=95.7
(Worker_TP4 pid=2892060) [IDE_006/TSK_009 profile pid=2892060 tag=pagedfa] #13/100 disp_calls=0 disp_total_us_per_call=0.0 lookup_us=0.0 layout_us=0.0 meta_us=0.0 hcattn_us=0.0 pfa_calls=2600 pfa_total_us_per_call=91.8
(Worker_TP5 pid=2892061) [IDE_006/TSK_009 profile pid=2892061 tag=pagedfa] #13/100 disp_calls=0 disp_total_us_per_call=0.0 lookup_us=0.0 layout_us=0.0 meta_us=0.0 hcattn_us=0.0 pfa_calls=2600 pfa_total_us_per_call=92.1
(Worker_TP7 pid=2892063) [IDE_006/TSK_009 profile pid=2892063 tag=pagedfa] #13/100 disp_calls=0 disp_total_us_per_call=0.0 lookup_us=0.0 layout_us=0.0 meta_us=0.0 hcattn_us=0.0 pfa_calls=2600 pfa_total_us_per_call=92.2
(Worker_TP0 pid=2892056) Capturing CUDA graphs (decode, FULL):  29%|██▉       | 15/51 [00:01<00:04,  8.85it/s](Worker_TP2 pid=2892058) [IDE_006/TSK_009 profile pid=2892058 tag=pagedfa] #14/100 disp_calls=0 disp_total_us_per_call=0.0 lookup_us=0.0 layout_us=0.0 meta_us=0.0 hcattn_us=0.0 pfa_calls=2800 pfa_total_us_per_call=93.1
(Worker_TP6 pid=2892062) [IDE_006/TSK_009 profile pid=2892062 tag=pagedfa] #14/100 disp_calls=0 disp_total_us_per_call=0.0 lookup_us=0.0 layout_us=0.0 meta_us=0.0 hcattn_us=0.0 pfa_calls=2800 pfa_total_us_per_call=90.1
(Worker_TP1 pid=2892057) [IDE_006/TSK_009 profile pid=2892057 tag=pagedfa] #14/100 disp_calls=0 disp_total_us_per_call=0.0 lookup_us=0.0 layout_us=0.0 meta_us=0.0 hcattn_us=0.0 pfa_calls=2800 pfa_total_us_per_call=90.8
[IDE_006/TSK_009 profile pid=2892056 tag=pagedfa] #14/100 disp_calls=0 disp_total_us_per_call=0.0 lookup_us=0.0 layout_us=0.0 meta_us=0.0 hcattn_us=0.0 pfa_calls=2800 pfa_total_us_per_call=94.5
(Worker_TP4 pid=2892060) [IDE_006/TSK_009 profile pid=2892060 tag=pagedfa] #14/100 disp_calls=0 disp_total_us_per_call=0.0 lookup_us=0.0 layout_us=0.0 meta_us=0.0 hcattn_us=0.0 pfa_calls=2800 pfa_total_us_per_call=90.7
(Worker_TP3 pid=2892059) [IDE_006/TSK_009 profile pid=2892059 tag=pagedfa] #14/100 disp_calls=0 disp_total_us_per_call=0.0 lookup_us=0.0 layout_us=0.0 meta_us=0.0 hcattn_us=0.0 pfa_calls=2800 pfa_total_us_per_call=92.6
(Worker_TP5 pid=2892061) [IDE_006/TSK_009 profile pid=2892061 tag=pagedfa] #14/100 disp_calls=0 disp_total_us_per_call=0.0 lookup_us=0.0 layout_us=0.0 meta_us=0.0 hcattn_us=0.0 pfa_calls=2800 pfa_total_us_per_call=90.9
(Worker_TP7 pid=2892063) [IDE_006/TSK_009 profile pid=2892063 tag=pagedfa] #14/100 disp_calls=0 disp_total_us_per_call=0.0 lookup_us=0.0 layout_us=0.0 meta_us=0.0 hcattn_us=0.0 pfa_calls=2800 pfa_total_us_per_call=91.1
(Worker_TP2 pid=2892058) [IDE_006/TSK_009 profile pid=2892058 tag=pagedfa] #15/100 disp_calls=0 disp_total_us_per_call=0.0 lookup_us=0.0 layout_us=0.0 meta_us=0.0 hcattn_us=0.0 pfa_calls=3000 pfa_total_us_per_call=91.8
(Worker_TP3 pid=2892059) [IDE_006/TSK_009 profile pid=2892059 tag=pagedfa] #15/100 disp_calls=0 disp_total_us_per_call=0.0 lookup_us=0.0 layout_us=0.0 meta_us=0.0 hcattn_us=0.0 pfa_calls=3000 pfa_total_us_per_call=91.3
(Worker_TP4 pid=2892060) [IDE_006/TSK_009 profile pid=2892060 tag=pagedfa] #15/100 disp_calls=0 disp_total_us_per_call=0.0 lookup_us=0.0 layout_us=0.0 meta_us=0.0 hcattn_us=0.0 pfa_calls=3000 pfa_total_us_per_call=89.6
(Worker_TP6 pid=2892062) [IDE_006/TSK_009 profile pid=2892062 tag=pagedfa] #15/100 disp_calls=0 disp_total_us_per_call=0.0 lookup_us=0.0 layout_us=0.0 meta_us=0.0 hcattn_us=0.0 pfa_calls=3000 pfa_total_us_per_call=88.7
(Worker_TP0 pid=2892056) [IDE_006/TSK_009 profile pid=2892056 tag=pagedfa] #15/100 disp_calls=0 disp_total_us_per_call=0.0 lookup_us=0.0 layout_us=0.0 meta_us=0.0 hcattn_us=0.0 pfa_calls=3000 pfa_total_us_per_call=92.9
(Worker_TP1 pid=2892057) [IDE_006/TSK_009 profile pid=2892057 tag=pagedfa] #15/100 disp_calls=0 disp_total_us_per_call=0.0 lookup_us=0.0 layout_us=0.0 meta_us=0.0 hcattn_us=0.0 pfa_calls=3000 pfa_total_us_per_call=89.8
(Worker_TP7 pid=2892063) [IDE_006/TSK_009 profile pid=2892063 tag=pagedfa] #15/100 disp_calls=0 disp_total_us_per_call=0.0 lookup_us=0.0 layout_us=0.0 meta_us=0.0 hcattn_us=0.0 pfa_calls=3000 pfa_total_us_per_call=90.0
(Worker_TP5 pid=2892061) [IDE_006/TSK_009 profile pid=2892061 tag=pagedfa] #15/100 disp_calls=0 disp_total_us_per_call=0.0 lookup_us=0.0 layout_us=0.0 meta_us=0.0 hcattn_us=0.0 pfa_calls=3000 pfa_total_us_per_call=89.7
(Worker_TP0 pid=2892056) Capturing CUDA graphs (decode, FULL):  33%|███▎      | 17/51 [00:01<00:03,  9.44it/s](Worker_TP2 pid=2892058) [IDE_006/TSK_009 profile pid=2892058 tag=pagedfa] #16/100 disp_calls=0 disp_total_us_per_call=0.0 lookup_us=0.0 layout_us=0.0 meta_us=0.0 hcattn_us=0.0 pfa_calls=3200 pfa_total_us_per_call=90.3
[IDE_006/TSK_009 profile pid=2892056 tag=pagedfa] #16/100 disp_calls=0 disp_total_us_per_call=0.0 lookup_us=0.0 layout_us=0.0 meta_us=0.0 hcattn_us=0.0 pfa_calls=3200 pfa_total_us_per_call=91.5
(Worker_TP4 pid=2892060) [IDE_006/TSK_009 profile pid=2892060 tag=pagedfa] #16/100 disp_calls=0 disp_total_us_per_call=0.0 lookup_us=0.0 layout_us=0.0 meta_us=0.0 hcattn_us=0.0 pfa_calls=3200 pfa_total_us_per_call=88.5
(Worker_TP1 pid=2892057) [IDE_006/TSK_009 profile pid=2892057 tag=pagedfa] #16/100 disp_calls=0 disp_total_us_per_call=0.0 lookup_us=0.0 layout_us=0.0 meta_us=0.0 hcattn_us=0.0 pfa_calls=3200 pfa_total_us_per_call=88.8
(Worker_TP3 pid=2892059) [IDE_006/TSK_009 profile pid=2892059 tag=pagedfa] #16/100 disp_calls=0 disp_total_us_per_call=0.0 lookup_us=0.0 layout_us=0.0 meta_us=0.0 hcattn_us=0.0 pfa_calls=3200 pfa_total_us_per_call=90.0
(Worker_TP6 pid=2892062) [IDE_006/TSK_009 profile pid=2892062 tag=pagedfa] #16/100 disp_calls=0 disp_total_us_per_call=0.0 lookup_us=0.0 layout_us=0.0 meta_us=0.0 hcattn_us=0.0 pfa_calls=3200 pfa_total_us_per_call=87.6
(Worker_TP7 pid=2892063) [IDE_006/TSK_009 profile pid=2892063 tag=pagedfa] #16/100 disp_calls=0 disp_total_us_per_call=0.0 lookup_us=0.0 layout_us=0.0 meta_us=0.0 hcattn_us=0.0 pfa_calls=3200 pfa_total_us_per_call=88.9
(Worker_TP5 pid=2892061) [IDE_006/TSK_009 profile pid=2892061 tag=pagedfa] #16/100 disp_calls=0 disp_total_us_per_call=0.0 lookup_us=0.0 layout_us=0.0 meta_us=0.0 hcattn_us=0.0 pfa_calls=3200 pfa_total_us_per_call=88.7
(Worker_TP0 pid=2892056) Capturing CUDA graphs (decode, FULL):  35%|███▌      | 18/51 [00:01<00:03,  9.48it/s]Capturing CUDA graphs (decode, FULL):  37%|███▋      | 19/51 [00:02<00:03,  9.55it/s][IDE_006/TSK_009 profile pid=2892056 tag=pagedfa] #17/100 disp_calls=0 disp_total_us_per_call=0.0 lookup_us=0.0 layout_us=0.0 meta_us=0.0 hcattn_us=0.0 pfa_calls=3400 pfa_total_us_per_call=90.4
(Worker_TP2 pid=2892058) [IDE_006/TSK_009 profile pid=2892058 tag=pagedfa] #17/100 disp_calls=0 disp_total_us_per_call=0.0 lookup_us=0.0 layout_us=0.0 meta_us=0.0 hcattn_us=0.0 pfa_calls=3400 pfa_total_us_per_call=89.5
(Worker_TP6 pid=2892062) [IDE_006/TSK_009 profile pid=2892062 tag=pagedfa] #17/100 disp_calls=0 disp_total_us_per_call=0.0 lookup_us=0.0 layout_us=0.0 meta_us=0.0 hcattn_us=0.0 pfa_calls=3400 pfa_total_us_per_call=86.9
(Worker_TP1 pid=2892057) [IDE_006/TSK_009 profile pid=2892057 tag=pagedfa] #17/100 disp_calls=0 disp_total_us_per_call=0.0 lookup_us=0.0 layout_us=0.0 meta_us=0.0 hcattn_us=0.0 pfa_calls=3400 pfa_total_us_per_call=88.1
(Worker_TP4 pid=2892060) [IDE_006/TSK_009 profile pid=2892060 tag=pagedfa] #17/100 disp_calls=0 disp_total_us_per_call=0.0 lookup_us=0.0 layout_us=0.0 meta_us=0.0 hcattn_us=0.0 pfa_calls=3400 pfa_total_us_per_call=87.8
(Worker_TP5 pid=2892061) [IDE_006/TSK_009 profile pid=2892061 tag=pagedfa] #17/100 disp_calls=0 disp_total_us_per_call=0.0 lookup_us=0.0 layout_us=0.0 meta_us=0.0 hcattn_us=0.0 pfa_calls=3400 pfa_total_us_per_call=88.1
(Worker_TP3 pid=2892059) [IDE_006/TSK_009 profile pid=2892059 tag=pagedfa] #17/100 disp_calls=0 disp_total_us_per_call=0.0 lookup_us=0.0 layout_us=0.0 meta_us=0.0 hcattn_us=0.0 pfa_calls=3400 pfa_total_us_per_call=89.2
(Worker_TP7 pid=2892063) [IDE_006/TSK_009 profile pid=2892063 tag=pagedfa] #17/100 disp_calls=0 disp_total_us_per_call=0.0 lookup_us=0.0 layout_us=0.0 meta_us=0.0 hcattn_us=0.0 pfa_calls=3400 pfa_total_us_per_call=88.3
(Worker_TP2 pid=2892058) [IDE_006/TSK_009 profile pid=2892058 tag=pagedfa] #18/100 disp_calls=0 disp_total_us_per_call=0.0 lookup_us=0.0 layout_us=0.0 meta_us=0.0 hcattn_us=0.0 pfa_calls=3600 pfa_total_us_per_call=88.3
(Worker_TP3 pid=2892059) [IDE_006/TSK_009 profile pid=2892059 tag=pagedfa] #18/100 disp_calls=0 disp_total_us_per_call=0.0 lookup_us=0.0 layout_us=0.0 meta_us=0.0 hcattn_us=0.0 pfa_calls=3600 pfa_total_us_per_call=88.2
(Worker_TP1 pid=2892057) [IDE_006/TSK_009 profile pid=2892057 tag=pagedfa] #18/100 disp_calls=0 disp_total_us_per_call=0.0 lookup_us=0.0 layout_us=0.0 meta_us=0.0 hcattn_us=0.0 pfa_calls=3600 pfa_total_us_per_call=87.2
(Worker_TP4 pid=2892060) [IDE_006/TSK_009 profile pid=2892060 tag=pagedfa] #18/100 disp_calls=0 disp_total_us_per_call=0.0 lookup_us=0.0 layout_us=0.0 meta_us=0.0 hcattn_us=0.0 pfa_calls=3600 pfa_total_us_per_call=86.9
(Worker_TP6 pid=2892062) [IDE_006/TSK_009 profile pid=2892062 tag=pagedfa] #18/100 disp_calls=0 disp_total_us_per_call=0.0 lookup_us=0.0 layout_us=0.0 meta_us=0.0 hcattn_us=0.0 pfa_calls=3600 pfa_total_us_per_call=86.2
(Worker_TP0 pid=2892056) [IDE_006/TSK_009 profile pid=2892056 tag=pagedfa] #18/100 disp_calls=0 disp_total_us_per_call=0.0 lookup_us=0.0 layout_us=0.0 meta_us=0.0 hcattn_us=0.0 pfa_calls=3600 pfa_total_us_per_call=89.3
(Worker_TP7 pid=2892063) [IDE_006/TSK_009 profile pid=2892063 tag=pagedfa] #18/100 disp_calls=0 disp_total_us_per_call=0.0 lookup_us=0.0 layout_us=0.0 meta_us=0.0 hcattn_us=0.0 pfa_calls=3600 pfa_total_us_per_call=87.5
(Worker_TP5 pid=2892061) [IDE_006/TSK_009 profile pid=2892061 tag=pagedfa] #18/100 disp_calls=0 disp_total_us_per_call=0.0 lookup_us=0.0 layout_us=0.0 meta_us=0.0 hcattn_us=0.0 pfa_calls=3600 pfa_total_us_per_call=87.4
(Worker_TP0 pid=2892056) Capturing CUDA graphs (decode, FULL):  41%|████      | 21/51 [00:02<00:03,  9.80it/s](Worker_TP6 pid=2892062) [IDE_006/TSK_009 profile pid=2892062 tag=pagedfa] #19/100 disp_calls=0 disp_total_us_per_call=0.0 lookup_us=0.0 layout_us=0.0 meta_us=0.0 hcattn_us=0.0 pfa_calls=3800 pfa_total_us_per_call=85.4
(Worker_TP3 pid=2892059) [IDE_006/TSK_009 profile pid=2892059 tag=pagedfa] #19/100 disp_calls=0 disp_total_us_per_call=0.0 lookup_us=0.0 layout_us=0.0 meta_us=0.0 hcattn_us=0.0 pfa_calls=3800 pfa_total_us_per_call=87.3
[IDE_006/TSK_009 profile pid=2892056 tag=pagedfa] #19/100 disp_calls=0 disp_total_us_per_call=0.0 lookup_us=0.0 layout_us=0.0 meta_us=0.0 hcattn_us=0.0 pfa_calls=3800 pfa_total_us_per_call=88.4
(Worker_TP4 pid=2892060) [IDE_006/TSK_009 profile pid=2892060 tag=pagedfa] #19/100 disp_calls=0 disp_total_us_per_call=0.0 lookup_us=0.0 layout_us=0.0 meta_us=0.0 hcattn_us=0.0 pfa_calls=3800 pfa_total_us_per_call=86.1
(Worker_TP7 pid=2892063) [IDE_006/TSK_009 profile pid=2892063 tag=pagedfa] #19/100 disp_calls=0 disp_total_us_per_call=0.0 lookup_us=0.0 layout_us=0.0 meta_us=0.0 hcattn_us=0.0 pfa_calls=3800 pfa_total_us_per_call=86.7
(Worker_TP5 pid=2892061) [IDE_006/TSK_009 profile pid=2892061 tag=pagedfa] #19/100 disp_calls=0 disp_total_us_per_call=0.0 lookup_us=0.0 layout_us=0.0 meta_us=0.0 hcattn_us=0.0 pfa_calls=3800 pfa_total_us_per_call=86.7
