[16:35:27] === wait for pad sweep (run_retry_failed.sh / run_multimodel_pad.sh) to finish ===
[18:26:39] === pad sweep done → start 405B hole-fill (⑤⑥ K=32) ===
[18:26:39] boot pt5(suf) gmu=0.88 K=32
[18:28:34] DEAD backend
[18:28:34]   boot fail gmu=0.88 (num_gpu_blocks=0?)
(Worker_TP7 pid=3815138) INFO 06-14 18:28:13 [kv_cache_utils.py:1035] Overriding num_gpu_blocks=0 with num_gpu_blocks_override=512
(Worker_TP5 pid=3815136) INFO 06-14 18:28:13 [kv_cache_utils.py:1035] Overriding num_gpu_blocks=0 with num_gpu_blocks_override=512
(Worker_TP2 pid=3815133) INFO 06-14 18:28:13 [kv_cache_utils.py:1035] Overriding num_gpu_blocks=0 with num_gpu_blocks_override=512
[18:28:34] boot pt5(suf) gmu=0.90 K=32
[18:30:30] DEAD backend
[18:30:30]   boot fail gmu=0.90 (num_gpu_blocks=0?)
(Worker_TP1 pid=3817735) INFO 06-14 18:30:06 [kv_cache_utils.py:1035] Overriding num_gpu_blocks=0 with num_gpu_blocks_override=512
(Worker_TP3 pid=3817737) INFO 06-14 18:30:06 [kv_cache_utils.py:1035] Overriding num_gpu_blocks=0 with num_gpu_blocks_override=512
(Worker_TP4 pid=3817738) INFO 06-14 18:30:06 [kv_cache_utils.py:1035] Overriding num_gpu_blocks=0 with num_gpu_blocks_override=512
[18:30:30] boot pt5(suf) gmu=0.92 K=32
[18:32:25] DEAD backend
[18:32:25]   boot fail gmu=0.92 (num_gpu_blocks=0?)
(Worker_TP2 pid=3820123) INFO 06-14 18:32:02 [kv_cache_utils.py:1035] Overriding num_gpu_blocks=0 with num_gpu_blocks_override=512
(Worker_TP0 pid=3820121) INFO 06-14 18:32:02 [kv_cache_utils.py:1035] Overriding num_gpu_blocks=0 with num_gpu_blocks_override=512
(Worker_TP1 pid=3820122) INFO 06-14 18:32:02 [kv_cache_utils.py:1035] Overriding num_gpu_blocks=0 with num_gpu_blocks_override=512
[18:32:25]   GIVE UP pt5 (all gmu failed)
[18:32:25] boot pt6(sufdsa) gmu=0.88 K=32
[trap] interrupted
