(Worker_TP0 pid=1828314) INFO 04-28 13:52:40 [intel_cpu_utils.py:119] NUMA initialized: 2 nodes available
(Worker_TP7 pid=1828321) INFO 04-28 13:52:40 [intel_cpu_utils.py:119] NUMA initialized: 2 nodes available
(Worker_TP4 pid=1828318) INFO 04-28 13:52:40 [intel_cpu_utils.py:119] NUMA initialized: 2 nodes available
(Worker_TP0 pid=1828314) INFO 04-28 13:52:40 [numa_aware.py:241] [IDE_006/TSK_004] rank=0 bound CPU memory preference to NUMA node 0
(Worker_TP7 pid=1828321) INFO 04-28 13:52:40 [numa_aware.py:241] [IDE_006/TSK_004] rank=7 bound CPU memory preference to NUMA node 1
(Worker_TP4 pid=1828318) INFO 04-28 13:52:40 [numa_aware.py:241] [IDE_006/TSK_004] rank=4 bound CPU memory preference to NUMA node 1
(Worker_TP6 pid=1828320) INFO 04-28 13:52:40 [intel_cpu_utils.py:119] NUMA initialized: 2 nodes available
(Worker_TP2 pid=1828316) INFO 04-28 13:52:40 [intel_cpu_utils.py:119] NUMA initialized: 2 nodes available
(Worker_TP1 pid=1828315) INFO 04-28 13:52:40 [intel_cpu_utils.py:119] NUMA initialized: 2 nodes available
(Worker_TP6 pid=1828320) INFO 04-28 13:52:40 [numa_aware.py:241] [IDE_006/TSK_004] rank=6 bound CPU memory preference to NUMA node 1
(Worker_TP1 pid=1828315) INFO 04-28 13:52:40 [numa_aware.py:241] [IDE_006/TSK_004] rank=1 bound CPU memory preference to NUMA node 0
(Worker_TP2 pid=1828316) INFO 04-28 13:52:40 [numa_aware.py:241] [IDE_006/TSK_004] rank=2 bound CPU memory preference to NUMA node 0
(Worker_TP5 pid=1828319) INFO 04-28 13:52:40 [intel_cpu_utils.py:119] NUMA initialized: 2 nodes available
(Worker_TP5 pid=1828319) INFO 04-28 13:52:40 [numa_aware.py:241] [IDE_006/TSK_004] rank=5 bound CPU memory preference to NUMA node 1
(Worker_TP3 pid=1828317) INFO 04-28 13:52:40 [intel_cpu_utils.py:119] NUMA initialized: 2 nodes available
(Worker_TP3 pid=1828317) INFO 04-28 13:52:40 [numa_aware.py:241] [IDE_006/TSK_004] rank=3 bound CPU memory preference to NUMA node 0
(Worker_TP1 pid=1828315) INFO 04-28 13:52:42 [numa_aware.py:317] [IDE_006/TSK_004] rank=1 pinned threads to NUMA node 0 (28/112 cores: 28~55)
(Worker_TP1 pid=1828315) INFO 04-28 13:52:42 [cpu_gpu.py:429] Allocating 160 CPU tensors...
(Worker_TP0 pid=1828314) INFO 04-28 13:52:42 [numa_aware.py:317] [IDE_006/TSK_004] rank=0 pinned threads to NUMA node 0 (28/112 cores: 0~27)
(Worker_TP0 pid=1828314) INFO 04-28 13:52:42 [cpu_gpu.py:429] Allocating 160 CPU tensors...
(Worker_TP6 pid=1828320) INFO 04-28 13:52:42 [numa_aware.py:317] [IDE_006/TSK_004] rank=6 pinned threads to NUMA node 1 (28/112 cores: 168~195)
(Worker_TP6 pid=1828320) INFO 04-28 13:52:42 [cpu_gpu.py:429] Allocating 160 CPU tensors...
(Worker_TP4 pid=1828318) INFO 04-28 13:52:42 [numa_aware.py:317] [IDE_006/TSK_004] rank=4 pinned threads to NUMA node 1 (28/112 cores: 56~83)
(Worker_TP4 pid=1828318) INFO 04-28 13:52:42 [cpu_gpu.py:429] Allocating 160 CPU tensors...
(Worker_TP5 pid=1828319) INFO 04-28 13:52:42 [numa_aware.py:317] [IDE_006/TSK_004] rank=5 pinned threads to NUMA node 1 (28/112 cores: 84~111)
(Worker_TP5 pid=1828319) INFO 04-28 13:52:42 [cpu_gpu.py:429] Allocating 160 CPU tensors...
(Worker_TP7 pid=1828321) INFO 04-28 13:52:42 [numa_aware.py:317] [IDE_006/TSK_004] rank=7 pinned threads to NUMA node 1 (28/112 cores: 196~223)
(Worker_TP7 pid=1828321) INFO 04-28 13:52:42 [cpu_gpu.py:429] Allocating 160 CPU tensors...
(Worker_TP3 pid=1828317) INFO 04-28 13:52:42 [numa_aware.py:317] [IDE_006/TSK_004] rank=3 pinned threads to NUMA node 0 (28/112 cores: 140~167)
(Worker_TP3 pid=1828317) INFO 04-28 13:52:42 [cpu_gpu.py:429] Allocating 160 CPU tensors...
(Worker_TP2 pid=1828316) INFO 04-28 13:52:42 [numa_aware.py:317] [IDE_006/TSK_004] rank=2 pinned threads to NUMA node 0 (28/112 cores: 112~139)
(Worker_TP2 pid=1828316) INFO 04-28 13:52:42 [cpu_gpu.py:429] Allocating 160 CPU tensors...
(Worker_TP6 pid=1828320) INFO 04-28 13:53:42 [custom_all_reduce.py:215] Registering 0 cuda graph addresses
(Worker_TP3 pid=1828317) INFO 04-28 13:53:42 [custom_all_reduce.py:215] Registering 0 cuda graph addresses
(Worker_TP0 pid=1828314) INFO 04-28 13:53:42 [custom_all_reduce.py:215] Registering 0 cuda graph addresses
(Worker_TP7 pid=1828321) INFO 04-28 13:53:42 [custom_all_reduce.py:215] Registering 0 cuda graph addresses
(Worker_TP2 pid=1828316) INFO 04-28 13:53:42 [custom_all_reduce.py:215] Registering 0 cuda graph addresses
(Worker_TP4 pid=1828318) INFO 04-28 13:53:42 [custom_all_reduce.py:215] Registering 0 cuda graph addresses
(Worker_TP5 pid=1828319) INFO 04-28 13:53:42 [custom_all_reduce.py:215] Registering 0 cuda graph addresses
(Worker_TP1 pid=1828315) INFO 04-28 13:53:42 [custom_all_reduce.py:215] Registering 0 cuda graph addresses
(Worker_TP6 pid=1828320) INFO 04-28 13:53:42 [gpu_worker.py:601] CUDA graph pool memory: 0.95 GiB (actual), 0.91 GiB (estimated), difference: 0.04 GiB (4.1%).
(Worker_TP7 pid=1828321) INFO 04-28 13:53:42 [gpu_worker.py:601] CUDA graph pool memory: 0.95 GiB (actual), 0.91 GiB (estimated), difference: 0.04 GiB (4.1%).
(Worker_TP5 pid=1828319) INFO 04-28 13:53:42 [gpu_worker.py:601] CUDA graph pool memory: 0.95 GiB (actual), 0.91 GiB (estimated), difference: 0.04 GiB (4.1%).
(Worker_TP1 pid=1828315) INFO 04-28 13:53:42 [gpu_worker.py:601] CUDA graph pool memory: 0.95 GiB (actual), 0.91 GiB (estimated), difference: 0.04 GiB (4.3%).
(Worker_TP0 pid=1828314) INFO 04-28 13:53:42 [gpu_model_runner.py:6305] Graph capturing finished in 14 secs, took 0.95 GiB
(Worker_TP0 pid=1828314) INFO 04-28 13:53:42 [gpu_worker.py:601] CUDA graph pool memory: 0.95 GiB (actual), 0.91 GiB (estimated), difference: 0.04 GiB (4.3%).
(Worker_TP4 pid=1828318) INFO 04-28 13:53:42 [gpu_worker.py:601] CUDA graph pool memory: 0.95 GiB (actual), 0.91 GiB (estimated), difference: 0.04 GiB (4.1%).
(Worker_TP3 pid=1828317) INFO 04-28 13:53:42 [gpu_worker.py:601] CUDA graph pool memory: 0.95 GiB (actual), 0.91 GiB (estimated), difference: 0.04 GiB (4.1%).
(Worker_TP2 pid=1828316) INFO 04-28 13:53:42 [gpu_worker.py:601] CUDA graph pool memory: 0.95 GiB (actual), 0.91 GiB (estimated), difference: 0.04 GiB (4.3%).
(EngineCore pid=1827854) INFO 04-28 13:53:42 [core.py:299] init engine (profile, create kv cache, warmup model) took 91.26 s (compilation: 29.12 s)
(EngineCore pid=1827854) INFO 04-28 13:53:45 [factory.py:64] Creating v1 connector with name: OffloadingConnector and engine_id: 51c6834f-6a91-4ab7-afb4-756c321f4d65
(EngineCore pid=1827854) WARNING 04-28 13:53:45 [base.py:189] Initializing KVConnectorBase_V1. This API is experimental and subject to change in the future as we iterate the design.
(EngineCore pid=1827854) INFO 04-28 13:53:45 [factory.py:51] Creating offloading spec with name: CPUOffloadingSpec
(EngineCore pid=1827854) WARNING 04-28 13:53:45 [spec.py:75] Initializing OffloadingSpec. This API is experimental and subject to change in the future as we iterate the design.
(EngineCore pid=1827854) INFO 04-28 13:53:45 [vllm.py:834] Asynchronous scheduling is enabled.
(EngineCore pid=1827854) INFO 04-28 13:53:45 [kernel.py:199] Final IR op priority after setting platform defaults: IrOpPriorityConfig(rms_norm=['native'])
(EngineCore pid=1827854) INFO 04-28 13:53:46 [compilation.py:294] Enabled custom fusions: allreduce_rms
  [split_on] batched generate: 100 prompts in flight
  [split_on] batched generate complete: 100 prompts in 243.5s (avg 2.43s/prompt)
[split_on] done in 378.1s
(EngineCore pid=1827854) INFO 04-28 13:57:49 [core.py:1234] Shutdown initiated (timeout=0)
(EngineCore pid=1827854) INFO 04-28 13:57:49 [core.py:1257] Shutdown complete
(Worker_TP0 pid=1828314) INFO 04-28 13:57:49 [multiproc_executor.py:775] Parent process exited, terminating worker queues
(Worker_TP1 pid=1828315) INFO 04-28 13:57:49 [multiproc_executor.py:872] WorkerProc shutting down.
(Worker_TP5 pid=1828319) INFO 04-28 13:57:49 [multiproc_executor.py:872] WorkerProc shutting down.
(Worker_TP7 pid=1828321) INFO 04-28 13:57:49 [multiproc_executor.py:872] WorkerProc shutting down.
(Worker_TP2 pid=1828316) INFO 04-28 13:57:49 [multiproc_executor.py:872] WorkerProc shutting down.
(Worker_TP6 pid=1828320) INFO 04-28 13:57:49 [multiproc_executor.py:872] WorkerProc shutting down.
(Worker_TP4 pid=1828318) INFO 04-28 13:57:49 [multiproc_executor.py:872] WorkerProc shutting down.
(Worker_TP3 pid=1828317) INFO 04-28 13:57:49 [multiproc_executor.py:872] WorkerProc shutting down.
(Worker_TP0 pid=1828314) INFO 04-28 13:57:49 [multiproc_executor.py:872] WorkerProc shutting down.

============================================================
D-i  (token divergence):  FAIL  [informational — does not affect overall]
D-ii (logprob / PPL):     PASS  [binding]
overall:                  PASS
results -> /workspace/vllm_hybrid/eval/results/20260428_134903_Intel_Xeon_Platinum_8480+x2_H100_80GB_HBM3x8_tsk009_reload_profile/e2e_artifacts
============================================================
