<frozen importlib._bootstrap_external>:1301: FutureWarning: The cuda.cudart module is deprecated and will be removed in a future release, please switch to use the cuda.bindings.runtime module instead.
<frozen importlib._bootstrap_external>:1301: FutureWarning: The cuda.nvrtc module is deprecated and will be removed in a future release, please switch to use the cuda.bindings.nvrtc module instead.
(Worker pid=3349467) <frozen importlib._bootstrap_external>:1301: FutureWarning: The cuda.cudart module is deprecated and will be removed in a future release, please switch to use the cuda.bindings.runtime module instead.
(Worker pid=3349467) <frozen importlib._bootstrap_external>:1301: FutureWarning: The cuda.nvrtc module is deprecated and will be removed in a future release, please switch to use the cuda.bindings.nvrtc module instead.
(Worker pid=3349471) <frozen importlib._bootstrap_external>:1301: FutureWarning: The cuda.cudart module is deprecated and will be removed in a future release, please switch to use the cuda.bindings.runtime module instead.
(Worker pid=3349470) <frozen importlib._bootstrap_external>:1301: FutureWarning: The cuda.cudart module is deprecated and will be removed in a future release, please switch to use the cuda.bindings.runtime module instead.
(Worker pid=3349471) <frozen importlib._bootstrap_external>:1301: FutureWarning: The cuda.nvrtc module is deprecated and will be removed in a future release, please switch to use the cuda.bindings.nvrtc module instead.
(Worker pid=3349470) <frozen importlib._bootstrap_external>:1301: FutureWarning: The cuda.nvrtc module is deprecated and will be removed in a future release, please switch to use the cuda.bindings.nvrtc module instead.
(Worker pid=3349473) <frozen importlib._bootstrap_external>:1301: FutureWarning: The cuda.cudart module is deprecated and will be removed in a future release, please switch to use the cuda.bindings.runtime module instead.
(Worker pid=3349473) <frozen importlib._bootstrap_external>:1301: FutureWarning: The cuda.nvrtc module is deprecated and will be removed in a future release, please switch to use the cuda.bindings.nvrtc module instead.
(Worker pid=3349474) <frozen importlib._bootstrap_external>:1301: FutureWarning: The cuda.cudart module is deprecated and will be removed in a future release, please switch to use the cuda.bindings.runtime module instead.
(Worker pid=3349474) <frozen importlib._bootstrap_external>:1301: FutureWarning: The cuda.nvrtc module is deprecated and will be removed in a future release, please switch to use the cuda.bindings.nvrtc module instead.
(Worker pid=3349472) <frozen importlib._bootstrap_external>:1301: FutureWarning: The cuda.cudart module is deprecated and will be removed in a future release, please switch to use the cuda.bindings.runtime module instead.
(Worker pid=3349472) <frozen importlib._bootstrap_external>:1301: FutureWarning: The cuda.nvrtc module is deprecated and will be removed in a future release, please switch to use the cuda.bindings.nvrtc module instead.
(Worker pid=3349469) <frozen importlib._bootstrap_external>:1301: FutureWarning: The cuda.cudart module is deprecated and will be removed in a future release, please switch to use the cuda.bindings.runtime module instead.
(Worker pid=3349469) <frozen importlib._bootstrap_external>:1301: FutureWarning: The cuda.nvrtc module is deprecated and will be removed in a future release, please switch to use the cuda.bindings.nvrtc module instead.
(Worker pid=3349468) <frozen importlib._bootstrap_external>:1301: FutureWarning: The cuda.cudart module is deprecated and will be removed in a future release, please switch to use the cuda.bindings.runtime module instead.
(Worker pid=3349468) <frozen importlib._bootstrap_external>:1301: FutureWarning: The cuda.nvrtc module is deprecated and will be removed in a future release, please switch to use the cuda.bindings.nvrtc module instead.
(Worker_TP0 pid=3349467) Loading safetensors checkpoint shards:   0% Completed | 0/30 [00:00<?, ?it/s]
(Worker_TP0 pid=3349467) Loading safetensors checkpoint shards:   3% Completed | 1/30 [00:00<00:05,  5.70it/s]
(Worker_TP0 pid=3349467) Loading safetensors checkpoint shards:   7% Completed | 2/30 [00:00<00:06,  4.32it/s]
(Worker_TP0 pid=3349467) Loading safetensors checkpoint shards:  10% Completed | 3/30 [00:00<00:06,  3.97it/s]
(Worker_TP0 pid=3349467) Loading safetensors checkpoint shards:  13% Completed | 4/30 [00:01<00:06,  3.79it/s]
(Worker_TP0 pid=3349467) Loading safetensors checkpoint shards:  17% Completed | 5/30 [00:01<00:06,  3.90it/s]
(Worker_TP0 pid=3349467) Loading safetensors checkpoint shards:  20% Completed | 6/30 [00:01<00:06,  3.85it/s]
(Worker_TP0 pid=3349467) Loading safetensors checkpoint shards:  23% Completed | 7/30 [00:01<00:05,  3.84it/s]
(Worker_TP0 pid=3349467) Loading safetensors checkpoint shards:  27% Completed | 8/30 [00:02<00:05,  3.73it/s]
(Worker_TP0 pid=3349467) Loading safetensors checkpoint shards:  30% Completed | 9/30 [00:02<00:05,  3.63it/s]
(Worker_TP0 pid=3349467) Loading safetensors checkpoint shards:  33% Completed | 10/30 [00:02<00:05,  3.76it/s]
(Worker_TP0 pid=3349467) Loading safetensors checkpoint shards:  37% Completed | 11/30 [00:02<00:05,  3.74it/s]
(Worker_TP0 pid=3349467) Loading safetensors checkpoint shards:  40% Completed | 12/30 [00:03<00:04,  3.70it/s]
(Worker_TP0 pid=3349467) Loading safetensors checkpoint shards:  43% Completed | 13/30 [00:03<00:04,  3.66it/s]
(Worker_TP0 pid=3349467) Loading safetensors checkpoint shards:  47% Completed | 14/30 [00:03<00:04,  3.46it/s]
(Worker_TP0 pid=3349467) Loading safetensors checkpoint shards:  50% Completed | 15/30 [00:04<00:04,  3.50it/s]
(Worker_TP0 pid=3349467) Loading safetensors checkpoint shards:  53% Completed | 16/30 [00:04<00:04,  3.46it/s]
(Worker_TP0 pid=3349467) Loading safetensors checkpoint shards:  57% Completed | 17/30 [00:04<00:03,  3.40it/s]
(Worker_TP0 pid=3349467) Loading safetensors checkpoint shards:  60% Completed | 18/30 [00:04<00:03,  3.40it/s]
(Worker_TP0 pid=3349467) Loading safetensors checkpoint shards:  63% Completed | 19/30 [00:05<00:03,  3.40it/s]
(Worker_TP0 pid=3349467) Loading safetensors checkpoint shards:  67% Completed | 20/30 [00:05<00:02,  3.55it/s]
(Worker_TP0 pid=3349467) Loading safetensors checkpoint shards:  70% Completed | 21/30 [00:05<00:02,  3.58it/s]
(Worker_TP0 pid=3349467) Loading safetensors checkpoint shards:  73% Completed | 22/30 [00:06<00:02,  3.57it/s]
(Worker_TP0 pid=3349467) Loading safetensors checkpoint shards:  77% Completed | 23/30 [00:06<00:01,  3.56it/s]
(Worker_TP0 pid=3349467) Loading safetensors checkpoint shards:  80% Completed | 24/30 [00:06<00:01,  3.53it/s]
(Worker_TP0 pid=3349467) Loading safetensors checkpoint shards:  83% Completed | 25/30 [00:06<00:01,  3.66it/s]
(Worker_TP0 pid=3349467) Loading safetensors checkpoint shards:  87% Completed | 26/30 [00:07<00:01,  3.67it/s]
(Worker_TP0 pid=3349467) Loading safetensors checkpoint shards:  90% Completed | 27/30 [00:07<00:00,  3.63it/s]
(Worker_TP0 pid=3349467) Loading safetensors checkpoint shards:  93% Completed | 28/30 [00:07<00:00,  3.61it/s]
(Worker_TP0 pid=3349467) Loading safetensors checkpoint shards:  97% Completed | 29/30 [00:07<00:00,  3.57it/s]
(Worker_TP0 pid=3349467) Loading safetensors checkpoint shards: 100% Completed | 30/30 [00:08<00:00,  3.72it/s]
(Worker_TP0 pid=3349467) 
(Worker_TP0 pid=3349467) /workspace/vllm_dev_prj/lib/python3.12/site-packages/torch/distributed/c10d_logger.py:83: UserWarning: barrier(): using the device under current context. You can specify `device_id` in `init_process_group` to mute this warning.
(Worker_TP0 pid=3349467)   return func(*args, **kwargs)
(Worker_TP0 pid=3349467) /workspace/vllm_dev_prj/lib/python3.12/site-packages/torch/distributed/c10d_logger.py:83: UserWarning: barrier(): using the device under current context. You can specify `device_id` in `init_process_group` to mute this warning.
(Worker_TP0 pid=3349467)   return func(*args, **kwargs)
(Worker_TP0 pid=3349467) 2026-04-27 08:21:47,214 - INFO - autotuner.py:446 - flashinfer.jit: [Autotuner]: Autotuning process starts ...
(Worker_TP7 pid=3349474) 2026-04-27 08:21:47,216 - INFO - autotuner.py:446 - flashinfer.jit: [Autotuner]: Autotuning process starts ...
(Worker_TP1 pid=3349468) 2026-04-27 08:21:47,216 - INFO - autotuner.py:446 - flashinfer.jit: [Autotuner]: Autotuning process starts ...
(Worker_TP6 pid=3349473) 2026-04-27 08:21:47,217 - INFO - autotuner.py:446 - flashinfer.jit: [Autotuner]: Autotuning process starts ...
(Worker_TP4 pid=3349471) 2026-04-27 08:21:47,217 - INFO - autotuner.py:446 - flashinfer.jit: [Autotuner]: Autotuning process starts ...
(Worker_TP3 pid=3349470) 2026-04-27 08:21:47,217 - INFO - autotuner.py:446 - flashinfer.jit: [Autotuner]: Autotuning process starts ...
(Worker_TP5 pid=3349472) 2026-04-27 08:21:47,222 - INFO - autotuner.py:446 - flashinfer.jit: [Autotuner]: Autotuning process starts ...
(Worker_TP2 pid=3349469) 2026-04-27 08:21:47,222 - INFO - autotuner.py:446 - flashinfer.jit: [Autotuner]: Autotuning process starts ...
(Worker_TP0 pid=3349467) 2026-04-27 08:21:47,348 - INFO - autotuner.py:455 - flashinfer.jit: [Autotuner]: Autotuning process ends
(Worker_TP7 pid=3349474) 2026-04-27 08:21:47,348 - INFO - autotuner.py:455 - flashinfer.jit: [Autotuner]: Autotuning process ends
(Worker_TP6 pid=3349473) 2026-04-27 08:21:47,348 - INFO - autotuner.py:455 - flashinfer.jit: [Autotuner]: Autotuning process ends
(Worker_TP2 pid=3349469) 2026-04-27 08:21:47,348 - INFO - autotuner.py:455 - flashinfer.jit: [Autotuner]: Autotuning process ends
(Worker_TP4 pid=3349471) 2026-04-27 08:21:47,348 - INFO - autotuner.py:455 - flashinfer.jit: [Autotuner]: Autotuning process ends
(Worker_TP5 pid=3349472) 2026-04-27 08:21:47,348 - INFO - autotuner.py:455 - flashinfer.jit: [Autotuner]: Autotuning process ends
(Worker_TP1 pid=3349468) 2026-04-27 08:21:47,348 - INFO - autotuner.py:455 - flashinfer.jit: [Autotuner]: Autotuning process ends
(Worker_TP3 pid=3349470) 2026-04-27 08:21:47,348 - INFO - autotuner.py:455 - flashinfer.jit: [Autotuner]: Autotuning process ends
(Worker_TP0 pid=3349467) Capturing CUDA graphs (mixed prefill-decode, PIECEWISE):   0%|          | 0/51 [00:00<?, ?it/s]Capturing CUDA graphs (mixed prefill-decode, PIECEWISE):   2%|▏         | 1/51 [00:00<00:10,  4.69it/s]Capturing CUDA graphs (mixed prefill-decode, PIECEWISE):   4%|▍         | 2/51 [00:00<00:08,  5.77it/s]Capturing CUDA graphs (mixed prefill-decode, PIECEWISE):   6%|▌         | 3/51 [00:00<00:07,  6.04it/s]Capturing CUDA graphs (mixed prefill-decode, PIECEWISE):   8%|▊         | 4/51 [00:00<00:07,  6.67it/s]Capturing CUDA graphs (mixed prefill-decode, PIECEWISE):  10%|▉         | 5/51 [00:00<00:06,  7.07it/s]Capturing CUDA graphs (mixed prefill-decode, PIECEWISE):  12%|█▏        | 6/51 [00:00<00:06,  7.17it/s]Capturing CUDA graphs (mixed prefill-decode, PIECEWISE):  14%|█▎        | 7/51 [00:01<00:06,  7.29it/s]Capturing CUDA graphs (mixed prefill-decode, PIECEWISE):  16%|█▌        | 8/51 [00:01<00:06,  6.47it/s]Capturing CUDA graphs (mixed prefill-decode, PIECEWISE):  18%|█▊        | 9/51 [00:01<00:06,  6.50it/s]Capturing CUDA graphs (mixed prefill-decode, PIECEWISE):  20%|█▉        | 10/51 [00:01<00:06,  6.81it/s]Capturing CUDA graphs (mixed prefill-decode, PIECEWISE):  22%|██▏       | 11/51 [00:01<00:05,  7.00it/s]Capturing CUDA graphs (mixed prefill-decode, PIECEWISE):  24%|██▎       | 12/51 [00:01<00:05,  6.68it/s]Capturing CUDA graphs (mixed prefill-decode, PIECEWISE):  25%|██▌       | 13/51 [00:01<00:05,  6.65it/s]Capturing CUDA graphs (mixed prefill-decode, PIECEWISE):  27%|██▋       | 14/51 [00:02<00:05,  6.87it/s]Capturing CUDA graphs (mixed prefill-decode, PIECEWISE):  29%|██▉       | 15/51 [00:02<00:05,  6.92it/s]Capturing CUDA graphs (mixed prefill-decode, PIECEWISE):  31%|███▏      | 16/51 [00:02<00:05,  6.93it/s]Capturing CUDA graphs (mixed prefill-decode, PIECEWISE):  33%|███▎      | 17/51 [00:02<00:04,  6.82it/s]Capturing CUDA graphs (mixed prefill-decode, PIECEWISE):  35%|███▌      | 18/51 [00:02<00:04,  6.99it/s]Capturing CUDA graphs (mixed prefill-decode, PIECEWISE):  37%|███▋      | 19/51 [00:02<00:04,  7.07it/s]Capturing CUDA graphs (mixed prefill-decode, PIECEWISE):  39%|███▉      | 20/51 [00:02<00:04,  6.88it/s]Capturing CUDA graphs (mixed prefill-decode, PIECEWISE):  41%|████      | 21/51 [00:03<00:04,  6.68it/s]Capturing CUDA graphs (mixed prefill-decode, PIECEWISE):  43%|████▎     | 22/51 [00:03<00:04,  6.20it/s]Capturing CUDA graphs (mixed prefill-decode, PIECEWISE):  45%|████▌     | 23/51 [00:03<00:04,  6.12it/s]Capturing CUDA graphs (mixed prefill-decode, PIECEWISE):  47%|████▋     | 24/51 [00:03<00:04,  5.85it/s]Capturing CUDA graphs (mixed prefill-decode, PIECEWISE):  49%|████▉     | 25/51 [00:03<00:04,  6.08it/s]Capturing CUDA graphs (mixed prefill-decode, PIECEWISE):  51%|█████     | 26/51 [00:03<00:03,  6.26it/s]Capturing CUDA graphs (mixed prefill-decode, PIECEWISE):  53%|█████▎    | 27/51 [00:04<00:03,  6.31it/s]Capturing CUDA graphs (mixed prefill-decode, PIECEWISE):  55%|█████▍    | 28/51 [00:04<00:03,  6.26it/s]Capturing CUDA graphs (mixed prefill-decode, PIECEWISE):  57%|█████▋    | 29/51 [00:04<00:03,  6.07it/s]Capturing CUDA graphs (mixed prefill-decode, PIECEWISE):  59%|█████▉    | 30/51 [00:04<00:03,  5.92it/s]Capturing CUDA graphs (mixed prefill-decode, PIECEWISE):  61%|██████    | 31/51 [00:04<00:03,  5.65it/s]Capturing CUDA graphs (mixed prefill-decode, PIECEWISE):  63%|██████▎   | 32/51 [00:05<00:03,  5.65it/s]Capturing CUDA graphs (mixed prefill-decode, PIECEWISE):  65%|██████▍   | 33/51 [00:05<00:03,  5.68it/s]Capturing CUDA graphs (mixed prefill-decode, PIECEWISE):  67%|██████▋   | 34/51 [00:05<00:02,  5.75it/s]Capturing CUDA graphs (mixed prefill-decode, PIECEWISE):  69%|██████▊   | 35/51 [00:05<00:02,  5.79it/s]Capturing CUDA graphs (mixed prefill-decode, PIECEWISE):  71%|███████   | 36/51 [00:05<00:02,  5.92it/s]Capturing CUDA graphs (mixed prefill-decode, PIECEWISE):  73%|███████▎  | 37/51 [00:05<00:02,  5.99it/s]Capturing CUDA graphs (mixed prefill-decode, PIECEWISE):  75%|███████▍  | 38/51 [00:06<00:02,  6.03it/s]Capturing CUDA graphs (mixed prefill-decode, PIECEWISE):  76%|███████▋  | 39/51 [00:06<00:02,  5.77it/s]Capturing CUDA graphs (mixed prefill-decode, PIECEWISE):  78%|███████▊  | 40/51 [00:06<00:01,  6.00it/s]Capturing CUDA graphs (mixed prefill-decode, PIECEWISE):  80%|████████  | 41/51 [00:06<00:01,  6.20it/s]Capturing CUDA graphs (mixed prefill-decode, PIECEWISE):  82%|████████▏ | 42/51 [00:06<00:01,  6.36it/s]Capturing CUDA graphs (mixed prefill-decode, PIECEWISE):  84%|████████▍ | 43/51 [00:06<00:01,  6.49it/s]Capturing CUDA graphs (mixed prefill-decode, PIECEWISE):  86%|████████▋ | 44/51 [00:06<00:01,  6.54it/s]Capturing CUDA graphs (mixed prefill-decode, PIECEWISE):  88%|████████▊ | 45/51 [00:07<00:00,  6.58it/s]Capturing CUDA graphs (mixed prefill-decode, PIECEWISE):  90%|█████████ | 46/51 [00:07<00:00,  6.60it/s]Capturing CUDA graphs (mixed prefill-decode, PIECEWISE):  92%|█████████▏| 47/51 [00:07<00:00,  6.72it/s]Capturing CUDA graphs (mixed prefill-decode, PIECEWISE):  94%|█████████▍| 48/51 [00:07<00:00,  6.67it/s]Capturing CUDA graphs (mixed prefill-decode, PIECEWISE):  96%|█████████▌| 49/51 [00:07<00:00,  6.65it/s]Capturing CUDA graphs (mixed prefill-decode, PIECEWISE):  98%|█████████▊| 50/51 [00:07<00:00,  6.98it/s]Capturing CUDA graphs (mixed prefill-decode, PIECEWISE): 100%|██████████| 51/51 [00:07<00:00,  7.07it/s]Capturing CUDA graphs (mixed prefill-decode, PIECEWISE): 100%|██████████| 51/51 [00:07<00:00,  6.41it/s]
(Worker_TP0 pid=3349467) Capturing CUDA graphs (decode, FULL):   0%|          | 0/51 [00:00<?, ?it/s]Capturing CUDA graphs (decode, FULL):   2%|▏         | 1/51 [00:00<00:05,  8.87it/s]Capturing CUDA graphs (decode, FULL):   6%|▌         | 3/51 [00:00<00:04,  9.80it/s]Capturing CUDA graphs (decode, FULL):  10%|▉         | 5/51 [00:00<00:04,  9.98it/s]Capturing CUDA graphs (decode, FULL):  12%|█▏        | 6/51 [00:00<00:04,  9.45it/s]Capturing CUDA graphs (decode, FULL):  14%|█▎        | 7/51 [00:00<00:04,  9.41it/s]Capturing CUDA graphs (decode, FULL):  16%|█▌        | 8/51 [00:00<00:04,  9.14it/s]Capturing CUDA graphs (decode, FULL):  18%|█▊        | 9/51 [00:00<00:04,  9.00it/s]Capturing CUDA graphs (decode, FULL):  20%|█▉        | 10/51 [00:01<00:04,  8.75it/s]Capturing CUDA graphs (decode, FULL):  22%|██▏       | 11/51 [00:01<00:04,  8.39it/s]Capturing CUDA graphs (decode, FULL):  24%|██▎       | 12/51 [00:01<00:04,  8.75it/s]Capturing CUDA graphs (decode, FULL):  27%|██▋       | 14/51 [00:01<00:03,  9.41it/s]Capturing CUDA graphs (decode, FULL):  29%|██▉       | 15/51 [00:01<00:03,  9.52it/s]Capturing CUDA graphs (decode, FULL):  31%|███▏      | 16/51 [00:01<00:03,  9.49it/s]Capturing CUDA graphs (decode, FULL):  33%|███▎      | 17/51 [00:01<00:03,  9.42it/s]Capturing CUDA graphs (decode, FULL):  35%|███▌      | 18/51 [00:01<00:03,  9.19it/s]Capturing CUDA graphs (decode, FULL):  37%|███▋      | 19/51 [00:02<00:03,  9.06it/s]Capturing CUDA graphs (decode, FULL):  39%|███▉      | 20/51 [00:02<00:03,  9.16it/s]Capturing CUDA graphs (decode, FULL):  41%|████      | 21/51 [00:02<00:03,  8.91it/s]Capturing CUDA graphs (decode, FULL):  43%|████▎     | 22/51 [00:02<00:03,  8.72it/s]Capturing CUDA graphs (decode, FULL):  45%|████▌     | 23/51 [00:02<00:03,  8.17it/s]Capturing CUDA graphs (decode, FULL):  47%|████▋     | 24/51 [00:02<00:03,  8.25it/s]Capturing CUDA graphs (decode, FULL):  49%|████▉     | 25/51 [00:02<00:03,  8.52it/s]Capturing CUDA graphs (decode, FULL):  51%|█████     | 26/51 [00:02<00:02,  8.73it/s]Capturing CUDA graphs (decode, FULL):  53%|█████▎    | 27/51 [00:02<00:02,  8.75it/s]Capturing CUDA graphs (decode, FULL):  55%|█████▍    | 28/51 [00:03<00:02,  8.54it/s]Capturing CUDA graphs (decode, FULL):  57%|█████▋    | 29/51 [00:03<00:02,  8.63it/s]Capturing CUDA graphs (decode, FULL):  59%|█████▉    | 30/51 [00:03<00:02,  8.66it/s]Capturing CUDA graphs (decode, FULL):  61%|██████    | 31/51 [00:03<00:02,  8.52it/s]Capturing CUDA graphs (decode, FULL):  63%|██████▎   | 32/51 [00:03<00:02,  8.56it/s]Capturing CUDA graphs (decode, FULL):  65%|██████▍   | 33/51 [00:03<00:02,  8.52it/s]Capturing CUDA graphs (decode, FULL):  67%|██████▋   | 34/51 [00:03<00:02,  8.13it/s]Capturing CUDA graphs (decode, FULL):  69%|██████▊   | 35/51 [00:03<00:02,  7.86it/s]Capturing CUDA graphs (decode, FULL):  71%|███████   | 36/51 [00:04<00:01,  8.11it/s]Capturing CUDA graphs (decode, FULL):  73%|███████▎  | 37/51 [00:04<00:01,  8.25it/s]Capturing CUDA graphs (decode, FULL):  75%|███████▍  | 38/51 [00:04<00:01,  8.48it/s]Capturing CUDA graphs (decode, FULL):  76%|███████▋  | 39/51 [00:04<00:01,  8.73it/s]Capturing CUDA graphs (decode, FULL):  78%|███████▊  | 40/51 [00:04<00:01,  8.80it/s]Capturing CUDA graphs (decode, FULL):  80%|████████  | 41/51 [00:04<00:01,  8.86it/s]Capturing CUDA graphs (decode, FULL):  82%|████████▏ | 42/51 [00:04<00:01,  8.86it/s]Capturing CUDA graphs (decode, FULL):  84%|████████▍ | 43/51 [00:04<00:00,  8.73it/s]Capturing CUDA graphs (decode, FULL):  86%|████████▋ | 44/51 [00:04<00:00,  8.85it/s]Capturing CUDA graphs (decode, FULL):  88%|████████▊ | 45/51 [00:05<00:00,  8.55it/s]Capturing CUDA graphs (decode, FULL):  90%|█████████ | 46/51 [00:05<00:00,  8.85it/s]Capturing CUDA graphs (decode, FULL):  94%|█████████▍| 48/51 [00:05<00:00,  9.13it/s]Capturing CUDA graphs (decode, FULL):  98%|█████████▊| 50/51 [00:05<00:00,  9.52it/s]Capturing CUDA graphs (decode, FULL): 100%|██████████| 51/51 [00:05<00:00,  8.91it/s]
(EngineCore pid=3349022) <frozen importlib._bootstrap_external>:1301: FutureWarning: The cuda.cudart module is deprecated and will be removed in a future release, please switch to use the cuda.bindings.runtime module instead.
(EngineCore pid=3349022) <frozen importlib._bootstrap_external>:1301: FutureWarning: The cuda.nvrtc module is deprecated and will be removed in a future release, please switch to use the cuda.bindings.nvrtc module instead.
Rendering prompts:   0%|          | 0/50 [00:00<?, ?it/s]Rendering prompts:   6%|▌         | 3/50 [00:00<00:01, 28.23it/s]Rendering prompts:  16%|█▌        | 8/50 [00:00<00:01, 35.95it/s]Rendering prompts:  26%|██▌       | 13/50 [00:00<00:00, 38.82it/s]Rendering prompts:  36%|███▌      | 18/50 [00:00<00:00, 40.04it/s]Rendering prompts:  46%|████▌     | 23/50 [00:00<00:00, 40.57it/s]Rendering prompts:  56%|█████▌    | 28/50 [00:00<00:00, 41.06it/s]Rendering prompts:  66%|██████▌   | 33/50 [00:00<00:00, 41.42it/s]Rendering prompts:  76%|███████▌  | 38/50 [00:00<00:00, 41.71it/s]Rendering prompts:  86%|████████▌ | 43/50 [00:01<00:00, 41.90it/s]Rendering prompts:  96%|█████████▌| 48/50 [00:01<00:00, 42.10it/s]Rendering prompts: 100%|██████████| 50/50 [00:01<00:00, 40.76it/s]
Processed prompts:   0%|          | 0/50 [00:00<?, ?it/s, est. speed input: 0.00 toks/s, output: 0.00 toks/s](Worker_TP4 pid=3349471) [IDE_006/TSK_004 cold-path fired pid=3349471] #1/5 need_cold_seqs=1/5 reduced_rows=1/16384 max_cold_blocks=630
(Worker_TP5 pid=3349472) [IDE_006/TSK_004 cold-path fired pid=3349472] #1/5 need_cold_seqs=1/5 reduced_rows=1/16384 max_cold_blocks=630
(Worker_TP2 pid=3349469) [IDE_006/TSK_004 cold-path fired pid=3349469] #1/5 need_cold_seqs=1/5 reduced_rows=1/16384 max_cold_blocks=630
(Worker_TP6 pid=3349473) [IDE_006/TSK_004 cold-path fired pid=3349473] #1/5 need_cold_seqs=1/5 reduced_rows=1/16384 max_cold_blocks=630
(Worker_TP7 pid=3349474) [IDE_006/TSK_004 cold-path fired pid=3349474] #1/5 need_cold_seqs=1/5 reduced_rows=1/16384 max_cold_blocks=630
(Worker_TP1 pid=3349468) [IDE_006/TSK_004 cold-path fired pid=3349468] #1/5 need_cold_seqs=1/5 reduced_rows=1/16384 max_cold_blocks=630
(Worker_TP0 pid=3349467) [IDE_006/TSK_004 cold-path fired pid=3349467] #1/5 need_cold_seqs=1/5 reduced_rows=1/16384 max_cold_blocks=630
(Worker_TP3 pid=3349470) [IDE_006/TSK_004 cold-path fired pid=3349470] #1/5 need_cold_seqs=1/5 reduced_rows=1/16384 max_cold_blocks=630
(Worker_TP3 pid=3349470) [IDE_006/TSK_004 profile pid=3349470 kernel=forward_partial_with_lse_amx] prep_ms=0.01 kernel_ms=9.27 q.shape=(1, 8, 128) n_seqs=1 max_cbl=630
(Worker_TP3 pid=3349470) [IDE_006/TSK_004 profile pid=3349470 stage=hot_cold] d2h_ms=45.51 kernel_ms=1453.43 h2d_ms=1.69 merge_ms=1.08 total_ms=1501.72 q.shape=(16384, 8, 128) reduced_q=(1, 8, 128) max_cold_blocks=630
(Worker_TP1 pid=3349468) [IDE_006/TSK_004 profile pid=3349468 kernel=forward_partial_with_lse_amx] prep_ms=0.01 kernel_ms=9.41 q.shape=(1, 8, 128) n_seqs=1 max_cbl=630
(Worker_TP1 pid=3349468) [IDE_006/TSK_004 profile pid=3349468 stage=hot_cold] d2h_ms=46.48 kernel_ms=1806.04 h2d_ms=1.57 merge_ms=1.06 total_ms=1855.15 q.shape=(16384, 8, 128) reduced_q=(1, 8, 128) max_cold_blocks=630
(Worker_TP0 pid=3349467) [IDE_006/TSK_004 profile pid=3349467 kernel=forward_partial_with_lse_amx] prep_ms=0.01 kernel_ms=8.79 q.shape=(1, 8, 128) n_seqs=1 max_cbl=630
(Worker_TP0 pid=3349467) [IDE_006/TSK_004 profile pid=3349467 stage=hot_cold] d2h_ms=45.07 kernel_ms=1969.78 h2d_ms=4.85 merge_ms=1.07 total_ms=2020.77 q.shape=(16384, 8, 128) reduced_q=(1, 8, 128) max_cold_blocks=630
(Worker_TP5 pid=3349472) [IDE_006/TSK_004 profile pid=3349472 kernel=forward_partial_with_lse_amx] prep_ms=0.01 kernel_ms=3.46 q.shape=(1, 8, 128) n_seqs=1 max_cbl=630
(Worker_TP5 pid=3349472) [IDE_006/TSK_004 profile pid=3349472 stage=hot_cold] d2h_ms=45.31 kernel_ms=1991.63 h2d_ms=6.27 merge_ms=1.07 total_ms=2044.29 q.shape=(16384, 8, 128) reduced_q=(1, 8, 128) max_cold_blocks=630
(Worker_TP2 pid=3349469) [IDE_006/TSK_004 profile pid=3349469 kernel=forward_partial_with_lse_amx] prep_ms=0.01 kernel_ms=9.37 q.shape=(1, 8, 128) n_seqs=1 max_cbl=630
(Worker_TP2 pid=3349469) [IDE_006/TSK_004 profile pid=3349469 stage=hot_cold] d2h_ms=53.66 kernel_ms=2056.57 h2d_ms=1.86 merge_ms=1.06 total_ms=2113.15 q.shape=(16384, 8, 128) reduced_q=(1, 8, 128) max_cold_blocks=630
(Worker_TP6 pid=3349473) [IDE_006/TSK_004 profile pid=3349473 kernel=forward_partial_with_lse_amx] prep_ms=0.01 kernel_ms=11.03 q.shape=(1, 8, 128) n_seqs=1 max_cbl=630
(Worker_TP6 pid=3349473) [IDE_006/TSK_004 profile pid=3349473 stage=hot_cold] d2h_ms=45.84 kernel_ms=2069.38 h2d_ms=1.55 merge_ms=1.15 total_ms=2117.92 q.shape=(16384, 8, 128) reduced_q=(1, 8, 128) max_cold_blocks=630
(Worker_TP7 pid=3349474) [IDE_006/TSK_004 profile pid=3349474 kernel=forward_partial_with_lse_amx] prep_ms=0.01 kernel_ms=3.67 q.shape=(1, 8, 128) n_seqs=1 max_cbl=630
(Worker_TP7 pid=3349474) [IDE_006/TSK_004 profile pid=3349474 stage=hot_cold] d2h_ms=45.23 kernel_ms=2081.80 h2d_ms=1.71 merge_ms=1.18 total_ms=2129.92 q.shape=(16384, 8, 128) reduced_q=(1, 8, 128) max_cold_blocks=630
(Worker_TP4 pid=3349471) [IDE_006/TSK_004 profile pid=3349471 kernel=forward_partial_with_lse_amx] prep_ms=0.01 kernel_ms=29.27 q.shape=(1, 8, 128) n_seqs=1 max_cbl=630
(Worker_TP4 pid=3349471) [IDE_006/TSK_004 profile pid=3349471 stage=hot_cold] d2h_ms=45.95 kernel_ms=2088.52 h2d_ms=1.50 merge_ms=1.01 total_ms=2136.99 q.shape=(16384, 8, 128) reduced_q=(1, 8, 128) max_cold_blocks=630
(Worker_TP6 pid=3349473) [IDE_006/TSK_004 cold-path fired pid=3349473] #2/5 need_cold_seqs=1/5 reduced_rows=1/16384 max_cold_blocks=630
(Worker_TP4 pid=3349471) [IDE_006/TSK_004 cold-path fired pid=3349471] #2/5 need_cold_seqs=1/5 reduced_rows=1/16384 max_cold_blocks=630
(Worker_TP0 pid=3349467) [IDE_006/TSK_004 cold-path fired pid=3349467] #2/5 need_cold_seqs=1/5 reduced_rows=1/16384 max_cold_blocks=630
(Worker_TP1 pid=3349468) [IDE_006/TSK_004 cold-path fired pid=3349468] #2/5 need_cold_seqs=1/5 reduced_rows=1/16384 max_cold_blocks=630
(Worker_TP2 pid=3349469) [IDE_006/TSK_004 cold-path fired pid=3349469] #2/5 need_cold_seqs=1/5 reduced_rows=1/16384 max_cold_blocks=630
(Worker_TP7 pid=3349474) [IDE_006/TSK_004 cold-path fired pid=3349474] #2/5 need_cold_seqs=1/5 reduced_rows=1/16384 max_cold_blocks=630
(Worker_TP3 pid=3349470) [IDE_006/TSK_004 cold-path fired pid=3349470] #2/5 need_cold_seqs=1/5 reduced_rows=1/16384 max_cold_blocks=630
(Worker_TP5 pid=3349472) [IDE_006/TSK_004 cold-path fired pid=3349472] #2/5 need_cold_seqs=1/5 reduced_rows=1/16384 max_cold_blocks=630
(Worker_TP1 pid=3349468) [IDE_006/TSK_004 profile pid=3349468 kernel=forward_partial_with_lse_amx] prep_ms=0.00 kernel_ms=1.93 q.shape=(1, 8, 128) n_seqs=1 max_cbl=630
(Worker_TP2 pid=3349469) [IDE_006/TSK_004 profile pid=3349469 kernel=forward_partial_with_lse_amx] prep_ms=0.00 kernel_ms=1.95 q.shape=(1, 8, 128) n_seqs=1 max_cbl=630
(Worker_TP4 pid=3349471) [IDE_006/TSK_004 profile pid=3349471 kernel=forward_partial_with_lse_amx] prep_ms=0.01 kernel_ms=1.99 q.shape=(1, 8, 128) n_seqs=1 max_cbl=630
(Worker_TP6 pid=3349473) [IDE_006/TSK_004 profile pid=3349473 kernel=forward_partial_with_lse_amx] prep_ms=0.00 kernel_ms=2.00 q.shape=(1, 8, 128) n_seqs=1 max_cbl=630
(Worker_TP5 pid=3349472) [IDE_006/TSK_004 profile pid=3349472 kernel=forward_partial_with_lse_amx] prep_ms=0.00 kernel_ms=2.01 q.shape=(1, 8, 128) n_seqs=1 max_cbl=630
(Worker_TP2 pid=3349469) [IDE_006/TSK_004 profile pid=3349469 stage=hot_cold] d2h_ms=0.45 kernel_ms=2.07 h2d_ms=0.59 merge_ms=0.17 total_ms=3.28 q.shape=(16384, 8, 128) reduced_q=(1, 8, 128) max_cold_blocks=630
(Worker_TP4 pid=3349471) [IDE_006/TSK_004 profile pid=3349471 stage=hot_cold] d2h_ms=0.42 kernel_ms=2.10 h2d_ms=0.64 merge_ms=0.15 total_ms=3.31 q.shape=(16384, 8, 128) reduced_q=(1, 8, 128) max_cold_blocks=630
(Worker_TP6 pid=3349473) [IDE_006/TSK_004 profile pid=3349473 stage=hot_cold] d2h_ms=0.43 kernel_ms=2.10 h2d_ms=0.74 merge_ms=0.15 total_ms=3.44 q.shape=(16384, 8, 128) reduced_q=(1, 8, 128) max_cold_blocks=630
(Worker_TP1 pid=3349468) [IDE_006/TSK_004 profile pid=3349468 stage=hot_cold] d2h_ms=0.46 kernel_ms=2.06 h2d_ms=0.78 merge_ms=0.16 total_ms=3.45 q.shape=(16384, 8, 128) reduced_q=(1, 8, 128) max_cold_blocks=630
(Worker_TP5 pid=3349472) [IDE_006/TSK_004 profile pid=3349472 stage=hot_cold] d2h_ms=0.54 kernel_ms=2.16 h2d_ms=0.67 merge_ms=0.16 total_ms=3.52 q.shape=(16384, 8, 128) reduced_q=(1, 8, 128) max_cold_blocks=630
(Worker_TP0 pid=3349467) [IDE_006/TSK_004 profile pid=3349467 kernel=forward_partial_with_lse_amx] prep_ms=0.00 kernel_ms=9.55 q.shape=(1, 8, 128) n_seqs=1 max_cbl=630
(Worker_TP3 pid=3349470) [IDE_006/TSK_004 profile pid=3349470 kernel=forward_partial_with_lse_amx] prep_ms=0.00 kernel_ms=9.78 q.shape=(1, 8, 128) n_seqs=1 max_cbl=630
(Worker_TP7 pid=3349474) [IDE_006/TSK_004 profile pid=3349474 kernel=forward_partial_with_lse_amx] prep_ms=0.00 kernel_ms=9.83 q.shape=(1, 8, 128) n_seqs=1 max_cbl=630
(Worker_TP0 pid=3349467) [IDE_006/TSK_004 profile pid=3349467 stage=hot_cold] d2h_ms=0.44 kernel_ms=9.68 h2d_ms=0.70 merge_ms=0.16 total_ms=10.98 q.shape=(16384, 8, 128) reduced_q=(1, 8, 128) max_cold_blocks=630
(Worker_TP7 pid=3349474) [IDE_006/TSK_004 profile pid=3349474 stage=hot_cold] d2h_ms=0.51 kernel_ms=9.98 h2d_ms=0.79 merge_ms=0.17 total_ms=11.46 q.shape=(16384, 8, 128) reduced_q=(1, 8, 128) max_cold_blocks=630
(Worker_TP3 pid=3349470) [IDE_006/TSK_004 profile pid=3349470 stage=hot_cold] d2h_ms=0.52 kernel_ms=9.91 h2d_ms=0.93 merge_ms=0.18 total_ms=11.53 q.shape=(16384, 8, 128) reduced_q=(1, 8, 128) max_cold_blocks=630
(Worker_TP6 pid=3349473) [IDE_006/TSK_004 cold-path fired pid=3349473] #3/5 need_cold_seqs=1/5 reduced_rows=1/16384 max_cold_blocks=630
(Worker_TP4 pid=3349471) [IDE_006/TSK_004 cold-path fired pid=3349471] #3/5 need_cold_seqs=1/5 reduced_rows=1/16384 max_cold_blocks=630
(Worker_TP0 pid=3349467) [IDE_006/TSK_004 cold-path fired pid=3349467] #3/5 need_cold_seqs=1/5 reduced_rows=1/16384 max_cold_blocks=630
(Worker_TP1 pid=3349468) [IDE_006/TSK_004 cold-path fired pid=3349468] #3/5 need_cold_seqs=1/5 reduced_rows=1/16384 max_cold_blocks=630
(Worker_TP3 pid=3349470) [IDE_006/TSK_004 cold-path fired pid=3349470] #3/5 need_cold_seqs=1/5 reduced_rows=1/16384 max_cold_blocks=630
(Worker_TP2 pid=3349469) [IDE_006/TSK_004 cold-path fired pid=3349469] #3/5 need_cold_seqs=1/5 reduced_rows=1/16384 max_cold_blocks=630
(Worker_TP7 pid=3349474) [IDE_006/TSK_004 cold-path fired pid=3349474] #3/5 need_cold_seqs=1/5 reduced_rows=1/16384 max_cold_blocks=630
(Worker_TP5 pid=3349472) [IDE_006/TSK_004 cold-path fired pid=3349472] #3/5 need_cold_seqs=1/5 reduced_rows=1/16384 max_cold_blocks=630
(Worker_TP0 pid=3349467) [IDE_006/TSK_004 profile pid=3349467 kernel=forward_partial_with_lse_amx] prep_ms=0.00 kernel_ms=1.84 q.shape=(1, 8, 128) n_seqs=1 max_cbl=630
(Worker_TP4 pid=3349471) [IDE_006/TSK_004 profile pid=3349471 kernel=forward_partial_with_lse_amx] prep_ms=0.00 kernel_ms=1.94 q.shape=(1, 8, 128) n_seqs=1 max_cbl=630
(Worker_TP6 pid=3349473) [IDE_006/TSK_004 profile pid=3349473 kernel=forward_partial_with_lse_amx] prep_ms=0.00 kernel_ms=1.96 q.shape=(1, 8, 128) n_seqs=1 max_cbl=630
(Worker_TP2 pid=3349469) [IDE_006/TSK_004 profile pid=3349469 kernel=forward_partial_with_lse_amx] prep_ms=0.01 kernel_ms=1.90 q.shape=(1, 8, 128) n_seqs=1 max_cbl=630
(Worker_TP1 pid=3349468) [IDE_006/TSK_004 profile pid=3349468 kernel=forward_partial_with_lse_amx] prep_ms=0.00 kernel_ms=2.09 q.shape=(1, 8, 128) n_seqs=1 max_cbl=630
(Worker_TP5 pid=3349472) [IDE_006/TSK_004 profile pid=3349472 kernel=forward_partial_with_lse_amx] prep_ms=0.00 kernel_ms=1.92 q.shape=(1, 8, 128) n_seqs=1 max_cbl=630
(Worker_TP4 pid=3349471) [IDE_006/TSK_004 profile pid=3349471 stage=hot_cold] d2h_ms=0.31 kernel_ms=2.03 h2d_ms=0.51 merge_ms=0.14 total_ms=2.99 q.shape=(16384, 8, 128) reduced_q=(1, 8, 128) max_cold_blocks=630
(Worker_TP6 pid=3349473) [IDE_006/TSK_004 profile pid=3349473 stage=hot_cold] d2h_ms=0.33 kernel_ms=2.06 h2d_ms=0.54 merge_ms=0.15 total_ms=3.08 q.shape=(16384, 8, 128) reduced_q=(1, 8, 128) max_cold_blocks=630
(Worker_TP2 pid=3349469) [IDE_006/TSK_004 profile pid=3349469 stage=hot_cold] d2h_ms=0.40 kernel_ms=2.00 h2d_ms=0.56 merge_ms=0.15 total_ms=3.11 q.shape=(16384, 8, 128) reduced_q=(1, 8, 128) max_cold_blocks=630
(Worker_TP0 pid=3349467) [IDE_006/TSK_004 profile pid=3349467 stage=hot_cold] d2h_ms=0.33 kernel_ms=2.11 h2d_ms=0.57 merge_ms=0.15 total_ms=3.16 q.shape=(16384, 8, 128) reduced_q=(1, 8, 128) max_cold_blocks=630
(Worker_TP5 pid=3349472) [IDE_006/TSK_004 profile pid=3349472 stage=hot_cold] d2h_ms=0.51 kernel_ms=2.03 h2d_ms=0.56 merge_ms=0.15 total_ms=3.25 q.shape=(16384, 8, 128) reduced_q=(1, 8, 128) max_cold_blocks=630
(Worker_TP3 pid=3349470) [IDE_006/TSK_004 profile pid=3349470 kernel=forward_partial_with_lse_amx] prep_ms=0.00 kernel_ms=2.95 q.shape=(1, 8, 128) n_seqs=1 max_cbl=630
(Worker_TP1 pid=3349468) [IDE_006/TSK_004 profile pid=3349468 stage=hot_cold] d2h_ms=0.34 kernel_ms=2.28 h2d_ms=0.63 merge_ms=0.16 total_ms=3.42 q.shape=(16384, 8, 128) reduced_q=(1, 8, 128) max_cold_blocks=630
(Worker_TP3 pid=3349470) [IDE_006/TSK_004 profile pid=3349470 stage=hot_cold] d2h_ms=0.37 kernel_ms=3.14 h2d_ms=0.80 merge_ms=0.21 total_ms=4.51 q.shape=(16384, 8, 128) reduced_q=(1, 8, 128) max_cold_blocks=630
(Worker_TP7 pid=3349474) [IDE_006/TSK_004 profile pid=3349474 kernel=forward_partial_with_lse_amx] prep_ms=0.01 kernel_ms=9.84 q.shape=(1, 8, 128) n_seqs=1 max_cbl=630
(Worker_TP7 pid=3349474) [IDE_006/TSK_004 profile pid=3349474 stage=hot_cold] d2h_ms=0.51 kernel_ms=10.02 h2d_ms=0.62 merge_ms=0.16 total_ms=11.30 q.shape=(16384, 8, 128) reduced_q=(1, 8, 128) max_cold_blocks=630
(Worker_TP6 pid=3349473) [IDE_006/TSK_004 cold-path fired pid=3349473] #4/5 need_cold_seqs=1/5 reduced_rows=1/16384 max_cold_blocks=630
(Worker_TP1 pid=3349468) [IDE_006/TSK_004 cold-path fired pid=3349468] #4/5 need_cold_seqs=1/5 reduced_rows=1/16384 max_cold_blocks=630
(Worker_TP0 pid=3349467) [IDE_006/TSK_004 cold-path fired pid=3349467] #4/5 need_cold_seqs=1/5 reduced_rows=1/16384 max_cold_blocks=630
(Worker_TP2 pid=3349469) [IDE_006/TSK_004 cold-path fired pid=3349469] #4/5 need_cold_seqs=1/5 reduced_rows=1/16384 max_cold_blocks=630
(Worker_TP4 pid=3349471) [IDE_006/TSK_004 cold-path fired pid=3349471] #4/5 need_cold_seqs=1/5 reduced_rows=1/16384 max_cold_blocks=630
(Worker_TP7 pid=3349474) [IDE_006/TSK_004 cold-path fired pid=3349474] #4/5 need_cold_seqs=1/5 reduced_rows=1/16384 max_cold_blocks=630
(Worker_TP5 pid=3349472) [IDE_006/TSK_004 cold-path fired pid=3349472] #4/5 need_cold_seqs=1/5 reduced_rows=1/16384 max_cold_blocks=630
(Worker_TP3 pid=3349470) [IDE_006/TSK_004 cold-path fired pid=3349470] #4/5 need_cold_seqs=1/5 reduced_rows=1/16384 max_cold_blocks=630
(Worker_TP0 pid=3349467) [IDE_006/TSK_004 profile pid=3349467 kernel=forward_partial_with_lse_amx] prep_ms=0.00 kernel_ms=8.42 q.shape=(1, 8, 128) n_seqs=1 max_cbl=630
(Worker_TP0 pid=3349467) [IDE_006/TSK_004 profile pid=3349467 stage=hot_cold] d2h_ms=0.36 kernel_ms=8.52 h2d_ms=0.50 merge_ms=0.15 total_ms=9.53 q.shape=(16384, 8, 128) reduced_q=(1, 8, 128) max_cold_blocks=630
(Worker_TP6 pid=3349473) [IDE_006/TSK_004 profile pid=3349473 kernel=forward_partial_with_lse_amx] prep_ms=0.00 kernel_ms=9.65 q.shape=(1, 8, 128) n_seqs=1 max_cbl=630
(Worker_TP3 pid=3349470) [IDE_006/TSK_004 profile pid=3349470 kernel=forward_partial_with_lse_amx] prep_ms=0.00 kernel_ms=9.53 q.shape=(1, 8, 128) n_seqs=1 max_cbl=630
(Worker_TP1 pid=3349468) [IDE_006/TSK_004 profile pid=3349468 kernel=forward_partial_with_lse_amx] prep_ms=0.00 kernel_ms=9.90 q.shape=(1, 8, 128) n_seqs=1 max_cbl=630
(Worker_TP2 pid=3349469) [IDE_006/TSK_004 profile pid=3349469 kernel=forward_partial_with_lse_amx] prep_ms=0.00 kernel_ms=10.23 q.shape=(1, 8, 128) n_seqs=1 max_cbl=630
(Worker_TP7 pid=3349474) [IDE_006/TSK_004 profile pid=3349474 kernel=forward_partial_with_lse_amx] prep_ms=0.01 kernel_ms=9.88 q.shape=(1, 8, 128) n_seqs=1 max_cbl=630
(Worker_TP6 pid=3349473) [IDE_006/TSK_004 profile pid=3349473 stage=hot_cold] d2h_ms=0.37 kernel_ms=9.78 h2d_ms=0.48 merge_ms=0.17 total_ms=10.79 q.shape=(16384, 8, 128) reduced_q=(1, 8, 128) max_cold_blocks=630
(Worker_TP3 pid=3349470) [IDE_006/TSK_004 profile pid=3349470 stage=hot_cold] d2h_ms=0.63 kernel_ms=9.63 h2d_ms=0.55 merge_ms=0.16 total_ms=10.97 q.shape=(16384, 8, 128) reduced_q=(1, 8, 128) max_cold_blocks=630
(Worker_TP1 pid=3349468) [IDE_006/TSK_004 profile pid=3349468 stage=hot_cold] d2h_ms=0.34 kernel_ms=10.02 h2d_ms=0.62 merge_ms=0.16 total_ms=11.13 q.shape=(16384, 8, 128) reduced_q=(1, 8, 128) max_cold_blocks=630
(Worker_TP2 pid=3349469) [IDE_006/TSK_004 profile pid=3349469 stage=hot_cold] d2h_ms=0.40 kernel_ms=10.34 h2d_ms=0.55 merge_ms=0.16 total_ms=11.44 q.shape=(16384, 8, 128) reduced_q=(1, 8, 128) max_cold_blocks=630
(Worker_TP7 pid=3349474) [IDE_006/TSK_004 profile pid=3349474 stage=hot_cold] d2h_ms=0.70 kernel_ms=10.06 h2d_ms=0.56 merge_ms=0.15 total_ms=11.47 q.shape=(16384, 8, 128) reduced_q=(1, 8, 128) max_cold_blocks=630
(Worker_TP5 pid=3349472) [IDE_006/TSK_004 profile pid=3349472 kernel=forward_partial_with_lse_amx] prep_ms=0.01 kernel_ms=11.12 q.shape=(1, 8, 128) n_seqs=1 max_cbl=630
(Worker_TP5 pid=3349472) [IDE_006/TSK_004 profile pid=3349472 stage=hot_cold] d2h_ms=0.72 kernel_ms=11.29 h2d_ms=0.62 merge_ms=0.26 total_ms=12.89 q.shape=(16384, 8, 128) reduced_q=(1, 8, 128) max_cold_blocks=630
(Worker_TP4 pid=3349471) [IDE_006/TSK_004 profile pid=3349471 kernel=forward_partial_with_lse_amx] prep_ms=0.01 kernel_ms=12.95 q.shape=(1, 8, 128) n_seqs=1 max_cbl=630
(Worker_TP4 pid=3349471) [IDE_006/TSK_004 profile pid=3349471 stage=hot_cold] d2h_ms=0.67 kernel_ms=13.17 h2d_ms=0.51 merge_ms=0.15 total_ms=14.49 q.shape=(16384, 8, 128) reduced_q=(1, 8, 128) max_cold_blocks=630
(Worker_TP3 pid=3349470) [IDE_006/TSK_004 cold-path fired pid=3349470] #5/5 need_cold_seqs=1/5 reduced_rows=1/16384 max_cold_blocks=630
(Worker_TP0 pid=3349467) [IDE_006/TSK_004 cold-path fired pid=3349467] #5/5 need_cold_seqs=1/5 reduced_rows=1/16384 max_cold_blocks=630
(Worker_TP1 pid=3349468) [IDE_006/TSK_004 cold-path fired pid=3349468] #5/5 need_cold_seqs=1/5 reduced_rows=1/16384 max_cold_blocks=630
(Worker_TP6 pid=3349473) [IDE_006/TSK_004 cold-path fired pid=3349473] #5/5 need_cold_seqs=1/5 reduced_rows=1/16384 max_cold_blocks=630
(Worker_TP2 pid=3349469) [IDE_006/TSK_004 cold-path fired pid=3349469] #5/5 need_cold_seqs=1/5 reduced_rows=1/16384 max_cold_blocks=630
(Worker_TP4 pid=3349471) [IDE_006/TSK_004 cold-path fired pid=3349471] #5/5 need_cold_seqs=1/5 reduced_rows=1/16384 max_cold_blocks=630
(Worker_TP5 pid=3349472) [IDE_006/TSK_004 cold-path fired pid=3349472] #5/5 need_cold_seqs=1/5 reduced_rows=1/16384 max_cold_blocks=630
(Worker_TP7 pid=3349474) [IDE_006/TSK_004 cold-path fired pid=3349474] #5/5 need_cold_seqs=1/5 reduced_rows=1/16384 max_cold_blocks=630
(Worker_TP0 pid=3349467) [IDE_006/TSK_004 profile pid=3349467 kernel=forward_partial_with_lse_amx] prep_ms=0.00 kernel_ms=1.95 q.shape=(1, 8, 128) n_seqs=1 max_cbl=630
(Worker_TP4 pid=3349471) [IDE_006/TSK_004 profile pid=3349471 kernel=forward_partial_with_lse_amx] prep_ms=0.00 kernel_ms=1.98 q.shape=(1, 8, 128) n_seqs=1 max_cbl=630
(Worker_TP2 pid=3349469) [IDE_006/TSK_004 profile pid=3349469 kernel=forward_partial_with_lse_amx] prep_ms=0.00 kernel_ms=1.98 q.shape=(1, 8, 128) n_seqs=1 max_cbl=630
(Worker_TP3 pid=3349470) [IDE_006/TSK_004 profile pid=3349470 kernel=forward_partial_with_lse_amx] prep_ms=0.00 kernel_ms=2.03 q.shape=(1, 8, 128) n_seqs=1 max_cbl=630
(Worker_TP5 pid=3349472) [IDE_006/TSK_004 profile pid=3349472 kernel=forward_partial_with_lse_amx] prep_ms=0.00 kernel_ms=2.03 q.shape=(1, 8, 128) n_seqs=1 max_cbl=630
(Worker_TP7 pid=3349474) [IDE_006/TSK_004 profile pid=3349474 kernel=forward_partial_with_lse_amx] prep_ms=0.00 kernel_ms=2.00 q.shape=(1, 8, 128) n_seqs=1 max_cbl=630
(Worker_TP0 pid=3349467) [IDE_006/TSK_004 profile pid=3349467 stage=hot_cold] d2h_ms=0.31 kernel_ms=2.09 h2d_ms=0.50 merge_ms=0.15 total_ms=3.06 q.shape=(16384, 8, 128) reduced_q=(1, 8, 128) max_cold_blocks=630
(Worker_TP2 pid=3349469) [IDE_006/TSK_004 profile pid=3349469 stage=hot_cold] d2h_ms=0.36 kernel_ms=2.07 h2d_ms=0.52 merge_ms=0.15 total_ms=3.11 q.shape=(16384, 8, 128) reduced_q=(1, 8, 128) max_cold_blocks=630
(Worker_TP3 pid=3349470) [IDE_006/TSK_004 profile pid=3349470 stage=hot_cold] d2h_ms=0.34 kernel_ms=2.12 h2d_ms=0.51 merge_ms=0.15 total_ms=3.13 q.shape=(16384, 8, 128) reduced_q=(1, 8, 128) max_cold_blocks=630
(Worker_TP4 pid=3349471) [IDE_006/TSK_004 profile pid=3349471 stage=hot_cold] d2h_ms=0.32 kernel_ms=2.14 h2d_ms=0.51 merge_ms=0.15 total_ms=3.12 q.shape=(16384, 8, 128) reduced_q=(1, 8, 128) max_cold_blocks=630
(Worker_TP5 pid=3349472) [IDE_006/TSK_004 profile pid=3349472 stage=hot_cold] d2h_ms=0.50 kernel_ms=2.14 h2d_ms=0.58 merge_ms=0.23 total_ms=3.44 q.shape=(16384, 8, 128) reduced_q=(1, 8, 128) max_cold_blocks=630
(Worker_TP7 pid=3349474) [IDE_006/TSK_004 profile pid=3349474 stage=hot_cold] d2h_ms=0.51 kernel_ms=2.09 h2d_ms=0.58 merge_ms=0.23 total_ms=3.41 q.shape=(16384, 8, 128) reduced_q=(1, 8, 128) max_cold_blocks=630
(Worker_TP1 pid=3349468) [IDE_006/TSK_004 profile pid=3349468 kernel=forward_partial_with_lse_amx] prep_ms=0.00 kernel_ms=3.12 q.shape=(1, 8, 128) n_seqs=1 max_cbl=630
(Worker_TP1 pid=3349468) [IDE_006/TSK_004 profile pid=3349468 stage=hot_cold] d2h_ms=0.34 kernel_ms=3.27 h2d_ms=0.54 merge_ms=0.15 total_ms=4.31 q.shape=(16384, 8, 128) reduced_q=(1, 8, 128) max_cold_blocks=630
(Worker_TP6 pid=3349473) [IDE_006/TSK_004 profile pid=3349473 kernel=forward_partial_with_lse_amx] prep_ms=0.00 kernel_ms=8.43 q.shape=(1, 8, 128) n_seqs=1 max_cbl=630
(Worker_TP6 pid=3349473) [IDE_006/TSK_004 profile pid=3349473 stage=hot_cold] d2h_ms=0.33 kernel_ms=8.59 h2d_ms=0.51 merge_ms=0.15 total_ms=9.58 q.shape=(16384, 8, 128) reduced_q=(1, 8, 128) max_cold_blocks=630
(Worker_TP2 pid=3349469) [IDE_006/TSK_004 profile pid=3349469 kernel=forward_partial_with_lse_amx] prep_ms=0.00 kernel_ms=1.79 q.shape=(1, 8, 128) n_seqs=1 max_cbl=630
(Worker_TP6 pid=3349473) [IDE_006/TSK_004 profile pid=3349473 kernel=forward_partial_with_lse_amx] prep_ms=0.00 kernel_ms=1.94 q.shape=(1, 8, 128) n_seqs=1 max_cbl=630
(Worker_TP3 pid=3349470) [IDE_006/TSK_004 profile pid=3349470 kernel=forward_partial_with_lse_amx] prep_ms=0.00 kernel_ms=1.98 q.shape=(1, 8, 128) n_seqs=1 max_cbl=630
(Worker_TP4 pid=3349471) [IDE_006/TSK_004 profile pid=3349471 kernel=forward_partial_with_lse_amx] prep_ms=0.00 kernel_ms=2.12 q.shape=(1, 8, 128) n_seqs=1 max_cbl=630
(Worker_TP3 pid=3349470) [IDE_006/TSK_004 profile pid=3349470 stage=hot_cold] d2h_ms=0.29 kernel_ms=2.07 h2d_ms=0.49 merge_ms=0.15 total_ms=2.99 q.shape=(16384, 8, 128) reduced_q=(1, 8, 128) max_cold_blocks=630
(Worker_TP6 pid=3349473) [IDE_006/TSK_004 profile pid=3349473 stage=hot_cold] d2h_ms=0.29 kernel_ms=2.04 h2d_ms=0.52 merge_ms=0.14 total_ms=2.99 q.shape=(16384, 8, 128) reduced_q=(1, 8, 128) max_cold_blocks=630
(Worker_TP2 pid=3349469) [IDE_006/TSK_004 profile pid=3349469 stage=hot_cold] d2h_ms=0.41 kernel_ms=1.97 h2d_ms=0.55 merge_ms=0.15 total_ms=3.08 q.shape=(16384, 8, 128) reduced_q=(1, 8, 128) max_cold_blocks=630
(Worker_TP4 pid=3349471) [IDE_006/TSK_004 profile pid=3349471 stage=hot_cold] d2h_ms=0.33 kernel_ms=2.27 h2d_ms=0.50 merge_ms=0.14 total_ms=3.24 q.shape=(16384, 8, 128) reduced_q=(1, 8, 128) max_cold_blocks=630
(Worker_TP1 pid=3349468) [IDE_006/TSK_004 profile pid=3349468 kernel=forward_partial_with_lse_amx] prep_ms=0.00 kernel_ms=7.97 q.shape=(1, 8, 128) n_seqs=1 max_cbl=630
(Worker_TP5 pid=3349472) [IDE_006/TSK_004 profile pid=3349472 kernel=forward_partial_with_lse_amx] prep_ms=0.01 kernel_ms=7.82 q.shape=(1, 8, 128) n_seqs=1 max_cbl=630
(Worker_TP5 pid=3349472) [IDE_006/TSK_004 profile pid=3349472 stage=hot_cold] d2h_ms=0.45 kernel_ms=7.94 h2d_ms=0.57 merge_ms=0.15 total_ms=9.10 q.shape=(16384, 8, 128) reduced_q=(1, 8, 128) max_cold_blocks=630
(Worker_TP1 pid=3349468) [IDE_006/TSK_004 profile pid=3349468 stage=hot_cold] d2h_ms=0.31 kernel_ms=8.28 h2d_ms=0.55 merge_ms=0.22 total_ms=9.36 q.shape=(16384, 8, 128) reduced_q=(1, 8, 128) max_cold_blocks=630
(Worker_TP0 pid=3349467) [IDE_006/TSK_004 profile pid=3349467 kernel=forward_partial_with_lse_amx] prep_ms=0.00 kernel_ms=9.15 q.shape=(1, 8, 128) n_seqs=1 max_cbl=630
(Worker_TP0 pid=3349467) [IDE_006/TSK_004 profile pid=3349467 stage=hot_cold] d2h_ms=0.28 kernel_ms=9.31 h2d_ms=0.61 merge_ms=0.15 total_ms=10.36 q.shape=(16384, 8, 128) reduced_q=(1, 8, 128) max_cold_blocks=630
(Worker_TP7 pid=3349474) [IDE_006/TSK_004 profile pid=3349474 kernel=forward_partial_with_lse_amx] prep_ms=0.01 kernel_ms=9.87 q.shape=(1, 8, 128) n_seqs=1 max_cbl=630
(Worker_TP7 pid=3349474) [IDE_006/TSK_004 profile pid=3349474 stage=hot_cold] d2h_ms=0.45 kernel_ms=9.99 h2d_ms=0.58 merge_ms=0.15 total_ms=11.17 q.shape=(16384, 8, 128) reduced_q=(1, 8, 128) max_cold_blocks=630
(Worker_TP2 pid=3349469) [IDE_006/TSK_004 profile pid=3349469 kernel=forward_partial_with_lse_amx] prep_ms=0.01 kernel_ms=1.86 q.shape=(1, 8, 128) n_seqs=1 max_cbl=630
(Worker_TP1 pid=3349468) [IDE_006/TSK_004 profile pid=3349468 kernel=forward_partial_with_lse_amx] prep_ms=0.00 kernel_ms=1.99 q.shape=(1, 8, 128) n_seqs=1 max_cbl=630
(Worker_TP6 pid=3349473) [IDE_006/TSK_004 profile pid=3349473 kernel=forward_partial_with_lse_amx] prep_ms=0.00 kernel_ms=2.00 q.shape=(1, 8, 128) n_seqs=1 max_cbl=630
(Worker_TP5 pid=3349472) [IDE_006/TSK_004 profile pid=3349472 kernel=forward_partial_with_lse_amx] prep_ms=0.01 kernel_ms=1.98 q.shape=(1, 8, 128) n_seqs=1 max_cbl=630
(Worker_TP7 pid=3349474) [IDE_006/TSK_004 profile pid=3349474 kernel=forward_partial_with_lse_amx] prep_ms=0.01 kernel_ms=1.98 q.shape=(1, 8, 128) n_seqs=1 max_cbl=630
(Worker_TP1 pid=3349468) [IDE_006/TSK_004 profile pid=3349468 stage=hot_cold] d2h_ms=0.30 kernel_ms=2.09 h2d_ms=0.49 merge_ms=0.14 total_ms=3.02 q.shape=(16384, 8, 128) reduced_q=(1, 8, 128) max_cold_blocks=630
(Worker_TP6 pid=3349473) [IDE_006/TSK_004 profile pid=3349473 stage=hot_cold] d2h_ms=0.31 kernel_ms=2.09 h2d_ms=0.48 merge_ms=0.14 total_ms=3.03 q.shape=(16384, 8, 128) reduced_q=(1, 8, 128) max_cold_blocks=630
(Worker_TP2 pid=3349469) [IDE_006/TSK_004 profile pid=3349469 stage=hot_cold] d2h_ms=0.40 kernel_ms=1.97 h2d_ms=0.55 merge_ms=0.22 total_ms=3.14 q.shape=(16384, 8, 128) reduced_q=(1, 8, 128) max_cold_blocks=630
(Worker_TP5 pid=3349472) [IDE_006/TSK_004 profile pid=3349472 stage=hot_cold] d2h_ms=0.45 kernel_ms=2.14 h2d_ms=0.51 merge_ms=0.25 total_ms=3.36 q.shape=(16384, 8, 128) reduced_q=(1, 8, 128) max_cold_blocks=630
(Worker_TP7 pid=3349474) [IDE_006/TSK_004 profile pid=3349474 stage=hot_cold] d2h_ms=0.44 kernel_ms=2.08 h2d_ms=0.57 merge_ms=0.25 total_ms=3.35 q.shape=(16384, 8, 128) reduced_q=(1, 8, 128) max_cold_blocks=630
(Worker_TP3 pid=3349470) [IDE_006/TSK_004 profile pid=3349470 kernel=forward_partial_with_lse_amx] prep_ms=0.00 kernel_ms=8.33 q.shape=(1, 8, 128) n_seqs=1 max_cbl=630
(Worker_TP0 pid=3349467) [IDE_006/TSK_004 profile pid=3349467 kernel=forward_partial_with_lse_amx] prep_ms=0.00 kernel_ms=8.31 q.shape=(1, 8, 128) n_seqs=1 max_cbl=630
(Worker_TP4 pid=3349471) [IDE_006/TSK_004 profile pid=3349471 kernel=forward_partial_with_lse_amx] prep_ms=0.00 kernel_ms=8.43 q.shape=(1, 8, 128) n_seqs=1 max_cbl=630
(Worker_TP3 pid=3349470) [IDE_006/TSK_004 profile pid=3349470 stage=hot_cold] d2h_ms=0.29 kernel_ms=8.43 h2d_ms=0.53 merge_ms=0.15 total_ms=9.40 q.shape=(16384, 8, 128) reduced_q=(1, 8, 128) max_cold_blocks=630
(Worker_TP0 pid=3349467) [IDE_006/TSK_004 profile pid=3349467 stage=hot_cold] d2h_ms=0.31 kernel_ms=8.41 h2d_ms=0.56 merge_ms=0.15 total_ms=9.42 q.shape=(16384, 8, 128) reduced_q=(1, 8, 128) max_cold_blocks=630
(Worker_TP4 pid=3349471) [IDE_006/TSK_004 profile pid=3349471 stage=hot_cold] d2h_ms=0.31 kernel_ms=8.58 h2d_ms=0.54 merge_ms=0.15 total_ms=9.59 q.shape=(16384, 8, 128) reduced_q=(1, 8, 128) max_cold_blocks=630
(Worker_TP6 pid=3349473) [IDE_006/TSK_004 profile pid=3349473 kernel=forward_partial_with_lse_amx] prep_ms=0.00 kernel_ms=1.94 q.shape=(1, 8, 128) n_seqs=1 max_cbl=630
(Worker_TP1 pid=3349468) [IDE_006/TSK_004 profile pid=3349468 kernel=forward_partial_with_lse_amx] prep_ms=0.00 kernel_ms=2.01 q.shape=(1, 8, 128) n_seqs=1 max_cbl=630
(Worker_TP3 pid=3349470) [IDE_006/TSK_004 profile pid=3349470 kernel=forward_partial_with_lse_amx] prep_ms=0.00 kernel_ms=1.99 q.shape=(1, 8, 128) n_seqs=1 max_cbl=630
(Worker_TP2 pid=3349469) [IDE_006/TSK_004 profile pid=3349469 kernel=forward_partial_with_lse_amx] prep_ms=0.01 kernel_ms=2.05 q.shape=(1, 8, 128) n_seqs=1 max_cbl=630
(Worker_TP7 pid=3349474) [IDE_006/TSK_004 profile pid=3349474 kernel=forward_partial_with_lse_amx] prep_ms=0.00 kernel_ms=1.96 q.shape=(1, 8, 128) n_seqs=1 max_cbl=630
(Worker_TP1 pid=3349468) [IDE_006/TSK_004 profile pid=3349468 stage=hot_cold] d2h_ms=0.29 kernel_ms=2.10 h2d_ms=0.48 merge_ms=0.14 total_ms=3.00 q.shape=(16384, 8, 128) reduced_q=(1, 8, 128) max_cold_blocks=630
(Worker_TP6 pid=3349473) [IDE_006/TSK_004 profile pid=3349473 stage=hot_cold] d2h_ms=0.28 kernel_ms=2.12 h2d_ms=0.49 merge_ms=0.14 total_ms=3.03 q.shape=(16384, 8, 128) reduced_q=(1, 8, 128) max_cold_blocks=630
(Worker_TP2 pid=3349469) [IDE_006/TSK_004 profile pid=3349469 stage=hot_cold] d2h_ms=0.37 kernel_ms=2.15 h2d_ms=0.50 merge_ms=0.17 total_ms=3.19 q.shape=(16384, 8, 128) reduced_q=(1, 8, 128) max_cold_blocks=630
(Worker_TP7 pid=3349474) [IDE_006/TSK_004 profile pid=3349474 stage=hot_cold] d2h_ms=0.44 kernel_ms=2.06 h2d_ms=0.50 merge_ms=0.16 total_ms=3.17 q.shape=(16384, 8, 128) reduced_q=(1, 8, 128) max_cold_blocks=630
(Worker_TP3 pid=3349470) [IDE_006/TSK_004 profile pid=3349470 stage=hot_cold] d2h_ms=0.32 kernel_ms=2.31 h2d_ms=0.69 merge_ms=0.20 total_ms=3.52 q.shape=(16384, 8, 128) reduced_q=(1, 8, 128) max_cold_blocks=630
(Worker_TP0 pid=3349467) [IDE_006/TSK_004 profile pid=3349467 kernel=forward_partial_with_lse_amx] prep_ms=0.00 kernel_ms=4.72 q.shape=(1, 8, 128) n_seqs=1 max_cbl=630
