<frozen importlib._bootstrap_external>:1301: FutureWarning: The cuda.cudart module is deprecated and will be removed in a future release, please switch to use the cuda.bindings.runtime module instead.
<frozen importlib._bootstrap_external>:1301: FutureWarning: The cuda.nvrtc module is deprecated and will be removed in a future release, please switch to use the cuda.bindings.nvrtc module instead.
(Worker pid=3361436) <frozen importlib._bootstrap_external>:1301: FutureWarning: The cuda.cudart module is deprecated and will be removed in a future release, please switch to use the cuda.bindings.runtime module instead.
(Worker pid=3361436) <frozen importlib._bootstrap_external>:1301: FutureWarning: The cuda.nvrtc module is deprecated and will be removed in a future release, please switch to use the cuda.bindings.nvrtc module instead.
(Worker pid=3361437) <frozen importlib._bootstrap_external>:1301: FutureWarning: The cuda.cudart module is deprecated and will be removed in a future release, please switch to use the cuda.bindings.runtime module instead.
(Worker pid=3361437) <frozen importlib._bootstrap_external>:1301: FutureWarning: The cuda.nvrtc module is deprecated and will be removed in a future release, please switch to use the cuda.bindings.nvrtc module instead.
(Worker pid=3361438) <frozen importlib._bootstrap_external>:1301: FutureWarning: The cuda.cudart module is deprecated and will be removed in a future release, please switch to use the cuda.bindings.runtime module instead.
(Worker pid=3361443) <frozen importlib._bootstrap_external>:1301: FutureWarning: The cuda.cudart module is deprecated and will be removed in a future release, please switch to use the cuda.bindings.runtime module instead.
(Worker pid=3361438) <frozen importlib._bootstrap_external>:1301: FutureWarning: The cuda.nvrtc module is deprecated and will be removed in a future release, please switch to use the cuda.bindings.nvrtc module instead.
(Worker pid=3361443) <frozen importlib._bootstrap_external>:1301: FutureWarning: The cuda.nvrtc module is deprecated and will be removed in a future release, please switch to use the cuda.bindings.nvrtc module instead.
(Worker pid=3361441) <frozen importlib._bootstrap_external>:1301: FutureWarning: The cuda.cudart module is deprecated and will be removed in a future release, please switch to use the cuda.bindings.runtime module instead.
(Worker pid=3361441) <frozen importlib._bootstrap_external>:1301: FutureWarning: The cuda.nvrtc module is deprecated and will be removed in a future release, please switch to use the cuda.bindings.nvrtc module instead.
(Worker pid=3361439) <frozen importlib._bootstrap_external>:1301: FutureWarning: The cuda.cudart module is deprecated and will be removed in a future release, please switch to use the cuda.bindings.runtime module instead.
(Worker pid=3361440) <frozen importlib._bootstrap_external>:1301: FutureWarning: The cuda.cudart module is deprecated and will be removed in a future release, please switch to use the cuda.bindings.runtime module instead.
(Worker pid=3361439) <frozen importlib._bootstrap_external>:1301: FutureWarning: The cuda.nvrtc module is deprecated and will be removed in a future release, please switch to use the cuda.bindings.nvrtc module instead.
(Worker pid=3361440) <frozen importlib._bootstrap_external>:1301: FutureWarning: The cuda.nvrtc module is deprecated and will be removed in a future release, please switch to use the cuda.bindings.nvrtc module instead.
(Worker pid=3361442) <frozen importlib._bootstrap_external>:1301: FutureWarning: The cuda.cudart module is deprecated and will be removed in a future release, please switch to use the cuda.bindings.runtime module instead.
(Worker pid=3361442) <frozen importlib._bootstrap_external>:1301: FutureWarning: The cuda.nvrtc module is deprecated and will be removed in a future release, please switch to use the cuda.bindings.nvrtc module instead.
(Worker_TP0 pid=3361436) Loading safetensors checkpoint shards:   0% Completed | 0/30 [00:00<?, ?it/s]
(Worker_TP0 pid=3361436) Loading safetensors checkpoint shards:   3% Completed | 1/30 [00:00<00:05,  5.01it/s]
(Worker_TP0 pid=3361436) Loading safetensors checkpoint shards:   7% Completed | 2/30 [00:00<00:06,  4.17it/s]
(Worker_TP0 pid=3361436) Loading safetensors checkpoint shards:  10% Completed | 3/30 [00:00<00:07,  3.53it/s]
(Worker_TP0 pid=3361436) Loading safetensors checkpoint shards:  13% Completed | 4/30 [00:01<00:07,  3.49it/s]
(Worker_TP0 pid=3361436) Loading safetensors checkpoint shards:  17% Completed | 5/30 [00:01<00:06,  3.77it/s]
(Worker_TP0 pid=3361436) Loading safetensors checkpoint shards:  20% Completed | 6/30 [00:01<00:06,  3.82it/s]
(Worker_TP0 pid=3361436) Loading safetensors checkpoint shards:  23% Completed | 7/30 [00:01<00:06,  3.69it/s]
(Worker_TP0 pid=3361436) Loading safetensors checkpoint shards:  27% Completed | 8/30 [00:02<00:06,  3.55it/s]
(Worker_TP0 pid=3361436) Loading safetensors checkpoint shards:  30% Completed | 9/30 [00:02<00:05,  3.52it/s]
(Worker_TP0 pid=3361436) Loading safetensors checkpoint shards:  33% Completed | 10/30 [00:02<00:05,  3.72it/s]
(Worker_TP0 pid=3361436) Loading safetensors checkpoint shards:  37% Completed | 11/30 [00:02<00:05,  3.76it/s]
(Worker_TP0 pid=3361436) Loading safetensors checkpoint shards:  40% Completed | 12/30 [00:03<00:04,  3.75it/s]
(Worker_TP0 pid=3361436) Loading safetensors checkpoint shards:  43% Completed | 13/30 [00:03<00:04,  3.75it/s]
(Worker_TP0 pid=3361436) Loading safetensors checkpoint shards:  47% Completed | 14/30 [00:03<00:04,  3.42it/s]
(Worker_TP0 pid=3361436) Loading safetensors checkpoint shards:  50% Completed | 15/30 [00:04<00:04,  3.40it/s]
(Worker_TP0 pid=3361436) Loading safetensors checkpoint shards:  53% Completed | 16/30 [00:04<00:04,  3.30it/s]
(Worker_TP0 pid=3361436) Loading safetensors checkpoint shards:  57% Completed | 17/30 [00:04<00:03,  3.25it/s]
(Worker_TP0 pid=3361436) Loading safetensors checkpoint shards:  60% Completed | 18/30 [00:05<00:03,  3.36it/s]
(Worker_TP0 pid=3361436) Loading safetensors checkpoint shards:  63% Completed | 19/30 [00:05<00:03,  3.42it/s]
(Worker_TP0 pid=3361436) Loading safetensors checkpoint shards:  67% Completed | 20/30 [00:05<00:02,  3.61it/s]
(Worker_TP0 pid=3361436) Loading safetensors checkpoint shards:  70% Completed | 21/30 [00:05<00:02,  3.68it/s]
(Worker_TP0 pid=3361436) Loading safetensors checkpoint shards:  73% Completed | 22/30 [00:06<00:02,  3.67it/s]
(Worker_TP0 pid=3361436) Loading safetensors checkpoint shards:  77% Completed | 23/30 [00:06<00:01,  3.69it/s]
(Worker_TP0 pid=3361436) Loading safetensors checkpoint shards:  80% Completed | 24/30 [00:06<00:01,  3.67it/s]
(Worker_TP0 pid=3361436) Loading safetensors checkpoint shards:  83% Completed | 25/30 [00:06<00:01,  3.81it/s]
(Worker_TP0 pid=3361436) Loading safetensors checkpoint shards:  87% Completed | 26/30 [00:07<00:01,  3.81it/s]
(Worker_TP0 pid=3361436) Loading safetensors checkpoint shards:  90% Completed | 27/30 [00:07<00:00,  3.75it/s]
(Worker_TP0 pid=3361436) Loading safetensors checkpoint shards:  93% Completed | 28/30 [00:07<00:00,  3.74it/s]
(Worker_TP0 pid=3361436) Loading safetensors checkpoint shards:  97% Completed | 29/30 [00:07<00:00,  3.71it/s]
(Worker_TP0 pid=3361436) Loading safetensors checkpoint shards: 100% Completed | 30/30 [00:08<00:00,  3.72it/s]
(Worker_TP0 pid=3361436) 
(Worker_TP0 pid=3361436) /workspace/vllm_dev_prj/lib/python3.12/site-packages/torch/distributed/c10d_logger.py:83: UserWarning: barrier(): using the device under current context. You can specify `device_id` in `init_process_group` to mute this warning.
(Worker_TP0 pid=3361436)   return func(*args, **kwargs)
(Worker_TP0 pid=3361436) /workspace/vllm_dev_prj/lib/python3.12/site-packages/torch/distributed/c10d_logger.py:83: UserWarning: barrier(): using the device under current context. You can specify `device_id` in `init_process_group` to mute this warning.
(Worker_TP0 pid=3361436)   return func(*args, **kwargs)
(Worker_TP4 pid=3361440) 2026-04-27 08:28:42,481 - INFO - autotuner.py:446 - flashinfer.jit: [Autotuner]: Autotuning process starts ...
(Worker_TP5 pid=3361441) 2026-04-27 08:28:42,481 - INFO - autotuner.py:446 - flashinfer.jit: [Autotuner]: Autotuning process starts ...
(Worker_TP2 pid=3361438) 2026-04-27 08:28:42,481 - INFO - autotuner.py:446 - flashinfer.jit: [Autotuner]: Autotuning process starts ...
(Worker_TP1 pid=3361437) 2026-04-27 08:28:42,483 - INFO - autotuner.py:446 - flashinfer.jit: [Autotuner]: Autotuning process starts ...
(Worker_TP3 pid=3361439) 2026-04-27 08:28:42,483 - INFO - autotuner.py:446 - flashinfer.jit: [Autotuner]: Autotuning process starts ...
(Worker_TP0 pid=3361436) 2026-04-27 08:28:42,483 - INFO - autotuner.py:446 - flashinfer.jit: [Autotuner]: Autotuning process starts ...
(Worker_TP7 pid=3361443) 2026-04-27 08:28:42,484 - INFO - autotuner.py:446 - flashinfer.jit: [Autotuner]: Autotuning process starts ...
(Worker_TP6 pid=3361442) 2026-04-27 08:28:42,484 - INFO - autotuner.py:446 - flashinfer.jit: [Autotuner]: Autotuning process starts ...
(Worker_TP2 pid=3361438) 2026-04-27 08:28:42,611 - INFO - autotuner.py:455 - flashinfer.jit: [Autotuner]: Autotuning process ends
(Worker_TP5 pid=3361441) 2026-04-27 08:28:42,611 - INFO - autotuner.py:455 - flashinfer.jit: [Autotuner]: Autotuning process ends
(Worker_TP1 pid=3361437) 2026-04-27 08:28:42,611 - INFO - autotuner.py:455 - flashinfer.jit: [Autotuner]: Autotuning process ends
(Worker_TP0 pid=3361436) 2026-04-27 08:28:42,611 - INFO - autotuner.py:455 - flashinfer.jit: [Autotuner]: Autotuning process ends
(Worker_TP4 pid=3361440) 2026-04-27 08:28:42,611 - INFO - autotuner.py:455 - flashinfer.jit: [Autotuner]: Autotuning process ends
(Worker_TP3 pid=3361439) 2026-04-27 08:28:42,611 - INFO - autotuner.py:455 - flashinfer.jit: [Autotuner]: Autotuning process ends
(Worker_TP6 pid=3361442) 2026-04-27 08:28:42,611 - INFO - autotuner.py:455 - flashinfer.jit: [Autotuner]: Autotuning process ends
(Worker_TP7 pid=3361443) 2026-04-27 08:28:42,611 - INFO - autotuner.py:455 - flashinfer.jit: [Autotuner]: Autotuning process ends
(Worker_TP0 pid=3361436) Capturing CUDA graphs (mixed prefill-decode, PIECEWISE):   0%|          | 0/51 [00:00<?, ?it/s]Capturing CUDA graphs (mixed prefill-decode, PIECEWISE):   2%|▏         | 1/51 [00:00<00:07,  6.96it/s]Capturing CUDA graphs (mixed prefill-decode, PIECEWISE):   4%|▍         | 2/51 [00:00<00:06,  7.38it/s]Capturing CUDA graphs (mixed prefill-decode, PIECEWISE):   6%|▌         | 3/51 [00:00<00:06,  7.10it/s]Capturing CUDA graphs (mixed prefill-decode, PIECEWISE):   8%|▊         | 4/51 [00:00<00:06,  7.09it/s]Capturing CUDA graphs (mixed prefill-decode, PIECEWISE):  10%|▉         | 5/51 [00:00<00:06,  7.15it/s]Capturing CUDA graphs (mixed prefill-decode, PIECEWISE):  12%|█▏        | 6/51 [00:00<00:06,  6.96it/s]Capturing CUDA graphs (mixed prefill-decode, PIECEWISE):  14%|█▎        | 7/51 [00:01<00:06,  6.82it/s]Capturing CUDA graphs (mixed prefill-decode, PIECEWISE):  16%|█▌        | 8/51 [00:01<00:06,  6.66it/s]Capturing CUDA graphs (mixed prefill-decode, PIECEWISE):  18%|█▊        | 9/51 [00:01<00:06,  6.34it/s]Capturing CUDA graphs (mixed prefill-decode, PIECEWISE):  20%|█▉        | 10/51 [00:01<00:06,  6.22it/s]Capturing CUDA graphs (mixed prefill-decode, PIECEWISE):  22%|██▏       | 11/51 [00:01<00:06,  6.46it/s]Capturing CUDA graphs (mixed prefill-decode, PIECEWISE):  24%|██▎       | 12/51 [00:01<00:06,  6.29it/s]Capturing CUDA graphs (mixed prefill-decode, PIECEWISE):  25%|██▌       | 13/51 [00:01<00:05,  6.41it/s]Capturing CUDA graphs (mixed prefill-decode, PIECEWISE):  27%|██▋       | 14/51 [00:02<00:05,  6.44it/s]Capturing CUDA graphs (mixed prefill-decode, PIECEWISE):  29%|██▉       | 15/51 [00:02<00:05,  6.41it/s]Capturing CUDA graphs (mixed prefill-decode, PIECEWISE):  31%|███▏      | 16/51 [00:02<00:05,  6.28it/s]Capturing CUDA graphs (mixed prefill-decode, PIECEWISE):  33%|███▎      | 17/51 [00:02<00:05,  6.05it/s]Capturing CUDA graphs (mixed prefill-decode, PIECEWISE):  35%|███▌      | 18/51 [00:02<00:05,  5.60it/s]Capturing CUDA graphs (mixed prefill-decode, PIECEWISE):  37%|███▋      | 19/51 [00:02<00:05,  5.81it/s]Capturing CUDA graphs (mixed prefill-decode, PIECEWISE):  39%|███▉      | 20/51 [00:03<00:05,  6.01it/s]Capturing CUDA graphs (mixed prefill-decode, PIECEWISE):  41%|████      | 21/51 [00:03<00:04,  6.10it/s]Capturing CUDA graphs (mixed prefill-decode, PIECEWISE):  43%|████▎     | 22/51 [00:03<00:04,  6.14it/s]Capturing CUDA graphs (mixed prefill-decode, PIECEWISE):  45%|████▌     | 23/51 [00:03<00:04,  6.14it/s]Capturing CUDA graphs (mixed prefill-decode, PIECEWISE):  47%|████▋     | 24/51 [00:03<00:04,  6.05it/s]Capturing CUDA graphs (mixed prefill-decode, PIECEWISE):  49%|████▉     | 25/51 [00:03<00:04,  6.28it/s]Capturing CUDA graphs (mixed prefill-decode, PIECEWISE):  51%|█████     | 26/51 [00:04<00:03,  6.51it/s]Capturing CUDA graphs (mixed prefill-decode, PIECEWISE):  53%|█████▎    | 27/51 [00:04<00:03,  6.24it/s]Capturing CUDA graphs (mixed prefill-decode, PIECEWISE):  55%|█████▍    | 28/51 [00:04<00:03,  6.44it/s]Capturing CUDA graphs (mixed prefill-decode, PIECEWISE):  57%|█████▋    | 29/51 [00:04<00:03,  6.57it/s]Capturing CUDA graphs (mixed prefill-decode, PIECEWISE):  59%|█████▉    | 30/51 [00:04<00:03,  6.73it/s]Capturing CUDA graphs (mixed prefill-decode, PIECEWISE):  61%|██████    | 31/51 [00:04<00:02,  6.73it/s]Capturing CUDA graphs (mixed prefill-decode, PIECEWISE):  63%|██████▎   | 32/51 [00:04<00:02,  6.55it/s]Capturing CUDA graphs (mixed prefill-decode, PIECEWISE):  65%|██████▍   | 33/51 [00:05<00:02,  6.46it/s]Capturing CUDA graphs (mixed prefill-decode, PIECEWISE):  67%|██████▋   | 34/51 [00:05<00:02,  6.54it/s]Capturing CUDA graphs (mixed prefill-decode, PIECEWISE):  69%|██████▊   | 35/51 [00:05<00:02,  6.49it/s]Capturing CUDA graphs (mixed prefill-decode, PIECEWISE):  71%|███████   | 36/51 [00:05<00:02,  6.39it/s]Capturing CUDA graphs (mixed prefill-decode, PIECEWISE):  73%|███████▎  | 37/51 [00:05<00:02,  6.40it/s]Capturing CUDA graphs (mixed prefill-decode, PIECEWISE):  75%|███████▍  | 38/51 [00:05<00:02,  6.43it/s]Capturing CUDA graphs (mixed prefill-decode, PIECEWISE):  76%|███████▋  | 39/51 [00:06<00:01,  6.47it/s]Capturing CUDA graphs (mixed prefill-decode, PIECEWISE):  78%|███████▊  | 40/51 [00:06<00:01,  6.24it/s]Capturing CUDA graphs (mixed prefill-decode, PIECEWISE):  80%|████████  | 41/51 [00:06<00:01,  6.05it/s]Capturing CUDA graphs (mixed prefill-decode, PIECEWISE):  82%|████████▏ | 42/51 [00:06<00:01,  6.14it/s]Capturing CUDA graphs (mixed prefill-decode, PIECEWISE):  84%|████████▍ | 43/51 [00:06<00:01,  6.31it/s]Capturing CUDA graphs (mixed prefill-decode, PIECEWISE):  86%|████████▋ | 44/51 [00:06<00:01,  6.34it/s]Capturing CUDA graphs (mixed prefill-decode, PIECEWISE):  88%|████████▊ | 45/51 [00:07<00:00,  6.25it/s]Capturing CUDA graphs (mixed prefill-decode, PIECEWISE):  90%|█████████ | 46/51 [00:07<00:00,  6.54it/s]Capturing CUDA graphs (mixed prefill-decode, PIECEWISE):  92%|█████████▏| 47/51 [00:07<00:00,  6.82it/s]Capturing CUDA graphs (mixed prefill-decode, PIECEWISE):  94%|█████████▍| 48/51 [00:07<00:00,  6.76it/s]Capturing CUDA graphs (mixed prefill-decode, PIECEWISE):  96%|█████████▌| 49/51 [00:07<00:00,  7.06it/s]Capturing CUDA graphs (mixed prefill-decode, PIECEWISE):  98%|█████████▊| 50/51 [00:07<00:00,  7.27it/s]Capturing CUDA graphs (mixed prefill-decode, PIECEWISE): 100%|██████████| 51/51 [00:07<00:00,  7.19it/s]Capturing CUDA graphs (mixed prefill-decode, PIECEWISE): 100%|██████████| 51/51 [00:07<00:00,  6.48it/s]
(Worker_TP0 pid=3361436) Capturing CUDA graphs (decode, FULL):   0%|          | 0/51 [00:00<?, ?it/s]Capturing CUDA graphs (decode, FULL):   2%|▏         | 1/51 [00:00<00:05,  9.48it/s]Capturing CUDA graphs (decode, FULL):   4%|▍         | 2/51 [00:00<00:05,  9.53it/s]Capturing CUDA graphs (decode, FULL):   6%|▌         | 3/51 [00:00<00:04,  9.69it/s]Capturing CUDA graphs (decode, FULL):   8%|▊         | 4/51 [00:00<00:05,  8.61it/s]Capturing CUDA graphs (decode, FULL):  10%|▉         | 5/51 [00:00<00:05,  7.99it/s]Capturing CUDA graphs (decode, FULL):  12%|█▏        | 6/51 [00:00<00:05,  8.25it/s]Capturing CUDA graphs (decode, FULL):  14%|█▎        | 7/51 [00:00<00:05,  8.62it/s]Capturing CUDA graphs (decode, FULL):  16%|█▌        | 8/51 [00:00<00:04,  8.94it/s]Capturing CUDA graphs (decode, FULL):  18%|█▊        | 9/51 [00:01<00:04,  9.23it/s]Capturing CUDA graphs (decode, FULL):  22%|██▏       | 11/51 [00:01<00:04,  9.69it/s]Capturing CUDA graphs (decode, FULL):  24%|██▎       | 12/51 [00:01<00:04,  9.72it/s]Capturing CUDA graphs (decode, FULL):  27%|██▋       | 14/51 [00:01<00:03,  9.95it/s]Capturing CUDA graphs (decode, FULL):  29%|██▉       | 15/51 [00:01<00:03,  9.89it/s]Capturing CUDA graphs (decode, FULL):  33%|███▎      | 17/51 [00:01<00:03, 10.04it/s]Capturing CUDA graphs (decode, FULL):  35%|███▌      | 18/51 [00:01<00:03,  9.07it/s]Capturing CUDA graphs (decode, FULL):  37%|███▋      | 19/51 [00:02<00:03,  8.71it/s]Capturing CUDA graphs (decode, FULL):  39%|███▉      | 20/51 [00:02<00:03,  8.84it/s]Capturing CUDA graphs (decode, FULL):  41%|████      | 21/51 [00:02<00:03,  9.09it/s]Capturing CUDA graphs (decode, FULL):  45%|████▌     | 23/51 [00:02<00:02,  9.55it/s]Capturing CUDA graphs (decode, FULL):  49%|████▉     | 25/51 [00:02<00:02,  9.85it/s]Capturing CUDA graphs (decode, FULL):  53%|█████▎    | 27/51 [00:02<00:02, 10.06it/s]Capturing CUDA graphs (decode, FULL):  57%|█████▋    | 29/51 [00:03<00:02, 10.13it/s]Capturing CUDA graphs (decode, FULL):  61%|██████    | 31/51 [00:03<00:02,  9.78it/s]Capturing CUDA graphs (decode, FULL):  63%|██████▎   | 32/51 [00:03<00:02,  9.07it/s]Capturing CUDA graphs (decode, FULL):  65%|██████▍   | 33/51 [00:03<00:02,  8.79it/s]Capturing CUDA graphs (decode, FULL):  67%|██████▋   | 34/51 [00:03<00:01,  8.89it/s]Capturing CUDA graphs (decode, FULL):  71%|███████   | 36/51 [00:03<00:01,  9.46it/s]Capturing CUDA graphs (decode, FULL):  75%|███████▍  | 38/51 [00:04<00:01,  9.77it/s]Capturing CUDA graphs (decode, FULL):  76%|███████▋  | 39/51 [00:04<00:01,  8.33it/s]Capturing CUDA graphs (decode, FULL):  78%|███████▊  | 40/51 [00:04<00:01,  7.58it/s]Capturing CUDA graphs (decode, FULL):  80%|████████  | 41/51 [00:04<00:01,  8.00it/s]Capturing CUDA graphs (decode, FULL):  82%|████████▏ | 42/51 [00:04<00:01,  7.99it/s]Capturing CUDA graphs (decode, FULL):  84%|████████▍ | 43/51 [00:04<00:00,  8.33it/s]Capturing CUDA graphs (decode, FULL):  86%|████████▋ | 44/51 [00:04<00:00,  8.54it/s]Capturing CUDA graphs (decode, FULL):  88%|████████▊ | 45/51 [00:04<00:00,  8.51it/s]Capturing CUDA graphs (decode, FULL):  92%|█████████▏| 47/51 [00:05<00:00,  9.75it/s]Capturing CUDA graphs (decode, FULL):  96%|█████████▌| 49/51 [00:05<00:00, 10.47it/s]Capturing CUDA graphs (decode, FULL): 100%|██████████| 51/51 [00:05<00:00, 10.98it/s]Capturing CUDA graphs (decode, FULL): 100%|██████████| 51/51 [00:05<00:00,  9.32it/s]
(EngineCore pid=3361011) <frozen importlib._bootstrap_external>:1301: FutureWarning: The cuda.cudart module is deprecated and will be removed in a future release, please switch to use the cuda.bindings.runtime module instead.
(EngineCore pid=3361011) <frozen importlib._bootstrap_external>:1301: FutureWarning: The cuda.nvrtc module is deprecated and will be removed in a future release, please switch to use the cuda.bindings.nvrtc module instead.
Rendering prompts:   0%|          | 0/50 [00:00<?, ?it/s]Rendering prompts:   6%|▌         | 3/50 [00:00<00:01, 25.60it/s]Rendering prompts:  16%|█▌        | 8/50 [00:00<00:01, 34.67it/s]Rendering prompts:  26%|██▌       | 13/50 [00:00<00:00, 37.93it/s]Rendering prompts:  36%|███▌      | 18/50 [00:00<00:00, 39.42it/s]Rendering prompts:  46%|████▌     | 23/50 [00:00<00:00, 40.10it/s]Rendering prompts:  56%|█████▌    | 28/50 [00:00<00:00, 40.74it/s]Rendering prompts:  66%|██████▌   | 33/50 [00:00<00:00, 40.63it/s]Rendering prompts:  76%|███████▌  | 38/50 [00:00<00:00, 41.10it/s]Rendering prompts:  86%|████████▌ | 43/50 [00:01<00:00, 41.33it/s]Rendering prompts:  96%|█████████▌| 48/50 [00:01<00:00, 41.62it/s]Rendering prompts: 100%|██████████| 50/50 [00:01<00:00, 40.09it/s]
Processed prompts:   0%|          | 0/50 [00:00<?, ?it/s, est. speed input: 0.00 toks/s, output: 0.00 toks/s](Worker_TP4 pid=3361440) [IDE_006/TSK_004 cold-path fired pid=3361440] #1/5 need_cold_seqs=1/5 reduced_rows=1/16384 max_cold_blocks=630
(Worker_TP3 pid=3361439) [IDE_006/TSK_004 cold-path fired pid=3361439] #1/5 need_cold_seqs=1/5 reduced_rows=1/16384 max_cold_blocks=630
(Worker_TP5 pid=3361441) [IDE_006/TSK_004 cold-path fired pid=3361441] #1/5 need_cold_seqs=1/5 reduced_rows=1/16384 max_cold_blocks=630
(Worker_TP6 pid=3361442) [IDE_006/TSK_004 cold-path fired pid=3361442] #1/5 need_cold_seqs=1/5 reduced_rows=1/16384 max_cold_blocks=630
(Worker_TP7 pid=3361443) [IDE_006/TSK_004 cold-path fired pid=3361443] #1/5 need_cold_seqs=1/5 reduced_rows=1/16384 max_cold_blocks=630
(Worker_TP0 pid=3361436) [IDE_006/TSK_004 cold-path fired pid=3361436] #1/5 need_cold_seqs=1/5 reduced_rows=1/16384 max_cold_blocks=630
(Worker_TP2 pid=3361438) [IDE_006/TSK_004 cold-path fired pid=3361438] #1/5 need_cold_seqs=1/5 reduced_rows=1/16384 max_cold_blocks=630
(Worker_TP1 pid=3361437) [IDE_006/TSK_004 cold-path fired pid=3361437] #1/5 need_cold_seqs=1/5 reduced_rows=1/16384 max_cold_blocks=630
(Worker_TP0 pid=3361436) [IDE_006/TSK_004 profile pid=3361436 kernel=forward_partial_with_lse_amx] prep_ms=0.01 kernel_ms=8.98 q.shape=(1, 8, 128) n_seqs=1 max_cbl=630
(Worker_TP0 pid=3361436) [IDE_006/TSK_004 profile pid=3361436 stage=hot_cold] d2h_ms=51.15 kernel_ms=1310.14 h2d_ms=1.55 merge_ms=1.16 total_ms=1364.01 q.shape=(16384, 8, 128) reduced_q=(1, 8, 128) max_cold_blocks=630
(Worker_TP1 pid=3361437) [IDE_006/TSK_004 profile pid=3361437 kernel=forward_partial_with_lse_amx] prep_ms=0.01 kernel_ms=9.57 q.shape=(1, 8, 128) n_seqs=1 max_cbl=630
(Worker_TP1 pid=3361437) [IDE_006/TSK_004 profile pid=3361437 stage=hot_cold] d2h_ms=45.23 kernel_ms=1957.35 h2d_ms=1.11 merge_ms=1.10 total_ms=2004.79 q.shape=(16384, 8, 128) reduced_q=(1, 8, 128) max_cold_blocks=630
(Worker_TP6 pid=3361442) [IDE_006/TSK_004 profile pid=3361442 kernel=forward_partial_with_lse_amx] prep_ms=0.01 kernel_ms=3.11 q.shape=(1, 8, 128) n_seqs=1 max_cbl=630
(Worker_TP6 pid=3361442) [IDE_006/TSK_004 profile pid=3361442 stage=hot_cold] d2h_ms=51.45 kernel_ms=1961.88 h2d_ms=1.22 merge_ms=0.99 total_ms=2015.54 q.shape=(16384, 8, 128) reduced_q=(1, 8, 128) max_cold_blocks=630
(Worker_TP3 pid=3361439) [IDE_006/TSK_004 profile pid=3361439 kernel=forward_partial_with_lse_amx] prep_ms=0.01 kernel_ms=3.52 q.shape=(1, 8, 128) n_seqs=1 max_cbl=630
(Worker_TP3 pid=3361439) [IDE_006/TSK_004 profile pid=3361439 stage=hot_cold] d2h_ms=50.87 kernel_ms=2038.53 h2d_ms=1.33 merge_ms=1.15 total_ms=2091.88 q.shape=(16384, 8, 128) reduced_q=(1, 8, 128) max_cold_blocks=630
(Worker_TP2 pid=3361438) [IDE_006/TSK_004 profile pid=3361438 kernel=forward_partial_with_lse_amx] prep_ms=0.01 kernel_ms=10.55 q.shape=(1, 8, 128) n_seqs=1 max_cbl=630
(Worker_TP2 pid=3361438) [IDE_006/TSK_004 profile pid=3361438 stage=hot_cold] d2h_ms=45.18 kernel_ms=2050.58 h2d_ms=1.22 merge_ms=1.01 total_ms=2097.99 q.shape=(16384, 8, 128) reduced_q=(1, 8, 128) max_cold_blocks=630
(Worker_TP4 pid=3361440) [IDE_006/TSK_004 profile pid=3361440 kernel=forward_partial_with_lse_amx] prep_ms=0.01 kernel_ms=10.13 q.shape=(1, 8, 128) n_seqs=1 max_cbl=630
(Worker_TP4 pid=3361440) [IDE_006/TSK_004 profile pid=3361440 stage=hot_cold] d2h_ms=44.22 kernel_ms=2065.68 h2d_ms=1.04 merge_ms=1.05 total_ms=2112.00 q.shape=(16384, 8, 128) reduced_q=(1, 8, 128) max_cold_blocks=630
(Worker_TP5 pid=3361441) [IDE_006/TSK_004 profile pid=3361441 kernel=forward_partial_with_lse_amx] prep_ms=0.01 kernel_ms=16.78 q.shape=(1, 8, 128) n_seqs=1 max_cbl=630
(Worker_TP5 pid=3361441) [IDE_006/TSK_004 profile pid=3361441 stage=hot_cold] d2h_ms=44.73 kernel_ms=2072.12 h2d_ms=1.02 merge_ms=0.86 total_ms=2118.73 q.shape=(16384, 8, 128) reduced_q=(1, 8, 128) max_cold_blocks=630
(Worker_TP7 pid=3361443) [IDE_006/TSK_004 profile pid=3361443 kernel=forward_partial_with_lse_amx] prep_ms=0.01 kernel_ms=26.25 q.shape=(1, 8, 128) n_seqs=1 max_cbl=630
(Worker_TP7 pid=3361443) [IDE_006/TSK_004 profile pid=3361443 stage=hot_cold] d2h_ms=44.46 kernel_ms=2081.75 h2d_ms=1.02 merge_ms=1.02 total_ms=2128.25 q.shape=(16384, 8, 128) reduced_q=(1, 8, 128) max_cold_blocks=630
(Worker_TP4 pid=3361440) [IDE_006/TSK_004 cold-path fired pid=3361440] #2/5 need_cold_seqs=1/5 reduced_rows=1/16384 max_cold_blocks=630
(Worker_TP5 pid=3361441) [IDE_006/TSK_004 cold-path fired pid=3361441] #2/5 need_cold_seqs=1/5 reduced_rows=1/16384 max_cold_blocks=630
(Worker_TP7 pid=3361443) [IDE_006/TSK_004 cold-path fired pid=3361443] #2/5 need_cold_seqs=1/5 reduced_rows=1/16384 max_cold_blocks=630
(Worker_TP6 pid=3361442) [IDE_006/TSK_004 cold-path fired pid=3361442] #2/5 need_cold_seqs=1/5 reduced_rows=1/16384 max_cold_blocks=630
(Worker_TP2 pid=3361438) [IDE_006/TSK_004 cold-path fired pid=3361438] #2/5 need_cold_seqs=1/5 reduced_rows=1/16384 max_cold_blocks=630
(Worker_TP3 pid=3361439) [IDE_006/TSK_004 cold-path fired pid=3361439] #2/5 need_cold_seqs=1/5 reduced_rows=1/16384 max_cold_blocks=630
(Worker_TP1 pid=3361437) [IDE_006/TSK_004 cold-path fired pid=3361437] #2/5 need_cold_seqs=1/5 reduced_rows=1/16384 max_cold_blocks=630
(Worker_TP0 pid=3361436) [IDE_006/TSK_004 cold-path fired pid=3361436] #2/5 need_cold_seqs=1/5 reduced_rows=1/16384 max_cold_blocks=630
(Worker_TP2 pid=3361438) [IDE_006/TSK_004 profile pid=3361438 kernel=forward_partial_with_lse_amx] prep_ms=0.00 kernel_ms=1.75 q.shape=(1, 8, 128) n_seqs=1 max_cbl=630
(Worker_TP5 pid=3361441) [IDE_006/TSK_004 profile pid=3361441 kernel=forward_partial_with_lse_amx] prep_ms=0.00 kernel_ms=1.94 q.shape=(1, 8, 128) n_seqs=1 max_cbl=630
(Worker_TP4 pid=3361440) [IDE_006/TSK_004 profile pid=3361440 kernel=forward_partial_with_lse_amx] prep_ms=0.00 kernel_ms=1.97 q.shape=(1, 8, 128) n_seqs=1 max_cbl=630
(Worker_TP1 pid=3361437) [IDE_006/TSK_004 profile pid=3361437 kernel=forward_partial_with_lse_amx] prep_ms=0.01 kernel_ms=2.02 q.shape=(1, 8, 128) n_seqs=1 max_cbl=630
(Worker_TP3 pid=3361439) [IDE_006/TSK_004 profile pid=3361439 kernel=forward_partial_with_lse_amx] prep_ms=0.01 kernel_ms=2.01 q.shape=(1, 8, 128) n_seqs=1 max_cbl=630
(Worker_TP0 pid=3361436) [IDE_006/TSK_004 profile pid=3361436 kernel=forward_partial_with_lse_amx] prep_ms=0.01 kernel_ms=1.81 q.shape=(1, 8, 128) n_seqs=1 max_cbl=630
(Worker_TP5 pid=3361441) [IDE_006/TSK_004 profile pid=3361441 stage=hot_cold] d2h_ms=0.34 kernel_ms=2.13 h2d_ms=0.45 merge_ms=0.15 total_ms=3.07 q.shape=(16384, 8, 128) reduced_q=(1, 8, 128) max_cold_blocks=630
(Worker_TP4 pid=3361440) [IDE_006/TSK_004 profile pid=3361440 stage=hot_cold] d2h_ms=0.35 kernel_ms=2.09 h2d_ms=0.55 merge_ms=0.16 total_ms=3.15 q.shape=(16384, 8, 128) reduced_q=(1, 8, 128) max_cold_blocks=630
(Worker_TP2 pid=3361438) [IDE_006/TSK_004 profile pid=3361438 stage=hot_cold] d2h_ms=0.41 kernel_ms=1.94 h2d_ms=0.60 merge_ms=0.20 total_ms=3.15 q.shape=(16384, 8, 128) reduced_q=(1, 8, 128) max_cold_blocks=630
(Worker_TP3 pid=3361439) [IDE_006/TSK_004 profile pid=3361439 stage=hot_cold] d2h_ms=0.49 kernel_ms=2.14 h2d_ms=0.53 merge_ms=0.25 total_ms=3.40 q.shape=(16384, 8, 128) reduced_q=(1, 8, 128) max_cold_blocks=630
(Worker_TP1 pid=3361437) [IDE_006/TSK_004 profile pid=3361437 stage=hot_cold] d2h_ms=0.47 kernel_ms=2.22 h2d_ms=0.63 merge_ms=0.35 total_ms=3.68 q.shape=(16384, 8, 128) reduced_q=(1, 8, 128) max_cold_blocks=630
(Worker_TP0 pid=3361436) [IDE_006/TSK_004 profile pid=3361436 stage=hot_cold] d2h_ms=0.65 kernel_ms=1.98 h2d_ms=0.97 merge_ms=0.32 total_ms=3.92 q.shape=(16384, 8, 128) reduced_q=(1, 8, 128) max_cold_blocks=630
(Worker_TP6 pid=3361442) [IDE_006/TSK_004 profile pid=3361442 kernel=forward_partial_with_lse_amx] prep_ms=0.00 kernel_ms=9.57 q.shape=(1, 8, 128) n_seqs=1 max_cbl=630
(Worker_TP7 pid=3361443) [IDE_006/TSK_004 profile pid=3361443 kernel=forward_partial_with_lse_amx] prep_ms=0.00 kernel_ms=9.60 q.shape=(1, 8, 128) n_seqs=1 max_cbl=630
(Worker_TP6 pid=3361442) [IDE_006/TSK_004 profile pid=3361442 stage=hot_cold] d2h_ms=0.38 kernel_ms=9.75 h2d_ms=0.51 merge_ms=0.17 total_ms=10.82 q.shape=(16384, 8, 128) reduced_q=(1, 8, 128) max_cold_blocks=630
(Worker_TP7 pid=3361443) [IDE_006/TSK_004 profile pid=3361443 stage=hot_cold] d2h_ms=0.33 kernel_ms=9.73 h2d_ms=0.62 merge_ms=0.17 total_ms=10.86 q.shape=(16384, 8, 128) reduced_q=(1, 8, 128) max_cold_blocks=630
(Worker_TP4 pid=3361440) [IDE_006/TSK_004 cold-path fired pid=3361440] #3/5 need_cold_seqs=1/5 reduced_rows=1/16384 max_cold_blocks=630
(Worker_TP5 pid=3361441) [IDE_006/TSK_004 cold-path fired pid=3361441] #3/5 need_cold_seqs=1/5 reduced_rows=1/16384 max_cold_blocks=630
(Worker_TP6 pid=3361442) [IDE_006/TSK_004 cold-path fired pid=3361442] #3/5 need_cold_seqs=1/5 reduced_rows=1/16384 max_cold_blocks=630
(Worker_TP7 pid=3361443) [IDE_006/TSK_004 cold-path fired pid=3361443] #3/5 need_cold_seqs=1/5 reduced_rows=1/16384 max_cold_blocks=630
(Worker_TP2 pid=3361438) [IDE_006/TSK_004 cold-path fired pid=3361438] #3/5 need_cold_seqs=1/5 reduced_rows=1/16384 max_cold_blocks=630
(Worker_TP3 pid=3361439) [IDE_006/TSK_004 cold-path fired pid=3361439] #3/5 need_cold_seqs=1/5 reduced_rows=1/16384 max_cold_blocks=630
(Worker_TP1 pid=3361437) [IDE_006/TSK_004 cold-path fired pid=3361437] #3/5 need_cold_seqs=1/5 reduced_rows=1/16384 max_cold_blocks=630
(Worker_TP0 pid=3361436) [IDE_006/TSK_004 cold-path fired pid=3361436] #3/5 need_cold_seqs=1/5 reduced_rows=1/16384 max_cold_blocks=630
(Worker_TP5 pid=3361441) [IDE_006/TSK_004 profile pid=3361441 kernel=forward_partial_with_lse_amx] prep_ms=0.00 kernel_ms=1.95 q.shape=(1, 8, 128) n_seqs=1 max_cbl=630
(Worker_TP6 pid=3361442) [IDE_006/TSK_004 profile pid=3361442 kernel=forward_partial_with_lse_amx] prep_ms=0.00 kernel_ms=2.09 q.shape=(1, 8, 128) n_seqs=1 max_cbl=630
(Worker_TP4 pid=3361440) [IDE_006/TSK_004 profile pid=3361440 kernel=forward_partial_with_lse_amx] prep_ms=0.00 kernel_ms=2.12 q.shape=(1, 8, 128) n_seqs=1 max_cbl=630
(Worker_TP0 pid=3361436) [IDE_006/TSK_004 profile pid=3361436 kernel=forward_partial_with_lse_amx] prep_ms=0.00 kernel_ms=2.03 q.shape=(1, 8, 128) n_seqs=1 max_cbl=630
(Worker_TP2 pid=3361438) [IDE_006/TSK_004 profile pid=3361438 kernel=forward_partial_with_lse_amx] prep_ms=0.00 kernel_ms=2.03 q.shape=(1, 8, 128) n_seqs=1 max_cbl=630
(Worker_TP1 pid=3361437) [IDE_006/TSK_004 profile pid=3361437 kernel=forward_partial_with_lse_amx] prep_ms=0.00 kernel_ms=2.02 q.shape=(1, 8, 128) n_seqs=1 max_cbl=630
(Worker_TP3 pid=3361439) [IDE_006/TSK_004 profile pid=3361439 kernel=forward_partial_with_lse_amx] prep_ms=0.01 kernel_ms=2.08 q.shape=(1, 8, 128) n_seqs=1 max_cbl=630
(Worker_TP5 pid=3361441) [IDE_006/TSK_004 profile pid=3361441 stage=hot_cold] d2h_ms=0.32 kernel_ms=2.06 h2d_ms=0.46 merge_ms=0.17 total_ms=3.00 q.shape=(16384, 8, 128) reduced_q=(1, 8, 128) max_cold_blocks=630
(Worker_TP4 pid=3361440) [IDE_006/TSK_004 profile pid=3361440 stage=hot_cold] d2h_ms=0.31 kernel_ms=2.21 h2d_ms=0.41 merge_ms=0.14 total_ms=3.07 q.shape=(16384, 8, 128) reduced_q=(1, 8, 128) max_cold_blocks=630
(Worker_TP6 pid=3361442) [IDE_006/TSK_004 profile pid=3361442 stage=hot_cold] d2h_ms=0.30 kernel_ms=2.23 h2d_ms=0.43 merge_ms=0.17 total_ms=3.14 q.shape=(16384, 8, 128) reduced_q=(1, 8, 128) max_cold_blocks=630
(Worker_TP3 pid=3361439) [IDE_006/TSK_004 profile pid=3361439 stage=hot_cold] d2h_ms=0.42 kernel_ms=2.17 h2d_ms=0.45 merge_ms=0.27 total_ms=3.31 q.shape=(16384, 8, 128) reduced_q=(1, 8, 128) max_cold_blocks=630
(Worker_TP0 pid=3361436) [IDE_006/TSK_004 profile pid=3361436 stage=hot_cold] d2h_ms=0.42 kernel_ms=2.21 h2d_ms=0.45 merge_ms=0.24 total_ms=3.32 q.shape=(16384, 8, 128) reduced_q=(1, 8, 128) max_cold_blocks=630
(Worker_TP1 pid=3361437) [IDE_006/TSK_004 profile pid=3361437 stage=hot_cold] d2h_ms=0.42 kernel_ms=2.13 h2d_ms=0.52 merge_ms=0.26 total_ms=3.34 q.shape=(16384, 8, 128) reduced_q=(1, 8, 128) max_cold_blocks=630
(Worker_TP2 pid=3361438) [IDE_006/TSK_004 profile pid=3361438 stage=hot_cold] d2h_ms=0.42 kernel_ms=2.13 h2d_ms=0.47 merge_ms=0.70 total_ms=3.72 q.shape=(16384, 8, 128) reduced_q=(1, 8, 128) max_cold_blocks=630
(Worker_TP7 pid=3361443) [IDE_006/TSK_004 profile pid=3361443 kernel=forward_partial_with_lse_amx] prep_ms=0.00 kernel_ms=10.32 q.shape=(1, 8, 128) n_seqs=1 max_cbl=630
(Worker_TP7 pid=3361443) [IDE_006/TSK_004 profile pid=3361443 stage=hot_cold] d2h_ms=0.30 kernel_ms=10.45 h2d_ms=0.61 merge_ms=0.17 total_ms=11.52 q.shape=(16384, 8, 128) reduced_q=(1, 8, 128) max_cold_blocks=630
(Worker_TP4 pid=3361440) [IDE_006/TSK_004 cold-path fired pid=3361440] #4/5 need_cold_seqs=1/5 reduced_rows=1/16384 max_cold_blocks=630
(Worker_TP6 pid=3361442) [IDE_006/TSK_004 cold-path fired pid=3361442] #4/5 need_cold_seqs=1/5 reduced_rows=1/16384 max_cold_blocks=630
(Worker_TP7 pid=3361443) [IDE_006/TSK_004 cold-path fired pid=3361443] #4/5 need_cold_seqs=1/5 reduced_rows=1/16384 max_cold_blocks=630
(Worker_TP5 pid=3361441) [IDE_006/TSK_004 cold-path fired pid=3361441] #4/5 need_cold_seqs=1/5 reduced_rows=1/16384 max_cold_blocks=630
(Worker_TP2 pid=3361438) [IDE_006/TSK_004 cold-path fired pid=3361438] #4/5 need_cold_seqs=1/5 reduced_rows=1/16384 max_cold_blocks=630
(Worker_TP0 pid=3361436) [IDE_006/TSK_004 cold-path fired pid=3361436] #4/5 need_cold_seqs=1/5 reduced_rows=1/16384 max_cold_blocks=630
(Worker_TP3 pid=3361439) [IDE_006/TSK_004 cold-path fired pid=3361439] #4/5 need_cold_seqs=1/5 reduced_rows=1/16384 max_cold_blocks=630
(Worker_TP1 pid=3361437) [IDE_006/TSK_004 cold-path fired pid=3361437] #4/5 need_cold_seqs=1/5 reduced_rows=1/16384 max_cold_blocks=630
(Worker_TP4 pid=3361440) [IDE_006/TSK_004 profile pid=3361440 kernel=forward_partial_with_lse_amx] prep_ms=0.00 kernel_ms=1.45 q.shape=(1, 8, 128) n_seqs=1 max_cbl=630
(Worker_TP6 pid=3361442) [IDE_006/TSK_004 profile pid=3361442 kernel=forward_partial_with_lse_amx] prep_ms=0.00 kernel_ms=1.47 q.shape=(1, 8, 128) n_seqs=1 max_cbl=630
(Worker_TP7 pid=3361443) [IDE_006/TSK_004 profile pid=3361443 kernel=forward_partial_with_lse_amx] prep_ms=0.00 kernel_ms=1.88 q.shape=(1, 8, 128) n_seqs=1 max_cbl=630
(Worker_TP5 pid=3361441) [IDE_006/TSK_004 profile pid=3361441 kernel=forward_partial_with_lse_amx] prep_ms=0.00 kernel_ms=1.91 q.shape=(1, 8, 128) n_seqs=1 max_cbl=630
(Worker_TP4 pid=3361440) [IDE_006/TSK_004 profile pid=3361440 stage=hot_cold] d2h_ms=0.26 kernel_ms=1.60 h2d_ms=0.42 merge_ms=0.14 total_ms=2.42 q.shape=(16384, 8, 128) reduced_q=(1, 8, 128) max_cold_blocks=630
(Worker_TP0 pid=3361436) [IDE_006/TSK_004 profile pid=3361436 kernel=forward_partial_with_lse_amx] prep_ms=0.00 kernel_ms=1.97 q.shape=(1, 8, 128) n_seqs=1 max_cbl=630
(Worker_TP6 pid=3361442) [IDE_006/TSK_004 profile pid=3361442 stage=hot_cold] d2h_ms=0.30 kernel_ms=1.61 h2d_ms=0.45 merge_ms=0.15 total_ms=2.51 q.shape=(16384, 8, 128) reduced_q=(1, 8, 128) max_cold_blocks=630
(Worker_TP1 pid=3361437) [IDE_006/TSK_004 profile pid=3361437 kernel=forward_partial_with_lse_amx] prep_ms=0.00 kernel_ms=2.02 q.shape=(1, 8, 128) n_seqs=1 max_cbl=630
(Worker_TP3 pid=3361439) [IDE_006/TSK_004 profile pid=3361439 kernel=forward_partial_with_lse_amx] prep_ms=0.00 kernel_ms=2.02 q.shape=(1, 8, 128) n_seqs=1 max_cbl=630
(Worker_TP5 pid=3361441) [IDE_006/TSK_004 profile pid=3361441 stage=hot_cold] d2h_ms=0.34 kernel_ms=1.99 h2d_ms=0.41 merge_ms=0.14 total_ms=2.88 q.shape=(16384, 8, 128) reduced_q=(1, 8, 128) max_cold_blocks=630
(Worker_TP7 pid=3361443) [IDE_006/TSK_004 profile pid=3361443 stage=hot_cold] d2h_ms=0.29 kernel_ms=2.04 h2d_ms=0.48 merge_ms=0.15 total_ms=2.96 q.shape=(16384, 8, 128) reduced_q=(1, 8, 128) max_cold_blocks=630
(Worker_TP0 pid=3361436) [IDE_006/TSK_004 profile pid=3361436 stage=hot_cold] d2h_ms=0.39 kernel_ms=2.14 h2d_ms=0.49 merge_ms=0.21 total_ms=3.23 q.shape=(16384, 8, 128) reduced_q=(1, 8, 128) max_cold_blocks=630
(Worker_TP3 pid=3361439) [IDE_006/TSK_004 profile pid=3361439 stage=hot_cold] d2h_ms=0.42 kernel_ms=2.12 h2d_ms=0.47 merge_ms=0.27 total_ms=3.29 q.shape=(16384, 8, 128) reduced_q=(1, 8, 128) max_cold_blocks=630
(Worker_TP1 pid=3361437) [IDE_006/TSK_004 profile pid=3361437 stage=hot_cold] d2h_ms=0.43 kernel_ms=2.12 h2d_ms=0.47 merge_ms=0.27 total_ms=3.29 q.shape=(16384, 8, 128) reduced_q=(1, 8, 128) max_cold_blocks=630
(Worker_TP2 pid=3361438) [IDE_006/TSK_004 profile pid=3361438 kernel=forward_partial_with_lse_amx] prep_ms=0.00 kernel_ms=5.98 q.shape=(1, 8, 128) n_seqs=1 max_cbl=630
(Worker_TP2 pid=3361438) [IDE_006/TSK_004 profile pid=3361438 stage=hot_cold] d2h_ms=0.40 kernel_ms=6.14 h2d_ms=0.47 merge_ms=0.19 total_ms=7.20 q.shape=(16384, 8, 128) reduced_q=(1, 8, 128) max_cold_blocks=630
(Worker_TP4 pid=3361440) [IDE_006/TSK_004 cold-path fired pid=3361440] #5/5 need_cold_seqs=1/5 reduced_rows=1/16384 max_cold_blocks=630
(Worker_TP6 pid=3361442) [IDE_006/TSK_004 cold-path fired pid=3361442] #5/5 need_cold_seqs=1/5 reduced_rows=1/16384 max_cold_blocks=630
(Worker_TP5 pid=3361441) [IDE_006/TSK_004 cold-path fired pid=3361441] #5/5 need_cold_seqs=1/5 reduced_rows=1/16384 max_cold_blocks=630
(Worker_TP7 pid=3361443) [IDE_006/TSK_004 cold-path fired pid=3361443] #5/5 need_cold_seqs=1/5 reduced_rows=1/16384 max_cold_blocks=630
(Worker_TP2 pid=3361438) [IDE_006/TSK_004 cold-path fired pid=3361438] #5/5 need_cold_seqs=1/5 reduced_rows=1/16384 max_cold_blocks=630
(Worker_TP0 pid=3361436) [IDE_006/TSK_004 cold-path fired pid=3361436] #5/5 need_cold_seqs=1/5 reduced_rows=1/16384 max_cold_blocks=630
(Worker_TP1 pid=3361437) [IDE_006/TSK_004 cold-path fired pid=3361437] #5/5 need_cold_seqs=1/5 reduced_rows=1/16384 max_cold_blocks=630
(Worker_TP3 pid=3361439) [IDE_006/TSK_004 cold-path fired pid=3361439] #5/5 need_cold_seqs=1/5 reduced_rows=1/16384 max_cold_blocks=630
(Worker_TP7 pid=3361443) [IDE_006/TSK_004 profile pid=3361443 kernel=forward_partial_with_lse_amx] prep_ms=0.00 kernel_ms=1.90 q.shape=(1, 8, 128) n_seqs=1 max_cbl=630
(Worker_TP5 pid=3361441) [IDE_006/TSK_004 profile pid=3361441 kernel=forward_partial_with_lse_amx] prep_ms=0.00 kernel_ms=1.91 q.shape=(1, 8, 128) n_seqs=1 max_cbl=630
(Worker_TP2 pid=3361438) [IDE_006/TSK_004 profile pid=3361438 kernel=forward_partial_with_lse_amx] prep_ms=0.00 kernel_ms=1.89 q.shape=(1, 8, 128) n_seqs=1 max_cbl=630
(Worker_TP6 pid=3361442) [IDE_006/TSK_004 profile pid=3361442 kernel=forward_partial_with_lse_amx] prep_ms=0.00 kernel_ms=2.02 q.shape=(1, 8, 128) n_seqs=1 max_cbl=630
(Worker_TP0 pid=3361436) [IDE_006/TSK_004 profile pid=3361436 kernel=forward_partial_with_lse_amx] prep_ms=0.00 kernel_ms=1.88 q.shape=(1, 8, 128) n_seqs=1 max_cbl=630
(Worker_TP3 pid=3361439) [IDE_006/TSK_004 profile pid=3361439 kernel=forward_partial_with_lse_amx] prep_ms=0.00 kernel_ms=1.91 q.shape=(1, 8, 128) n_seqs=1 max_cbl=630
(Worker_TP4 pid=3361440) [IDE_006/TSK_004 profile pid=3361440 kernel=forward_partial_with_lse_amx] prep_ms=0.00 kernel_ms=2.28 q.shape=(1, 8, 128) n_seqs=1 max_cbl=630
(Worker_TP5 pid=3361441) [IDE_006/TSK_004 profile pid=3361441 stage=hot_cold] d2h_ms=0.30 kernel_ms=2.00 h2d_ms=0.42 merge_ms=0.14 total_ms=2.86 q.shape=(16384, 8, 128) reduced_q=(1, 8, 128) max_cold_blocks=630
(Worker_TP7 pid=3361443) [IDE_006/TSK_004 profile pid=3361443 stage=hot_cold] d2h_ms=0.27 kernel_ms=2.00 h2d_ms=0.45 merge_ms=0.14 total_ms=2.86 q.shape=(16384, 8, 128) reduced_q=(1, 8, 128) max_cold_blocks=630
(Worker_TP6 pid=3361442) [IDE_006/TSK_004 profile pid=3361442 stage=hot_cold] d2h_ms=0.26 kernel_ms=2.11 h2d_ms=0.45 merge_ms=0.15 total_ms=2.97 q.shape=(16384, 8, 128) reduced_q=(1, 8, 128) max_cold_blocks=630
(Worker_TP3 pid=3361439) [IDE_006/TSK_004 profile pid=3361439 stage=hot_cold] d2h_ms=0.42 kernel_ms=2.04 h2d_ms=0.43 merge_ms=0.15 total_ms=3.05 q.shape=(16384, 8, 128) reduced_q=(1, 8, 128) max_cold_blocks=630
(Worker_TP2 pid=3361438) [IDE_006/TSK_004 profile pid=3361438 stage=hot_cold] d2h_ms=0.35 kernel_ms=2.00 h2d_ms=0.50 merge_ms=0.23 total_ms=3.08 q.shape=(16384, 8, 128) reduced_q=(1, 8, 128) max_cold_blocks=630
(Worker_TP4 pid=3361440) [IDE_006/TSK_004 profile pid=3361440 stage=hot_cold] d2h_ms=0.26 kernel_ms=2.37 h2d_ms=0.39 merge_ms=0.14 total_ms=3.16 q.shape=(16384, 8, 128) reduced_q=(1, 8, 128) max_cold_blocks=630
(Worker_TP0 pid=3361436) [IDE_006/TSK_004 profile pid=3361436 stage=hot_cold] d2h_ms=0.40 kernel_ms=1.97 h2d_ms=0.48 merge_ms=0.28 total_ms=3.13 q.shape=(16384, 8, 128) reduced_q=(1, 8, 128) max_cold_blocks=630
(Worker_TP1 pid=3361437) [IDE_006/TSK_004 profile pid=3361437 kernel=forward_partial_with_lse_amx] prep_ms=0.00 kernel_ms=7.98 q.shape=(1, 8, 128) n_seqs=1 max_cbl=630
(Worker_TP1 pid=3361437) [IDE_006/TSK_004 profile pid=3361437 stage=hot_cold] d2h_ms=0.43 kernel_ms=8.18 h2d_ms=0.50 merge_ms=0.16 total_ms=9.26 q.shape=(16384, 8, 128) reduced_q=(1, 8, 128) max_cold_blocks=630
(Worker_TP5 pid=3361441) [IDE_006/TSK_004 profile pid=3361441 kernel=forward_partial_with_lse_amx] prep_ms=0.00 kernel_ms=1.93 q.shape=(1, 8, 128) n_seqs=1 max_cbl=630
(Worker_TP7 pid=3361443) [IDE_006/TSK_004 profile pid=3361443 kernel=forward_partial_with_lse_amx] prep_ms=0.00 kernel_ms=1.95 q.shape=(1, 8, 128) n_seqs=1 max_cbl=630
(Worker_TP6 pid=3361442) [IDE_006/TSK_004 profile pid=3361442 kernel=forward_partial_with_lse_amx] prep_ms=0.00 kernel_ms=2.06 q.shape=(1, 8, 128) n_seqs=1 max_cbl=630
(Worker_TP4 pid=3361440) [IDE_006/TSK_004 profile pid=3361440 kernel=forward_partial_with_lse_amx] prep_ms=0.00 kernel_ms=2.07 q.shape=(1, 8, 128) n_seqs=1 max_cbl=630
(Worker_TP3 pid=3361439) [IDE_006/TSK_004 profile pid=3361439 kernel=forward_partial_with_lse_amx] prep_ms=0.00 kernel_ms=1.94 q.shape=(1, 8, 128) n_seqs=1 max_cbl=630
(Worker_TP1 pid=3361437) [IDE_006/TSK_004 profile pid=3361437 kernel=forward_partial_with_lse_amx] prep_ms=0.00 kernel_ms=1.99 q.shape=(1, 8, 128) n_seqs=1 max_cbl=630
(Worker_TP0 pid=3361436) [IDE_006/TSK_004 profile pid=3361436 kernel=forward_partial_with_lse_amx] prep_ms=0.00 kernel_ms=2.00 q.shape=(1, 8, 128) n_seqs=1 max_cbl=630
(Worker_TP2 pid=3361438) [IDE_006/TSK_004 profile pid=3361438 kernel=forward_partial_with_lse_amx] prep_ms=0.00 kernel_ms=2.20 q.shape=(1, 8, 128) n_seqs=1 max_cbl=630
(Worker_TP7 pid=3361443) [IDE_006/TSK_004 profile pid=3361443 stage=hot_cold] d2h_ms=0.24 kernel_ms=2.04 h2d_ms=0.43 merge_ms=0.14 total_ms=2.86 q.shape=(16384, 8, 128) reduced_q=(1, 8, 128) max_cold_blocks=630
(Worker_TP4 pid=3361440) [IDE_006/TSK_004 profile pid=3361440 stage=hot_cold] d2h_ms=0.22 kernel_ms=2.16 h2d_ms=0.41 merge_ms=0.14 total_ms=2.93 q.shape=(16384, 8, 128) reduced_q=(1, 8, 128) max_cold_blocks=630
(Worker_TP6 pid=3361442) [IDE_006/TSK_004 profile pid=3361442 stage=hot_cold] d2h_ms=0.22 kernel_ms=2.15 h2d_ms=0.44 merge_ms=0.14 total_ms=2.96 q.shape=(16384, 8, 128) reduced_q=(1, 8, 128) max_cold_blocks=630
(Worker_TP1 pid=3361437) [IDE_006/TSK_004 profile pid=3361437 stage=hot_cold] d2h_ms=0.33 kernel_ms=2.08 h2d_ms=0.47 merge_ms=0.23 total_ms=3.11 q.shape=(16384, 8, 128) reduced_q=(1, 8, 128) max_cold_blocks=630
(Worker_TP3 pid=3361439) [IDE_006/TSK_004 profile pid=3361439 stage=hot_cold] d2h_ms=0.35 kernel_ms=2.04 h2d_ms=0.49 merge_ms=0.22 total_ms=3.10 q.shape=(16384, 8, 128) reduced_q=(1, 8, 128) max_cold_blocks=630
(Worker_TP0 pid=3361436) [IDE_006/TSK_004 profile pid=3361436 stage=hot_cold] d2h_ms=0.33 kernel_ms=2.10 h2d_ms=0.46 merge_ms=0.22 total_ms=3.11 q.shape=(16384, 8, 128) reduced_q=(1, 8, 128) max_cold_blocks=630
(Worker_TP5 pid=3361441) [IDE_006/TSK_004 profile pid=3361441 stage=hot_cold] d2h_ms=0.26 kernel_ms=2.30 h2d_ms=0.53 merge_ms=0.18 total_ms=3.27 q.shape=(16384, 8, 128) reduced_q=(1, 8, 128) max_cold_blocks=630
(Worker_TP2 pid=3361438) [IDE_006/TSK_004 profile pid=3361438 stage=hot_cold] d2h_ms=0.33 kernel_ms=2.37 h2d_ms=0.44 merge_ms=0.22 total_ms=3.37 q.shape=(16384, 8, 128) reduced_q=(1, 8, 128) max_cold_blocks=630
(Worker_TP7 pid=3361443) [IDE_006/TSK_004 profile pid=3361443 kernel=forward_partial_with_lse_amx] prep_ms=0.00 kernel_ms=1.91 q.shape=(1, 8, 128) n_seqs=1 max_cbl=630
(Worker_TP5 pid=3361441) [IDE_006/TSK_004 profile pid=3361441 kernel=forward_partial_with_lse_amx] prep_ms=0.00 kernel_ms=1.91 q.shape=(1, 8, 128) n_seqs=1 max_cbl=630
(Worker_TP6 pid=3361442) [IDE_006/TSK_004 profile pid=3361442 kernel=forward_partial_with_lse_amx] prep_ms=0.00 kernel_ms=2.06 q.shape=(1, 8, 128) n_seqs=1 max_cbl=630
(Worker_TP4 pid=3361440) [IDE_006/TSK_004 profile pid=3361440 kernel=forward_partial_with_lse_amx] prep_ms=0.00 kernel_ms=2.07 q.shape=(1, 8, 128) n_seqs=1 max_cbl=630
(Worker_TP0 pid=3361436) [IDE_006/TSK_004 profile pid=3361436 kernel=forward_partial_with_lse_amx] prep_ms=0.00 kernel_ms=1.99 q.shape=(1, 8, 128) n_seqs=1 max_cbl=630
(Worker_TP2 pid=3361438) [IDE_006/TSK_004 profile pid=3361438 kernel=forward_partial_with_lse_amx] prep_ms=0.01 kernel_ms=1.99 q.shape=(1, 8, 128) n_seqs=1 max_cbl=630
(Worker_TP3 pid=3361439) [IDE_006/TSK_004 profile pid=3361439 kernel=forward_partial_with_lse_amx] prep_ms=0.01 kernel_ms=1.98 q.shape=(1, 8, 128) n_seqs=1 max_cbl=630
(Worker_TP1 pid=3361437) [IDE_006/TSK_004 profile pid=3361437 kernel=forward_partial_with_lse_amx] prep_ms=0.01 kernel_ms=1.97 q.shape=(1, 8, 128) n_seqs=1 max_cbl=630
(Worker_TP5 pid=3361441) [IDE_006/TSK_004 profile pid=3361441 stage=hot_cold] d2h_ms=0.26 kernel_ms=2.00 h2d_ms=0.45 merge_ms=0.17 total_ms=2.88 q.shape=(16384, 8, 128) reduced_q=(1, 8, 128) max_cold_blocks=630
(Worker_TP7 pid=3361443) [IDE_006/TSK_004 profile pid=3361443 stage=hot_cold] d2h_ms=0.23 kernel_ms=2.05 h2d_ms=0.42 merge_ms=0.16 total_ms=2.86 q.shape=(16384, 8, 128) reduced_q=(1, 8, 128) max_cold_blocks=630
(Worker_TP4 pid=3361440) [IDE_006/TSK_004 profile pid=3361440 stage=hot_cold] d2h_ms=0.22 kernel_ms=2.15 h2d_ms=0.39 merge_ms=0.16 total_ms=2.93 q.shape=(16384, 8, 128) reduced_q=(1, 8, 128) max_cold_blocks=630
(Worker_TP6 pid=3361442) [IDE_006/TSK_004 profile pid=3361442 stage=hot_cold] d2h_ms=0.23 kernel_ms=2.20 h2d_ms=0.45 merge_ms=0.15 total_ms=3.02 q.shape=(16384, 8, 128) reduced_q=(1, 8, 128) max_cold_blocks=630
(Worker_TP2 pid=3361438) [IDE_006/TSK_004 profile pid=3361438 stage=hot_cold] d2h_ms=0.35 kernel_ms=2.09 h2d_ms=0.47 merge_ms=0.24 total_ms=3.16 q.shape=(16384, 8, 128) reduced_q=(1, 8, 128) max_cold_blocks=630
(Worker_TP3 pid=3361439) [IDE_006/TSK_004 profile pid=3361439 stage=hot_cold] d2h_ms=0.36 kernel_ms=2.08 h2d_ms=0.48 merge_ms=0.23 total_ms=3.15 q.shape=(16384, 8, 128) reduced_q=(1, 8, 128) max_cold_blocks=630
(Worker_TP1 pid=3361437) [IDE_006/TSK_004 profile pid=3361437 stage=hot_cold] d2h_ms=0.37 kernel_ms=2.08 h2d_ms=0.48 merge_ms=0.23 total_ms=3.16 q.shape=(16384, 8, 128) reduced_q=(1, 8, 128) max_cold_blocks=630
(Worker_TP0 pid=3361436) [IDE_006/TSK_004 profile pid=3361436 stage=hot_cold] d2h_ms=0.33 kernel_ms=2.16 h2d_ms=0.45 merge_ms=0.22 total_ms=3.16 q.shape=(16384, 8, 128) reduced_q=(1, 8, 128) max_cold_blocks=630
(Worker_TP5 pid=3361441) [IDE_006/TSK_004 profile pid=3361441 kernel=forward_partial_with_lse_amx] prep_ms=0.00 kernel_ms=2.00 q.shape=(1, 8, 128) n_seqs=1 max_cbl=630
(Worker_TP7 pid=3361443) [IDE_006/TSK_004 profile pid=3361443 kernel=forward_partial_with_lse_amx] prep_ms=0.00 kernel_ms=2.00 q.shape=(1, 8, 128) n_seqs=1 max_cbl=630
(Worker_TP6 pid=3361442) [IDE_006/TSK_004 profile pid=3361442 kernel=forward_partial_with_lse_amx] prep_ms=0.00 kernel_ms=2.08 q.shape=(1, 8, 128) n_seqs=1 max_cbl=630
(Worker_TP2 pid=3361438) [IDE_006/TSK_004 profile pid=3361438 kernel=forward_partial_with_lse_amx] prep_ms=0.00 kernel_ms=1.98 q.shape=(1, 8, 128) n_seqs=1 max_cbl=630
(Worker_TP3 pid=3361439) [IDE_006/TSK_004 profile pid=3361439 kernel=forward_partial_with_lse_amx] prep_ms=0.00 kernel_ms=2.00 q.shape=(1, 8, 128) n_seqs=1 max_cbl=630
(Worker_TP0 pid=3361436) [IDE_006/TSK_004 profile pid=3361436 kernel=forward_partial_with_lse_amx] prep_ms=0.00 kernel_ms=2.28 q.shape=(1, 8, 128) n_seqs=1 max_cbl=630
(Worker_TP5 pid=3361441) [IDE_006/TSK_004 profile pid=3361441 stage=hot_cold] d2h_ms=0.26 kernel_ms=2.15 h2d_ms=0.40 merge_ms=0.14 total_ms=2.94 q.shape=(16384, 8, 128) reduced_q=(1, 8, 128) max_cold_blocks=630
(Worker_TP7 pid=3361443) [IDE_006/TSK_004 profile pid=3361443 stage=hot_cold] d2h_ms=0.24 kernel_ms=2.09 h2d_ms=0.45 merge_ms=0.14 total_ms=2.93 q.shape=(16384, 8, 128) reduced_q=(1, 8, 128) max_cold_blocks=630
(Worker_TP2 pid=3361438) [IDE_006/TSK_004 profile pid=3361438 stage=hot_cold] d2h_ms=0.34 kernel_ms=2.08 h2d_ms=0.43 merge_ms=0.20 total_ms=3.05 q.shape=(16384, 8, 128) reduced_q=(1, 8, 128) max_cold_blocks=630
(Worker_TP3 pid=3361439) [IDE_006/TSK_004 profile pid=3361439 stage=hot_cold] d2h_ms=0.37 kernel_ms=2.18 h2d_ms=0.43 merge_ms=0.15 total_ms=3.14 q.shape=(16384, 8, 128) reduced_q=(1, 8, 128) max_cold_blocks=630
(Worker_TP6 pid=3361442) [IDE_006/TSK_004 profile pid=3361442 stage=hot_cold] d2h_ms=0.24 kernel_ms=2.23 h2d_ms=0.65 merge_ms=0.27 total_ms=3.38 q.shape=(16384, 8, 128) reduced_q=(1, 8, 128) max_cold_blocks=630
(Worker_TP0 pid=3361436) [IDE_006/TSK_004 profile pid=3361436 stage=hot_cold] d2h_ms=0.34 kernel_ms=2.43 h2d_ms=0.47 merge_ms=0.24 total_ms=3.48 q.shape=(16384, 8, 128) reduced_q=(1, 8, 128) max_cold_blocks=630
(Worker_TP4 pid=3361440) [IDE_006/TSK_004 profile pid=3361440 kernel=forward_partial_with_lse_amx] prep_ms=0.00 kernel_ms=3.81 q.shape=(1, 8, 128) n_seqs=1 max_cbl=630
(Worker_TP4 pid=3361440) [IDE_006/TSK_004 profile pid=3361440 stage=hot_cold] d2h_ms=0.23 kernel_ms=3.95 h2d_ms=0.45 merge_ms=0.15 total_ms=4.77 q.shape=(16384, 8, 128) reduced_q=(1, 8, 128) max_cold_blocks=630
