<frozen importlib._bootstrap_external>:1301: FutureWarning: The cuda.cudart module is deprecated and will be removed in a future release, please switch to use the cuda.bindings.runtime module instead.
<frozen importlib._bootstrap_external>:1301: FutureWarning: The cuda.nvrtc module is deprecated and will be removed in a future release, please switch to use the cuda.bindings.nvrtc module instead.
(Worker pid=1152432) <frozen importlib._bootstrap_external>:1301: FutureWarning: The cuda.cudart module is deprecated and will be removed in a future release, please switch to use the cuda.bindings.runtime module instead.
(Worker pid=1152432) <frozen importlib._bootstrap_external>:1301: FutureWarning: The cuda.nvrtc module is deprecated and will be removed in a future release, please switch to use the cuda.bindings.nvrtc module instead.
(Worker pid=1152436) <frozen importlib._bootstrap_external>:1301: FutureWarning: The cuda.cudart module is deprecated and will be removed in a future release, please switch to use the cuda.bindings.runtime module instead.
(Worker pid=1152436) <frozen importlib._bootstrap_external>:1301: FutureWarning: The cuda.nvrtc module is deprecated and will be removed in a future release, please switch to use the cuda.bindings.nvrtc module instead.
(Worker pid=1152437) <frozen importlib._bootstrap_external>:1301: FutureWarning: The cuda.cudart module is deprecated and will be removed in a future release, please switch to use the cuda.bindings.runtime module instead.
(Worker pid=1152437) <frozen importlib._bootstrap_external>:1301: FutureWarning: The cuda.nvrtc module is deprecated and will be removed in a future release, please switch to use the cuda.bindings.nvrtc module instead.
(Worker pid=1152434) <frozen importlib._bootstrap_external>:1301: FutureWarning: The cuda.cudart module is deprecated and will be removed in a future release, please switch to use the cuda.bindings.runtime module instead.
(Worker pid=1152434) <frozen importlib._bootstrap_external>:1301: FutureWarning: The cuda.nvrtc module is deprecated and will be removed in a future release, please switch to use the cuda.bindings.nvrtc module instead.
(Worker pid=1152438) <frozen importlib._bootstrap_external>:1301: FutureWarning: The cuda.cudart module is deprecated and will be removed in a future release, please switch to use the cuda.bindings.runtime module instead.
(Worker pid=1152438) <frozen importlib._bootstrap_external>:1301: FutureWarning: The cuda.nvrtc module is deprecated and will be removed in a future release, please switch to use the cuda.bindings.nvrtc module instead.
(Worker pid=1152435) <frozen importlib._bootstrap_external>:1301: FutureWarning: The cuda.cudart module is deprecated and will be removed in a future release, please switch to use the cuda.bindings.runtime module instead.
(Worker pid=1152435) <frozen importlib._bootstrap_external>:1301: FutureWarning: The cuda.nvrtc module is deprecated and will be removed in a future release, please switch to use the cuda.bindings.nvrtc module instead.
(Worker pid=1152433) <frozen importlib._bootstrap_external>:1301: FutureWarning: The cuda.cudart module is deprecated and will be removed in a future release, please switch to use the cuda.bindings.runtime module instead.
(Worker pid=1152433) <frozen importlib._bootstrap_external>:1301: FutureWarning: The cuda.nvrtc module is deprecated and will be removed in a future release, please switch to use the cuda.bindings.nvrtc module instead.
(Worker pid=1152439) <frozen importlib._bootstrap_external>:1301: FutureWarning: The cuda.cudart module is deprecated and will be removed in a future release, please switch to use the cuda.bindings.runtime module instead.
(Worker pid=1152439) <frozen importlib._bootstrap_external>:1301: FutureWarning: The cuda.nvrtc module is deprecated and will be removed in a future release, please switch to use the cuda.bindings.nvrtc module instead.
(Worker_TP0 pid=1152432) Loading safetensors checkpoint shards:   0% Completed | 0/30 [00:00<?, ?it/s]
(Worker_TP0 pid=1152432) Loading safetensors checkpoint shards:   3% Completed | 1/30 [00:00<00:07,  3.99it/s]
(Worker_TP0 pid=1152432) Loading safetensors checkpoint shards:   7% Completed | 2/30 [00:00<00:08,  3.14it/s]
(Worker_TP0 pid=1152432) Loading safetensors checkpoint shards:  10% Completed | 3/30 [00:00<00:08,  3.07it/s]
(Worker_TP0 pid=1152432) Loading safetensors checkpoint shards:  13% Completed | 4/30 [00:01<00:08,  2.97it/s]
(Worker_TP0 pid=1152432) Loading safetensors checkpoint shards:  17% Completed | 5/30 [00:01<00:07,  3.14it/s]
(Worker_TP0 pid=1152432) Loading safetensors checkpoint shards:  20% Completed | 6/30 [00:01<00:07,  3.13it/s]
(Worker_TP0 pid=1152432) Loading safetensors checkpoint shards:  23% Completed | 7/30 [00:02<00:07,  2.98it/s]
(Worker_TP0 pid=1152432) Loading safetensors checkpoint shards:  27% Completed | 8/30 [00:02<00:07,  2.80it/s]
(Worker_TP0 pid=1152432) Loading safetensors checkpoint shards:  30% Completed | 9/30 [00:03<00:07,  2.75it/s]
(Worker_TP0 pid=1152432) Loading safetensors checkpoint shards:  33% Completed | 10/30 [00:03<00:06,  2.87it/s]
(Worker_TP0 pid=1152432) Loading safetensors checkpoint shards:  37% Completed | 11/30 [00:03<00:06,  2.87it/s]
(Worker_TP0 pid=1152432) Loading safetensors checkpoint shards:  40% Completed | 12/30 [00:04<00:06,  2.86it/s]
(Worker_TP0 pid=1152432) Loading safetensors checkpoint shards:  43% Completed | 13/30 [00:04<00:06,  2.81it/s]
(Worker_TP0 pid=1152432) Loading safetensors checkpoint shards:  47% Completed | 14/30 [00:04<00:06,  2.57it/s]
(Worker_TP0 pid=1152432) Loading safetensors checkpoint shards:  50% Completed | 15/30 [00:05<00:05,  2.67it/s]
(Worker_TP0 pid=1152432) Loading safetensors checkpoint shards:  53% Completed | 16/30 [00:05<00:05,  2.60it/s]
(Worker_TP0 pid=1152432) Loading safetensors checkpoint shards:  57% Completed | 17/30 [00:06<00:05,  2.57it/s]
(Worker_TP0 pid=1152432) Loading safetensors checkpoint shards:  60% Completed | 18/30 [00:06<00:04,  2.62it/s]
(Worker_TP0 pid=1152432) Loading safetensors checkpoint shards:  63% Completed | 19/30 [00:06<00:04,  2.63it/s]
(Worker_TP0 pid=1152432) Loading safetensors checkpoint shards:  67% Completed | 20/30 [00:07<00:03,  2.80it/s]
(Worker_TP0 pid=1152432) Loading safetensors checkpoint shards:  70% Completed | 21/30 [00:07<00:03,  2.83it/s]
(Worker_TP0 pid=1152432) Loading safetensors checkpoint shards:  73% Completed | 22/30 [00:07<00:02,  2.81it/s]
(Worker_TP0 pid=1152432) Loading safetensors checkpoint shards:  77% Completed | 23/30 [00:08<00:02,  2.80it/s]
(Worker_TP0 pid=1152432) Loading safetensors checkpoint shards:  80% Completed | 24/30 [00:08<00:02,  2.77it/s]
(Worker_TP0 pid=1152432) Loading safetensors checkpoint shards:  83% Completed | 25/30 [00:08<00:01,  2.88it/s]
(Worker_TP0 pid=1152432) Loading safetensors checkpoint shards:  87% Completed | 26/30 [00:09<00:01,  2.87it/s]
(Worker_TP0 pid=1152432) Loading safetensors checkpoint shards:  90% Completed | 27/30 [00:09<00:01,  2.87it/s]
(Worker_TP0 pid=1152432) Loading safetensors checkpoint shards:  93% Completed | 28/30 [00:09<00:00,  2.86it/s]
(Worker_TP0 pid=1152432) Loading safetensors checkpoint shards:  97% Completed | 29/30 [00:10<00:00,  2.84it/s]
(Worker_TP0 pid=1152432) Loading safetensors checkpoint shards: 100% Completed | 30/30 [00:10<00:00,  2.90it/s]
(Worker_TP0 pid=1152432) 
(Worker_TP0 pid=1152432) /workspace/vllm_dev_prj/lib/python3.12/site-packages/torch/distributed/c10d_logger.py:83: UserWarning: barrier(): using the device under current context. You can specify `device_id` in `init_process_group` to mute this warning.
(Worker_TP0 pid=1152432)   return func(*args, **kwargs)
(Worker_TP0 pid=1152432) /workspace/vllm_dev_prj/lib/python3.12/site-packages/torch/distributed/c10d_logger.py:83: UserWarning: barrier(): using the device under current context. You can specify `device_id` in `init_process_group` to mute this warning.
(Worker_TP0 pid=1152432)   return func(*args, **kwargs)
(Worker_TP4 pid=1152436) 2026-04-28 07:24:57,031 - INFO - autotuner.py:446 - flashinfer.jit: [Autotuner]: Autotuning process starts ...
(Worker_TP6 pid=1152438) 2026-04-28 07:24:57,031 - INFO - autotuner.py:446 - flashinfer.jit: [Autotuner]: Autotuning process starts ...
(Worker_TP7 pid=1152439) 2026-04-28 07:24:57,031 - INFO - autotuner.py:446 - flashinfer.jit: [Autotuner]: Autotuning process starts ...
(Worker_TP5 pid=1152437) 2026-04-28 07:24:57,031 - INFO - autotuner.py:446 - flashinfer.jit: [Autotuner]: Autotuning process starts ...
(Worker_TP3 pid=1152435) 2026-04-28 07:24:57,031 - INFO - autotuner.py:446 - flashinfer.jit: [Autotuner]: Autotuning process starts ...
(Worker_TP0 pid=1152432) 2026-04-28 07:24:57,031 - INFO - autotuner.py:446 - flashinfer.jit: [Autotuner]: Autotuning process starts ...
(Worker_TP1 pid=1152433) 2026-04-28 07:24:57,031 - INFO - autotuner.py:446 - flashinfer.jit: [Autotuner]: Autotuning process starts ...
(Worker_TP2 pid=1152434) 2026-04-28 07:24:57,032 - INFO - autotuner.py:446 - flashinfer.jit: [Autotuner]: Autotuning process starts ...
(Worker_TP5 pid=1152437) 2026-04-28 07:24:57,158 - INFO - autotuner.py:455 - flashinfer.jit: [Autotuner]: Autotuning process ends
(Worker_TP7 pid=1152439) 2026-04-28 07:24:57,158 - INFO - autotuner.py:455 - flashinfer.jit: [Autotuner]: Autotuning process ends
(Worker_TP4 pid=1152436) 2026-04-28 07:24:57,158 - INFO - autotuner.py:455 - flashinfer.jit: [Autotuner]: Autotuning process ends
(Worker_TP6 pid=1152438) 2026-04-28 07:24:57,158 - INFO - autotuner.py:455 - flashinfer.jit: [Autotuner]: Autotuning process ends
(Worker_TP2 pid=1152434) 2026-04-28 07:24:57,158 - INFO - autotuner.py:455 - flashinfer.jit: [Autotuner]: Autotuning process ends
(Worker_TP1 pid=1152433) 2026-04-28 07:24:57,158 - INFO - autotuner.py:455 - flashinfer.jit: [Autotuner]: Autotuning process ends
(Worker_TP0 pid=1152432) 2026-04-28 07:24:57,158 - INFO - autotuner.py:455 - flashinfer.jit: [Autotuner]: Autotuning process ends
(Worker_TP3 pid=1152435) 2026-04-28 07:24:57,158 - INFO - autotuner.py:455 - flashinfer.jit: [Autotuner]: Autotuning process ends
(Worker_TP0 pid=1152432) Capturing CUDA graphs (mixed prefill-decode, PIECEWISE):   0%|          | 0/51 [00:00<?, ?it/s]Capturing CUDA graphs (mixed prefill-decode, PIECEWISE):   2%|▏         | 1/51 [00:00<00:06,  8.23it/s]Capturing CUDA graphs (mixed prefill-decode, PIECEWISE):   4%|▍         | 2/51 [00:00<00:06,  8.15it/s]Capturing CUDA graphs (mixed prefill-decode, PIECEWISE):   6%|▌         | 3/51 [00:00<00:06,  7.53it/s]Capturing CUDA graphs (mixed prefill-decode, PIECEWISE):   8%|▊         | 4/51 [00:00<00:06,  7.18it/s]Capturing CUDA graphs (mixed prefill-decode, PIECEWISE):  10%|▉         | 5/51 [00:00<00:06,  7.09it/s]Capturing CUDA graphs (mixed prefill-decode, PIECEWISE):  12%|█▏        | 6/51 [00:00<00:06,  6.92it/s]Capturing CUDA graphs (mixed prefill-decode, PIECEWISE):  14%|█▎        | 7/51 [00:00<00:06,  6.73it/s]Capturing CUDA graphs (mixed prefill-decode, PIECEWISE):  16%|█▌        | 8/51 [00:01<00:06,  6.65it/s]Capturing CUDA graphs (mixed prefill-decode, PIECEWISE):  18%|█▊        | 9/51 [00:01<00:06,  6.31it/s]Capturing CUDA graphs (mixed prefill-decode, PIECEWISE):  20%|█▉        | 10/51 [00:01<00:06,  6.24it/s]Capturing CUDA graphs (mixed prefill-decode, PIECEWISE):  22%|██▏       | 11/51 [00:01<00:06,  6.39it/s]Capturing CUDA graphs (mixed prefill-decode, PIECEWISE):  24%|██▎       | 12/51 [00:01<00:06,  6.28it/s]Capturing CUDA graphs (mixed prefill-decode, PIECEWISE):  25%|██▌       | 13/51 [00:01<00:05,  6.40it/s]Capturing CUDA graphs (mixed prefill-decode, PIECEWISE):  27%|██▋       | 14/51 [00:02<00:05,  6.47it/s]Capturing CUDA graphs (mixed prefill-decode, PIECEWISE):  29%|██▉       | 15/51 [00:02<00:05,  6.53it/s]Capturing CUDA graphs (mixed prefill-decode, PIECEWISE):  31%|███▏      | 16/51 [00:02<00:05,  6.48it/s]Capturing CUDA graphs (mixed prefill-decode, PIECEWISE):  33%|███▎      | 17/51 [00:02<00:05,  6.45it/s]Capturing CUDA graphs (mixed prefill-decode, PIECEWISE):  35%|███▌      | 18/51 [00:02<00:05,  6.19it/s]Capturing CUDA graphs (mixed prefill-decode, PIECEWISE):  37%|███▋      | 19/51 [00:02<00:05,  6.15it/s]Capturing CUDA graphs (mixed prefill-decode, PIECEWISE):  39%|███▉      | 20/51 [00:03<00:04,  6.39it/s]Capturing CUDA graphs (mixed prefill-decode, PIECEWISE):  41%|████      | 21/51 [00:03<00:04,  6.45it/s]Capturing CUDA graphs (mixed prefill-decode, PIECEWISE):  43%|████▎     | 22/51 [00:03<00:04,  6.37it/s]Capturing CUDA graphs (mixed prefill-decode, PIECEWISE):  45%|████▌     | 23/51 [00:03<00:04,  6.37it/s]Capturing CUDA graphs (mixed prefill-decode, PIECEWISE):  47%|████▋     | 24/51 [00:03<00:04,  6.37it/s]Capturing CUDA graphs (mixed prefill-decode, PIECEWISE):  49%|████▉     | 25/51 [00:03<00:04,  6.44it/s]Capturing CUDA graphs (mixed prefill-decode, PIECEWISE):  51%|█████     | 26/51 [00:03<00:03,  6.46it/s]Capturing CUDA graphs (mixed prefill-decode, PIECEWISE):  53%|█████▎    | 27/51 [00:04<00:03,  6.23it/s]Capturing CUDA graphs (mixed prefill-decode, PIECEWISE):  55%|█████▍    | 28/51 [00:04<00:03,  5.91it/s]Capturing CUDA graphs (mixed prefill-decode, PIECEWISE):  57%|█████▋    | 29/51 [00:04<00:03,  5.93it/s]Capturing CUDA graphs (mixed prefill-decode, PIECEWISE):  59%|█████▉    | 30/51 [00:04<00:03,  5.73it/s]Capturing CUDA graphs (mixed prefill-decode, PIECEWISE):  61%|██████    | 31/51 [00:04<00:03,  5.99it/s]Capturing CUDA graphs (mixed prefill-decode, PIECEWISE):  63%|██████▎   | 32/51 [00:05<00:03,  5.95it/s]Capturing CUDA graphs (mixed prefill-decode, PIECEWISE):  65%|██████▍   | 33/51 [00:05<00:03,  5.92it/s]Capturing CUDA graphs (mixed prefill-decode, PIECEWISE):  67%|██████▋   | 34/51 [00:05<00:02,  5.94it/s]Capturing CUDA graphs (mixed prefill-decode, PIECEWISE):  69%|██████▊   | 35/51 [00:05<00:02,  5.60it/s]Capturing CUDA graphs (mixed prefill-decode, PIECEWISE):  71%|███████   | 36/51 [00:05<00:02,  5.53it/s]Capturing CUDA graphs (mixed prefill-decode, PIECEWISE):  73%|███████▎  | 37/51 [00:05<00:02,  5.65it/s]Capturing CUDA graphs (mixed prefill-decode, PIECEWISE):  75%|███████▍  | 38/51 [00:06<00:02,  5.79it/s]Capturing CUDA graphs (mixed prefill-decode, PIECEWISE):  76%|███████▋  | 39/51 [00:06<00:02,  5.89it/s]Capturing CUDA graphs (mixed prefill-decode, PIECEWISE):  78%|███████▊  | 40/51 [00:06<00:01,  5.92it/s]Capturing CUDA graphs (mixed prefill-decode, PIECEWISE):  80%|████████  | 41/51 [00:06<00:01,  5.94it/s]Capturing CUDA graphs (mixed prefill-decode, PIECEWISE):  82%|████████▏ | 42/51 [00:06<00:01,  5.83it/s]Capturing CUDA graphs (mixed prefill-decode, PIECEWISE):  84%|████████▍ | 43/51 [00:06<00:01,  5.68it/s]Capturing CUDA graphs (mixed prefill-decode, PIECEWISE):  86%|████████▋ | 44/51 [00:07<00:01,  5.68it/s]Capturing CUDA graphs (mixed prefill-decode, PIECEWISE):  88%|████████▊ | 45/51 [00:07<00:01,  5.68it/s]Capturing CUDA graphs (mixed prefill-decode, PIECEWISE):  90%|█████████ | 46/51 [00:07<00:00,  5.89it/s]Capturing CUDA graphs (mixed prefill-decode, PIECEWISE):  92%|█████████▏| 47/51 [00:07<00:00,  6.13it/s]Capturing CUDA graphs (mixed prefill-decode, PIECEWISE):  94%|█████████▍| 48/51 [00:07<00:00,  6.24it/s]Capturing CUDA graphs (mixed prefill-decode, PIECEWISE):  96%|█████████▌| 49/51 [00:07<00:00,  6.53it/s]Capturing CUDA graphs (mixed prefill-decode, PIECEWISE):  98%|█████████▊| 50/51 [00:08<00:00,  6.66it/s]Capturing CUDA graphs (mixed prefill-decode, PIECEWISE): 100%|██████████| 51/51 [00:08<00:00,  6.70it/s]Capturing CUDA graphs (mixed prefill-decode, PIECEWISE): 100%|██████████| 51/51 [00:08<00:00,  6.24it/s]
(Worker_TP0 pid=1152432) Capturing CUDA graphs (decode, FULL):   0%|          | 0/51 [00:00<?, ?it/s]Capturing CUDA graphs (decode, FULL):   2%|▏         | 1/51 [00:00<00:07,  6.42it/s]Capturing CUDA graphs (decode, FULL):   4%|▍         | 2/51 [00:00<00:07,  6.94it/s]Capturing CUDA graphs (decode, FULL):   6%|▌         | 3/51 [00:00<00:06,  7.20it/s]Capturing CUDA graphs (decode, FULL):   8%|▊         | 4/51 [00:00<00:05,  7.94it/s]Capturing CUDA graphs (decode, FULL):  10%|▉         | 5/51 [00:00<00:05,  8.21it/s]Capturing CUDA graphs (decode, FULL):  12%|█▏        | 6/51 [00:00<00:05,  8.24it/s]Capturing CUDA graphs (decode, FULL):  14%|█▎        | 7/51 [00:00<00:05,  8.06it/s]Capturing CUDA graphs (decode, FULL):  16%|█▌        | 8/51 [00:01<00:05,  8.13it/s]Capturing CUDA graphs (decode, FULL):  18%|█▊        | 9/51 [00:01<00:05,  8.15it/s]Capturing CUDA graphs (decode, FULL):  20%|█▉        | 10/51 [00:01<00:05,  8.19it/s]Capturing CUDA graphs (decode, FULL):  22%|██▏       | 11/51 [00:01<00:04,  8.36it/s]Capturing CUDA graphs (decode, FULL):  24%|██▎       | 12/51 [00:01<00:04,  8.43it/s]Capturing CUDA graphs (decode, FULL):  25%|██▌       | 13/51 [00:01<00:04,  8.31it/s]Capturing CUDA graphs (decode, FULL):  27%|██▋       | 14/51 [00:01<00:04,  8.62it/s]Capturing CUDA graphs (decode, FULL):  29%|██▉       | 15/51 [00:01<00:04,  8.04it/s]Capturing CUDA graphs (decode, FULL):  31%|███▏      | 16/51 [00:01<00:04,  8.21it/s]Capturing CUDA graphs (decode, FULL):  33%|███▎      | 17/51 [00:02<00:03,  8.61it/s]Capturing CUDA graphs (decode, FULL):  35%|███▌      | 18/51 [00:02<00:03,  8.79it/s]Capturing CUDA graphs (decode, FULL):  37%|███▋      | 19/51 [00:02<00:03,  8.88it/s]Capturing CUDA graphs (decode, FULL):  39%|███▉      | 20/51 [00:02<00:03,  9.02it/s]Capturing CUDA graphs (decode, FULL):  41%|████      | 21/51 [00:02<00:03,  9.12it/s]Capturing CUDA graphs (decode, FULL):  43%|████▎     | 22/51 [00:02<00:03,  9.23it/s]Capturing CUDA graphs (decode, FULL):  45%|████▌     | 23/51 [00:02<00:03,  9.24it/s]Capturing CUDA graphs (decode, FULL):  47%|████▋     | 24/51 [00:02<00:02,  9.09it/s]Capturing CUDA graphs (decode, FULL):  49%|████▉     | 25/51 [00:02<00:02,  8.79it/s]Capturing CUDA graphs (decode, FULL):  51%|█████     | 26/51 [00:03<00:02,  8.82it/s]Capturing CUDA graphs (decode, FULL):  53%|█████▎    | 27/51 [00:03<00:02,  8.76it/s]Capturing CUDA graphs (decode, FULL):  55%|█████▍    | 28/51 [00:03<00:02,  8.20it/s]Capturing CUDA graphs (decode, FULL):  57%|█████▋    | 29/51 [00:03<00:02,  8.53it/s]Capturing CUDA graphs (decode, FULL):  59%|█████▉    | 30/51 [00:03<00:02,  8.82it/s]Capturing CUDA graphs (decode, FULL):  61%|██████    | 31/51 [00:03<00:02,  9.02it/s]Capturing CUDA graphs (decode, FULL):  63%|██████▎   | 32/51 [00:03<00:02,  9.03it/s]Capturing CUDA graphs (decode, FULL):  65%|██████▍   | 33/51 [00:03<00:01,  9.26it/s]Capturing CUDA graphs (decode, FULL):  67%|██████▋   | 34/51 [00:03<00:01,  9.35it/s]Capturing CUDA graphs (decode, FULL):  69%|██████▊   | 35/51 [00:04<00:01,  9.47it/s]Capturing CUDA graphs (decode, FULL):  71%|███████   | 36/51 [00:04<00:01,  9.32it/s]Capturing CUDA graphs (decode, FULL):  73%|███████▎  | 37/51 [00:04<00:01,  9.06it/s]Capturing CUDA graphs (decode, FULL):  75%|███████▍  | 38/51 [00:04<00:01,  8.49it/s]Capturing CUDA graphs (decode, FULL):  78%|███████▊  | 40/51 [00:04<00:01,  9.01it/s]Capturing CUDA graphs (decode, FULL):  80%|████████  | 41/51 [00:04<00:01,  8.28it/s]Capturing CUDA graphs (decode, FULL):  82%|████████▏ | 42/51 [00:04<00:01,  8.56it/s]Capturing CUDA graphs (decode, FULL):  84%|████████▍ | 43/51 [00:04<00:00,  8.80it/s]Capturing CUDA graphs (decode, FULL):  86%|████████▋ | 44/51 [00:05<00:00,  8.94it/s]Capturing CUDA graphs (decode, FULL):  90%|█████████ | 46/51 [00:05<00:00,  9.55it/s]Capturing CUDA graphs (decode, FULL):  94%|█████████▍| 48/51 [00:05<00:00, 10.05it/s]Capturing CUDA graphs (decode, FULL):  98%|█████████▊| 50/51 [00:05<00:00, 10.37it/s]Capturing CUDA graphs (decode, FULL): 100%|██████████| 51/51 [00:05<00:00,  8.85it/s]
(EngineCore pid=1151973) <frozen importlib._bootstrap_external>:1301: FutureWarning: The cuda.cudart module is deprecated and will be removed in a future release, please switch to use the cuda.bindings.runtime module instead.
(EngineCore pid=1151973) <frozen importlib._bootstrap_external>:1301: FutureWarning: The cuda.nvrtc module is deprecated and will be removed in a future release, please switch to use the cuda.bindings.nvrtc module instead.
Rendering prompts:   0%|          | 0/5 [00:00<?, ?it/s]Rendering prompts:  20%|██        | 1/5 [00:00<00:00,  6.41it/s]Rendering prompts:  40%|████      | 2/5 [00:00<00:00,  7.35it/s]Rendering prompts:  60%|██████    | 3/5 [00:00<00:00,  7.87it/s]Rendering prompts:  80%|████████  | 4/5 [00:00<00:00,  8.18it/s]Rendering prompts: 100%|██████████| 5/5 [00:00<00:00,  8.25it/s]Rendering prompts: 100%|██████████| 5/5 [00:00<00:00,  7.95it/s]
Processed prompts:   0%|          | 0/5 [00:00<?, ?it/s, est. speed input: 0.00 toks/s, output: 0.00 toks/s](Worker_TP6 pid=1152438) [IDE_006/TSK_004 cold-path fired pid=1152438] #1/5 need_cold_seqs=1/2 reduced_rows=1/16384 max_cold_blocks=1024
(Worker_TP5 pid=1152437) [IDE_006/TSK_004 cold-path fired pid=1152437] #1/5 need_cold_seqs=1/2 reduced_rows=1/16384 max_cold_blocks=1024
(Worker_TP4 pid=1152436) [IDE_006/TSK_004 cold-path fired pid=1152436] #1/5 need_cold_seqs=1/2 reduced_rows=1/16384 max_cold_blocks=1024
(Worker_TP3 pid=1152435) [IDE_006/TSK_004 cold-path fired pid=1152435] #1/5 need_cold_seqs=1/2 reduced_rows=1/16384 max_cold_blocks=1024
(Worker_TP0 pid=1152432) [IDE_006/TSK_004 cold-path fired pid=1152432] #1/5 need_cold_seqs=1/2 reduced_rows=1/16384 max_cold_blocks=1024
(Worker_TP2 pid=1152434) [IDE_006/TSK_004 cold-path fired pid=1152434] #1/5 need_cold_seqs=1/2 reduced_rows=1/16384 max_cold_blocks=1024
(Worker_TP1 pid=1152433) [IDE_006/TSK_004 cold-path fired pid=1152433] #1/5 need_cold_seqs=1/2 reduced_rows=1/16384 max_cold_blocks=1024
(Worker_TP7 pid=1152439) [IDE_006/TSK_004 cold-path fired pid=1152439] #1/5 need_cold_seqs=1/2 reduced_rows=1/16384 max_cold_blocks=1024
(Worker_TP0 pid=1152432) [IDE_006/TSK_004 profile pid=1152432 kernel=forward_partial_with_lse_amx] prep_ms=0.01 kernel_ms=7.71 q.shape=(1, 8, 128) n_seqs=1 max_cbl=1024
(Worker_TP6 pid=1152438) [IDE_006/TSK_004 profile pid=1152438 kernel=forward_partial_with_lse_amx] prep_ms=0.00 kernel_ms=9.48 q.shape=(1, 8, 128) n_seqs=1 max_cbl=1024
(Worker_TP5 pid=1152437) [IDE_006/TSK_004 profile pid=1152437 kernel=forward_partial_with_lse_amx] prep_ms=0.00 kernel_ms=10.52 q.shape=(1, 8, 128) n_seqs=1 max_cbl=1024
(Worker_TP0 pid=1152432) [IDE_006/TSK_004 profile pid=1152432 stage=hot_cold] d2h_ms=56.92 kernel_ms=7.91 h2d_ms=1.53 merge_ms=1.19 total_ms=67.55 q.shape=(16384, 8, 128) reduced_q=(1, 8, 128) max_cold_blocks=1024
(Worker_TP7 pid=1152439) [IDE_006/TSK_004 profile pid=1152439 kernel=forward_partial_with_lse_amx] prep_ms=0.01 kernel_ms=10.54 q.shape=(1, 8, 128) n_seqs=1 max_cbl=1024
(Worker_TP6 pid=1152438) [IDE_006/TSK_004 profile pid=1152438 stage=hot_cold] d2h_ms=56.38 kernel_ms=9.74 h2d_ms=1.58 merge_ms=1.15 total_ms=68.85 q.shape=(16384, 8, 128) reduced_q=(1, 8, 128) max_cold_blocks=1024
(Worker_TP1 pid=1152433) [IDE_006/TSK_004 profile pid=1152433 kernel=forward_partial_with_lse_amx] prep_ms=0.01 kernel_ms=12.14 q.shape=(1, 8, 128) n_seqs=1 max_cbl=1024
(Worker_TP5 pid=1152437) [IDE_006/TSK_004 profile pid=1152437 stage=hot_cold] d2h_ms=56.89 kernel_ms=10.70 h2d_ms=1.55 merge_ms=1.09 total_ms=70.24 q.shape=(16384, 8, 128) reduced_q=(1, 8, 128) max_cold_blocks=1024
(Worker_TP7 pid=1152439) [IDE_006/TSK_004 profile pid=1152439 stage=hot_cold] d2h_ms=57.28 kernel_ms=10.76 h2d_ms=1.59 merge_ms=1.08 total_ms=70.71 q.shape=(16384, 8, 128) reduced_q=(1, 8, 128) max_cold_blocks=1024
(Worker_TP1 pid=1152433) [IDE_006/TSK_004 profile pid=1152433 stage=hot_cold] d2h_ms=57.23 kernel_ms=12.37 h2d_ms=1.56 merge_ms=1.10 total_ms=72.27 q.shape=(16384, 8, 128) reduced_q=(1, 8, 128) max_cold_blocks=1024
(Worker_TP4 pid=1152436) [IDE_006/TSK_004 profile pid=1152436 kernel=forward_partial_with_lse_amx] prep_ms=0.01 kernel_ms=17.86 q.shape=(1, 8, 128) n_seqs=1 max_cbl=1024
(Worker_TP4 pid=1152436) [IDE_006/TSK_004 profile pid=1152436 stage=hot_cold] d2h_ms=56.16 kernel_ms=18.06 h2d_ms=1.47 merge_ms=1.04 total_ms=76.72 q.shape=(16384, 8, 128) reduced_q=(1, 8, 128) max_cold_blocks=1024
(Worker_TP3 pid=1152435) [IDE_006/TSK_004 profile pid=1152435 kernel=forward_partial_with_lse_amx] prep_ms=0.01 kernel_ms=19.87 q.shape=(1, 8, 128) n_seqs=1 max_cbl=1024
(Worker_TP3 pid=1152435) [IDE_006/TSK_004 profile pid=1152435 stage=hot_cold] d2h_ms=57.16 kernel_ms=20.07 h2d_ms=1.46 merge_ms=1.04 total_ms=79.72 q.shape=(16384, 8, 128) reduced_q=(1, 8, 128) max_cold_blocks=1024
(Worker_TP2 pid=1152434) [IDE_006/TSK_004 profile pid=1152434 kernel=forward_partial_with_lse_amx] prep_ms=0.01 kernel_ms=21.66 q.shape=(1, 8, 128) n_seqs=1 max_cbl=1024
(Worker_TP2 pid=1152434) [IDE_006/TSK_004 profile pid=1152434 stage=hot_cold] d2h_ms=60.95 kernel_ms=21.86 h2d_ms=1.45 merge_ms=1.06 total_ms=85.32 q.shape=(16384, 8, 128) reduced_q=(1, 8, 128) max_cold_blocks=1024
(Worker_TP4 pid=1152436) [IDE_006/TSK_004 cold-path fired pid=1152436] #2/5 need_cold_seqs=1/2 reduced_rows=1/16384 max_cold_blocks=1024
(Worker_TP3 pid=1152435) [IDE_006/TSK_004 cold-path fired pid=1152435] #2/5 need_cold_seqs=1/2 reduced_rows=1/16384 max_cold_blocks=1024
(Worker_TP2 pid=1152434) [IDE_006/TSK_004 cold-path fired pid=1152434] #2/5 need_cold_seqs=1/2 reduced_rows=1/16384 max_cold_blocks=1024
(Worker_TP5 pid=1152437) [IDE_006/TSK_004 cold-path fired pid=1152437] #2/5 need_cold_seqs=1/2 reduced_rows=1/16384 max_cold_blocks=1024
(Worker_TP7 pid=1152439) [IDE_006/TSK_004 cold-path fired pid=1152439] #2/5 need_cold_seqs=1/2 reduced_rows=1/16384 max_cold_blocks=1024
(Worker_TP6 pid=1152438) [IDE_006/TSK_004 cold-path fired pid=1152438] #2/5 need_cold_seqs=1/2 reduced_rows=1/16384 max_cold_blocks=1024
(Worker_TP1 pid=1152433) [IDE_006/TSK_004 cold-path fired pid=1152433] #2/5 need_cold_seqs=1/2 reduced_rows=1/16384 max_cold_blocks=1024
(Worker_TP0 pid=1152432) [IDE_006/TSK_004 cold-path fired pid=1152432] #2/5 need_cold_seqs=1/2 reduced_rows=1/16384 max_cold_blocks=1024
(Worker_TP2 pid=1152434) [IDE_006/TSK_004 profile pid=1152434 kernel=forward_partial_with_lse_amx] prep_ms=0.00 kernel_ms=2.73 q.shape=(1, 8, 128) n_seqs=1 max_cbl=1024
(Worker_TP5 pid=1152437) [IDE_006/TSK_004 profile pid=1152437 kernel=forward_partial_with_lse_amx] prep_ms=0.00 kernel_ms=2.86 q.shape=(1, 8, 128) n_seqs=1 max_cbl=1024
(Worker_TP3 pid=1152435) [IDE_006/TSK_004 profile pid=1152435 kernel=forward_partial_with_lse_amx] prep_ms=0.00 kernel_ms=2.98 q.shape=(1, 8, 128) n_seqs=1 max_cbl=1024
(Worker_TP6 pid=1152438) [IDE_006/TSK_004 profile pid=1152438 kernel=forward_partial_with_lse_amx] prep_ms=0.00 kernel_ms=2.96 q.shape=(1, 8, 128) n_seqs=1 max_cbl=1024
(Worker_TP0 pid=1152432) [IDE_006/TSK_004 profile pid=1152432 kernel=forward_partial_with_lse_amx] prep_ms=0.01 kernel_ms=2.83 q.shape=(1, 8, 128) n_seqs=1 max_cbl=1024
(Worker_TP1 pid=1152433) [IDE_006/TSK_004 profile pid=1152433 kernel=forward_partial_with_lse_amx] prep_ms=0.00 kernel_ms=2.87 q.shape=(1, 8, 128) n_seqs=1 max_cbl=1024
(Worker_TP2 pid=1152434) [IDE_006/TSK_004 profile pid=1152434 stage=hot_cold] d2h_ms=0.27 kernel_ms=2.89 h2d_ms=0.81 merge_ms=0.19 total_ms=4.16 q.shape=(16384, 8, 128) reduced_q=(1, 8, 128) max_cold_blocks=1024
(Worker_TP5 pid=1152437) [IDE_006/TSK_004 profile pid=1152437 stage=hot_cold] d2h_ms=0.26 kernel_ms=2.96 h2d_ms=0.76 merge_ms=0.19 total_ms=4.18 q.shape=(16384, 8, 128) reduced_q=(1, 8, 128) max_cold_blocks=1024
(Worker_TP7 pid=1152439) [IDE_006/TSK_004 profile pid=1152439 kernel=forward_partial_with_lse_amx] prep_ms=0.00 kernel_ms=3.84 q.shape=(1, 8, 128) n_seqs=1 max_cbl=1024
(Worker_TP6 pid=1152438) [IDE_006/TSK_004 profile pid=1152438 stage=hot_cold] d2h_ms=0.27 kernel_ms=3.07 h2d_ms=0.75 merge_ms=0.18 total_ms=4.27 q.shape=(16384, 8, 128) reduced_q=(1, 8, 128) max_cold_blocks=1024
(Worker_TP3 pid=1152435) [IDE_006/TSK_004 profile pid=1152435 stage=hot_cold] d2h_ms=0.27 kernel_ms=3.14 h2d_ms=0.81 merge_ms=0.19 total_ms=4.42 q.shape=(16384, 8, 128) reduced_q=(1, 8, 128) max_cold_blocks=1024
(Worker_TP1 pid=1152433) [IDE_006/TSK_004 profile pid=1152433 stage=hot_cold] d2h_ms=0.31 kernel_ms=2.99 h2d_ms=0.87 merge_ms=0.20 total_ms=4.36 q.shape=(16384, 8, 128) reduced_q=(1, 8, 128) max_cold_blocks=1024
(Worker_TP0 pid=1152432) [IDE_006/TSK_004 profile pid=1152432 stage=hot_cold] d2h_ms=0.31 kernel_ms=2.96 h2d_ms=0.93 merge_ms=0.20 total_ms=4.39 q.shape=(16384, 8, 128) reduced_q=(1, 8, 128) max_cold_blocks=1024
(Worker_TP7 pid=1152439) [IDE_006/TSK_004 profile pid=1152439 stage=hot_cold] d2h_ms=0.27 kernel_ms=3.95 h2d_ms=0.74 merge_ms=0.18 total_ms=5.15 q.shape=(16384, 8, 128) reduced_q=(1, 8, 128) max_cold_blocks=1024
(Worker_TP4 pid=1152436) [IDE_006/TSK_004 profile pid=1152436 kernel=forward_partial_with_lse_amx] prep_ms=0.00 kernel_ms=8.40 q.shape=(1, 8, 128) n_seqs=1 max_cbl=1024
(Worker_TP4 pid=1152436) [IDE_006/TSK_004 profile pid=1152436 stage=hot_cold] d2h_ms=0.27 kernel_ms=8.56 h2d_ms=0.74 merge_ms=0.22 total_ms=9.80 q.shape=(16384, 8, 128) reduced_q=(1, 8, 128) max_cold_blocks=1024
(Worker_TP6 pid=1152438) [IDE_006/TSK_004 cold-path fired pid=1152438] #3/5 need_cold_seqs=1/2 reduced_rows=1/16384 max_cold_blocks=1024
(Worker_TP3 pid=1152435) [IDE_006/TSK_004 cold-path fired pid=1152435] #3/5 need_cold_seqs=1/2 reduced_rows=1/16384 max_cold_blocks=1024
(Worker_TP5 pid=1152437) [IDE_006/TSK_004 cold-path fired pid=1152437] #3/5 need_cold_seqs=1/2 reduced_rows=1/16384 max_cold_blocks=1024
(Worker_TP4 pid=1152436) [IDE_006/TSK_004 cold-path fired pid=1152436] #3/5 need_cold_seqs=1/2 reduced_rows=1/16384 max_cold_blocks=1024
(Worker_TP2 pid=1152434) [IDE_006/TSK_004 cold-path fired pid=1152434] #3/5 need_cold_seqs=1/2 reduced_rows=1/16384 max_cold_blocks=1024
(Worker_TP0 pid=1152432) [IDE_006/TSK_004 cold-path fired pid=1152432] #3/5 need_cold_seqs=1/2 reduced_rows=1/16384 max_cold_blocks=1024
(Worker_TP7 pid=1152439) [IDE_006/TSK_004 cold-path fired pid=1152439] #3/5 need_cold_seqs=1/2 reduced_rows=1/16384 max_cold_blocks=1024
(Worker_TP1 pid=1152433) [IDE_006/TSK_004 cold-path fired pid=1152433] #3/5 need_cold_seqs=1/2 reduced_rows=1/16384 max_cold_blocks=1024
(Worker_TP5 pid=1152437) [IDE_006/TSK_004 profile pid=1152437 kernel=forward_partial_with_lse_amx] prep_ms=0.00 kernel_ms=2.81 q.shape=(1, 8, 128) n_seqs=1 max_cbl=1024
(Worker_TP2 pid=1152434) [IDE_006/TSK_004 profile pid=1152434 kernel=forward_partial_with_lse_amx] prep_ms=0.00 kernel_ms=2.92 q.shape=(1, 8, 128) n_seqs=1 max_cbl=1024
(Worker_TP3 pid=1152435) [IDE_006/TSK_004 profile pid=1152435 kernel=forward_partial_with_lse_amx] prep_ms=0.00 kernel_ms=2.93 q.shape=(1, 8, 128) n_seqs=1 max_cbl=1024
(Worker_TP6 pid=1152438) [IDE_006/TSK_004 profile pid=1152438 kernel=forward_partial_with_lse_amx] prep_ms=0.00 kernel_ms=2.95 q.shape=(1, 8, 128) n_seqs=1 max_cbl=1024
(Worker_TP0 pid=1152432) [IDE_006/TSK_004 profile pid=1152432 kernel=forward_partial_with_lse_amx] prep_ms=0.00 kernel_ms=2.92 q.shape=(1, 8, 128) n_seqs=1 max_cbl=1024
(Worker_TP1 pid=1152433) [IDE_006/TSK_004 profile pid=1152433 kernel=forward_partial_with_lse_amx] prep_ms=0.01 kernel_ms=2.89 q.shape=(1, 8, 128) n_seqs=1 max_cbl=1024
(Worker_TP7 pid=1152439) [IDE_006/TSK_004 profile pid=1152439 kernel=forward_partial_with_lse_amx] prep_ms=0.00 kernel_ms=2.94 q.shape=(1, 8, 128) n_seqs=1 max_cbl=1024
(Worker_TP5 pid=1152437) [IDE_006/TSK_004 profile pid=1152437 stage=hot_cold] d2h_ms=0.24 kernel_ms=2.90 h2d_ms=0.51 merge_ms=0.17 total_ms=3.82 q.shape=(16384, 8, 128) reduced_q=(1, 8, 128) max_cold_blocks=1024
(Worker_TP6 pid=1152438) [IDE_006/TSK_004 profile pid=1152438 stage=hot_cold] d2h_ms=0.24 kernel_ms=3.04 h2d_ms=0.52 merge_ms=0.18 total_ms=3.98 q.shape=(16384, 8, 128) reduced_q=(1, 8, 128) max_cold_blocks=1024
(Worker_TP2 pid=1152434) [IDE_006/TSK_004 profile pid=1152434 stage=hot_cold] d2h_ms=0.24 kernel_ms=3.06 h2d_ms=0.52 merge_ms=0.17 total_ms=3.98 q.shape=(16384, 8, 128) reduced_q=(1, 8, 128) max_cold_blocks=1024
(Worker_TP3 pid=1152435) [IDE_006/TSK_004 profile pid=1152435 stage=hot_cold] d2h_ms=0.24 kernel_ms=3.03 h2d_ms=0.53 merge_ms=0.21 total_ms=4.00 q.shape=(16384, 8, 128) reduced_q=(1, 8, 128) max_cold_blocks=1024
(Worker_TP7 pid=1152439) [IDE_006/TSK_004 profile pid=1152439 stage=hot_cold] d2h_ms=0.24 kernel_ms=3.03 h2d_ms=0.52 merge_ms=0.17 total_ms=3.96 q.shape=(16384, 8, 128) reduced_q=(1, 8, 128) max_cold_blocks=1024
(Worker_TP0 pid=1152432) [IDE_006/TSK_004 profile pid=1152432 stage=hot_cold] d2h_ms=0.26 kernel_ms=3.02 h2d_ms=0.61 merge_ms=0.18 total_ms=4.06 q.shape=(16384, 8, 128) reduced_q=(1, 8, 128) max_cold_blocks=1024
(Worker_TP1 pid=1152433) [IDE_006/TSK_004 profile pid=1152433 stage=hot_cold] d2h_ms=0.26 kernel_ms=3.03 h2d_ms=0.58 merge_ms=0.18 total_ms=4.05 q.shape=(16384, 8, 128) reduced_q=(1, 8, 128) max_cold_blocks=1024
(Worker_TP4 pid=1152436) [IDE_006/TSK_004 profile pid=1152436 kernel=forward_partial_with_lse_amx] prep_ms=0.00 kernel_ms=9.49 q.shape=(1, 8, 128) n_seqs=1 max_cbl=1024
(Worker_TP4 pid=1152436) [IDE_006/TSK_004 profile pid=1152436 stage=hot_cold] d2h_ms=0.24 kernel_ms=9.64 h2d_ms=0.56 merge_ms=0.20 total_ms=10.64 q.shape=(16384, 8, 128) reduced_q=(1, 8, 128) max_cold_blocks=1024
(Worker_TP6 pid=1152438) [IDE_006/TSK_004 cold-path fired pid=1152438] #4/5 need_cold_seqs=1/2 reduced_rows=1/16384 max_cold_blocks=1024
(Worker_TP5 pid=1152437) [IDE_006/TSK_004 cold-path fired pid=1152437] #4/5 need_cold_seqs=1/2 reduced_rows=1/16384 max_cold_blocks=1024
(Worker_TP3 pid=1152435) [IDE_006/TSK_004 cold-path fired pid=1152435] #4/5 need_cold_seqs=1/2 reduced_rows=1/16384 max_cold_blocks=1024
(Worker_TP0 pid=1152432) [IDE_006/TSK_004 cold-path fired pid=1152432] #4/5 need_cold_seqs=1/2 reduced_rows=1/16384 max_cold_blocks=1024
(Worker_TP4 pid=1152436) [IDE_006/TSK_004 cold-path fired pid=1152436] #4/5 need_cold_seqs=1/2 reduced_rows=1/16384 max_cold_blocks=1024
(Worker_TP2 pid=1152434) [IDE_006/TSK_004 cold-path fired pid=1152434] #4/5 need_cold_seqs=1/2 reduced_rows=1/16384 max_cold_blocks=1024
(Worker_TP7 pid=1152439) [IDE_006/TSK_004 cold-path fired pid=1152439] #4/5 need_cold_seqs=1/2 reduced_rows=1/16384 max_cold_blocks=1024
(Worker_TP1 pid=1152433) [IDE_006/TSK_004 cold-path fired pid=1152433] #4/5 need_cold_seqs=1/2 reduced_rows=1/16384 max_cold_blocks=1024
(Worker_TP3 pid=1152435) [IDE_006/TSK_004 profile pid=1152435 kernel=forward_partial_with_lse_amx] prep_ms=0.00 kernel_ms=2.80 q.shape=(1, 8, 128) n_seqs=1 max_cbl=1024
(Worker_TP6 pid=1152438) [IDE_006/TSK_004 profile pid=1152438 kernel=forward_partial_with_lse_amx] prep_ms=0.00 kernel_ms=2.86 q.shape=(1, 8, 128) n_seqs=1 max_cbl=1024
(Worker_TP5 pid=1152437) [IDE_006/TSK_004 profile pid=1152437 kernel=forward_partial_with_lse_amx] prep_ms=0.00 kernel_ms=2.89 q.shape=(1, 8, 128) n_seqs=1 max_cbl=1024
(Worker_TP1 pid=1152433) [IDE_006/TSK_004 profile pid=1152433 kernel=forward_partial_with_lse_amx] prep_ms=0.00 kernel_ms=2.83 q.shape=(1, 8, 128) n_seqs=1 max_cbl=1024
(Worker_TP0 pid=1152432) [IDE_006/TSK_004 profile pid=1152432 kernel=forward_partial_with_lse_amx] prep_ms=0.00 kernel_ms=2.92 q.shape=(1, 8, 128) n_seqs=1 max_cbl=1024
(Worker_TP2 pid=1152434) [IDE_006/TSK_004 profile pid=1152434 kernel=forward_partial_with_lse_amx] prep_ms=0.00 kernel_ms=2.92 q.shape=(1, 8, 128) n_seqs=1 max_cbl=1024
(Worker_TP7 pid=1152439) [IDE_006/TSK_004 profile pid=1152439 kernel=forward_partial_with_lse_amx] prep_ms=0.00 kernel_ms=2.98 q.shape=(1, 8, 128) n_seqs=1 max_cbl=1024
(Worker_TP6 pid=1152438) [IDE_006/TSK_004 profile pid=1152438 stage=hot_cold] d2h_ms=0.24 kernel_ms=2.95 h2d_ms=0.51 merge_ms=0.17 total_ms=3.88 q.shape=(16384, 8, 128) reduced_q=(1, 8, 128) max_cold_blocks=1024
(Worker_TP3 pid=1152435) [IDE_006/TSK_004 profile pid=1152435 stage=hot_cold] d2h_ms=0.24 kernel_ms=2.95 h2d_ms=0.51 merge_ms=0.17 total_ms=3.88 q.shape=(16384, 8, 128) reduced_q=(1, 8, 128) max_cold_blocks=1024
(Worker_TP1 pid=1152433) [IDE_006/TSK_004 profile pid=1152433 stage=hot_cold] d2h_ms=0.25 kernel_ms=2.92 h2d_ms=0.52 merge_ms=0.18 total_ms=3.87 q.shape=(16384, 8, 128) reduced_q=(1, 8, 128) max_cold_blocks=1024
(Worker_TP5 pid=1152437) [IDE_006/TSK_004 profile pid=1152437 stage=hot_cold] d2h_ms=0.22 kernel_ms=3.05 h2d_ms=0.52 merge_ms=0.17 total_ms=3.96 q.shape=(16384, 8, 128) reduced_q=(1, 8, 128) max_cold_blocks=1024
(Worker_TP0 pid=1152432) [IDE_006/TSK_004 profile pid=1152432 stage=hot_cold] d2h_ms=0.25 kernel_ms=3.01 h2d_ms=0.55 merge_ms=0.18 total_ms=3.98 q.shape=(16384, 8, 128) reduced_q=(1, 8, 128) max_cold_blocks=1024
(Worker_TP2 pid=1152434) [IDE_006/TSK_004 profile pid=1152434 stage=hot_cold] d2h_ms=0.25 kernel_ms=3.06 h2d_ms=0.51 merge_ms=0.17 total_ms=3.99 q.shape=(16384, 8, 128) reduced_q=(1, 8, 128) max_cold_blocks=1024
(Worker_TP7 pid=1152439) [IDE_006/TSK_004 profile pid=1152439 stage=hot_cold] d2h_ms=0.24 kernel_ms=3.11 h2d_ms=0.51 merge_ms=0.17 total_ms=4.04 q.shape=(16384, 8, 128) reduced_q=(1, 8, 128) max_cold_blocks=1024
(Worker_TP4 pid=1152436) [IDE_006/TSK_004 profile pid=1152436 kernel=forward_partial_with_lse_amx] prep_ms=0.00 kernel_ms=10.14 q.shape=(1, 8, 128) n_seqs=1 max_cbl=1024
(Worker_TP4 pid=1152436) [IDE_006/TSK_004 profile pid=1152436 stage=hot_cold] d2h_ms=0.24 kernel_ms=10.28 h2d_ms=0.51 merge_ms=0.17 total_ms=11.20 q.shape=(16384, 8, 128) reduced_q=(1, 8, 128) max_cold_blocks=1024
(Worker_TP3 pid=1152435) [IDE_006/TSK_004 cold-path fired pid=1152435] #5/5 need_cold_seqs=1/2 reduced_rows=1/16384 max_cold_blocks=1024
(Worker_TP4 pid=1152436) [IDE_006/TSK_004 cold-path fired pid=1152436] #5/5 need_cold_seqs=1/2 reduced_rows=1/16384 max_cold_blocks=1024
(Worker_TP6 pid=1152438) [IDE_006/TSK_004 cold-path fired pid=1152438] #5/5 need_cold_seqs=1/2 reduced_rows=1/16384 max_cold_blocks=1024
(Worker_TP2 pid=1152434) [IDE_006/TSK_004 cold-path fired pid=1152434] #5/5 need_cold_seqs=1/2 reduced_rows=1/16384 max_cold_blocks=1024
(Worker_TP0 pid=1152432) [IDE_006/TSK_004 cold-path fired pid=1152432] #5/5 need_cold_seqs=1/2 reduced_rows=1/16384 max_cold_blocks=1024
(Worker_TP1 pid=1152433) [IDE_006/TSK_004 cold-path fired pid=1152433] #5/5 need_cold_seqs=1/2 reduced_rows=1/16384 max_cold_blocks=1024
(Worker_TP7 pid=1152439) [IDE_006/TSK_004 cold-path fired pid=1152439] #5/5 need_cold_seqs=1/2 reduced_rows=1/16384 max_cold_blocks=1024
(Worker_TP5 pid=1152437) [IDE_006/TSK_004 cold-path fired pid=1152437] #5/5 need_cold_seqs=1/2 reduced_rows=1/16384 max_cold_blocks=1024
(Worker_TP1 pid=1152433) [IDE_006/TSK_004 profile pid=1152433 kernel=forward_partial_with_lse_amx] prep_ms=0.00 kernel_ms=2.82 q.shape=(1, 8, 128) n_seqs=1 max_cbl=1024
(Worker_TP6 pid=1152438) [IDE_006/TSK_004 profile pid=1152438 kernel=forward_partial_with_lse_amx] prep_ms=0.00 kernel_ms=3.02 q.shape=(1, 8, 128) n_seqs=1 max_cbl=1024
(Worker_TP0 pid=1152432) [IDE_006/TSK_004 profile pid=1152432 kernel=forward_partial_with_lse_amx] prep_ms=0.00 kernel_ms=3.03 q.shape=(1, 8, 128) n_seqs=1 max_cbl=1024
(Worker_TP2 pid=1152434) [IDE_006/TSK_004 profile pid=1152434 kernel=forward_partial_with_lse_amx] prep_ms=0.00 kernel_ms=3.05 q.shape=(1, 8, 128) n_seqs=1 max_cbl=1024
(Worker_TP1 pid=1152433) [IDE_006/TSK_004 profile pid=1152433 stage=hot_cold] d2h_ms=0.25 kernel_ms=2.96 h2d_ms=0.55 merge_ms=0.18 total_ms=3.95 q.shape=(16384, 8, 128) reduced_q=(1, 8, 128) max_cold_blocks=1024
(Worker_TP6 pid=1152438) [IDE_006/TSK_004 profile pid=1152438 stage=hot_cold] d2h_ms=0.24 kernel_ms=3.11 h2d_ms=0.48 merge_ms=0.17 total_ms=4.01 q.shape=(16384, 8, 128) reduced_q=(1, 8, 128) max_cold_blocks=1024
(Worker_TP0 pid=1152432) [IDE_006/TSK_004 profile pid=1152432 stage=hot_cold] d2h_ms=0.26 kernel_ms=3.12 h2d_ms=0.52 merge_ms=0.19 total_ms=4.09 q.shape=(16384, 8, 128) reduced_q=(1, 8, 128) max_cold_blocks=1024
(Worker_TP2 pid=1152434) [IDE_006/TSK_004 profile pid=1152434 stage=hot_cold] d2h_ms=0.26 kernel_ms=3.15 h2d_ms=0.53 merge_ms=0.20 total_ms=4.13 q.shape=(16384, 8, 128) reduced_q=(1, 8, 128) max_cold_blocks=1024
(Worker_TP7 pid=1152439) [IDE_006/TSK_004 profile pid=1152439 kernel=forward_partial_with_lse_amx] prep_ms=0.00 kernel_ms=9.99 q.shape=(1, 8, 128) n_seqs=1 max_cbl=1024
(Worker_TP4 pid=1152436) [IDE_006/TSK_004 profile pid=1152436 kernel=forward_partial_with_lse_amx] prep_ms=0.00 kernel_ms=10.18 q.shape=(1, 8, 128) n_seqs=1 max_cbl=1024
(Worker_TP3 pid=1152435) [IDE_006/TSK_004 profile pid=1152435 kernel=forward_partial_with_lse_amx] prep_ms=0.00 kernel_ms=10.37 q.shape=(1, 8, 128) n_seqs=1 max_cbl=1024
(Worker_TP4 pid=1152436) [IDE_006/TSK_004 profile pid=1152436 stage=hot_cold] d2h_ms=0.25 kernel_ms=10.28 h2d_ms=0.49 merge_ms=0.20 total_ms=11.22 q.shape=(16384, 8, 128) reduced_q=(1, 8, 128) max_cold_blocks=1024
(Worker_TP7 pid=1152439) [IDE_006/TSK_004 profile pid=1152439 stage=hot_cold] d2h_ms=0.25 kernel_ms=10.11 h2d_ms=0.58 merge_ms=0.22 total_ms=11.15 q.shape=(16384, 8, 128) reduced_q=(1, 8, 128) max_cold_blocks=1024
(Worker_TP3 pid=1152435) [IDE_006/TSK_004 profile pid=1152435 stage=hot_cold] d2h_ms=0.24 kernel_ms=10.50 h2d_ms=0.49 merge_ms=0.18 total_ms=11.41 q.shape=(16384, 8, 128) reduced_q=(1, 8, 128) max_cold_blocks=1024
(Worker_TP5 pid=1152437) [IDE_006/TSK_004 profile pid=1152437 kernel=forward_partial_with_lse_amx] prep_ms=0.00 kernel_ms=18.08 q.shape=(1, 8, 128) n_seqs=1 max_cbl=1024
(Worker_TP5 pid=1152437) [IDE_006/TSK_004 profile pid=1152437 stage=hot_cold] d2h_ms=0.29 kernel_ms=18.19 h2d_ms=0.50 merge_ms=0.18 total_ms=19.15 q.shape=(16384, 8, 128) reduced_q=(1, 8, 128) max_cold_blocks=1024
(Worker_TP5 pid=1152437) [IDE_006/TSK_004 profile pid=1152437 kernel=forward_partial_with_lse_amx] prep_ms=0.00 kernel_ms=2.37 q.shape=(1, 8, 128) n_seqs=1 max_cbl=1024
(Worker_TP2 pid=1152434) [IDE_006/TSK_004 profile pid=1152434 kernel=forward_partial_with_lse_amx] prep_ms=0.00 kernel_ms=2.81 q.shape=(1, 8, 128) n_seqs=1 max_cbl=1024
(Worker_TP3 pid=1152435) [IDE_006/TSK_004 profile pid=1152435 kernel=forward_partial_with_lse_amx] prep_ms=0.00 kernel_ms=2.86 q.shape=(1, 8, 128) n_seqs=1 max_cbl=1024
(Worker_TP6 pid=1152438) [IDE_006/TSK_004 profile pid=1152438 kernel=forward_partial_with_lse_amx] prep_ms=0.00 kernel_ms=2.95 q.shape=(1, 8, 128) n_seqs=1 max_cbl=1024
(Worker_TP0 pid=1152432) [IDE_006/TSK_004 profile pid=1152432 kernel=forward_partial_with_lse_amx] prep_ms=0.00 kernel_ms=2.93 q.shape=(1, 8, 128) n_seqs=1 max_cbl=1024
(Worker_TP5 pid=1152437) [IDE_006/TSK_004 profile pid=1152437 stage=hot_cold] d2h_ms=0.20 kernel_ms=2.52 h2d_ms=0.49 merge_ms=0.17 total_ms=3.38 q.shape=(16384, 8, 128) reduced_q=(1, 8, 128) max_cold_blocks=1024
(Worker_TP3 pid=1152435) [IDE_006/TSK_004 profile pid=1152435 stage=hot_cold] d2h_ms=0.21 kernel_ms=2.96 h2d_ms=0.51 merge_ms=0.17 total_ms=3.84 q.shape=(16384, 8, 128) reduced_q=(1, 8, 128) max_cold_blocks=1024
(Worker_TP2 pid=1152434) [IDE_006/TSK_004 profile pid=1152434 stage=hot_cold] d2h_ms=0.21 kernel_ms=2.98 h2d_ms=0.54 merge_ms=0.18 total_ms=3.90 q.shape=(16384, 8, 128) reduced_q=(1, 8, 128) max_cold_blocks=1024
(Worker_TP0 pid=1152432) [IDE_006/TSK_004 profile pid=1152432 stage=hot_cold] d2h_ms=0.22 kernel_ms=3.03 h2d_ms=0.53 merge_ms=0.18 total_ms=3.96 q.shape=(16384, 8, 128) reduced_q=(1, 8, 128) max_cold_blocks=1024
(Worker_TP6 pid=1152438) [IDE_006/TSK_004 profile pid=1152438 stage=hot_cold] d2h_ms=0.20 kernel_ms=3.10 h2d_ms=0.52 merge_ms=0.17 total_ms=3.99 q.shape=(16384, 8, 128) reduced_q=(1, 8, 128) max_cold_blocks=1024
(Worker_TP1 pid=1152433) [IDE_006/TSK_004 profile pid=1152433 kernel=forward_partial_with_lse_amx] prep_ms=0.00 kernel_ms=3.83 q.shape=(1, 8, 128) n_seqs=1 max_cbl=1024
(Worker_TP1 pid=1152433) [IDE_006/TSK_004 profile pid=1152433 stage=hot_cold] d2h_ms=0.21 kernel_ms=3.97 h2d_ms=0.59 merge_ms=0.19 total_ms=4.96 q.shape=(16384, 8, 128) reduced_q=(1, 8, 128) max_cold_blocks=1024
(Worker_TP7 pid=1152439) [IDE_006/TSK_004 profile pid=1152439 kernel=forward_partial_with_lse_amx] prep_ms=0.00 kernel_ms=6.91 q.shape=(1, 8, 128) n_seqs=1 max_cbl=1024
(Worker_TP7 pid=1152439) [IDE_006/TSK_004 profile pid=1152439 stage=hot_cold] d2h_ms=0.22 kernel_ms=7.01 h2d_ms=0.53 merge_ms=0.17 total_ms=7.92 q.shape=(16384, 8, 128) reduced_q=(1, 8, 128) max_cold_blocks=1024
(Worker_TP4 pid=1152436) [IDE_006/TSK_004 profile pid=1152436 kernel=forward_partial_with_lse_amx] prep_ms=0.00 kernel_ms=10.69 q.shape=(1, 8, 128) n_seqs=1 max_cbl=1024
(Worker_TP4 pid=1152436) [IDE_006/TSK_004 profile pid=1152436 stage=hot_cold] d2h_ms=0.21 kernel_ms=10.80 h2d_ms=0.55 merge_ms=0.22 total_ms=11.78 q.shape=(16384, 8, 128) reduced_q=(1, 8, 128) max_cold_blocks=1024
(Worker_TP5 pid=1152437) [IDE_006/TSK_004 profile pid=1152437 kernel=forward_partial_with_lse_amx] prep_ms=0.00 kernel_ms=2.87 q.shape=(1, 8, 128) n_seqs=1 max_cbl=1024
(Worker_TP3 pid=1152435) [IDE_006/TSK_004 profile pid=1152435 kernel=forward_partial_with_lse_amx] prep_ms=0.00 kernel_ms=2.89 q.shape=(1, 8, 128) n_seqs=1 max_cbl=1024
(Worker_TP1 pid=1152433) [IDE_006/TSK_004 profile pid=1152433 kernel=forward_partial_with_lse_amx] prep_ms=0.01 kernel_ms=2.82 q.shape=(1, 8, 128) n_seqs=1 max_cbl=1024
(Worker_TP5 pid=1152437) [IDE_006/TSK_004 profile pid=1152437 stage=hot_cold] d2h_ms=0.20 kernel_ms=2.97 h2d_ms=0.51 merge_ms=0.16 total_ms=3.85 q.shape=(16384, 8, 128) reduced_q=(1, 8, 128) max_cold_blocks=1024
(Worker_TP3 pid=1152435) [IDE_006/TSK_004 profile pid=1152435 stage=hot_cold] d2h_ms=0.22 kernel_ms=2.99 h2d_ms=0.51 merge_ms=0.17 total_ms=3.89 q.shape=(16384, 8, 128) reduced_q=(1, 8, 128) max_cold_blocks=1024
(Worker_TP1 pid=1152433) [IDE_006/TSK_004 profile pid=1152433 stage=hot_cold] d2h_ms=0.23 kernel_ms=2.93 h2d_ms=0.54 merge_ms=0.18 total_ms=3.87 q.shape=(16384, 8, 128) reduced_q=(1, 8, 128) max_cold_blocks=1024
(Worker_TP0 pid=1152432) [IDE_006/TSK_004 profile pid=1152432 kernel=forward_partial_with_lse_amx] prep_ms=0.01 kernel_ms=4.46 q.shape=(1, 8, 128) n_seqs=1 max_cbl=1024
(Worker_TP0 pid=1152432) [IDE_006/TSK_004 profile pid=1152432 stage=hot_cold] d2h_ms=0.35 kernel_ms=4.63 h2d_ms=0.58 merge_ms=0.18 total_ms=5.75 q.shape=(16384, 8, 128) reduced_q=(1, 8, 128) max_cold_blocks=1024
(Worker_TP4 pid=1152436) [IDE_006/TSK_004 profile pid=1152436 kernel=forward_partial_with_lse_amx] prep_ms=0.00 kernel_ms=8.36 q.shape=(1, 8, 128) n_seqs=1 max_cbl=1024
(Worker_TP4 pid=1152436) [IDE_006/TSK_004 profile pid=1152436 stage=hot_cold] d2h_ms=0.32 kernel_ms=8.46 h2d_ms=0.49 merge_ms=0.18 total_ms=9.45 q.shape=(16384, 8, 128) reduced_q=(1, 8, 128) max_cold_blocks=1024
(Worker_TP7 pid=1152439) [IDE_006/TSK_004 profile pid=1152439 kernel=forward_partial_with_lse_amx] prep_ms=0.00 kernel_ms=10.52 q.shape=(1, 8, 128) n_seqs=1 max_cbl=1024
(Worker_TP6 pid=1152438) [IDE_006/TSK_004 profile pid=1152438 kernel=forward_partial_with_lse_amx] prep_ms=0.00 kernel_ms=10.58 q.shape=(1, 8, 128) n_seqs=1 max_cbl=1024
(Worker_TP2 pid=1152434) [IDE_006/TSK_004 profile pid=1152434 kernel=forward_partial_with_lse_amx] prep_ms=0.00 kernel_ms=10.66 q.shape=(1, 8, 128) n_seqs=1 max_cbl=1024
(Worker_TP6 pid=1152438) [IDE_006/TSK_004 profile pid=1152438 stage=hot_cold] d2h_ms=0.21 kernel_ms=10.67 h2d_ms=0.51 merge_ms=0.17 total_ms=11.57 q.shape=(16384, 8, 128) reduced_q=(1, 8, 128) max_cold_blocks=1024
(Worker_TP7 pid=1152439) [IDE_006/TSK_004 profile pid=1152439 stage=hot_cold] d2h_ms=0.21 kernel_ms=10.67 h2d_ms=0.52 merge_ms=0.19 total_ms=11.59 q.shape=(16384, 8, 128) reduced_q=(1, 8, 128) max_cold_blocks=1024
(Worker_TP2 pid=1152434) [IDE_006/TSK_004 profile pid=1152434 stage=hot_cold] d2h_ms=0.21 kernel_ms=10.77 h2d_ms=0.53 merge_ms=0.17 total_ms=11.69 q.shape=(16384, 8, 128) reduced_q=(1, 8, 128) max_cold_blocks=1024
(Worker_TP5 pid=1152437) [IDE_006/TSK_004 profile pid=1152437 kernel=forward_partial_with_lse_amx] prep_ms=0.01 kernel_ms=2.68 q.shape=(1, 8, 128) n_seqs=1 max_cbl=1024
(Worker_TP6 pid=1152438) [IDE_006/TSK_004 profile pid=1152438 kernel=forward_partial_with_lse_amx] prep_ms=0.00 kernel_ms=2.86 q.shape=(1, 8, 128) n_seqs=1 max_cbl=1024
(Worker_TP7 pid=1152439) [IDE_006/TSK_004 profile pid=1152439 kernel=forward_partial_with_lse_amx] prep_ms=0.00 kernel_ms=2.76 q.shape=(1, 8, 128) n_seqs=1 max_cbl=1024
(Worker_TP1 pid=1152433) [IDE_006/TSK_004 profile pid=1152433 kernel=forward_partial_with_lse_amx] prep_ms=0.00 kernel_ms=2.85 q.shape=(1, 8, 128) n_seqs=1 max_cbl=1024
(Worker_TP3 pid=1152435) [IDE_006/TSK_004 profile pid=1152435 kernel=forward_partial_with_lse_amx] prep_ms=0.00 kernel_ms=2.91 q.shape=(1, 8, 128) n_seqs=1 max_cbl=1024
(Worker_TP5 pid=1152437) [IDE_006/TSK_004 profile pid=1152437 stage=hot_cold] d2h_ms=0.21 kernel_ms=2.83 h2d_ms=0.50 merge_ms=0.17 total_ms=3.71 q.shape=(16384, 8, 128) reduced_q=(1, 8, 128) max_cold_blocks=1024
(Worker_TP7 pid=1152439) [IDE_006/TSK_004 profile pid=1152439 stage=hot_cold] d2h_ms=0.25 kernel_ms=2.86 h2d_ms=0.50 merge_ms=0.17 total_ms=3.78 q.shape=(16384, 8, 128) reduced_q=(1, 8, 128) max_cold_blocks=1024
(Worker_TP6 pid=1152438) [IDE_006/TSK_004 profile pid=1152438 stage=hot_cold] d2h_ms=0.19 kernel_ms=3.03 h2d_ms=0.49 merge_ms=0.17 total_ms=3.89 q.shape=(16384, 8, 128) reduced_q=(1, 8, 128) max_cold_blocks=1024
(Worker_TP3 pid=1152435) [IDE_006/TSK_004 profile pid=1152435 stage=hot_cold] d2h_ms=0.22 kernel_ms=3.04 h2d_ms=0.48 merge_ms=0.17 total_ms=3.91 q.shape=(16384, 8, 128) reduced_q=(1, 8, 128) max_cold_blocks=1024
(Worker_TP1 pid=1152433) [IDE_006/TSK_004 profile pid=1152433 stage=hot_cold] d2h_ms=0.24 kernel_ms=3.02 h2d_ms=0.49 merge_ms=0.18 total_ms=3.93 q.shape=(16384, 8, 128) reduced_q=(1, 8, 128) max_cold_blocks=1024
(Worker_TP2 pid=1152434) [IDE_006/TSK_004 profile pid=1152434 kernel=forward_partial_with_lse_amx] prep_ms=0.00 kernel_ms=8.33 q.shape=(1, 8, 128) n_seqs=1 max_cbl=1024
