[baseline] model=meta-llama/Llama-3.3-70B-Instruct
[baseline] TP=8 max_model_len=4096 max_num_seqs=64
[baseline] num_prompts=50 target_input_len=2048 max_tokens=512
[baseline] avg prompt chars: 8944
[baseline] enable_neo_asymmetric=True
INFO 05-03 02:47:05 [arg_utils.py:694] HF_HUB_OFFLINE is True, replace model_id [meta-llama/Llama-3.3-70B-Instruct] to model_path [/root/.cache/huggingface/hub/models--meta-llama--Llama-3.3-70B-Instruct/snapshots/6f6073b423013f6a7d4d9f39144961bfbfbc386b]
INFO 05-03 02:47:05 [utils.py:233] non-default args: {'max_model_len': 4096, 'tensor_parallel_size': 8, 'gpu_memory_utilization': 0.55, 'max_num_seqs': 64, 'enforce_eager': True, 'enable_neo_asymmetric': True, 'model': '/root/.cache/huggingface/hub/models--meta-llama--Llama-3.3-70B-Instruct/snapshots/6f6073b423013f6a7d4d9f39144961bfbfbc386b'}
WARNING 05-03 02:47:05 [envs.py:1785] Unknown vLLM environment variable detected: VLLM_NEO_PROFILE_STEP
WARNING 05-03 02:47:05 [envs.py:1785] Unknown vLLM environment variable detected: VLLM_NEO_KV_FREE
INFO 05-03 02:47:05 [model.py:554] Resolved architecture: LlamaForCausalLM
INFO 05-03 02:47:05 [model.py:1685] Using max model len 4096
INFO 05-03 02:47:05 [scheduler.py:267] Chunked prefill is enabled with max_num_batched_tokens=16384.
INFO 05-03 02:47:05 [vllm.py:834] Asynchronous scheduling is enabled.
WARNING 05-03 02:47:05 [vllm.py:892] Enforce eager set, disabling torch.compile and CUDAGraphs. This is equivalent to setting -cc.mode=none -cc.cudagraph_mode=none
WARNING 05-03 02:47:05 [vllm.py:903] Inductor compilation was disabled by user settings, optimizations settings that are only active during inductor compilation will be ignored.
INFO 05-03 02:47:05 [kernel.py:199] Final IR op priority after setting platform defaults: IrOpPriorityConfig(rms_norm=['vllm_c', 'native'])
INFO 05-03 02:47:06 [vllm.py:1081] Cudagraph is disabled under eager mode
<frozen importlib._bootstrap_external>:1301: FutureWarning: The cuda.cudart module is deprecated and will be removed in a future release, please switch to use the cuda.bindings.runtime module instead.
<frozen importlib._bootstrap_external>:1301: FutureWarning: The cuda.nvrtc module is deprecated and will be removed in a future release, please switch to use the cuda.bindings.nvrtc module instead.
INFO 05-03 02:47:10 [compilation.py:294] Enabled custom fusions: norm_quant, act_quant, allreduce_rms
WARNING 05-03 02:47:11 [system_utils.py:157] We must use the `spawn` multiprocessing start method. Overriding VLLM_WORKER_MULTIPROC_METHOD to 'spawn'. See https://docs.vllm.ai/en/latest/usage/troubleshooting.html#python-multiprocessing for more information. Reasons: CUDA is initialized
(EngineCore pid=2157984) INFO 05-03 02:47:18 [core.py:107] Initializing a V1 LLM engine (v0.1.dev15917+g0a6396b45) with config: model='/root/.cache/huggingface/hub/models--meta-llama--Llama-3.3-70B-Instruct/snapshots/6f6073b423013f6a7d4d9f39144961bfbfbc386b', speculative_config=None, tokenizer='/root/.cache/huggingface/hub/models--meta-llama--Llama-3.3-70B-Instruct/snapshots/6f6073b423013f6a7d4d9f39144961bfbfbc386b', skip_tokenizer_init=False, tokenizer_mode=auto, revision=None, tokenizer_revision=None, trust_remote_code=False, dtype=torch.bfloat16, max_seq_len=4096, download_dir=None, load_format=auto, tensor_parallel_size=8, pipeline_parallel_size=1, data_parallel_size=1, decode_context_parallel_size=1, dcp_comm_backend=ag_rs, disable_custom_all_reduce=False, quantization=None, quantization_config=None, enforce_eager=True, enable_return_routed_experts=False, kv_cache_dtype=auto, device_config=cuda, structured_outputs_config=StructuredOutputsConfig(backend='auto', disable_any_whitespace=False, disable_additional_properties=False, reasoning_parser='', reasoning_parser_plugin='', enable_in_reasoning=False), observability_config=ObservabilityConfig(show_hidden_metrics_for_version=None, otlp_traces_endpoint=None, collect_detailed_traces=None, kv_cache_metrics=False, kv_cache_metrics_sample=0.01, cudagraph_metrics=False, enable_layerwise_nvtx_tracing=False, enable_mfu_metrics=False, enable_mm_processor_stats=False, enable_logging_iteration_details=False), seed=0, served_model_name=/root/.cache/huggingface/hub/models--meta-llama--Llama-3.3-70B-Instruct/snapshots/6f6073b423013f6a7d4d9f39144961bfbfbc386b, enable_prefix_caching=True, enable_chunked_prefill=True, pooler_config=None, compilation_config={'mode': <CompilationMode.NONE: 0>, 'debug_dump_path': None, 'cache_dir': '', 'compile_cache_save_format': 'binary', 'backend': 'inductor', 'custom_ops': ['all'], 'ir_enable_torch_wrap': False, 'splitting_ops': [], 'compile_mm_encoder': False, 'cudagraph_mm_encoder': False, 'encoder_cudagraph_token_budgets': [], 'encoder_cudagraph_max_vision_items_per_batch': 0, 'encoder_cudagraph_max_frames_per_batch': 0, 'compile_sizes': [], 'compile_ranges_endpoints': [32, 16384], 'inductor_compile_config': {'enable_auto_functionalized_v2': False, 'size_asserts': False, 'alignment_asserts': False, 'scalar_asserts': False, 'combo_kernels': True, 'benchmark_combo_kernel': True}, 'inductor_passes': {}, 'cudagraph_mode': <CUDAGraphMode.NONE: 0>, 'cudagraph_num_of_warmups': 0, 'cudagraph_capture_sizes': [], 'cudagraph_copy_inputs': False, 'cudagraph_specialize_lora': True, 'use_inductor_graph_partition': False, 'pass_config': {'fuse_norm_quant': True, 'fuse_act_quant': True, 'fuse_attn_quant': False, 'enable_sp': False, 'fuse_gemm_comms': False, 'fuse_allreduce_rms': True}, 'max_cudagraph_capture_size': 0, 'dynamic_shapes_config': {'type': <DynamicShapesType.BACKED: 'backed'>, 'evaluate_guards': False, 'assume_32_bit_indexing': False}, 'local_cache_dir': None, 'fast_moe_cold_start': False, 'static_all_moe_layers': []}, kernel_config=KernelConfig(ir_op_priority=IrOpPriorityConfig(rms_norm=['vllm_c', 'native']), enable_flashinfer_autotune=True, moe_backend='auto')
(EngineCore pid=2157984) WARNING 05-03 02:47:18 [multiproc_executor.py:1029] Reducing Torch parallelism from 112 threads to 1 to avoid unnecessary CPU contention. Set OMP_NUM_THREADS in the external environment to tune this value as needed.
(EngineCore pid=2157984) INFO 05-03 02:47:18 [multiproc_executor.py:139] DP group leader: node_rank=0, node_rank_within_dp=0, master_addr=127.0.0.1, mq_connect_ip=211.115.75.82 (local), world_size=8, local_world_size=8
(Worker pid=2158562) INFO 05-03 02:47:33 [parallel_state.py:1400] world_size=8 rank=6 local_rank=6 distributed_init_method=tcp://127.0.0.1:55347 backend=nccl
(Worker pid=2158556) INFO 05-03 02:47:33 [parallel_state.py:1400] world_size=8 rank=0 local_rank=0 distributed_init_method=tcp://127.0.0.1:55347 backend=nccl
(Worker pid=2158560) INFO 05-03 02:47:33 [parallel_state.py:1400] world_size=8 rank=4 local_rank=4 distributed_init_method=tcp://127.0.0.1:55347 backend=nccl
(Worker pid=2158559) INFO 05-03 02:47:33 [parallel_state.py:1400] world_size=8 rank=3 local_rank=3 distributed_init_method=tcp://127.0.0.1:55347 backend=nccl
(Worker pid=2158557) INFO 05-03 02:47:33 [parallel_state.py:1400] world_size=8 rank=1 local_rank=1 distributed_init_method=tcp://127.0.0.1:55347 backend=nccl
(Worker pid=2158558) INFO 05-03 02:47:33 [parallel_state.py:1400] world_size=8 rank=2 local_rank=2 distributed_init_method=tcp://127.0.0.1:55347 backend=nccl
(Worker pid=2158563) INFO 05-03 02:47:33 [parallel_state.py:1400] world_size=8 rank=7 local_rank=7 distributed_init_method=tcp://127.0.0.1:55347 backend=nccl
(Worker pid=2158561) INFO 05-03 02:47:33 [parallel_state.py:1400] world_size=8 rank=5 local_rank=5 distributed_init_method=tcp://127.0.0.1:55347 backend=nccl
(Worker pid=2158562) <frozen importlib._bootstrap_external>:1301: FutureWarning: The cuda.cudart module is deprecated and will be removed in a future release, please switch to use the cuda.bindings.runtime module instead.
(Worker pid=2158558) <frozen importlib._bootstrap_external>:1301: FutureWarning: The cuda.cudart module is deprecated and will be removed in a future release, please switch to use the cuda.bindings.runtime module instead.
(Worker pid=2158556) <frozen importlib._bootstrap_external>:1301: FutureWarning: The cuda.cudart module is deprecated and will be removed in a future release, please switch to use the cuda.bindings.runtime module instead.
(Worker pid=2158562) <frozen importlib._bootstrap_external>:1301: FutureWarning: The cuda.nvrtc module is deprecated and will be removed in a future release, please switch to use the cuda.bindings.nvrtc module instead.
(Worker pid=2158558) <frozen importlib._bootstrap_external>:1301: FutureWarning: The cuda.nvrtc module is deprecated and will be removed in a future release, please switch to use the cuda.bindings.nvrtc module instead.
(Worker pid=2158556) <frozen importlib._bootstrap_external>:1301: FutureWarning: The cuda.nvrtc module is deprecated and will be removed in a future release, please switch to use the cuda.bindings.nvrtc module instead.
(Worker pid=2158560) <frozen importlib._bootstrap_external>:1301: FutureWarning: The cuda.cudart module is deprecated and will be removed in a future release, please switch to use the cuda.bindings.runtime module instead.
(Worker pid=2158560) <frozen importlib._bootstrap_external>:1301: FutureWarning: The cuda.nvrtc module is deprecated and will be removed in a future release, please switch to use the cuda.bindings.nvrtc module instead.
(Worker pid=2158559) <frozen importlib._bootstrap_external>:1301: FutureWarning: The cuda.cudart module is deprecated and will be removed in a future release, please switch to use the cuda.bindings.runtime module instead.
(Worker pid=2158557) <frozen importlib._bootstrap_external>:1301: FutureWarning: The cuda.cudart module is deprecated and will be removed in a future release, please switch to use the cuda.bindings.runtime module instead.
(Worker pid=2158559) <frozen importlib._bootstrap_external>:1301: FutureWarning: The cuda.nvrtc module is deprecated and will be removed in a future release, please switch to use the cuda.bindings.nvrtc module instead.
(Worker pid=2158557) <frozen importlib._bootstrap_external>:1301: FutureWarning: The cuda.nvrtc module is deprecated and will be removed in a future release, please switch to use the cuda.bindings.nvrtc module instead.
(Worker pid=2158563) <frozen importlib._bootstrap_external>:1301: FutureWarning: The cuda.cudart module is deprecated and will be removed in a future release, please switch to use the cuda.bindings.runtime module instead.
(Worker pid=2158563) <frozen importlib._bootstrap_external>:1301: FutureWarning: The cuda.nvrtc module is deprecated and will be removed in a future release, please switch to use the cuda.bindings.nvrtc module instead.
(Worker pid=2158556) INFO 05-03 02:47:34 [pynccl.py:111] vLLM is using nccl==2.28.9
(Worker pid=2158561) <frozen importlib._bootstrap_external>:1301: FutureWarning: The cuda.cudart module is deprecated and will be removed in a future release, please switch to use the cuda.bindings.runtime module instead.
(Worker pid=2158561) <frozen importlib._bootstrap_external>:1301: FutureWarning: The cuda.nvrtc module is deprecated and will be removed in a future release, please switch to use the cuda.bindings.nvrtc module instead.
(Worker pid=2158556) INFO 05-03 02:47:37 [parallel_state.py:1713] rank 0 in world size 8 is assigned as DP rank 0, PP rank 0, PCP rank 0, TP rank 0, EP rank N/A, EPLB rank N/A
(Worker_TP0 pid=2158556) INFO 05-03 02:47:38 [gpu_model_runner.py:5119] Starting to load model /root/.cache/huggingface/hub/models--meta-llama--Llama-3.3-70B-Instruct/snapshots/6f6073b423013f6a7d4d9f39144961bfbfbc386b...
(Worker_TP0 pid=2158556) INFO 05-03 02:47:39 [cuda.py:368] Using FLASH_ATTN attention backend out of potential backends: ['FLASH_ATTN', 'FLASHINFER', 'TRITON_ATTN', 'FLEX_ATTENTION'].
(Worker_TP0 pid=2158556) INFO 05-03 02:47:39 [flash_attn.py:637] Using FlashAttention version 3
(Worker_TP0 pid=2158556) INFO 05-03 02:47:39 [weight_utils.py:904] Filesystem type for checkpoints: XFS. Checkpoint size: 131.42 GiB. Available RAM: 1929.41 GiB.
(Worker_TP0 pid=2158556) INFO 05-03 02:47:39 [weight_utils.py:927] Auto-prefetch is disabled because the filesystem (XFS) is not a recognized network FS (NFS/Lustre). If you want to force prefetching, start vLLM with --safetensors-load-strategy=prefetch.
(Worker_TP0 pid=2158556) Loading safetensors checkpoint shards:   0% Completed | 0/30 [00:00<?, ?it/s]
(Worker_TP0 pid=2158556) Loading safetensors checkpoint shards:   3% Completed | 1/30 [00:00<00:06,  4.36it/s]
(Worker_TP0 pid=2158556) Loading safetensors checkpoint shards:   7% Completed | 2/30 [00:00<00:08,  3.33it/s]
(Worker_TP0 pid=2158556) Loading safetensors checkpoint shards:  10% Completed | 3/30 [00:00<00:08,  3.19it/s]
(Worker_TP0 pid=2158556) Loading safetensors checkpoint shards:  13% Completed | 4/30 [00:01<00:08,  2.99it/s]
(Worker_TP0 pid=2158556) Loading safetensors checkpoint shards:  17% Completed | 5/30 [00:01<00:07,  3.16it/s]
(Worker_TP0 pid=2158556) Loading safetensors checkpoint shards:  20% Completed | 6/30 [00:01<00:07,  3.15it/s]
(Worker_TP0 pid=2158556) Loading safetensors checkpoint shards:  23% Completed | 7/30 [00:02<00:07,  3.12it/s]
(Worker_TP0 pid=2158556) Loading safetensors checkpoint shards:  27% Completed | 8/30 [00:02<00:07,  3.00it/s]
(Worker_TP0 pid=2158556) Loading safetensors checkpoint shards:  30% Completed | 9/30 [00:02<00:07,  2.83it/s]
(Worker_TP0 pid=2158556) Loading safetensors checkpoint shards:  33% Completed | 10/30 [00:03<00:06,  3.03it/s]
(Worker_TP0 pid=2158556) Loading safetensors checkpoint shards:  37% Completed | 11/30 [00:03<00:06,  3.06it/s]
(Worker_TP0 pid=2158556) Loading safetensors checkpoint shards:  40% Completed | 12/30 [00:03<00:05,  3.07it/s]
(Worker_TP0 pid=2158556) Loading safetensors checkpoint shards:  43% Completed | 13/30 [00:04<00:05,  3.10it/s]
(Worker_TP0 pid=2158556) Loading safetensors checkpoint shards:  47% Completed | 14/30 [00:04<00:05,  2.99it/s]
(Worker_TP0 pid=2158556) Loading safetensors checkpoint shards:  50% Completed | 15/30 [00:04<00:05,  3.00it/s]
(Worker_TP0 pid=2158556) Loading safetensors checkpoint shards:  53% Completed | 16/30 [00:05<00:04,  2.81it/s]
(Worker_TP0 pid=2158556) Loading safetensors checkpoint shards:  57% Completed | 17/30 [00:05<00:04,  2.72it/s]
(Worker_TP0 pid=2158556) Loading safetensors checkpoint shards:  60% Completed | 18/30 [00:06<00:04,  2.71it/s]
(Worker_TP0 pid=2158556) Loading safetensors checkpoint shards:  63% Completed | 19/30 [00:06<00:04,  2.71it/s]
(Worker_TP0 pid=2158556) Loading safetensors checkpoint shards:  67% Completed | 20/30 [00:06<00:03,  2.86it/s]
(Worker_TP0 pid=2158556) Loading safetensors checkpoint shards:  70% Completed | 21/30 [00:07<00:03,  2.89it/s]
(Worker_TP0 pid=2158556) Loading safetensors checkpoint shards:  73% Completed | 22/30 [00:07<00:02,  2.83it/s]
(Worker_TP0 pid=2158556) Loading safetensors checkpoint shards:  77% Completed | 23/30 [00:07<00:02,  2.81it/s]
(Worker_TP0 pid=2158556) Loading safetensors checkpoint shards:  80% Completed | 24/30 [00:08<00:02,  2.78it/s]
(Worker_TP0 pid=2158556) Loading safetensors checkpoint shards:  83% Completed | 25/30 [00:08<00:01,  2.87it/s]
(Worker_TP0 pid=2158556) Loading safetensors checkpoint shards:  87% Completed | 26/30 [00:08<00:01,  2.83it/s]
(Worker_TP0 pid=2158556) Loading safetensors checkpoint shards:  90% Completed | 27/30 [00:09<00:01,  2.78it/s]
(Worker_TP0 pid=2158556) Loading safetensors checkpoint shards:  93% Completed | 28/30 [00:09<00:00,  2.74it/s]
(Worker_TP0 pid=2158556) Loading safetensors checkpoint shards:  97% Completed | 29/30 [00:09<00:00,  2.73it/s]
(Worker_TP0 pid=2158556) Loading safetensors checkpoint shards: 100% Completed | 30/30 [00:10<00:00,  2.98it/s]
(Worker_TP0 pid=2158556) 
(Worker_TP0 pid=2158556) INFO 05-03 02:47:49 [default_loader.py:384] Loading weights took 10.08 seconds
(Worker_TP0 pid=2158556) INFO 05-03 02:47:50 [gpu_model_runner.py:5204] Model loading took 16.46 GiB memory and 10.619766 seconds
(Worker_TP6 pid=2158562) INFO 05-03 02:47:52 [attention.py:756] [NEO HOOK init] flag=False pid=2158562 env=None
(Worker_TP4 pid=2158560) INFO 05-03 02:47:52 [attention.py:756] [NEO HOOK init] flag=False pid=2158560 env=None
(Worker_TP2 pid=2158558) INFO 05-03 02:47:52 [attention.py:756] [NEO HOOK init] flag=False pid=2158558 env=None
(Worker_TP0 pid=2158556) INFO 05-03 02:47:52 [attention.py:756] [NEO HOOK init] flag=False pid=2158556 env=None
(Worker_TP5 pid=2158561) INFO 05-03 02:47:52 [attention.py:756] [NEO HOOK init] flag=False pid=2158561 env=None
(Worker_TP3 pid=2158559) INFO 05-03 02:47:52 [attention.py:756] [NEO HOOK init] flag=False pid=2158559 env=None
(Worker_TP7 pid=2158563) INFO 05-03 02:47:52 [attention.py:756] [NEO HOOK init] flag=False pid=2158563 env=None
(Worker_TP1 pid=2158557) INFO 05-03 02:47:53 [attention.py:756] [NEO HOOK init] flag=False pid=2158557 env=None
(Worker_TP0 pid=2158556) INFO 05-03 02:47:55 [gpu_worker.py:440] Available KV cache memory: 24.88 GiB
(EngineCore pid=2157984) INFO 05-03 02:47:55 [kv_cache_utils.py:1319] GPU KV cache size: 652,128 tokens
(EngineCore pid=2157984) INFO 05-03 02:47:55 [kv_cache_utils.py:1324] Maximum concurrency for 4,096 tokens per request: 159.21x
(Worker_TP6 pid=2158562) 2026-05-03 02:47:55,958 - INFO - autotuner.py:446 - flashinfer.jit: [Autotuner]: Autotuning process starts ...
(Worker_TP0 pid=2158556) 2026-05-03 02:47:55,958 - INFO - autotuner.py:446 - flashinfer.jit: [Autotuner]: Autotuning process starts ...
(Worker_TP4 pid=2158560) 2026-05-03 02:47:55,958 - INFO - autotuner.py:446 - flashinfer.jit: [Autotuner]: Autotuning process starts ...
(Worker_TP7 pid=2158563) 2026-05-03 02:47:55,959 - INFO - autotuner.py:446 - flashinfer.jit: [Autotuner]: Autotuning process starts ...
(Worker_TP1 pid=2158557) 2026-05-03 02:47:55,959 - INFO - autotuner.py:446 - flashinfer.jit: [Autotuner]: Autotuning process starts ...
(Worker_TP2 pid=2158558) 2026-05-03 02:47:55,960 - INFO - autotuner.py:446 - flashinfer.jit: [Autotuner]: Autotuning process starts ...
(Worker_TP5 pid=2158561) 2026-05-03 02:47:55,960 - INFO - autotuner.py:446 - flashinfer.jit: [Autotuner]: Autotuning process starts ...
(Worker_TP3 pid=2158559) 2026-05-03 02:47:55,960 - INFO - autotuner.py:446 - flashinfer.jit: [Autotuner]: Autotuning process starts ...
(Worker_TP0 pid=2158556) 2026-05-03 02:47:56,089 - INFO - autotuner.py:455 - flashinfer.jit: [Autotuner]: Autotuning process ends
(Worker_TP6 pid=2158562) 2026-05-03 02:47:56,089 - INFO - autotuner.py:455 - flashinfer.jit: [Autotuner]: Autotuning process ends
(Worker_TP1 pid=2158557) 2026-05-03 02:47:56,089 - INFO - autotuner.py:455 - flashinfer.jit: [Autotuner]: Autotuning process ends
(Worker_TP3 pid=2158559) 2026-05-03 02:47:56,089 - INFO - autotuner.py:455 - flashinfer.jit: [Autotuner]: Autotuning process ends
(Worker_TP2 pid=2158558) 2026-05-03 02:47:56,089 - INFO - autotuner.py:455 - flashinfer.jit: [Autotuner]: Autotuning process ends
(Worker_TP4 pid=2158560) 2026-05-03 02:47:56,089 - INFO - autotuner.py:455 - flashinfer.jit: [Autotuner]: Autotuning process ends
(Worker_TP5 pid=2158561) 2026-05-03 02:47:56,090 - INFO - autotuner.py:455 - flashinfer.jit: [Autotuner]: Autotuning process ends
(Worker_TP7 pid=2158563) 2026-05-03 02:47:56,090 - INFO - autotuner.py:455 - flashinfer.jit: [Autotuner]: Autotuning process ends
(EngineCore pid=2157984) INFO 05-03 02:47:56 [core.py:365] init engine (profile, create kv cache, warmup model) took 5.56 s
(EngineCore pid=2157984) INFO 05-03 02:47:59 [neo_scheduler_adapter.py:214] NeoSchedulerAdapter: enable_neo_asymmetric activated. First-stage wiring — vanilla data path retained, NEO decisions are recorded but not yet executed.
(EngineCore pid=2157984) INFO 05-03 02:47:59 [neo_perfpredictor_cache.py:129] NEO predictor cache: HIT /root/.cache/vllm/neo_predictor/d8e9eeb02a084b2392f9ba32d37aa30f.json
(EngineCore pid=2157984) INFO 05-03 02:47:59 [neo_scheduler_adapter.py:298] NEO: num_gpu_blocks sync 40758 → 40758 (Phase 3.1 — Step 2 swap-out threshold reflects real KV pool).
(EngineCore pid=2157984) INFO 05-03 02:47:59 [neo_scheduler_adapter.py:332] NEO: PerfPredictor populated (linr=18/pref=21/gdec=21 points, lnch_T=37.93ms). NEO scheduler now makes real sequential vs pipelined decisions.
(EngineCore pid=2157984) INFO 05-03 02:47:59 [core.py:247] NEO PerfPredictor profile took 0.00s (cache)
(EngineCore pid=2157984) INFO 05-03 02:47:59 [neo_pacpu.py:123] neo_pacpu: loaded /workspace/vllm_hybrid/csrc/cpu/pacpu/build/libpacpu-llama3_3_70b-tp8.so
(EngineCore pid=2157984) INFO 05-03 02:47:59 [vllm.py:834] Asynchronous scheduling is enabled.
(EngineCore pid=2157984) WARNING 05-03 02:47:59 [vllm.py:892] Enforce eager set, disabling torch.compile and CUDAGraphs. This is equivalent to setting -cc.mode=none -cc.cudagraph_mode=none
(EngineCore pid=2157984) WARNING 05-03 02:47:59 [vllm.py:903] Inductor compilation was disabled by user settings, optimizations settings that are only active during inductor compilation will be ignored.
(EngineCore pid=2157984) INFO 05-03 02:47:59 [kernel.py:199] Final IR op priority after setting platform defaults: IrOpPriorityConfig(rms_norm=['vllm_c', 'native'])
(EngineCore pid=2157984) INFO 05-03 02:47:59 [vllm.py:1081] Cudagraph is disabled under eager mode
(EngineCore pid=2157984) <frozen importlib._bootstrap_external>:1301: FutureWarning: The cuda.cudart module is deprecated and will be removed in a future release, please switch to use the cuda.bindings.runtime module instead.
(EngineCore pid=2157984) <frozen importlib._bootstrap_external>:1301: FutureWarning: The cuda.nvrtc module is deprecated and will be removed in a future release, please switch to use the cuda.bindings.nvrtc module instead.
(EngineCore pid=2157984) INFO 05-03 02:48:00 [compilation.py:294] Enabled custom fusions: norm_quant, act_quant, allreduce_rms
[baseline] init 55.1s
Rendering prompts:   0%|          | 0/50 [00:00<?, ?it/s](Worker_TP4 pid=2158560) INFO 05-03 02:48:00 [gpu_model_runner.py:4000] execute_model: enable_neo_asymmetric=True observed. NEO scheduler sibling is recording mode decisions in NeoSchedulerAdapter.last_neo_output.
(Worker_TP6 pid=2158562) INFO 05-03 02:48:00 [gpu_model_runner.py:4000] execute_model: enable_neo_asymmetric=True observed. NEO scheduler sibling is recording mode decisions in NeoSchedulerAdapter.last_neo_output.
(Worker_TP5 pid=2158561) INFO 05-03 02:48:00 [gpu_model_runner.py:4000] execute_model: enable_neo_asymmetric=True observed. NEO scheduler sibling is recording mode decisions in NeoSchedulerAdapter.last_neo_output.
(Worker_TP7 pid=2158563) INFO 05-03 02:48:00 [gpu_model_runner.py:4000] execute_model: enable_neo_asymmetric=True observed. NEO scheduler sibling is recording mode decisions in NeoSchedulerAdapter.last_neo_output.
(Worker_TP1 pid=2158557) INFO 05-03 02:48:00 [gpu_model_runner.py:4000] execute_model: enable_neo_asymmetric=True observed. NEO scheduler sibling is recording mode decisions in NeoSchedulerAdapter.last_neo_output.
(Worker_TP2 pid=2158558) INFO 05-03 02:48:00 [gpu_model_runner.py:4000] execute_model: enable_neo_asymmetric=True observed. NEO scheduler sibling is recording mode decisions in NeoSchedulerAdapter.last_neo_output.
(Worker_TP0 pid=2158556) INFO 05-03 02:48:00 [gpu_model_runner.py:4000] execute_model: enable_neo_asymmetric=True observed. NEO scheduler sibling is recording mode decisions in NeoSchedulerAdapter.last_neo_output.
(Worker_TP3 pid=2158559) INFO 05-03 02:48:00 [gpu_model_runner.py:4000] execute_model: enable_neo_asymmetric=True observed. NEO scheduler sibling is recording mode decisions in NeoSchedulerAdapter.last_neo_output.
Rendering prompts:  20%|██        | 10/50 [00:00<00:00, 93.36it/s]Rendering prompts:  44%|████▍     | 22/50 [00:00<00:00, 106.68it/s]Rendering prompts:  70%|███████   | 35/50 [00:00<00:00, 116.00it/s]Rendering prompts: 100%|██████████| 50/50 [00:00<00:00, 123.08it/s]
Processed prompts:   0%|          | 0/50 [00:00<?, ?it/s, est. speed input: 0.00 toks/s, output: 0.00 toks/s](Worker_TP3 pid=2158559) [NEO STEP] count=100 avg=89.395ms last=51.255ms
(Worker_TP6 pid=2158562) [NEO STEP] count=100 avg=89.611ms last=51.311ms
(Worker_TP0 pid=2158556) [NEO STEP] count=100 avg=89.530ms last=51.239ms
(Worker_TP2 pid=2158558) [NEO STEP] count=100 avg=89.615ms last=50.955ms
(Worker_TP7 pid=2158563) [NEO STEP] count=100 avg=89.583ms last=51.273ms
(Worker_TP4 pid=2158560) [NEO STEP] count=100 avg=89.618ms last=51.294ms
(Worker_TP5 pid=2158561) [NEO STEP] count=100 avg=89.621ms last=51.192ms
(Worker_TP1 pid=2158557) [NEO STEP] count=100 avg=89.916ms last=50.378ms
INFO 05-03 02:48:10 [loggers.py:271] Engine 000: Avg prompt throughput: 9495.1 tokens/s, Avg generation throughput: 264.8 tokens/s, Running: 50 reqs, Waiting: 0 reqs, GPU KV cache usage: 16.8%, Prefix cache hit rate: 0.0%
(Worker_TP6 pid=2158562) [NEO STEP] count=200 avg=70.134ms last=51.443ms
(Worker_TP2 pid=2158558) [NEO STEP] count=200 avg=70.147ms last=51.453ms
(Worker_TP5 pid=2158561) [NEO STEP] count=200 avg=70.142ms last=51.456ms
(Worker_TP7 pid=2158563) [NEO STEP] count=200 avg=70.128ms last=51.437ms
(Worker_TP4 pid=2158560) [NEO STEP] count=200 avg=70.141ms last=51.451ms
(Worker_TP3 pid=2158559) [NEO STEP] count=200 avg=70.003ms last=51.425ms
(Worker_TP0 pid=2158556) [NEO STEP] count=200 avg=70.069ms last=51.088ms
(Worker_TP1 pid=2158557) [NEO STEP] count=200 avg=70.277ms last=50.497ms
(Worker_TP6 pid=2158562) [NEO STEP] count=300 avg=63.537ms last=50.016ms
(Worker_TP2 pid=2158558) [NEO STEP] count=300 avg=63.546ms last=50.068ms
(Worker_TP7 pid=2158563) [NEO STEP] count=300 avg=63.530ms last=50.023ms
(Worker_TP5 pid=2158561) [NEO STEP] count=300 avg=63.549ms last=49.255ms
(Worker_TP3 pid=2158559) [NEO STEP] count=300 avg=63.425ms last=49.958ms
(Worker_TP4 pid=2158560) [NEO STEP] count=300 avg=63.539ms last=49.995ms
(Worker_TP0 pid=2158556) [NEO STEP] count=300 avg=63.463ms last=50.422ms
(Worker_TP1 pid=2158557) [NEO STEP] count=300 avg=63.626ms last=50.126ms
INFO 05-03 02:48:20 [loggers.py:271] Engine 000: Avg prompt throughput: 0.0 tokens/s, Avg generation throughput: 472.0 tokens/s, Running: 50 reqs, Waiting: 0 reqs, GPU KV cache usage: 17.6%, Prefix cache hit rate: 0.0%
(Worker_TP6 pid=2158562) [NEO STEP] count=400 avg=60.382ms last=47.404ms
(Worker_TP5 pid=2158561) [NEO STEP] count=400 avg=60.399ms last=47.615ms
(Worker_TP2 pid=2158558) [NEO STEP] count=400 avg=60.394ms last=48.813ms
(Worker_TP3 pid=2158559) [NEO STEP] count=400 avg=60.296ms last=48.756ms
(Worker_TP7 pid=2158563) [NEO STEP] count=400 avg=60.384ms last=48.224ms
(Worker_TP0 pid=2158556) [NEO STEP] count=400 avg=60.314ms last=49.038ms
(Worker_TP1 pid=2158557) [NEO STEP] count=400 avg=60.397ms last=50.387ms
(Worker_TP4 pid=2158560) [NEO STEP] count=400 avg=60.442ms last=47.745ms
(Worker_TP7 pid=2158563) [NEO STEP] count=500 avg=58.309ms last=50.162ms
(Worker_TP2 pid=2158558) [NEO STEP] count=500 avg=58.323ms last=50.297ms
(Worker_TP6 pid=2158562) [NEO STEP] count=500 avg=58.317ms last=50.267ms
(Worker_TP4 pid=2158560) [NEO STEP] count=500 avg=58.300ms last=50.263ms
(Worker_TP0 pid=2158556) [NEO STEP] count=500 avg=58.236ms last=50.219ms
(Worker_TP3 pid=2158559) [NEO STEP] count=500 avg=58.232ms last=50.231ms
(Worker_TP5 pid=2158561) [NEO STEP] count=500 avg=58.334ms last=50.339ms
(Worker_TP1 pid=2158557) [NEO STEP] count=500 avg=58.370ms last=50.416ms
INFO 05-03 02:48:30 [loggers.py:271] Engine 000: Avg prompt throughput: 0.0 tokens/s, Avg generation throughput: 471.5 tokens/s, Running: 50 reqs, Waiting: 0 reqs, GPU KV cache usage: 18.3%, Prefix cache hit rate: 0.0%
(Worker_TP6 pid=2158562) [NEO STEP] count=600 avg=57.017ms last=50.492ms
(Worker_TP2 pid=2158558) [NEO STEP] count=600 avg=57.021ms last=50.451ms
(Worker_TP5 pid=2158561) [NEO STEP] count=600 avg=57.033ms last=50.661ms
(Worker_TP0 pid=2158556) [NEO STEP] count=600 avg=56.934ms last=50.363ms
(Worker_TP3 pid=2158559) [NEO STEP] count=600 avg=56.935ms last=50.477ms
(Worker_TP4 pid=2158560) [NEO STEP] count=600 avg=56.998ms last=50.415ms
(Worker_TP7 pid=2158563) [NEO STEP] count=600 avg=57.009ms last=50.528ms
(Worker_TP1 pid=2158557) [NEO STEP] count=600 avg=57.058ms last=50.906ms
INFO 05-03 02:48:40 [loggers.py:271] Engine 000: Avg prompt throughput: 0.0 tokens/s, Avg generation throughput: 471.6 tokens/s, Running: 50 reqs, Waiting: 0 reqs, GPU KV cache usage: 19.0%, Prefix cache hit rate: 0.0%
(Worker_TP4 pid=2158560) [NEO STEP] count=700 avg=56.035ms last=50.327ms
(Worker_TP5 pid=2158561) [NEO STEP] count=700 avg=56.075ms last=50.381ms
(Worker_TP6 pid=2158562) [NEO STEP] count=700 avg=56.054ms last=50.330ms
(Worker_TP2 pid=2158558) [NEO STEP] count=700 avg=56.057ms last=50.291ms
(Worker_TP7 pid=2158563) [NEO STEP] count=700 avg=56.048ms last=50.259ms
(Worker_TP0 pid=2158556) [NEO STEP] count=700 avg=55.968ms last=50.251ms
(Worker_TP3 pid=2158559) [NEO STEP] count=700 avg=55.978ms last=49.897ms
(Worker_TP1 pid=2158557) [NEO STEP] count=700 avg=56.090ms last=51.314ms
(Worker_TP6 pid=2158562) [NEO STEP] count=800 avg=55.314ms last=50.065ms
(Worker_TP7 pid=2158563) [NEO STEP] count=800 avg=55.308ms last=50.024ms
(Worker_TP5 pid=2158561) [NEO STEP] count=800 avg=55.338ms last=50.313ms
(Worker_TP2 pid=2158558) [NEO STEP] count=800 avg=55.319ms last=50.052ms
(Worker_TP4 pid=2158560) [NEO STEP] count=800 avg=55.297ms last=50.017ms
(Worker_TP3 pid=2158559) [NEO STEP] count=800 avg=55.246ms last=49.186ms
(Worker_TP0 pid=2158556) [NEO STEP] count=800 avg=55.232ms last=50.522ms
(Worker_TP1 pid=2158557) [NEO STEP] count=800 avg=55.347ms last=50.406ms
INFO 05-03 02:48:50 [loggers.py:271] Engine 000: Avg prompt throughput: 0.0 tokens/s, Avg generation throughput: 473.4 tokens/s, Running: 50 reqs, Waiting: 0 reqs, GPU KV cache usage: 19.8%, Prefix cache hit rate: 0.0%
(Worker_TP4 pid=2158560) [NEO STEP] count=900 avg=54.723ms last=49.991ms
(Worker_TP6 pid=2158562) [NEO STEP] count=900 avg=54.741ms last=50.042ms
(Worker_TP7 pid=2158563) [NEO STEP] count=900 avg=54.736ms last=50.038ms
(Worker_TP2 pid=2158558) [NEO STEP] count=900 avg=54.746ms last=50.032ms
(Worker_TP3 pid=2158559) [NEO STEP] count=900 avg=54.675ms last=50.064ms
(Worker_TP5 pid=2158561) [NEO STEP] count=900 avg=54.767ms last=49.718ms
(Worker_TP0 pid=2158556) [NEO STEP] count=900 avg=54.659ms last=50.009ms
(Worker_TP1 pid=2158557) [NEO STEP] count=900 avg=54.769ms last=50.186ms
(Worker_TP6 pid=2158562) [NEO STEP] count=1000 avg=54.276ms last=50.601ms
(Worker_TP2 pid=2158558) [NEO STEP] count=1000 avg=54.280ms last=50.572ms
(Worker_TP5 pid=2158561) [NEO STEP] count=1000 avg=54.306ms last=50.778ms
(Worker_TP0 pid=2158556) [NEO STEP] count=1000 avg=54.185ms last=50.475ms
(Worker_TP4 pid=2158560) [NEO STEP] count=1000 avg=54.259ms last=50.577ms
(Worker_TP3 pid=2158559) [NEO STEP] count=1000 avg=54.212ms last=50.593ms
(Worker_TP7 pid=2158563) [NEO STEP] count=1000 avg=54.272ms last=50.757ms
(Worker_TP1 pid=2158557) [NEO STEP] count=1000 avg=54.306ms last=50.887ms
Processed prompts:   2%|▏         | 1/50 [00:57<47:05, 57.67s/it, est. speed input: 37.20 toks/s, output: 8.88 toks/s]Processed prompts:   4%|▍         | 2/50 [00:57<19:02, 23.81s/it, est. speed input: 74.11 toks/s, output: 17.72 toks/s]Processed prompts:  34%|███▍      | 17/50 [00:57<00:57,  1.76s/it, est. speed input: 626.33 toks/s, output: 150.36 toks/s]Processed prompts:  64%|██████▍   | 32/50 [00:58<00:13,  1.32it/s, est. speed input: 1175.93 toks/s, output: 282.48 toks/s]Processed prompts: 100%|██████████| 50/50 [00:58<00:00,  1.32it/s, est. speed input: 1834.71 toks/s, output: 440.66 toks/s]Processed prompts: 100%|██████████| 50/50 [00:58<00:00,  1.16s/it, est. speed input: 1834.71 toks/s, output: 440.66 toks/s]
[baseline] generate wall=58.5s
[baseline] total_input_tokens=106588 total_output_tokens=25600
[baseline] prompt_tps=1821.9 output_tps=437.6 req_per_s=0.85
[baseline] log metrics: {'preempt_count': None, 'kv_cache_size_tokens': 652128, 'max_concurrency': 159.21}
[baseline] wrote /workspace/vllm_hybrid/eval/results/20260503_024243_Intel_Xeon_Platinum_8480+x2_H100_80GB_HBM3x8_neo_step_v_compare/neo_on.json
(EngineCore pid=2157984) INFO 05-03 02:48:58 [core.py:1353] Shutdown initiated (timeout=0)
(EngineCore pid=2157984) INFO 05-03 02:48:58 [core.py:1376] Shutdown complete
(Worker_TP2 pid=2158558) INFO 05-03 02:48:58 [multiproc_executor.py:872] WorkerProc shutting down.
(Worker_TP6 pid=2158562) INFO 05-03 02:48:58 [multiproc_executor.py:872] WorkerProc shutting down.
(Worker_TP1 pid=2158557) INFO 05-03 02:48:58 [multiproc_executor.py:872] WorkerProc shutting down.
(Worker_TP4 pid=2158560) INFO 05-03 02:48:58 [multiproc_executor.py:872] WorkerProc shutting down.
(Worker_TP3 pid=2158559) INFO 05-03 02:48:58 [multiproc_executor.py:872] WorkerProc shutting down.
(Worker_TP5 pid=2158561) INFO 05-03 02:48:58 [multiproc_executor.py:872] WorkerProc shutting down.
(Worker_TP0 pid=2158556) INFO 05-03 02:48:58 [multiproc_executor.py:775] Parent process exited, terminating worker queues
(Worker_TP7 pid=2158563) INFO 05-03 02:48:58 [multiproc_executor.py:872] WorkerProc shutting down.
(Worker_TP0 pid=2158556) INFO 05-03 02:48:58 [multiproc_executor.py:872] WorkerProc shutting down.
[rank4]:[W503 02:48:59.672782352 TCPStore.cpp:125] [c10d] recvValue failed on SocketImpl(fd=100, addr=[localhost]:42070, remote=[localhost]:55347): Failed to recv, got 0 bytes. Connection was likely closed. Did the remote server shutdown or crash?
Exception raised from recvBytes at /pytorch/torch/csrc/distributed/c10d/Utils.hpp:682 (most recent call first):
frame #0: c10::Error::Error(c10::SourceLocation, std::__cxx11::basic_string<char, std::char_traits<char>, std::allocator<char> >) + 0x9d (0x14c225d7205d in /workspace/vllm_dev_prj/lib/python3.12/site-packages/torch/lib/libc10.so)
frame #1: <unknown function> + 0x6a9149d (0x14c18c9a549d in /workspace/vllm_dev_prj/lib/python3.12/site-packages/torch/lib/libtorch_cpu.so)
frame #2: c10d::TCPStore::check(std::vector<std::__cxx11::basic_string<char, std::char_traits<char>, std::allocator<char> >, std::allocator<std::__cxx11::basic_string<char, std::char_traits<char>, std::allocator<char> > > > const&) + 0x273 (0x14c18c9a33f3 in /workspace/vllm_dev_prj/lib/python3.12/site-packages/torch/lib/libtorch_cpu.so)
frame #3: c10d::ProcessGroupNCCL::HeartbeatMonitor::runLoop() + 0x4a5 (0x14c15173caa5 in /workspace/vllm_dev_prj/lib/python3.12/site-packages/torch/lib/libtorch_cuda.so)
frame #4: <unknown function> + 0xdc253 (0x14c2258b0253 in /lib/x86_64-linux-gnu/libstdc++.so.6)
frame #5: <unknown function> + 0x94ac3 (0x14c26046bac3 in /lib/x86_64-linux-gnu/libc.so.6)
frame #6: <unknown function> + 0x1268d0 (0x14c2604fd8d0 in /lib/x86_64-linux-gnu/libc.so.6)

[rank4]:[W503 02:48:59.677299798 ProcessGroupNCCL.cpp:1826] [PG ID 0 PG GUID 0 Rank 4] Failed to check the "should dump" flag on TCPStore, (maybe TCPStore server has shut down too early), with error: Failed to recv, got 0 bytes. Connection was likely closed. Did the remote server shutdown or crash?
[rank3]:[W503 02:48:59.854557785 TCPStore.cpp:125] [c10d] recvValue failed on SocketImpl(fd=100, addr=[localhost]:42080, remote=[localhost]:55347): Failed to recv, got 0 bytes. Connection was likely closed. Did the remote server shutdown or crash?
Exception raised from recvBytes at /pytorch/torch/csrc/distributed/c10d/Utils.hpp:682 (most recent call first):
frame #0: c10::Error::Error(c10::SourceLocation, std::__cxx11::basic_string<char, std::char_traits<char>, std::allocator<char> >) + 0x9d (0x14d03df7205d in /workspace/vllm_dev_prj/lib/python3.12/site-packages/torch/lib/libc10.so)
frame #1: <unknown function> + 0x6a9149d (0x14cfa4ba549d in /workspace/vllm_dev_prj/lib/python3.12/site-packages/torch/lib/libtorch_cpu.so)
frame #2: c10d::TCPStore::check(std::vector<std::__cxx11::basic_string<char, std::char_traits<char>, std::allocator<char> >, std::allocator<std::__cxx11::basic_string<char, std::char_traits<char>, std::allocator<char> > > > const&) + 0x273 (0x14cfa4ba33f3 in /workspace/vllm_dev_prj/lib/python3.12/site-packages/torch/lib/libtorch_cpu.so)
frame #3: c10d::ProcessGroupNCCL::HeartbeatMonitor::runLoop() + 0x4a5 (0x14cf6993caa5 in /workspace/vllm_dev_prj/lib/python3.12/site-packages/torch/lib/libtorch_cuda.so)
frame #4: <unknown function> + 0xdc253 (0x14d03dab0253 in /lib/x86_64-linux-gnu/libstdc++.so.6)
frame #5: <unknown function> + 0x94ac3 (0x14d07863aac3 in /lib/x86_64-linux-gnu/libc.so.6)
frame #6: <unknown function> + 0x1268d0 (0x14d0786cc8d0 in /lib/x86_64-linux-gnu/libc.so.6)

[rank3]:[W503 02:48:59.859403617 ProcessGroupNCCL.cpp:1826] [PG ID 0 PG GUID 0 Rank 3] Failed to check the "should dump" flag on TCPStore, (maybe TCPStore server has shut down too early), with error: Failed to recv, got 0 bytes. Connection was likely closed. Did the remote server shutdown or crash?
