py-spy> Sampling process 200 times a second for 120 seconds. Press Control-C to exit.

py-spy> 1.01s behind in sampling, results may be inaccurate. Try reducing the sampling rate
py-spy> 1.57s behind in sampling, results may be inaccurate. Try reducing the sampling rate
py-spy> 2.19s behind in sampling, results may be inaccurate. Try reducing the sampling rate
py-spy> 2.79s behind in sampling, results may be inaccurate. Try reducing the sampling rate
py-spy> 3.47s behind in sampling, results may be inaccurate. Try reducing the sampling rate
py-spy> 4.12s behind in sampling, results may be inaccurate. Try reducing the sampling rate
py-spy> 4.76s behind in sampling, results may be inaccurate. Try reducing the sampling rate
py-spy> 5.38s behind in sampling, results may be inaccurate. Try reducing the sampling rate
py-spy> 5.99s behind in sampling, results may be inaccurate. Try reducing the sampling rate
py-spy> 6.71s behind in sampling, results may be inaccurate. Try reducing the sampling rate
py-spy> 7.34s behind in sampling, results may be inaccurate. Try reducing the sampling rate
py-spy> 7.94s behind in sampling, results may be inaccurate. Try reducing the sampling rate
py-spy> 8.57s behind in sampling, results may be inaccurate. Try reducing the sampling rate
py-spy> 9.22s behind in sampling, results may be inaccurate. Try reducing the sampling rate
py-spy> 9.91s behind in sampling, results may be inaccurate. Try reducing the sampling rate
py-spy> 10.54s behind in sampling, results may be inaccurate. Try reducing the sampling rate
py-spy> 11.22s behind in sampling, results may be inaccurate. Try reducing the sampling rate
py-spy> 11.84s behind in sampling, results may be inaccurate. Try reducing the sampling rate
py-spy> 12.37s behind in sampling, results may be inaccurate. Try reducing the sampling rate
py-spy> 13.00s behind in sampling, results may be inaccurate. Try reducing the sampling rate
py-spy> 13.57s behind in sampling, results may be inaccurate. Try reducing the sampling rate
py-spy> 14.24s behind in sampling, results may be inaccurate. Try reducing the sampling rate
py-spy> 14.87s behind in sampling, results may be inaccurate. Try reducing the sampling rate
py-spy> 15.52s behind in sampling, results may be inaccurate. Try reducing the sampling rate
py-spy> 16.14s behind in sampling, results may be inaccurate. Try reducing the sampling rate
py-spy> 16.81s behind in sampling, results may be inaccurate. Try reducing the sampling rate
py-spy> 17.54s behind in sampling, results may be inaccurate. Try reducing the sampling rate
py-spy> 18.14s behind in sampling, results may be inaccurate. Try reducing the sampling rate
py-spy> 18.82s behind in sampling, results may be inaccurate. Try reducing the sampling rate
py-spy> 19.41s behind in sampling, results may be inaccurate. Try reducing the sampling rate
py-spy> 20.09s behind in sampling, results may be inaccurate. Try reducing the sampling rate
py-spy> 20.60s behind in sampling, results may be inaccurate. Try reducing the sampling rate
py-spy> 21.22s behind in sampling, results may be inaccurate. Try reducing the sampling rate
py-spy> 21.90s behind in sampling, results may be inaccurate. Try reducing the sampling rate
py-spy> 22.62s behind in sampling, results may be inaccurate. Try reducing the sampling rate
py-spy> 23.31s behind in sampling, results may be inaccurate. Try reducing the sampling rate
py-spy> 23.97s behind in sampling, results may be inaccurate. Try reducing the sampling rate
py-spy> 24.51s behind in sampling, results may be inaccurate. Try reducing the sampling rate
py-spy> 25.10s behind in sampling, results may be inaccurate. Try reducing the sampling rate
py-spy> 25.68s behind in sampling, results may be inaccurate. Try reducing the sampling rate
py-spy> 26.25s behind in sampling, results may be inaccurate. Try reducing the sampling rate
py-spy> 26.93s behind in sampling, results may be inaccurate. Try reducing the sampling rate
py-spy> 27.55s behind in sampling, results may be inaccurate. Try reducing the sampling rate
py-spy> 28.13s behind in sampling, results may be inaccurate. Try reducing the sampling rate
py-spy> 28.64s behind in sampling, results may be inaccurate. Try reducing the sampling rate
py-spy> 29.24s behind in sampling, results may be inaccurate. Try reducing the sampling rate
py-spy> 29.86s behind in sampling, results may be inaccurate. Try reducing the sampling rate
py-spy> 30.41s behind in sampling, results may be inaccurate. Try reducing the sampling rate
py-spy> 31.01s behind in sampling, results may be inaccurate. Try reducing the sampling rate
py-spy> 31.65s behind in sampling, results may be inaccurate. Try reducing the sampling rate
py-spy> 32.10s behind in sampling, results may be inaccurate. Try reducing the sampling rate
py-spy> 32.80s behind in sampling, results may be inaccurate. Try reducing the sampling rate
py-spy> 33.40s behind in sampling, results may be inaccurate. Try reducing the sampling rate
py-spy> 34.04s behind in sampling, results may be inaccurate. Try reducing the sampling rate
py-spy> 34.69s behind in sampling, results may be inaccurate. Try reducing the sampling rate
py-spy> 35.28s behind in sampling, results may be inaccurate. Try reducing the sampling rate
py-spy> 35.91s behind in sampling, results may be inaccurate. Try reducing the sampling rate
py-spy> 36.53s behind in sampling, results may be inaccurate. Try reducing the sampling rate
py-spy> 37.05s behind in sampling, results may be inaccurate. Try reducing the sampling rate
py-spy> 37.60s behind in sampling, results may be inaccurate. Try reducing the sampling rate
py-spy> 38.20s behind in sampling, results may be inaccurate. Try reducing the sampling rate
py-spy> 38.77s behind in sampling, results may be inaccurate. Try reducing the sampling rate
py-spy> 39.48s behind in sampling, results may be inaccurate. Try reducing the sampling rate
py-spy> 40.13s behind in sampling, results may be inaccurate. Try reducing the sampling rate
py-spy> 40.72s behind in sampling, results may be inaccurate. Try reducing the sampling rate
py-spy> 41.33s behind in sampling, results may be inaccurate. Try reducing the sampling rate
py-spy> 41.96s behind in sampling, results may be inaccurate. Try reducing the sampling rate
py-spy> 42.59s behind in sampling, results may be inaccurate. Try reducing the sampling rate
py-spy> 43.34s behind in sampling, results may be inaccurate. Try reducing the sampling rate
py-spy> 43.97s behind in sampling, results may be inaccurate. Try reducing the sampling rate
py-spy> 44.63s behind in sampling, results may be inaccurate. Try reducing the sampling rate
py-spy> 45.36s behind in sampling, results may be inaccurate. Try reducing the sampling rate
py-spy> 46.08s behind in sampling, results may be inaccurate. Try reducing the sampling rate
py-spy> 46.74s behind in sampling, results may be inaccurate. Try reducing the sampling rate
py-spy> 47.47s behind in sampling, results may be inaccurate. Try reducing the sampling rate
py-spy> 48.17s behind in sampling, results may be inaccurate. Try reducing the sampling rate
py-spy> 48.80s behind in sampling, results may be inaccurate. Try reducing the sampling rate
py-spy> 49.39s behind in sampling, results may be inaccurate. Try reducing the sampling rate
py-spy> 49.95s behind in sampling, results may be inaccurate. Try reducing the sampling rate
py-spy> 50.57s behind in sampling, results may be inaccurate. Try reducing the sampling rate
py-spy> 51.32s behind in sampling, results may be inaccurate. Try reducing the sampling rate
py-spy> 51.87s behind in sampling, results may be inaccurate. Try reducing the sampling rate
py-spy> 52.53s behind in sampling, results may be inaccurate. Try reducing the sampling rate
py-spy> 53.12s behind in sampling, results may be inaccurate. Try reducing the sampling rate
py-spy> 53.68s behind in sampling, results may be inaccurate. Try reducing the sampling rate
py-spy> 54.28s behind in sampling, results may be inaccurate. Try reducing the sampling rate
py-spy> 54.94s behind in sampling, results may be inaccurate. Try reducing the sampling rate
py-spy> 55.58s behind in sampling, results may be inaccurate. Try reducing the sampling rate
py-spy> 56.30s behind in sampling, results may be inaccurate. Try reducing the sampling rate
py-spy> 56.96s behind in sampling, results may be inaccurate. Try reducing the sampling rate
py-spy> 57.54s behind in sampling, results may be inaccurate. Try reducing the sampling rate
py-spy> 58.25s behind in sampling, results may be inaccurate. Try reducing the sampling rate
py-spy> 58.94s behind in sampling, results may be inaccurate. Try reducing the sampling rate
py-spy> 59.64s behind in sampling, results may be inaccurate. Try reducing the sampling rate
py-spy> 60.26s behind in sampling, results may be inaccurate. Try reducing the sampling rate
py-spy> 60.97s behind in sampling, results may be inaccurate. Try reducing the sampling rate
py-spy> 61.62s behind in sampling, results may be inaccurate. Try reducing the sampling rate
py-spy> 62.29s behind in sampling, results may be inaccurate. Try reducing the sampling rate
py-spy> 62.89s behind in sampling, results may be inaccurate. Try reducing the sampling rate
py-spy> 63.57s behind in sampling, results may be inaccurate. Try reducing the sampling rate
py-spy> 64.14s behind in sampling, results may be inaccurate. Try reducing the sampling rate
py-spy> 64.80s behind in sampling, results may be inaccurate. Try reducing the sampling rate
py-spy> 65.45s behind in sampling, results may be inaccurate. Try reducing the sampling rate
py-spy> 66.00s behind in sampling, results may be inaccurate. Try reducing the sampling rate
py-spy> 66.61s behind in sampling, results may be inaccurate. Try reducing the sampling rate
py-spy> 67.12s behind in sampling, results may be inaccurate. Try reducing the sampling rate
py-spy> 67.72s behind in sampling, results may be inaccurate. Try reducing the sampling rate
py-spy> 68.33s behind in sampling, results may be inaccurate. Try reducing the sampling rate
py-spy> 69.01s behind in sampling, results may be inaccurate. Try reducing the sampling rate
py-spy> 69.61s behind in sampling, results may be inaccurate. Try reducing the sampling rate
py-spy> 70.23s behind in sampling, results may be inaccurate. Try reducing the sampling rate
py-spy> 70.85s behind in sampling, results may be inaccurate. Try reducing the sampling rate
py-spy> 71.47s behind in sampling, results may be inaccurate. Try reducing the sampling rate
py-spy> 72.08s behind in sampling, results may be inaccurate. Try reducing the sampling rate
py-spy> 72.60s behind in sampling, results may be inaccurate. Try reducing the sampling rate
py-spy> 73.18s behind in sampling, results may be inaccurate. Try reducing the sampling rate
py-spy> 73.84s behind in sampling, results may be inaccurate. Try reducing the sampling rate
py-spy> 74.49s behind in sampling, results may be inaccurate. Try reducing the sampling rate
py-spy> 75.08s behind in sampling, results may be inaccurate. Try reducing the sampling rate
py-spy> 75.75s behind in sampling, results may be inaccurate. Try reducing the sampling rate
py-spy> 76.47s behind in sampling, results may be inaccurate. Try reducing the sampling rate
py-spy> 77.20s behind in sampling, results may be inaccurate. Try reducing the sampling rate
py-spy> 77.86s behind in sampling, results may be inaccurate. Try reducing the sampling rate
py-spy> 78.55s behind in sampling, results may be inaccurate. Try reducing the sampling rate
py-spy> 79.17s behind in sampling, results may be inaccurate. Try reducing the sampling rate
py-spy> 79.75s behind in sampling, results may be inaccurate. Try reducing the sampling rate
py-spy> 80.34s behind in sampling, results may be inaccurate. Try reducing the sampling rate
py-spy> 80.95s behind in sampling, results may be inaccurate. Try reducing the sampling rate
py-spy> 81.59s behind in sampling, results may be inaccurate. Try reducing the sampling rate
py-spy> 82.13s behind in sampling, results may be inaccurate. Try reducing the sampling rate
py-spy> 82.81s behind in sampling, results may be inaccurate. Try reducing the sampling rate
py-spy> 83.46s behind in sampling, results may be inaccurate. Try reducing the sampling rate
py-spy> 84.15s behind in sampling, results may be inaccurate. Try reducing the sampling rate
py-spy> 84.76s behind in sampling, results may be inaccurate. Try reducing the sampling rate
py-spy> 85.45s behind in sampling, results may be inaccurate. Try reducing the sampling rate
py-spy> 86.14s behind in sampling, results may be inaccurate. Try reducing the sampling rate
py-spy> 86.81s behind in sampling, results may be inaccurate. Try reducing the sampling rate
py-spy> 87.46s behind in sampling, results may be inaccurate. Try reducing the sampling rate
py-spy> 88.14s behind in sampling, results may be inaccurate. Try reducing the sampling rate
py-spy> 88.78s behind in sampling, results may be inaccurate. Try reducing the sampling rate
py-spy> 89.42s behind in sampling, results may be inaccurate. Try reducing the sampling rate
py-spy> 90.00s behind in sampling, results may be inaccurate. Try reducing the sampling rate
py-spy> 90.62s behind in sampling, results may be inaccurate. Try reducing the sampling rate
py-spy> 91.26s behind in sampling, results may be inaccurate. Try reducing the sampling rate
py-spy> 91.79s behind in sampling, results may be inaccurate. Try reducing the sampling rate
py-spy> 92.39s behind in sampling, results may be inaccurate. Try reducing the sampling rate
py-spy> 92.97s behind in sampling, results may be inaccurate. Try reducing the sampling rate
py-spy> 93.63s behind in sampling, results may be inaccurate. Try reducing the sampling rate
py-spy> 94.27s behind in sampling, results may be inaccurate. Try reducing the sampling rate
py-spy> 94.98s behind in sampling, results may be inaccurate. Try reducing the sampling rate
py-spy> 95.62s behind in sampling, results may be inaccurate. Try reducing the sampling rate
py-spy> 96.20s behind in sampling, results may be inaccurate. Try reducing the sampling rate
py-spy> 96.86s behind in sampling, results may be inaccurate. Try reducing the sampling rate
py-spy> 97.45s behind in sampling, results may be inaccurate. Try reducing the sampling rate
py-spy> 98.12s behind in sampling, results may be inaccurate. Try reducing the sampling rate
py-spy> 98.81s behind in sampling, results may be inaccurate. Try reducing the sampling rate
py-spy> 99.43s behind in sampling, results may be inaccurate. Try reducing the sampling rate
py-spy> 100.02s behind in sampling, results may be inaccurate. Try reducing the sampling rate
py-spy> 100.69s behind in sampling, results may be inaccurate. Try reducing the sampling rate
py-spy> 101.29s behind in sampling, results may be inaccurate. Try reducing the sampling rate
py-spy> 101.92s behind in sampling, results may be inaccurate. Try reducing the sampling rate
py-spy> 102.51s behind in sampling, results may be inaccurate. Try reducing the sampling rate
py-spy> 103.16s behind in sampling, results may be inaccurate. Try reducing the sampling rate
py-spy> 103.78s behind in sampling, results may be inaccurate. Try reducing the sampling rate
py-spy> 104.39s behind in sampling, results may be inaccurate. Try reducing the sampling rate
py-spy> 105.00s behind in sampling, results may be inaccurate. Try reducing the sampling rate
py-spy> 105.60s behind in sampling, results may be inaccurate. Try reducing the sampling rate
py-spy> 106.19s behind in sampling, results may be inaccurate. Try reducing the sampling rate
py-spy> 106.88s behind in sampling, results may be inaccurate. Try reducing the sampling rate
py-spy> 107.56s behind in sampling, results may be inaccurate. Try reducing the sampling rate
py-spy> 108.25s behind in sampling, results may be inaccurate. Try reducing the sampling rate
py-spy> 108.85s behind in sampling, results may be inaccurate. Try reducing the sampling rate
py-spy> 109.52s behind in sampling, results may be inaccurate. Try reducing the sampling rate
py-spy> 110.16s behind in sampling, results may be inaccurate. Try reducing the sampling rate
py-spy> 110.79s behind in sampling, results may be inaccurate. Try reducing the sampling rate
py-spy> 111.47s behind in sampling, results may be inaccurate. Try reducing the sampling rate
py-spy> 112.11s behind in sampling, results may be inaccurate. Try reducing the sampling rate
py-spy> 112.62s behind in sampling, results may be inaccurate. Try reducing the sampling rate
py-spy> 113.32s behind in sampling, results may be inaccurate. Try reducing the sampling rate
py-spy> 113.93s behind in sampling, results may be inaccurate. Try reducing the sampling rate
py-spy> 114.55s behind in sampling, results may be inaccurate. Try reducing the sampling rate
py-spy> 115.19s behind in sampling, results may be inaccurate. Try reducing the sampling rate
py-spy> 115.82s behind in sampling, results may be inaccurate. Try reducing the sampling rate
py-spy> 116.42s behind in sampling, results may be inaccurate. Try reducing the sampling rate
py-spy> 117.08s behind in sampling, results may be inaccurate. Try reducing the sampling rate
py-spy> 117.72s behind in sampling, results may be inaccurate. Try reducing the sampling rate
py-spy> 118.39s behind in sampling, results may be inaccurate. Try reducing the sampling rate
py-spy> 119.00s behind in sampling, results may be inaccurate. Try reducing the sampling rate
py-spy> 119.69s behind in sampling, results may be inaccurate. Try reducing the sampling rate
py-spy> 120.40s behind in sampling, results may be inaccurate. Try reducing the sampling rate
py-spy> 120.97s behind in sampling, results may be inaccurate. Try reducing the sampling rate
py-spy> 121.57s behind in sampling, results may be inaccurate. Try reducing the sampling rate
py-spy> 122.23s behind in sampling, results may be inaccurate. Try reducing the sampling rate
py-spy> 122.85s behind in sampling, results may be inaccurate. Try reducing the sampling rate
py-spy> 123.49s behind in sampling, results may be inaccurate. Try reducing the sampling rate
py-spy> 124.11s behind in sampling, results may be inaccurate. Try reducing the sampling rate
py-spy> 124.75s behind in sampling, results may be inaccurate. Try reducing the sampling rate
py-spy> 125.46s behind in sampling, results may be inaccurate. Try reducing the sampling rate
py-spy> 126.16s behind in sampling, results may be inaccurate. Try reducing the sampling rate
py-spy> 126.89s behind in sampling, results may be inaccurate. Try reducing the sampling rate
py-spy> 127.46s behind in sampling, results may be inaccurate. Try reducing the sampling rate
py-spy> 128.11s behind in sampling, results may be inaccurate. Try reducing the sampling rate
py-spy> 128.84s behind in sampling, results may be inaccurate. Try reducing the sampling rate
py-spy> 129.50s behind in sampling, results may be inaccurate. Try reducing the sampling rate
py-spy> 130.18s behind in sampling, results may be inaccurate. Try reducing the sampling rate
py-spy> 130.82s behind in sampling, results may be inaccurate. Try reducing the sampling rate
py-spy> 131.54s behind in sampling, results may be inaccurate. Try reducing the sampling rate
py-spy> 132.22s behind in sampling, results may be inaccurate. Try reducing the sampling rate
py-spy> 132.83s behind in sampling, results may be inaccurate. Try reducing the sampling rate
py-spy> 133.48s behind in sampling, results may be inaccurate. Try reducing the sampling rate
py-spy> 134.22s behind in sampling, results may be inaccurate. Try reducing the sampling rate
py-spy> 134.88s behind in sampling, results may be inaccurate. Try reducing the sampling rate
py-spy> 135.46s behind in sampling, results may be inaccurate. Try reducing the sampling rate
py-spy> 136.16s behind in sampling, results may be inaccurate. Try reducing the sampling rate
py-spy> 136.80s behind in sampling, results may be inaccurate. Try reducing the sampling rate
py-spy> 137.49s behind in sampling, results may be inaccurate. Try reducing the sampling rate
py-spy> 138.15s behind in sampling, results may be inaccurate. Try reducing the sampling rate
py-spy> 138.77s behind in sampling, results may be inaccurate. Try reducing the sampling rate
py-spy> 139.50s behind in sampling, results may be inaccurate. Try reducing the sampling rate
py-spy> 140.16s behind in sampling, results may be inaccurate. Try reducing the sampling rate
py-spy> 140.78s behind in sampling, results may be inaccurate. Try reducing the sampling rate
py-spy> 141.40s behind in sampling, results may be inaccurate. Try reducing the sampling rate
py-spy> 141.97s behind in sampling, results may be inaccurate. Try reducing the sampling rate
py-spy> 142.64s behind in sampling, results may be inaccurate. Try reducing the sampling rate
py-spy> 143.29s behind in sampling, results may be inaccurate. Try reducing the sampling rate
py-spy> 143.98s behind in sampling, results may be inaccurate. Try reducing the sampling rate
py-spy> 144.62s behind in sampling, results may be inaccurate. Try reducing the sampling rate
py-spy> 145.30s behind in sampling, results may be inaccurate. Try reducing the sampling rate
py-spy> 145.96s behind in sampling, results may be inaccurate. Try reducing the sampling rate
py-spy> 146.66s behind in sampling, results may be inaccurate. Try reducing the sampling rate
py-spy> 147.31s behind in sampling, results may be inaccurate. Try reducing the sampling rate
py-spy> 147.88s behind in sampling, results may be inaccurate. Try reducing the sampling rate
py-spy> 148.57s behind in sampling, results may be inaccurate. Try reducing the sampling rate
py-spy> 149.32s behind in sampling, results may be inaccurate. Try reducing the sampling rate
py-spy> 149.89s behind in sampling, results may be inaccurate. Try reducing the sampling rate
py-spy> 150.48s behind in sampling, results may be inaccurate. Try reducing the sampling rate
py-spy> 151.06s behind in sampling, results may be inaccurate. Try reducing the sampling rate
py-spy> 151.68s behind in sampling, results may be inaccurate. Try reducing the sampling rate
py-spy> 152.40s behind in sampling, results may be inaccurate. Try reducing the sampling rate
py-spy> 153.09s behind in sampling, results may be inaccurate. Try reducing the sampling rate
py-spy> 153.76s behind in sampling, results may be inaccurate. Try reducing the sampling rate
py-spy> 154.46s behind in sampling, results may be inaccurate. Try reducing the sampling rate
py-spy> 155.03s behind in sampling, results may be inaccurate. Try reducing the sampling rate
py-spy> 155.62s behind in sampling, results may be inaccurate. Try reducing the sampling rate
py-spy> 156.22s behind in sampling, results may be inaccurate. Try reducing the sampling rate
py-spy> 156.97s behind in sampling, results may be inaccurate. Try reducing the sampling rate
py-spy> 157.67s behind in sampling, results may be inaccurate. Try reducing the sampling rate
py-spy> 158.26s behind in sampling, results may be inaccurate. Try reducing the sampling rate
py-spy> 158.93s behind in sampling, results may be inaccurate. Try reducing the sampling rate
py-spy> 159.56s behind in sampling, results may be inaccurate. Try reducing the sampling rate
py-spy> 160.15s behind in sampling, results may be inaccurate. Try reducing the sampling rate
py-spy> 160.84s behind in sampling, results may be inaccurate. Try reducing the sampling rate
py-spy> 161.54s behind in sampling, results may be inaccurate. Try reducing the sampling rate
py-spy> 162.24s behind in sampling, results may be inaccurate. Try reducing the sampling rate
py-spy> 162.78s behind in sampling, results may be inaccurate. Try reducing the sampling rate
py-spy> 163.39s behind in sampling, results may be inaccurate. Try reducing the sampling rate
py-spy> 164.01s behind in sampling, results may be inaccurate. Try reducing the sampling rate
py-spy> 164.66s behind in sampling, results may be inaccurate. Try reducing the sampling rate
py-spy> 165.30s behind in sampling, results may be inaccurate. Try reducing the sampling rate
py-spy> 166.00s behind in sampling, results may be inaccurate. Try reducing the sampling rate
py-spy> 166.62s behind in sampling, results may be inaccurate. Try reducing the sampling rate
py-spy> 167.37s behind in sampling, results may be inaccurate. Try reducing the sampling rate
py-spy> 168.03s behind in sampling, results may be inaccurate. Try reducing the sampling rate
py-spy> 168.68s behind in sampling, results may be inaccurate. Try reducing the sampling rate
py-spy> 169.42s behind in sampling, results may be inaccurate. Try reducing the sampling rate
py-spy> 170.09s behind in sampling, results may be inaccurate. Try reducing the sampling rate
py-spy> 170.75s behind in sampling, results may be inaccurate. Try reducing the sampling rate
py-spy> 171.37s behind in sampling, results may be inaccurate. Try reducing the sampling rate
py-spy> 171.93s behind in sampling, results may be inaccurate. Try reducing the sampling rate
py-spy> 172.61s behind in sampling, results may be inaccurate. Try reducing the sampling rate
py-spy> 173.32s behind in sampling, results may be inaccurate. Try reducing the sampling rate
py-spy> 173.93s behind in sampling, results may be inaccurate. Try reducing the sampling rate
py-spy> 174.54s behind in sampling, results may be inaccurate. Try reducing the sampling rate
py-spy> 175.20s behind in sampling, results may be inaccurate. Try reducing the sampling rate
py-spy> 175.86s behind in sampling, results may be inaccurate. Try reducing the sampling rate
py-spy> 176.49s behind in sampling, results may be inaccurate. Try reducing the sampling rate
py-spy> 177.08s behind in sampling, results may be inaccurate. Try reducing the sampling rate
py-spy> 177.70s behind in sampling, results may be inaccurate. Try reducing the sampling rate
py-spy> 178.30s behind in sampling, results may be inaccurate. Try reducing the sampling rate
py-spy> 178.85s behind in sampling, results may be inaccurate. Try reducing the sampling rate
py-spy> 179.47s behind in sampling, results may be inaccurate. Try reducing the sampling rate
py-spy> 180.13s behind in sampling, results may be inaccurate. Try reducing the sampling rate
py-spy> 180.72s behind in sampling, results may be inaccurate. Try reducing the sampling rate
py-spy> 181.34s behind in sampling, results may be inaccurate. Try reducing the sampling rate
py-spy> 181.95s behind in sampling, results may be inaccurate. Try reducing the sampling rate
py-spy> 182.57s behind in sampling, results may be inaccurate. Try reducing the sampling rate
py-spy> 183.10s behind in sampling, results may be inaccurate. Try reducing the sampling rate
py-spy> 183.70s behind in sampling, results may be inaccurate. Try reducing the sampling rate
py-spy> 184.35s behind in sampling, results may be inaccurate. Try reducing the sampling rate
py-spy> 184.96s behind in sampling, results may be inaccurate. Try reducing the sampling rate
py-spy> 185.53s behind in sampling, results may be inaccurate. Try reducing the sampling rate
py-spy> 186.01s behind in sampling, results may be inaccurate. Try reducing the sampling rate
py-spy> 186.72s behind in sampling, results may be inaccurate. Try reducing the sampling rate
py-spy> 187.36s behind in sampling, results may be inaccurate. Try reducing the sampling rate
py-spy> 187.96s behind in sampling, results may be inaccurate. Try reducing the sampling rate
py-spy> 188.64s behind in sampling, results may be inaccurate. Try reducing the sampling rate
py-spy> 189.29s behind in sampling, results may be inaccurate. Try reducing the sampling rate
py-spy> 190.00s behind in sampling, results may be inaccurate. Try reducing the sampling rate
py-spy> 190.69s behind in sampling, results may be inaccurate. Try reducing the sampling rate
py-spy> 191.35s behind in sampling, results may be inaccurate. Try reducing the sampling rate
py-spy> 191.91s behind in sampling, results may be inaccurate. Try reducing the sampling rate
py-spy> 192.56s behind in sampling, results may be inaccurate. Try reducing the sampling rate
py-spy> 193.25s behind in sampling, results may be inaccurate. Try reducing the sampling rate
py-spy> 193.87s behind in sampling, results may be inaccurate. Try reducing the sampling rate
py-spy> 194.49s behind in sampling, results may be inaccurate. Try reducing the sampling rate
py-spy> 195.06s behind in sampling, results may be inaccurate. Try reducing the sampling rate
py-spy> 195.72s behind in sampling, results may be inaccurate. Try reducing the sampling rate
py-spy> 196.38s behind in sampling, results may be inaccurate. Try reducing the sampling rate
py-spy> 197.07s behind in sampling, results may be inaccurate. Try reducing the sampling rate
py-spy> 197.72s behind in sampling, results may be inaccurate. Try reducing the sampling rate
py-spy> 198.34s behind in sampling, results may be inaccurate. Try reducing the sampling rate
py-spy> 199.05s behind in sampling, results may be inaccurate. Try reducing the sampling rate
py-spy> 199.77s behind in sampling, results may be inaccurate. Try reducing the sampling rate
py-spy> 200.36s behind in sampling, results may be inaccurate. Try reducing the sampling rate
py-spy> 201.05s behind in sampling, results may be inaccurate. Try reducing the sampling rate
py-spy> 201.69s behind in sampling, results may be inaccurate. Try reducing the sampling rate
py-spy> 202.26s behind in sampling, results may be inaccurate. Try reducing the sampling rate
py-spy> 202.91s behind in sampling, results may be inaccurate. Try reducing the sampling rate
py-spy> 203.57s behind in sampling, results may be inaccurate. Try reducing the sampling rate
py-spy> 204.22s behind in sampling, results may be inaccurate. Try reducing the sampling rate
py-spy> 204.82s behind in sampling, results may be inaccurate. Try reducing the sampling rate
py-spy> 205.40s behind in sampling, results may be inaccurate. Try reducing the sampling rate
py-spy> 206.11s behind in sampling, results may be inaccurate. Try reducing the sampling rate
py-spy> 206.78s behind in sampling, results may be inaccurate. Try reducing the sampling rate
py-spy> 207.49s behind in sampling, results may be inaccurate. Try reducing the sampling rate
py-spy> 208.21s behind in sampling, results may be inaccurate. Try reducing the sampling rate
py-spy> Wrote speedscope file to 'shadow_assists/features/IDE_026_rdt_guarded_harvest/profiling/worker0_pad_profile.speedscope.json'. Samples: 24034 Errors: 15
py-spy> Visit https://www.speedscope.app/ to view
py-spy> Sampling process 100 times a second for 60 seconds. Press Control-C to exit.

py-spy> 1.02s behind in sampling, results may be inaccurate. Try reducing the sampling rate
py-spy> 1.89s behind in sampling, results may be inaccurate. Try reducing the sampling rate
py-spy> 2.83s behind in sampling, results may be inaccurate. Try reducing the sampling rate
py-spy> 3.74s behind in sampling, results may be inaccurate. Try reducing the sampling rate
py-spy> 4.63s behind in sampling, results may be inaccurate. Try reducing the sampling rate
py-spy> 5.53s behind in sampling, results may be inaccurate. Try reducing the sampling rate
py-spy> 6.45s behind in sampling, results may be inaccurate. Try reducing the sampling rate
py-spy> 7.30s behind in sampling, results may be inaccurate. Try reducing the sampling rate
py-spy> 8.12s behind in sampling, results may be inaccurate. Try reducing the sampling rate
py-spy> 9.06s behind in sampling, results may be inaccurate. Try reducing the sampling rate
py-spy> 9.88s behind in sampling, results may be inaccurate. Try reducing the sampling rate
py-spy> 10.74s behind in sampling, results may be inaccurate. Try reducing the sampling rate
py-spy> 11.64s behind in sampling, results may be inaccurate. Try reducing the sampling rate
py-spy> 12.57s behind in sampling, results may be inaccurate. Try reducing the sampling rate
py-spy> 13.41s behind in sampling, results may be inaccurate. Try reducing the sampling rate
py-spy> 14.25s behind in sampling, results may be inaccurate. Try reducing the sampling rate
py-spy> 15.16s behind in sampling, results may be inaccurate. Try reducing the sampling rate
py-spy> 16.10s behind in sampling, results may be inaccurate. Try reducing the sampling rate
py-spy> 17.04s behind in sampling, results may be inaccurate. Try reducing the sampling rate
py-spy> 17.86s behind in sampling, results may be inaccurate. Try reducing the sampling rate
py-spy> 18.73s behind in sampling, results may be inaccurate. Try reducing the sampling rate
py-spy> 19.61s behind in sampling, results may be inaccurate. Try reducing the sampling rate
py-spy> 20.44s behind in sampling, results may be inaccurate. Try reducing the sampling rate
py-spy> 21.30s behind in sampling, results may be inaccurate. Try reducing the sampling rate
py-spy> 22.20s behind in sampling, results may be inaccurate. Try reducing the sampling rate
py-spy> 23.14s behind in sampling, results may be inaccurate. Try reducing the sampling rate
py-spy> 24.03s behind in sampling, results may be inaccurate. Try reducing the sampling rate
py-spy> 24.93s behind in sampling, results may be inaccurate. Try reducing the sampling rate
py-spy> 25.82s behind in sampling, results may be inaccurate. Try reducing the sampling rate
py-spy> 26.72s behind in sampling, results may be inaccurate. Try reducing the sampling rate
py-spy> 27.54s behind in sampling, results may be inaccurate. Try reducing the sampling rate
py-spy> 28.43s behind in sampling, results may be inaccurate. Try reducing the sampling rate
py-spy> 29.28s behind in sampling, results may be inaccurate. Try reducing the sampling rate
py-spy> 30.16s behind in sampling, results may be inaccurate. Try reducing the sampling rate
py-spy> 31.06s behind in sampling, results may be inaccurate. Try reducing the sampling rate
py-spy> 31.88s behind in sampling, results may be inaccurate. Try reducing the sampling rate
py-spy> 32.80s behind in sampling, results may be inaccurate. Try reducing the sampling rate
py-spy> 33.66s behind in sampling, results may be inaccurate. Try reducing the sampling rate
py-spy> 34.53s behind in sampling, results may be inaccurate. Try reducing the sampling rate
py-spy> 35.44s behind in sampling, results may be inaccurate. Try reducing the sampling rate
py-spy> 36.31s behind in sampling, results may be inaccurate. Try reducing the sampling rate
py-spy> 37.20s behind in sampling, results may be inaccurate. Try reducing the sampling rate
py-spy> 38.05s behind in sampling, results may be inaccurate. Try reducing the sampling rate
py-spy> 39.00s behind in sampling, results may be inaccurate. Try reducing the sampling rate
py-spy> 39.83s behind in sampling, results may be inaccurate. Try reducing the sampling rate
py-spy> 40.76s behind in sampling, results may be inaccurate. Try reducing the sampling rate
py-spy> 41.64s behind in sampling, results may be inaccurate. Try reducing the sampling rate
py-spy> 42.53s behind in sampling, results may be inaccurate. Try reducing the sampling rate
py-spy> 43.47s behind in sampling, results may be inaccurate. Try reducing the sampling rate
py-spy> 44.38s behind in sampling, results may be inaccurate. Try reducing the sampling rate
py-spy> 45.19s behind in sampling, results may be inaccurate. Try reducing the sampling rate
py-spy> 46.06s behind in sampling, results may be inaccurate. Try reducing the sampling rate
py-spy> 46.95s behind in sampling, results may be inaccurate. Try reducing the sampling rate
py-spy> 47.86s behind in sampling, results may be inaccurate. Try reducing the sampling rate
py-spy> 48.76s behind in sampling, results may be inaccurate. Try reducing the sampling rate
py-spy> 49.60s behind in sampling, results may be inaccurate. Try reducing the sampling rate
py-spy> 50.50s behind in sampling, results may be inaccurate. Try reducing the sampling rate
py-spy> 51.39s behind in sampling, results may be inaccurate. Try reducing the sampling rate
py-spy> 52.27s behind in sampling, results may be inaccurate. Try reducing the sampling rate
py-spy> 53.13s behind in sampling, results may be inaccurate. Try reducing the sampling rate
py-spy> 53.94s behind in sampling, results may be inaccurate. Try reducing the sampling rate
py-spy> 54.84s behind in sampling, results may be inaccurate. Try reducing the sampling rate
py-spy> 55.75s behind in sampling, results may be inaccurate. Try reducing the sampling rate
py-spy> 56.61s behind in sampling, results may be inaccurate. Try reducing the sampling rate
py-spy> 57.57s behind in sampling, results may be inaccurate. Try reducing the sampling rate
py-spy> 58.47s behind in sampling, results may be inaccurate. Try reducing the sampling rate
py-spy> 59.34s behind in sampling, results may be inaccurate. Try reducing the sampling rate
py-spy> 60.17s behind in sampling, results may be inaccurate. Try reducing the sampling rate
py-spy> 61.07s behind in sampling, results may be inaccurate. Try reducing the sampling rate
py-spy> 61.96s behind in sampling, results may be inaccurate. Try reducing the sampling rate
py-spy> 62.88s behind in sampling, results may be inaccurate. Try reducing the sampling rate
py-spy> 63.77s behind in sampling, results may be inaccurate. Try reducing the sampling rate
py-spy> 64.69s behind in sampling, results may be inaccurate. Try reducing the sampling rate
py-spy> 65.57s behind in sampling, results may be inaccurate. Try reducing the sampling rate
py-spy> 66.48s behind in sampling, results may be inaccurate. Try reducing the sampling rate
py-spy> 67.39s behind in sampling, results may be inaccurate. Try reducing the sampling rate
py-spy> 68.29s behind in sampling, results may be inaccurate. Try reducing the sampling rate
py-spy> 69.14s behind in sampling, results may be inaccurate. Try reducing the sampling rate
py-spy> 69.99s behind in sampling, results may be inaccurate. Try reducing the sampling rate
py-spy> 70.87s behind in sampling, results may be inaccurate. Try reducing the sampling rate
py-spy> 71.78s behind in sampling, results may be inaccurate. Try reducing the sampling rate
py-spy> 72.59s behind in sampling, results may be inaccurate. Try reducing the sampling rate
py-spy> 73.43s behind in sampling, results may be inaccurate. Try reducing the sampling rate
py-spy> 74.26s behind in sampling, results may be inaccurate. Try reducing the sampling rate
py-spy> 75.15s behind in sampling, results may be inaccurate. Try reducing the sampling rate
py-spy> 76.12s behind in sampling, results may be inaccurate. Try reducing the sampling rate
py-spy> 76.98s behind in sampling, results may be inaccurate. Try reducing the sampling rate
py-spy> 77.85s behind in sampling, results may be inaccurate. Try reducing the sampling rate
py-spy> 78.69s behind in sampling, results may be inaccurate. Try reducing the sampling rate
py-spy> 79.54s behind in sampling, results may be inaccurate. Try reducing the sampling rate
py-spy> 80.42s behind in sampling, results may be inaccurate. Try reducing the sampling rate
py-spy> 81.20s behind in sampling, results may be inaccurate. Try reducing the sampling rate
py-spy> 82.09s behind in sampling, results may be inaccurate. Try reducing the sampling rate
py-spy> 82.94s behind in sampling, results may be inaccurate. Try reducing the sampling rate
py-spy> 83.78s behind in sampling, results may be inaccurate. Try reducing the sampling rate
py-spy> 84.65s behind in sampling, results may be inaccurate. Try reducing the sampling rate
py-spy> 85.56s behind in sampling, results may be inaccurate. Try reducing the sampling rate
py-spy> 86.42s behind in sampling, results may be inaccurate. Try reducing the sampling rate
py-spy> 87.32s behind in sampling, results may be inaccurate. Try reducing the sampling rate
py-spy> 88.17s behind in sampling, results may be inaccurate. Try reducing the sampling rate
py-spy> 88.95s behind in sampling, results may be inaccurate. Try reducing the sampling rate
py-spy> 89.81s behind in sampling, results may be inaccurate. Try reducing the sampling rate
py-spy> 90.70s behind in sampling, results may be inaccurate. Try reducing the sampling rate
py-spy> 91.57s behind in sampling, results may be inaccurate. Try reducing the sampling rate
py-spy> 92.45s behind in sampling, results may be inaccurate. Try reducing the sampling rate
py-spy> 93.23s behind in sampling, results may be inaccurate. Try reducing the sampling rate
py-spy> 94.12s behind in sampling, results may be inaccurate. Try reducing the sampling rate
py-spy> 94.94s behind in sampling, results may be inaccurate. Try reducing the sampling rate
py-spy> 95.80s behind in sampling, results may be inaccurate. Try reducing the sampling rate
py-spy> 96.62s behind in sampling, results may be inaccurate. Try reducing the sampling rate
py-spy> 97.37s behind in sampling, results may be inaccurate. Try reducing the sampling rate
py-spy> 98.09s behind in sampling, results may be inaccurate. Try reducing the sampling rate
py-spy> 98.85s behind in sampling, results may be inaccurate. Try reducing the sampling rate
py-spy> 99.77s behind in sampling, results may be inaccurate. Try reducing the sampling rate
py-spy> 100.68s behind in sampling, results may be inaccurate. Try reducing the sampling rate
py-spy> 101.57s behind in sampling, results may be inaccurate. Try reducing the sampling rate
py-spy> 102.44s behind in sampling, results may be inaccurate. Try reducing the sampling rate
py-spy> 103.30s behind in sampling, results may be inaccurate. Try reducing the sampling rate
py-spy> 104.16s behind in sampling, results may be inaccurate. Try reducing the sampling rate
py-spy> 105.05s behind in sampling, results may be inaccurate. Try reducing the sampling rate
py-spy> 105.97s behind in sampling, results may be inaccurate. Try reducing the sampling rate
py-spy> 106.84s behind in sampling, results may be inaccurate. Try reducing the sampling rate
py-spy> 107.74s behind in sampling, results may be inaccurate. Try reducing the sampling rate
py-spy> 108.65s behind in sampling, results may be inaccurate. Try reducing the sampling rate
py-spy> 109.63s behind in sampling, results may be inaccurate. Try reducing the sampling rate
py-spy> 110.52s behind in sampling, results may be inaccurate. Try reducing the sampling rate
py-spy> 111.30s behind in sampling, results may be inaccurate. Try reducing the sampling rate
py-spy> 112.23s behind in sampling, results may be inaccurate. Try reducing the sampling rate
py-spy> 113.13s behind in sampling, results may be inaccurate. Try reducing the sampling rate
py-spy> 113.97s behind in sampling, results may be inaccurate. Try reducing the sampling rate
py-spy> 114.81s behind in sampling, results may be inaccurate. Try reducing the sampling rate
py-spy> 115.71s behind in sampling, results may be inaccurate. Try reducing the sampling rate
py-spy> 116.59s behind in sampling, results may be inaccurate. Try reducing the sampling rate
py-spy> 117.41s behind in sampling, results may be inaccurate. Try reducing the sampling rate
py-spy> 118.36s behind in sampling, results may be inaccurate. Try reducing the sampling rate
py-spy> 119.28s behind in sampling, results may be inaccurate. Try reducing the sampling rate
py-spy> 120.11s behind in sampling, results may be inaccurate. Try reducing the sampling rate
py-spy> 120.90s behind in sampling, results may be inaccurate. Try reducing the sampling rate
py-spy> 121.76s behind in sampling, results may be inaccurate. Try reducing the sampling rate
py-spy> 122.67s behind in sampling, results may be inaccurate. Try reducing the sampling rate
py-spy> 123.50s behind in sampling, results may be inaccurate. Try reducing the sampling rate
py-spy> 124.41s behind in sampling, results may be inaccurate. Try reducing the sampling rate
py-spy> 125.22s behind in sampling, results may be inaccurate. Try reducing the sampling rate
py-spy> 126.08s behind in sampling, results may be inaccurate. Try reducing the sampling rate
py-spy> 126.89s behind in sampling, results may be inaccurate. Try reducing the sampling rate
py-spy> 127.77s behind in sampling, results may be inaccurate. Try reducing the sampling rate
py-spy> 128.67s behind in sampling, results may be inaccurate. Try reducing the sampling rate
py-spy> 129.55s behind in sampling, results may be inaccurate. Try reducing the sampling rate
py-spy> 130.43s behind in sampling, results may be inaccurate. Try reducing the sampling rate
py-spy> 131.33s behind in sampling, results may be inaccurate. Try reducing the sampling rate
py-spy> 132.18s behind in sampling, results may be inaccurate. Try reducing the sampling rate
py-spy> 133.01s behind in sampling, results may be inaccurate. Try reducing the sampling rate
py-spy> 133.90s behind in sampling, results may be inaccurate. Try reducing the sampling rate
py-spy> 134.82s behind in sampling, results may be inaccurate. Try reducing the sampling rate
py-spy> 135.67s behind in sampling, results may be inaccurate. Try reducing the sampling rate
py-spy> 136.59s behind in sampling, results may be inaccurate. Try reducing the sampling rate
py-spy> 137.41s behind in sampling, results may be inaccurate. Try reducing the sampling rate
py-spy> 138.32s behind in sampling, results may be inaccurate. Try reducing the sampling rate
py-spy> 139.27s behind in sampling, results may be inaccurate. Try reducing the sampling rate
py-spy> 140.27s behind in sampling, results may be inaccurate. Try reducing the sampling rate
py-spy> 141.13s behind in sampling, results may be inaccurate. Try reducing the sampling rate
py-spy> 141.97s behind in sampling, results may be inaccurate. Try reducing the sampling rate
py-spy> 142.87s behind in sampling, results may be inaccurate. Try reducing the sampling rate
py-spy> 143.61s behind in sampling, results may be inaccurate. Try reducing the sampling rate
py-spy> 144.51s behind in sampling, results may be inaccurate. Try reducing the sampling rate
py-spy> 145.43s behind in sampling, results may be inaccurate. Try reducing the sampling rate
py-spy> 146.29s behind in sampling, results may be inaccurate. Try reducing the sampling rate
py-spy> 147.17s behind in sampling, results may be inaccurate. Try reducing the sampling rate
py-spy> 148.06s behind in sampling, results may be inaccurate. Try reducing the sampling rate
py-spy> 148.92s behind in sampling, results may be inaccurate. Try reducing the sampling rate
py-spy> 149.83s behind in sampling, results may be inaccurate. Try reducing the sampling rate
py-spy> 150.76s behind in sampling, results may be inaccurate. Try reducing the sampling rate
py-spy> 151.65s behind in sampling, results may be inaccurate. Try reducing the sampling rate
py-spy> 152.59s behind in sampling, results may be inaccurate. Try reducing the sampling rate
py-spy> 153.42s behind in sampling, results may be inaccurate. Try reducing the sampling rate
py-spy> 154.19s behind in sampling, results may be inaccurate. Try reducing the sampling rate
py-spy> 155.11s behind in sampling, results may be inaccurate. Try reducing the sampling rate
py-spy> 156.04s behind in sampling, results may be inaccurate. Try reducing the sampling rate
py-spy> 156.89s behind in sampling, results may be inaccurate. Try reducing the sampling rate
py-spy> 157.73s behind in sampling, results may be inaccurate. Try reducing the sampling rate
py-spy> 158.60s behind in sampling, results may be inaccurate. Try reducing the sampling rate
py-spy> 159.48s behind in sampling, results may be inaccurate. Try reducing the sampling rate
py-spy> 160.34s behind in sampling, results may be inaccurate. Try reducing the sampling rate
py-spy> 161.24s behind in sampling, results may be inaccurate. Try reducing the sampling rate
py-spy> 162.15s behind in sampling, results may be inaccurate. Try reducing the sampling rate
py-spy> 163.09s behind in sampling, results may be inaccurate. Try reducing the sampling rate
py-spy> 163.98s behind in sampling, results may be inaccurate. Try reducing the sampling rate
py-spy> 164.89s behind in sampling, results may be inaccurate. Try reducing the sampling rate
py-spy> 165.83s behind in sampling, results may be inaccurate. Try reducing the sampling rate
py-spy> 166.75s behind in sampling, results may be inaccurate. Try reducing the sampling rate
py-spy> 167.68s behind in sampling, results may be inaccurate. Try reducing the sampling rate
py-spy> 168.48s behind in sampling, results may be inaccurate. Try reducing the sampling rate
py-spy> 169.39s behind in sampling, results may be inaccurate. Try reducing the sampling rate
py-spy> 170.30s behind in sampling, results may be inaccurate. Try reducing the sampling rate
py-spy> 171.21s behind in sampling, results may be inaccurate. Try reducing the sampling rate
py-spy> 172.08s behind in sampling, results may be inaccurate. Try reducing the sampling rate
py-spy> 172.91s behind in sampling, results may be inaccurate. Try reducing the sampling rate
py-spy> 173.85s behind in sampling, results may be inaccurate. Try reducing the sampling rate
py-spy> 174.75s behind in sampling, results may be inaccurate. Try reducing the sampling rate
py-spy> 175.61s behind in sampling, results may be inaccurate. Try reducing the sampling rate
py-spy> 176.55s behind in sampling, results may be inaccurate. Try reducing the sampling rate
py-spy> 177.43s behind in sampling, results may be inaccurate. Try reducing the sampling rate
py-spy> 178.30s behind in sampling, results may be inaccurate. Try reducing the sampling rate
py-spy> 179.09s behind in sampling, results may be inaccurate. Try reducing the sampling rate
py-spy> 179.96s behind in sampling, results may be inaccurate. Try reducing the sampling rate
py-spy> 180.87s behind in sampling, results may be inaccurate. Try reducing the sampling rate
py-spy> 181.76s behind in sampling, results may be inaccurate. Try reducing the sampling rate
py-spy> 182.68s behind in sampling, results may be inaccurate. Try reducing the sampling rate
py-spy> 183.54s behind in sampling, results may be inaccurate. Try reducing the sampling rate
py-spy> 184.40s behind in sampling, results may be inaccurate. Try reducing the sampling rate
py-spy> 185.26s behind in sampling, results may be inaccurate. Try reducing the sampling rate
py-spy> 186.08s behind in sampling, results may be inaccurate. Try reducing the sampling rate
py-spy> 187.03s behind in sampling, results may be inaccurate. Try reducing the sampling rate
py-spy> 187.88s behind in sampling, results may be inaccurate. Try reducing the sampling rate
py-spy> 188.78s behind in sampling, results may be inaccurate. Try reducing the sampling rate
py-spy> 189.71s behind in sampling, results may be inaccurate. Try reducing the sampling rate
py-spy> 190.58s behind in sampling, results may be inaccurate. Try reducing the sampling rate
py-spy> 191.49s behind in sampling, results may be inaccurate. Try reducing the sampling rate
py-spy> 192.32s behind in sampling, results may be inaccurate. Try reducing the sampling rate
py-spy> 193.30s behind in sampling, results may be inaccurate. Try reducing the sampling rate
py-spy> 194.16s behind in sampling, results may be inaccurate. Try reducing the sampling rate
py-spy> 195.00s behind in sampling, results may be inaccurate. Try reducing the sampling rate
py-spy> 195.97s behind in sampling, results may be inaccurate. Try reducing the sampling rate
py-spy> 196.94s behind in sampling, results may be inaccurate. Try reducing the sampling rate
py-spy> 197.78s behind in sampling, results may be inaccurate. Try reducing the sampling rate
py-spy> 198.67s behind in sampling, results may be inaccurate. Try reducing the sampling rate
py-spy> 199.59s behind in sampling, results may be inaccurate. Try reducing the sampling rate
py-spy> 200.46s behind in sampling, results may be inaccurate. Try reducing the sampling rate
py-spy> 201.25s behind in sampling, results may be inaccurate. Try reducing the sampling rate
py-spy> 202.14s behind in sampling, results may be inaccurate. Try reducing the sampling rate
py-spy> 203.02s behind in sampling, results may be inaccurate. Try reducing the sampling rate
py-spy> 203.92s behind in sampling, results may be inaccurate. Try reducing the sampling rate
py-spy> 204.77s behind in sampling, results may be inaccurate. Try reducing the sampling rate
py-spy> 205.64s behind in sampling, results may be inaccurate. Try reducing the sampling rate
py-spy> 206.54s behind in sampling, results may be inaccurate. Try reducing the sampling rate
py-spy> 207.32s behind in sampling, results may be inaccurate. Try reducing the sampling rate
py-spy> 208.15s behind in sampling, results may be inaccurate. Try reducing the sampling rate
py-spy> 209.06s behind in sampling, results may be inaccurate. Try reducing the sampling rate
py-spy> 209.89s behind in sampling, results may be inaccurate. Try reducing the sampling rate
py-spy> 210.79s behind in sampling, results may be inaccurate. Try reducing the sampling rate
py-spy> 211.71s behind in sampling, results may be inaccurate. Try reducing the sampling rate
py-spy> 212.58s behind in sampling, results may be inaccurate. Try reducing the sampling rate
py-spy> 213.46s behind in sampling, results may be inaccurate. Try reducing the sampling rate
py-spy> 214.39s behind in sampling, results may be inaccurate. Try reducing the sampling rate
py-spy> 215.20s behind in sampling, results may be inaccurate. Try reducing the sampling rate
py-spy> 216.14s behind in sampling, results may be inaccurate. Try reducing the sampling rate
py-spy> 217.09s behind in sampling, results may be inaccurate. Try reducing the sampling rate
py-spy> 217.95s behind in sampling, results may be inaccurate. Try reducing the sampling rate
py-spy> 218.91s behind in sampling, results may be inaccurate. Try reducing the sampling rate
py-spy> 219.80s behind in sampling, results may be inaccurate. Try reducing the sampling rate
py-spy> 220.68s behind in sampling, results may be inaccurate. Try reducing the sampling rate
py-spy> 221.55s behind in sampling, results may be inaccurate. Try reducing the sampling rate
py-spy> 222.46s behind in sampling, results may be inaccurate. Try reducing the sampling rate
py-spy> 223.36s behind in sampling, results may be inaccurate. Try reducing the sampling rate
py-spy> 224.22s behind in sampling, results may be inaccurate. Try reducing the sampling rate
py-spy> 225.12s behind in sampling, results may be inaccurate. Try reducing the sampling rate
py-spy> 226.01s behind in sampling, results may be inaccurate. Try reducing the sampling rate
py-spy> 226.91s behind in sampling, results may be inaccurate. Try reducing the sampling rate
py-spy> 227.78s behind in sampling, results may be inaccurate. Try reducing the sampling rate
py-spy> 228.60s behind in sampling, results may be inaccurate. Try reducing the sampling rate
py-spy> 229.43s behind in sampling, results may be inaccurate. Try reducing the sampling rate
py-spy> 230.30s behind in sampling, results may be inaccurate. Try reducing the sampling rate
py-spy> 231.18s behind in sampling, results may be inaccurate. Try reducing the sampling rate
py-spy> 232.11s behind in sampling, results may be inaccurate. Try reducing the sampling rate
py-spy> 232.94s behind in sampling, results may be inaccurate. Try reducing the sampling rate
py-spy> 233.85s behind in sampling, results may be inaccurate. Try reducing the sampling rate
py-spy> 234.77s behind in sampling, results may be inaccurate. Try reducing the sampling rate
py-spy> 235.64s behind in sampling, results may be inaccurate. Try reducing the sampling rate
py-spy> 236.52s behind in sampling, results may be inaccurate. Try reducing the sampling rate
py-spy> 237.35s behind in sampling, results may be inaccurate. Try reducing the sampling rate
py-spy> 238.25s behind in sampling, results may be inaccurate. Try reducing the sampling rate
py-spy> 239.12s behind in sampling, results may be inaccurate. Try reducing the sampling rate
py-spy> 240.04s behind in sampling, results may be inaccurate. Try reducing the sampling rate
py-spy> 240.95s behind in sampling, results may be inaccurate. Try reducing the sampling rate
py-spy> 241.80s behind in sampling, results may be inaccurate. Try reducing the sampling rate
py-spy> 242.64s behind in sampling, results may be inaccurate. Try reducing the sampling rate
py-spy> 243.51s behind in sampling, results may be inaccurate. Try reducing the sampling rate
py-spy> 244.37s behind in sampling, results may be inaccurate. Try reducing the sampling rate
py-spy> 245.31s behind in sampling, results may be inaccurate. Try reducing the sampling rate
py-spy> 246.03s behind in sampling, results may be inaccurate. Try reducing the sampling rate
py-spy> 246.95s behind in sampling, results may be inaccurate. Try reducing the sampling rate
py-spy> 247.88s behind in sampling, results may be inaccurate. Try reducing the sampling rate
py-spy> 248.78s behind in sampling, results may be inaccurate. Try reducing the sampling rate
py-spy> 249.66s behind in sampling, results may be inaccurate. Try reducing the sampling rate
py-spy> 250.56s behind in sampling, results may be inaccurate. Try reducing the sampling rate
py-spy> 251.44s behind in sampling, results may be inaccurate. Try reducing the sampling rate
py-spy> 252.37s behind in sampling, results may be inaccurate. Try reducing the sampling rate
py-spy> 253.30s behind in sampling, results may be inaccurate. Try reducing the sampling rate
py-spy> 254.18s behind in sampling, results may be inaccurate. Try reducing the sampling rate
py-spy> 255.10s behind in sampling, results may be inaccurate. Try reducing the sampling rate
py-spy> 256.03s behind in sampling, results may be inaccurate. Try reducing the sampling rate
py-spy> 256.93s behind in sampling, results may be inaccurate. Try reducing the sampling rate
py-spy> 257.81s behind in sampling, results may be inaccurate. Try reducing the sampling rate
py-spy> 258.69s behind in sampling, results may be inaccurate. Try reducing the sampling rate
py-spy> 259.53s behind in sampling, results may be inaccurate. Try reducing the sampling rate
py-spy> 260.41s behind in sampling, results may be inaccurate. Try reducing the sampling rate
py-spy> 261.29s behind in sampling, results may be inaccurate. Try reducing the sampling rate
py-spy> 262.15s behind in sampling, results may be inaccurate. Try reducing the sampling rate
py-spy> 263.02s behind in sampling, results may be inaccurate. Try reducing the sampling rate
py-spy> 263.87s behind in sampling, results may be inaccurate. Try reducing the sampling rate
py-spy> 264.76s behind in sampling, results may be inaccurate. Try reducing the sampling rate
py-spy> 265.67s behind in sampling, results may be inaccurate. Try reducing the sampling rate
py-spy> 266.60s behind in sampling, results may be inaccurate. Try reducing the sampling rate
py-spy> 267.55s behind in sampling, results may be inaccurate. Try reducing the sampling rate
py-spy> 268.50s behind in sampling, results may be inaccurate. Try reducing the sampling rate
py-spy> 269.42s behind in sampling, results may be inaccurate. Try reducing the sampling rate
py-spy> 270.26s behind in sampling, results may be inaccurate. Try reducing the sampling rate
py-spy> 271.20s behind in sampling, results may be inaccurate. Try reducing the sampling rate
py-spy> 272.17s behind in sampling, results may be inaccurate. Try reducing the sampling rate
py-spy> 273.09s behind in sampling, results may be inaccurate. Try reducing the sampling rate
py-spy> 274.06s behind in sampling, results may be inaccurate. Try reducing the sampling rate
py-spy> 274.95s behind in sampling, results may be inaccurate. Try reducing the sampling rate
py-spy> 275.84s behind in sampling, results may be inaccurate. Try reducing the sampling rate
py-spy> 276.73s behind in sampling, results may be inaccurate. Try reducing the sampling rate
py-spy> 277.62s behind in sampling, results may be inaccurate. Try reducing the sampling rate
py-spy> 278.52s behind in sampling, results may be inaccurate. Try reducing the sampling rate
py-spy> 279.33s behind in sampling, results may be inaccurate. Try reducing the sampling rate
py-spy> 280.20s behind in sampling, results may be inaccurate. Try reducing the sampling rate
py-spy> 281.11s behind in sampling, results may be inaccurate. Try reducing the sampling rate
py-spy> 281.93s behind in sampling, results may be inaccurate. Try reducing the sampling rate
py-spy> 282.90s behind in sampling, results may be inaccurate. Try reducing the sampling rate

py-spy> Stopped sampling because process exited
py-spy> Wrote speedscope file to 'shadow_assists/features/IDE_026_rdt_guarded_harvest/profiling/api_profile.speedscope.json'. Samples: 1902 Errors: 0
py-spy> Visit https://www.speedscope.app/ to view
