<frozen importlib._bootstrap_external>:1301: FutureWarning: The cuda.cudart module is deprecated and will be removed in a future release, please switch to use the cuda.bindings.runtime module instead.
<frozen importlib._bootstrap_external>:1301: FutureWarning: The cuda.nvrtc module is deprecated and will be removed in a future release, please switch to use the cuda.bindings.nvrtc module instead.
(Worker pid=3012758) <frozen importlib._bootstrap_external>:1301: FutureWarning: The cuda.cudart module is deprecated and will be removed in a future release, please switch to use the cuda.bindings.runtime module instead.
(Worker pid=3012758) <frozen importlib._bootstrap_external>:1301: FutureWarning: The cuda.nvrtc module is deprecated and will be removed in a future release, please switch to use the cuda.bindings.nvrtc module instead.
(Worker pid=3012759) <frozen importlib._bootstrap_external>:1301: FutureWarning: The cuda.cudart module is deprecated and will be removed in a future release, please switch to use the cuda.bindings.runtime module instead.
(Worker pid=3012759) <frozen importlib._bootstrap_external>:1301: FutureWarning: The cuda.nvrtc module is deprecated and will be removed in a future release, please switch to use the cuda.bindings.nvrtc module instead.
(Worker pid=3012766) <frozen importlib._bootstrap_external>:1301: FutureWarning: The cuda.cudart module is deprecated and will be removed in a future release, please switch to use the cuda.bindings.runtime module instead.
(Worker pid=3012769) <frozen importlib._bootstrap_external>:1301: FutureWarning: The cuda.cudart module is deprecated and will be removed in a future release, please switch to use the cuda.bindings.runtime module instead.
(Worker pid=3012766) <frozen importlib._bootstrap_external>:1301: FutureWarning: The cuda.nvrtc module is deprecated and will be removed in a future release, please switch to use the cuda.bindings.nvrtc module instead.
(Worker pid=3012769) <frozen importlib._bootstrap_external>:1301: FutureWarning: The cuda.nvrtc module is deprecated and will be removed in a future release, please switch to use the cuda.bindings.nvrtc module instead.
(Worker pid=3012770) <frozen importlib._bootstrap_external>:1301: FutureWarning: The cuda.cudart module is deprecated and will be removed in a future release, please switch to use the cuda.bindings.runtime module instead.
(Worker pid=3012770) <frozen importlib._bootstrap_external>:1301: FutureWarning: The cuda.nvrtc module is deprecated and will be removed in a future release, please switch to use the cuda.bindings.nvrtc module instead.
(Worker pid=3012765) <frozen importlib._bootstrap_external>:1301: FutureWarning: The cuda.cudart module is deprecated and will be removed in a future release, please switch to use the cuda.bindings.runtime module instead.
(Worker pid=3012765) <frozen importlib._bootstrap_external>:1301: FutureWarning: The cuda.nvrtc module is deprecated and will be removed in a future release, please switch to use the cuda.bindings.nvrtc module instead.
(Worker pid=3012768) <frozen importlib._bootstrap_external>:1301: FutureWarning: The cuda.cudart module is deprecated and will be removed in a future release, please switch to use the cuda.bindings.runtime module instead.
(Worker pid=3012768) <frozen importlib._bootstrap_external>:1301: FutureWarning: The cuda.nvrtc module is deprecated and will be removed in a future release, please switch to use the cuda.bindings.nvrtc module instead.
(Worker pid=3012767) <frozen importlib._bootstrap_external>:1301: FutureWarning: The cuda.cudart module is deprecated and will be removed in a future release, please switch to use the cuda.bindings.runtime module instead.
(Worker pid=3012767) <frozen importlib._bootstrap_external>:1301: FutureWarning: The cuda.nvrtc module is deprecated and will be removed in a future release, please switch to use the cuda.bindings.nvrtc module instead.
(Worker_TP0 pid=3012758) Loading safetensors checkpoint shards:   0% Completed | 0/30 [00:00<?, ?it/s]
(Worker_TP0 pid=3012758) Loading safetensors checkpoint shards:   3% Completed | 1/30 [00:00<00:05,  5.04it/s]
(Worker_TP0 pid=3012758) Loading safetensors checkpoint shards:   7% Completed | 2/30 [00:00<00:06,  4.25it/s]
(Worker_TP0 pid=3012758) Loading safetensors checkpoint shards:  10% Completed | 3/30 [00:00<00:06,  4.05it/s]
(Worker_TP0 pid=3012758) Loading safetensors checkpoint shards:  13% Completed | 4/30 [00:00<00:06,  3.94it/s]
(Worker_TP0 pid=3012758) Loading safetensors checkpoint shards:  17% Completed | 5/30 [00:01<00:06,  4.09it/s]
(Worker_TP0 pid=3012758) Loading safetensors checkpoint shards:  20% Completed | 6/30 [00:01<00:05,  4.02it/s]
(Worker_TP0 pid=3012758) Loading safetensors checkpoint shards:  23% Completed | 7/30 [00:01<00:06,  3.83it/s]
(Worker_TP0 pid=3012758) Loading safetensors checkpoint shards:  27% Completed | 8/30 [00:02<00:06,  3.66it/s]
(Worker_TP0 pid=3012758) Loading safetensors checkpoint shards:  30% Completed | 9/30 [00:02<00:05,  3.61it/s]
(Worker_TP0 pid=3012758) Loading safetensors checkpoint shards:  33% Completed | 10/30 [00:02<00:05,  3.79it/s]
(Worker_TP0 pid=3012758) Loading safetensors checkpoint shards:  37% Completed | 11/30 [00:02<00:05,  3.79it/s]
(Worker_TP0 pid=3012758) Loading safetensors checkpoint shards:  40% Completed | 12/30 [00:03<00:04,  3.78it/s]
(Worker_TP0 pid=3012758) Loading safetensors checkpoint shards:  43% Completed | 13/30 [00:03<00:04,  3.79it/s]
(Worker_TP0 pid=3012758) Loading safetensors checkpoint shards:  47% Completed | 14/30 [00:03<00:04,  3.42it/s]
(Worker_TP0 pid=3012758) Loading safetensors checkpoint shards:  50% Completed | 15/30 [00:04<00:04,  3.41it/s]
(Worker_TP0 pid=3012758) Loading safetensors checkpoint shards:  53% Completed | 16/30 [00:04<00:04,  3.34it/s]
(Worker_TP0 pid=3012758) Loading safetensors checkpoint shards:  57% Completed | 17/30 [00:04<00:03,  3.32it/s]
(Worker_TP0 pid=3012758) Loading safetensors checkpoint shards:  60% Completed | 18/30 [00:04<00:03,  3.42it/s]
(Worker_TP0 pid=3012758) Loading safetensors checkpoint shards:  63% Completed | 19/30 [00:05<00:03,  3.48it/s]
(Worker_TP0 pid=3012758) Loading safetensors checkpoint shards:  67% Completed | 20/30 [00:05<00:02,  3.69it/s]
(Worker_TP0 pid=3012758) Loading safetensors checkpoint shards:  70% Completed | 21/30 [00:05<00:02,  3.74it/s]
(Worker_TP0 pid=3012758) Loading safetensors checkpoint shards:  73% Completed | 22/30 [00:05<00:02,  3.73it/s]
(Worker_TP0 pid=3012758) Loading safetensors checkpoint shards:  77% Completed | 23/30 [00:06<00:01,  3.74it/s]
(Worker_TP0 pid=3012758) Loading safetensors checkpoint shards:  80% Completed | 24/30 [00:06<00:01,  3.72it/s]
(Worker_TP0 pid=3012758) Loading safetensors checkpoint shards:  83% Completed | 25/30 [00:06<00:01,  3.87it/s]
(Worker_TP0 pid=3012758) Loading safetensors checkpoint shards:  87% Completed | 26/30 [00:06<00:01,  3.87it/s]
(Worker_TP0 pid=3012758) Loading safetensors checkpoint shards:  90% Completed | 27/30 [00:07<00:00,  3.82it/s]
(Worker_TP0 pid=3012758) Loading safetensors checkpoint shards:  93% Completed | 28/30 [00:07<00:00,  3.81it/s]
(Worker_TP0 pid=3012758) Loading safetensors checkpoint shards:  97% Completed | 29/30 [00:07<00:00,  3.78it/s]
(Worker_TP0 pid=3012758) Loading safetensors checkpoint shards: 100% Completed | 30/30 [00:07<00:00,  3.82it/s]
(Worker_TP0 pid=3012758) 
(Worker_TP0 pid=3012758) /workspace/vllm_dev_prj/lib/python3.12/site-packages/torch/distributed/c10d_logger.py:83: UserWarning: barrier(): using the device under current context. You can specify `device_id` in `init_process_group` to mute this warning.
(Worker_TP0 pid=3012758)   return func(*args, **kwargs)
(Worker_TP0 pid=3012758) /workspace/vllm_dev_prj/lib/python3.12/site-packages/torch/distributed/c10d_logger.py:83: UserWarning: barrier(): using the device under current context. You can specify `device_id` in `init_process_group` to mute this warning.
(Worker_TP0 pid=3012758)   return func(*args, **kwargs)
(Worker_TP6 pid=3012769) 2026-04-27 04:46:32,262 - INFO - autotuner.py:446 - flashinfer.jit: [Autotuner]: Autotuning process starts ...
(Worker_TP4 pid=3012767) 2026-04-27 04:46:32,262 - INFO - autotuner.py:446 - flashinfer.jit: [Autotuner]: Autotuning process starts ...
(Worker_TP0 pid=3012758) 2026-04-27 04:46:32,262 - INFO - autotuner.py:446 - flashinfer.jit: [Autotuner]: Autotuning process starts ...
(Worker_TP3 pid=3012766) 2026-04-27 04:46:32,264 - INFO - autotuner.py:446 - flashinfer.jit: [Autotuner]: Autotuning process starts ...
(Worker_TP5 pid=3012768) 2026-04-27 04:46:32,264 - INFO - autotuner.py:446 - flashinfer.jit: [Autotuner]: Autotuning process starts ...
(Worker_TP1 pid=3012759) 2026-04-27 04:46:32,264 - INFO - autotuner.py:446 - flashinfer.jit: [Autotuner]: Autotuning process starts ...
(Worker_TP7 pid=3012770) 2026-04-27 04:46:32,265 - INFO - autotuner.py:446 - flashinfer.jit: [Autotuner]: Autotuning process starts ...
(Worker_TP2 pid=3012765) 2026-04-27 04:46:32,269 - INFO - autotuner.py:446 - flashinfer.jit: [Autotuner]: Autotuning process starts ...
(Worker_TP6 pid=3012769) 2026-04-27 04:46:32,396 - INFO - autotuner.py:455 - flashinfer.jit: [Autotuner]: Autotuning process ends
(Worker_TP4 pid=3012767) 2026-04-27 04:46:32,396 - INFO - autotuner.py:455 - flashinfer.jit: [Autotuner]: Autotuning process ends
(Worker_TP3 pid=3012766) 2026-04-27 04:46:32,396 - INFO - autotuner.py:455 - flashinfer.jit: [Autotuner]: Autotuning process ends
(Worker_TP5 pid=3012768) 2026-04-27 04:46:32,396 - INFO - autotuner.py:455 - flashinfer.jit: [Autotuner]: Autotuning process ends
(Worker_TP0 pid=3012758) 2026-04-27 04:46:32,396 - INFO - autotuner.py:455 - flashinfer.jit: [Autotuner]: Autotuning process ends
(Worker_TP1 pid=3012759) 2026-04-27 04:46:32,396 - INFO - autotuner.py:455 - flashinfer.jit: [Autotuner]: Autotuning process ends
(Worker_TP7 pid=3012770) 2026-04-27 04:46:32,396 - INFO - autotuner.py:455 - flashinfer.jit: [Autotuner]: Autotuning process ends
(Worker_TP2 pid=3012765) 2026-04-27 04:46:32,396 - INFO - autotuner.py:455 - flashinfer.jit: [Autotuner]: Autotuning process ends
(Worker_TP0 pid=3012758) Capturing CUDA graphs (mixed prefill-decode, PIECEWISE):   0%|          | 0/51 [00:00<?, ?it/s]Capturing CUDA graphs (mixed prefill-decode, PIECEWISE):   2%|▏         | 1/51 [00:00<00:06,  7.90it/s]Capturing CUDA graphs (mixed prefill-decode, PIECEWISE):   4%|▍         | 2/51 [00:00<00:05,  8.47it/s]Capturing CUDA graphs (mixed prefill-decode, PIECEWISE):   6%|▌         | 3/51 [00:00<00:07,  6.55it/s]Capturing CUDA graphs (mixed prefill-decode, PIECEWISE):   8%|▊         | 4/51 [00:00<00:06,  6.92it/s]Capturing CUDA graphs (mixed prefill-decode, PIECEWISE):  10%|▉         | 5/51 [00:00<00:06,  7.02it/s]Capturing CUDA graphs (mixed prefill-decode, PIECEWISE):  12%|█▏        | 6/51 [00:00<00:06,  7.07it/s]Capturing CUDA graphs (mixed prefill-decode, PIECEWISE):  14%|█▎        | 7/51 [00:00<00:06,  7.20it/s]Capturing CUDA graphs (mixed prefill-decode, PIECEWISE):  16%|█▌        | 8/51 [00:01<00:05,  7.29it/s]Capturing CUDA graphs (mixed prefill-decode, PIECEWISE):  18%|█▊        | 9/51 [00:01<00:05,  7.28it/s]Capturing CUDA graphs (mixed prefill-decode, PIECEWISE):  20%|█▉        | 10/51 [00:01<00:05,  7.45it/s]Capturing CUDA graphs (mixed prefill-decode, PIECEWISE):  22%|██▏       | 11/51 [00:01<00:05,  6.96it/s]Capturing CUDA graphs (mixed prefill-decode, PIECEWISE):  24%|██▎       | 12/51 [00:01<00:05,  6.84it/s]Capturing CUDA graphs (mixed prefill-decode, PIECEWISE):  25%|██▌       | 13/51 [00:01<00:05,  6.74it/s]Capturing CUDA graphs (mixed prefill-decode, PIECEWISE):  27%|██▋       | 14/51 [00:01<00:05,  6.84it/s]Capturing CUDA graphs (mixed prefill-decode, PIECEWISE):  29%|██▉       | 15/51 [00:02<00:05,  6.71it/s]Capturing CUDA graphs (mixed prefill-decode, PIECEWISE):  31%|███▏      | 16/51 [00:02<00:05,  6.13it/s]Capturing CUDA graphs (mixed prefill-decode, PIECEWISE):  33%|███▎      | 17/51 [00:02<00:05,  5.94it/s]Capturing CUDA graphs (mixed prefill-decode, PIECEWISE):  35%|███▌      | 18/51 [00:02<00:05,  6.16it/s]Capturing CUDA graphs (mixed prefill-decode, PIECEWISE):  37%|███▋      | 19/51 [00:02<00:05,  6.25it/s]Capturing CUDA graphs (mixed prefill-decode, PIECEWISE):  39%|███▉      | 20/51 [00:02<00:04,  6.27it/s]Capturing CUDA graphs (mixed prefill-decode, PIECEWISE):  41%|████      | 21/51 [00:03<00:04,  6.29it/s]Capturing CUDA graphs (mixed prefill-decode, PIECEWISE):  43%|████▎     | 22/51 [00:03<00:04,  6.15it/s]Capturing CUDA graphs (mixed prefill-decode, PIECEWISE):  45%|████▌     | 23/51 [00:03<00:04,  6.29it/s]Capturing CUDA graphs (mixed prefill-decode, PIECEWISE):  47%|████▋     | 24/51 [00:03<00:04,  6.15it/s]Capturing CUDA graphs (mixed prefill-decode, PIECEWISE):  49%|████▉     | 25/51 [00:03<00:04,  6.22it/s]Capturing CUDA graphs (mixed prefill-decode, PIECEWISE):  51%|█████     | 26/51 [00:03<00:03,  6.33it/s]Capturing CUDA graphs (mixed prefill-decode, PIECEWISE):  53%|█████▎    | 27/51 [00:04<00:03,  6.37it/s]Capturing CUDA graphs (mixed prefill-decode, PIECEWISE):  55%|█████▍    | 28/51 [00:04<00:03,  6.26it/s]Capturing CUDA graphs (mixed prefill-decode, PIECEWISE):  57%|█████▋    | 29/51 [00:04<00:03,  6.19it/s]Capturing CUDA graphs (mixed prefill-decode, PIECEWISE):  59%|█████▉    | 30/51 [00:04<00:03,  6.15it/s]Capturing CUDA graphs (mixed prefill-decode, PIECEWISE):  61%|██████    | 31/51 [00:04<00:03,  6.18it/s]Capturing CUDA graphs (mixed prefill-decode, PIECEWISE):  63%|██████▎   | 32/51 [00:04<00:03,  6.01it/s]Capturing CUDA graphs (mixed prefill-decode, PIECEWISE):  65%|██████▍   | 33/51 [00:05<00:03,  5.91it/s]Capturing CUDA graphs (mixed prefill-decode, PIECEWISE):  67%|██████▋   | 34/51 [00:05<00:02,  6.01it/s]Capturing CUDA graphs (mixed prefill-decode, PIECEWISE):  69%|██████▊   | 35/51 [00:05<00:02,  5.95it/s]Capturing CUDA graphs (mixed prefill-decode, PIECEWISE):  71%|███████   | 36/51 [00:05<00:02,  5.96it/s]Capturing CUDA graphs (mixed prefill-decode, PIECEWISE):  73%|███████▎  | 37/51 [00:05<00:02,  6.15it/s]Capturing CUDA graphs (mixed prefill-decode, PIECEWISE):  75%|███████▍  | 38/51 [00:05<00:02,  6.29it/s]Capturing CUDA graphs (mixed prefill-decode, PIECEWISE):  76%|███████▋  | 39/51 [00:06<00:01,  6.31it/s]Capturing CUDA graphs (mixed prefill-decode, PIECEWISE):  78%|███████▊  | 40/51 [00:06<00:01,  6.30it/s]Capturing CUDA graphs (mixed prefill-decode, PIECEWISE):  80%|████████  | 41/51 [00:06<00:01,  6.17it/s]Capturing CUDA graphs (mixed prefill-decode, PIECEWISE):  82%|████████▏ | 42/51 [00:06<00:01,  6.29it/s]Capturing CUDA graphs (mixed prefill-decode, PIECEWISE):  84%|████████▍ | 43/51 [00:06<00:01,  6.45it/s]Capturing CUDA graphs (mixed prefill-decode, PIECEWISE):  86%|████████▋ | 44/51 [00:06<00:01,  6.32it/s]Capturing CUDA graphs (mixed prefill-decode, PIECEWISE):  88%|████████▊ | 45/51 [00:07<00:00,  6.28it/s]Capturing CUDA graphs (mixed prefill-decode, PIECEWISE):  90%|█████████ | 46/51 [00:07<00:00,  6.51it/s]Capturing CUDA graphs (mixed prefill-decode, PIECEWISE):  92%|█████████▏| 47/51 [00:07<00:00,  6.81it/s]Capturing CUDA graphs (mixed prefill-decode, PIECEWISE):  94%|█████████▍| 48/51 [00:07<00:00,  6.70it/s]Capturing CUDA graphs (mixed prefill-decode, PIECEWISE):  96%|█████████▌| 49/51 [00:07<00:00,  6.92it/s]Capturing CUDA graphs (mixed prefill-decode, PIECEWISE):  98%|█████████▊| 50/51 [00:07<00:00,  7.13it/s]Capturing CUDA graphs (mixed prefill-decode, PIECEWISE): 100%|██████████| 51/51 [00:07<00:00,  6.92it/s]Capturing CUDA graphs (mixed prefill-decode, PIECEWISE): 100%|██████████| 51/51 [00:07<00:00,  6.49it/s]
(Worker_TP0 pid=3012758) Capturing CUDA graphs (decode, FULL):   0%|          | 0/51 [00:00<?, ?it/s]Capturing CUDA graphs (decode, FULL):   2%|▏         | 1/51 [00:00<00:05,  9.55it/s]Capturing CUDA graphs (decode, FULL):   6%|▌         | 3/51 [00:00<00:04, 10.01it/s]Capturing CUDA graphs (decode, FULL):  10%|▉         | 5/51 [00:00<00:04, 10.07it/s]Capturing CUDA graphs (decode, FULL):  14%|█▎        | 7/51 [00:00<00:04, 10.05it/s]Capturing CUDA graphs (decode, FULL):  18%|█▊        | 9/51 [00:00<00:04,  9.72it/s]Capturing CUDA graphs (decode, FULL):  20%|█▉        | 10/51 [00:01<00:04,  9.72it/s]Capturing CUDA graphs (decode, FULL):  22%|██▏       | 11/51 [00:01<00:04,  9.54it/s]Capturing CUDA graphs (decode, FULL):  24%|██▎       | 12/51 [00:01<00:04,  9.62it/s]Capturing CUDA graphs (decode, FULL):  25%|██▌       | 13/51 [00:01<00:04,  9.14it/s]Capturing CUDA graphs (decode, FULL):  27%|██▋       | 14/51 [00:01<00:04,  9.09it/s]Capturing CUDA graphs (decode, FULL):  29%|██▉       | 15/51 [00:01<00:03,  9.26it/s]Capturing CUDA graphs (decode, FULL):  33%|███▎      | 17/51 [00:01<00:03,  9.70it/s]Capturing CUDA graphs (decode, FULL):  35%|███▌      | 18/51 [00:01<00:03,  9.71it/s]Capturing CUDA graphs (decode, FULL):  37%|███▋      | 19/51 [00:01<00:03,  9.41it/s]Capturing CUDA graphs (decode, FULL):  39%|███▉      | 20/51 [00:02<00:03,  9.46it/s]Capturing CUDA graphs (decode, FULL):  41%|████      | 21/51 [00:02<00:03,  9.46it/s]Capturing CUDA graphs (decode, FULL):  43%|████▎     | 22/51 [00:02<00:03,  8.93it/s]Capturing CUDA graphs (decode, FULL):  45%|████▌     | 23/51 [00:02<00:03,  9.01it/s]Capturing CUDA graphs (decode, FULL):  47%|████▋     | 24/51 [00:02<00:03,  9.00it/s]Capturing CUDA graphs (decode, FULL):  49%|████▉     | 25/51 [00:02<00:02,  9.05it/s]Capturing CUDA graphs (decode, FULL):  51%|█████     | 26/51 [00:02<00:02,  8.59it/s]Capturing CUDA graphs (decode, FULL):  55%|█████▍    | 28/51 [00:02<00:02,  9.10it/s]Capturing CUDA graphs (decode, FULL):  57%|█████▋    | 29/51 [00:03<00:02,  9.13it/s]Capturing CUDA graphs (decode, FULL):  59%|█████▉    | 30/51 [00:03<00:02,  9.25it/s]Capturing CUDA graphs (decode, FULL):  61%|██████    | 31/51 [00:03<00:02,  9.27it/s]Capturing CUDA graphs (decode, FULL):  63%|██████▎   | 32/51 [00:03<00:02,  9.07it/s]Capturing CUDA graphs (decode, FULL):  65%|██████▍   | 33/51 [00:03<00:01,  9.09it/s]Capturing CUDA graphs (decode, FULL):  67%|██████▋   | 34/51 [00:03<00:01,  8.99it/s]Capturing CUDA graphs (decode, FULL):  69%|██████▊   | 35/51 [00:03<00:01,  8.91it/s]Capturing CUDA graphs (decode, FULL):  71%|███████   | 36/51 [00:03<00:01,  9.09it/s]Capturing CUDA graphs (decode, FULL):  73%|███████▎  | 37/51 [00:03<00:01,  9.13it/s]Capturing CUDA graphs (decode, FULL):  75%|███████▍  | 38/51 [00:04<00:01,  9.12it/s]Capturing CUDA graphs (decode, FULL):  76%|███████▋  | 39/51 [00:04<00:01,  9.09it/s]Capturing CUDA graphs (decode, FULL):  78%|███████▊  | 40/51 [00:04<00:01,  9.21it/s]Capturing CUDA graphs (decode, FULL):  80%|████████  | 41/51 [00:04<00:01,  9.29it/s]Capturing CUDA graphs (decode, FULL):  82%|████████▏ | 42/51 [00:04<00:00,  9.29it/s]Capturing CUDA graphs (decode, FULL):  84%|████████▍ | 43/51 [00:04<00:00,  9.28it/s]Capturing CUDA graphs (decode, FULL):  86%|████████▋ | 44/51 [00:04<00:00,  9.42it/s]Capturing CUDA graphs (decode, FULL):  90%|█████████ | 46/51 [00:04<00:00,  9.96it/s]Capturing CUDA graphs (decode, FULL):  94%|█████████▍| 48/51 [00:05<00:00,  9.97it/s]Capturing CUDA graphs (decode, FULL):  98%|█████████▊| 50/51 [00:05<00:00, 10.23it/s]Capturing CUDA graphs (decode, FULL): 100%|██████████| 51/51 [00:05<00:00,  9.47it/s]
(EngineCore pid=3012353) <frozen importlib._bootstrap_external>:1301: FutureWarning: The cuda.cudart module is deprecated and will be removed in a future release, please switch to use the cuda.bindings.runtime module instead.
(EngineCore pid=3012353) <frozen importlib._bootstrap_external>:1301: FutureWarning: The cuda.nvrtc module is deprecated and will be removed in a future release, please switch to use the cuda.bindings.nvrtc module instead.
Rendering prompts:   0%|          | 0/8 [00:00<?, ?it/s]Rendering prompts:  38%|███▊      | 3/8 [00:00<00:00, 27.94it/s]Rendering prompts: 100%|██████████| 8/8 [00:00<00:00, 36.09it/s]Rendering prompts: 100%|██████████| 8/8 [00:00<00:00, 34.91it/s]
Processed prompts:   0%|          | 0/8 [00:00<?, ?it/s, est. speed input: 0.00 toks/s, output: 0.00 toks/s](Worker_TP3 pid=3012766) [IDE_006/TSK_004 profile pid=3012766 kernel=forward_partial_with_lse_amx] prep_ms=0.01 kernel_ms=15.80 q.shape=(16384, 8, 128) n_seqs=5 max_cbl=630
(Worker_TP3 pid=3012766) [IDE_006/TSK_004 profile pid=3012766 stage=hot_cold] d2h_ms=14.91 kernel_ms=2141.82 h2d_ms=4.65 merge_ms=0.99 total_ms=2162.37 q.shape=(16384, 8, 128) max_cold_blocks=630
(Worker_TP5 pid=3012768) [IDE_006/TSK_004 profile pid=3012768 kernel=forward_partial_with_lse_amx] prep_ms=0.01 kernel_ms=9.62 q.shape=(16384, 8, 128) n_seqs=5 max_cbl=630
(Worker_TP5 pid=3012768) [IDE_006/TSK_004 profile pid=3012768 stage=hot_cold] d2h_ms=10.50 kernel_ms=2157.82 h2d_ms=4.45 merge_ms=1.06 total_ms=2173.83 q.shape=(16384, 8, 128) max_cold_blocks=630
(Worker_TP0 pid=3012758) [IDE_006/TSK_004 profile pid=3012758 kernel=forward_partial_with_lse_amx] prep_ms=0.01 kernel_ms=19.34 q.shape=(16384, 8, 128) n_seqs=5 max_cbl=630
(Worker_TP2 pid=3012765) [IDE_006/TSK_004 profile pid=3012765 kernel=forward_partial_with_lse_amx] prep_ms=0.01 kernel_ms=22.11 q.shape=(16384, 8, 128) n_seqs=5 max_cbl=630
(Worker_TP1 pid=3012759) [IDE_006/TSK_004 profile pid=3012759 kernel=forward_partial_with_lse_amx] prep_ms=0.01 kernel_ms=23.00 q.shape=(16384, 8, 128) n_seqs=5 max_cbl=630
(Worker_TP0 pid=3012758) [IDE_006/TSK_004 profile pid=3012758 stage=hot_cold] d2h_ms=9.81 kernel_ms=2238.37 h2d_ms=5.65 merge_ms=1.10 total_ms=2254.92 q.shape=(16384, 8, 128) max_cold_blocks=630
(Worker_TP2 pid=3012765) [IDE_006/TSK_004 profile pid=3012765 stage=hot_cold] d2h_ms=15.37 kernel_ms=2237.02 h2d_ms=5.01 merge_ms=0.89 total_ms=2258.30 q.shape=(16384, 8, 128) max_cold_blocks=630
(Worker_TP1 pid=3012759) [IDE_006/TSK_004 profile pid=3012759 stage=hot_cold] d2h_ms=10.04 kernel_ms=2241.32 h2d_ms=4.58 merge_ms=1.16 total_ms=2257.11 q.shape=(16384, 8, 128) max_cold_blocks=630
(Worker_TP4 pid=3012767) [IDE_006/TSK_004 profile pid=3012767 kernel=forward_partial_with_lse_amx] prep_ms=0.01 kernel_ms=21.84 q.shape=(16384, 8, 128) n_seqs=5 max_cbl=630
(Worker_TP7 pid=3012770) [IDE_006/TSK_004 profile pid=3012770 kernel=forward_partial_with_lse_amx] prep_ms=0.01 kernel_ms=11.66 q.shape=(16384, 8, 128) n_seqs=5 max_cbl=630
(Worker_TP6 pid=3012769) [IDE_006/TSK_004 profile pid=3012769 kernel=forward_partial_with_lse_amx] prep_ms=0.01 kernel_ms=22.13 q.shape=(16384, 8, 128) n_seqs=5 max_cbl=630
(Worker_TP7 pid=3012770) [IDE_006/TSK_004 profile pid=3012770 stage=hot_cold] d2h_ms=14.73 kernel_ms=2245.33 h2d_ms=5.46 merge_ms=1.15 total_ms=2266.66 q.shape=(16384, 8, 128) max_cold_blocks=630
(Worker_TP6 pid=3012769) [IDE_006/TSK_004 profile pid=3012769 stage=hot_cold] d2h_ms=10.60 kernel_ms=2249.53 h2d_ms=7.06 merge_ms=1.02 total_ms=2268.21 q.shape=(16384, 8, 128) max_cold_blocks=630
(Worker_TP4 pid=3012767) [IDE_006/TSK_004 profile pid=3012767 stage=hot_cold] d2h_ms=10.29 kernel_ms=2249.56 h2d_ms=7.07 merge_ms=1.33 total_ms=2268.26 q.shape=(16384, 8, 128) max_cold_blocks=630
(Worker_TP0 pid=3012758) [IDE_006/TSK_004 profile pid=3012758 kernel=forward_partial_with_lse_amx] prep_ms=0.00 kernel_ms=7.80 q.shape=(16384, 8, 128) n_seqs=5 max_cbl=630
(Worker_TP2 pid=3012765) [IDE_006/TSK_004 profile pid=3012765 kernel=forward_partial_with_lse_amx] prep_ms=0.00 kernel_ms=8.15 q.shape=(16384, 8, 128) n_seqs=5 max_cbl=630
(Worker_TP3 pid=3012766) [IDE_006/TSK_004 profile pid=3012766 kernel=forward_partial_with_lse_amx] prep_ms=0.00 kernel_ms=8.03 q.shape=(16384, 8, 128) n_seqs=5 max_cbl=630
(Worker_TP0 pid=3012758) [IDE_006/TSK_004 profile pid=3012758 stage=hot_cold] d2h_ms=9.79 kernel_ms=8.01 h2d_ms=5.08 merge_ms=0.20 total_ms=23.08 q.shape=(16384, 8, 128) max_cold_blocks=630
(Worker_TP2 pid=3012765) [IDE_006/TSK_004 profile pid=3012765 stage=hot_cold] d2h_ms=10.11 kernel_ms=8.37 h2d_ms=5.17 merge_ms=0.19 total_ms=23.84 q.shape=(16384, 8, 128) max_cold_blocks=630
(Worker_TP1 pid=3012759) [IDE_006/TSK_004 profile pid=3012759 kernel=forward_partial_with_lse_amx] prep_ms=0.00 kernel_ms=13.71 q.shape=(16384, 8, 128) n_seqs=5 max_cbl=630
(Worker_TP3 pid=3012766) [IDE_006/TSK_004 profile pid=3012766 stage=hot_cold] d2h_ms=10.40 kernel_ms=12.10 h2d_ms=4.90 merge_ms=0.22 total_ms=27.63 q.shape=(16384, 8, 128) max_cold_blocks=630
(Worker_TP4 pid=3012767) [IDE_006/TSK_004 profile pid=3012767 kernel=forward_partial_with_lse_amx] prep_ms=0.01 kernel_ms=13.24 q.shape=(16384, 8, 128) n_seqs=5 max_cbl=630
(Worker_TP6 pid=3012769) [IDE_006/TSK_004 profile pid=3012769 kernel=forward_partial_with_lse_amx] prep_ms=0.01 kernel_ms=13.48 q.shape=(16384, 8, 128) n_seqs=5 max_cbl=630
(Worker_TP7 pid=3012770) [IDE_006/TSK_004 profile pid=3012770 kernel=forward_partial_with_lse_amx] prep_ms=0.01 kernel_ms=13.09 q.shape=(16384, 8, 128) n_seqs=5 max_cbl=630
(Worker_TP5 pid=3012768) [IDE_006/TSK_004 profile pid=3012768 kernel=forward_partial_with_lse_amx] prep_ms=0.01 kernel_ms=13.33 q.shape=(16384, 8, 128) n_seqs=5 max_cbl=630
(Worker_TP1 pid=3012759) [IDE_006/TSK_004 profile pid=3012759 stage=hot_cold] d2h_ms=10.29 kernel_ms=13.89 h2d_ms=4.66 merge_ms=0.18 total_ms=29.03 q.shape=(16384, 8, 128) max_cold_blocks=630
(Worker_TP7 pid=3012770) [IDE_006/TSK_004 profile pid=3012770 stage=hot_cold] d2h_ms=15.00 kernel_ms=13.26 h2d_ms=6.67 merge_ms=0.27 total_ms=35.20 q.shape=(16384, 8, 128) max_cold_blocks=630
(Worker_TP4 pid=3012767) [IDE_006/TSK_004 profile pid=3012767 stage=hot_cold] d2h_ms=14.63 kernel_ms=13.47 h2d_ms=6.78 merge_ms=0.47 total_ms=35.36 q.shape=(16384, 8, 128) max_cold_blocks=630
(Worker_TP5 pid=3012768) [IDE_006/TSK_004 profile pid=3012768 stage=hot_cold] d2h_ms=14.99 kernel_ms=13.58 h2d_ms=6.67 merge_ms=0.47 total_ms=35.71 q.shape=(16384, 8, 128) max_cold_blocks=630
(Worker_TP6 pid=3012769) [IDE_006/TSK_004 profile pid=3012769 stage=hot_cold] d2h_ms=14.64 kernel_ms=13.69 h2d_ms=7.22 merge_ms=0.33 total_ms=35.88 q.shape=(16384, 8, 128) max_cold_blocks=630
(Worker_TP2 pid=3012765) [IDE_006/TSK_004 profile pid=3012765 kernel=forward_partial_with_lse_amx] prep_ms=0.00 kernel_ms=11.11 q.shape=(16384, 8, 128) n_seqs=5 max_cbl=630
(Worker_TP3 pid=3012766) [IDE_006/TSK_004 profile pid=3012766 kernel=forward_partial_with_lse_amx] prep_ms=0.00 kernel_ms=14.25 q.shape=(16384, 8, 128) n_seqs=5 max_cbl=630
(Worker_TP2 pid=3012765) [IDE_006/TSK_004 profile pid=3012765 stage=hot_cold] d2h_ms=11.03 kernel_ms=11.25 h2d_ms=4.88 merge_ms=0.17 total_ms=27.33 q.shape=(16384, 8, 128) max_cold_blocks=630
(Worker_TP1 pid=3012759) [IDE_006/TSK_004 profile pid=3012759 kernel=forward_partial_with_lse_amx] prep_ms=0.01 kernel_ms=18.36 q.shape=(16384, 8, 128) n_seqs=5 max_cbl=630
(Worker_TP3 pid=3012766) [IDE_006/TSK_004 profile pid=3012766 stage=hot_cold] d2h_ms=10.76 kernel_ms=14.40 h2d_ms=4.78 merge_ms=0.18 total_ms=30.12 q.shape=(16384, 8, 128) max_cold_blocks=630
(Worker_TP7 pid=3012770) [IDE_006/TSK_004 profile pid=3012770 kernel=forward_partial_with_lse_amx] prep_ms=0.01 kernel_ms=12.37 q.shape=(16384, 8, 128) n_seqs=5 max_cbl=630
(Worker_TP0 pid=3012758) [IDE_006/TSK_004 profile pid=3012758 kernel=forward_partial_with_lse_amx] prep_ms=0.01 kernel_ms=20.49 q.shape=(16384, 8, 128) n_seqs=5 max_cbl=630
(Worker_TP1 pid=3012759) [IDE_006/TSK_004 profile pid=3012759 stage=hot_cold] d2h_ms=11.50 kernel_ms=18.48 h2d_ms=4.71 merge_ms=0.18 total_ms=34.87 q.shape=(16384, 8, 128) max_cold_blocks=630
(Worker_TP7 pid=3012770) [IDE_006/TSK_004 profile pid=3012770 stage=hot_cold] d2h_ms=17.75 kernel_ms=12.54 h2d_ms=4.93 merge_ms=0.19 total_ms=35.41 q.shape=(16384, 8, 128) max_cold_blocks=630
(Worker_TP6 pid=3012769) [IDE_006/TSK_004 profile pid=3012769 kernel=forward_partial_with_lse_amx] prep_ms=0.01 kernel_ms=17.35 q.shape=(16384, 8, 128) n_seqs=5 max_cbl=630
(Worker_TP0 pid=3012758) [IDE_006/TSK_004 profile pid=3012758 stage=hot_cold] d2h_ms=11.02 kernel_ms=20.66 h2d_ms=4.53 merge_ms=0.19 total_ms=36.40 q.shape=(16384, 8, 128) max_cold_blocks=630
(Worker_TP4 pid=3012767) [IDE_006/TSK_004 profile pid=3012767 kernel=forward_partial_with_lse_amx] prep_ms=0.01 kernel_ms=19.22 q.shape=(16384, 8, 128) n_seqs=5 max_cbl=630
(Worker_TP5 pid=3012768) [IDE_006/TSK_004 profile pid=3012768 kernel=forward_partial_with_lse_amx] prep_ms=0.01 kernel_ms=19.51 q.shape=(16384, 8, 128) n_seqs=5 max_cbl=630
(Worker_TP6 pid=3012769) [IDE_006/TSK_004 profile pid=3012769 stage=hot_cold] d2h_ms=18.20 kernel_ms=17.50 h2d_ms=6.07 merge_ms=0.41 total_ms=42.18 q.shape=(16384, 8, 128) max_cold_blocks=630
(Worker_TP5 pid=3012768) [IDE_006/TSK_004 profile pid=3012768 stage=hot_cold] d2h_ms=18.58 kernel_ms=19.67 h2d_ms=4.87 merge_ms=0.20 total_ms=43.32 q.shape=(16384, 8, 128) max_cold_blocks=630
(Worker_TP4 pid=3012767) [IDE_006/TSK_004 profile pid=3012767 stage=hot_cold] d2h_ms=18.22 kernel_ms=19.37 h2d_ms=6.34 merge_ms=0.29 total_ms=44.21 q.shape=(16384, 8, 128) max_cold_blocks=630
(Worker_TP3 pid=3012766) [IDE_006/TSK_004 profile pid=3012766 kernel=forward_partial_with_lse_amx] prep_ms=0.00 kernel_ms=7.82 q.shape=(16384, 8, 128) n_seqs=5 max_cbl=630
(Worker_TP2 pid=3012765) [IDE_006/TSK_004 profile pid=3012765 kernel=forward_partial_with_lse_amx] prep_ms=0.00 kernel_ms=7.86 q.shape=(16384, 8, 128) n_seqs=5 max_cbl=630
(Worker_TP0 pid=3012758) [IDE_006/TSK_004 profile pid=3012758 kernel=forward_partial_with_lse_amx] prep_ms=0.00 kernel_ms=9.55 q.shape=(16384, 8, 128) n_seqs=5 max_cbl=630
(Worker_TP3 pid=3012766) [IDE_006/TSK_004 profile pid=3012766 stage=hot_cold] d2h_ms=10.15 kernel_ms=7.95 h2d_ms=4.75 merge_ms=0.17 total_ms=23.01 q.shape=(16384, 8, 128) max_cold_blocks=630
(Worker_TP2 pid=3012765) [IDE_006/TSK_004 profile pid=3012765 stage=hot_cold] d2h_ms=10.23 kernel_ms=7.98 h2d_ms=4.71 merge_ms=0.16 total_ms=23.08 q.shape=(16384, 8, 128) max_cold_blocks=630
(Worker_TP1 pid=3012759) [IDE_006/TSK_004 profile pid=3012759 kernel=forward_partial_with_lse_amx] prep_ms=0.00 kernel_ms=14.10 q.shape=(16384, 8, 128) n_seqs=5 max_cbl=630
(Worker_TP0 pid=3012758) [IDE_006/TSK_004 profile pid=3012758 stage=hot_cold] d2h_ms=10.43 kernel_ms=9.65 h2d_ms=4.92 merge_ms=0.17 total_ms=25.17 q.shape=(16384, 8, 128) max_cold_blocks=630
(Worker_TP7 pid=3012770) [IDE_006/TSK_004 profile pid=3012770 kernel=forward_partial_with_lse_amx] prep_ms=0.01 kernel_ms=12.58 q.shape=(16384, 8, 128) n_seqs=5 max_cbl=630
(Worker_TP5 pid=3012768) [IDE_006/TSK_004 profile pid=3012768 kernel=forward_partial_with_lse_amx] prep_ms=0.01 kernel_ms=12.80 q.shape=(16384, 8, 128) n_seqs=5 max_cbl=630
(Worker_TP6 pid=3012769) [IDE_006/TSK_004 profile pid=3012769 kernel=forward_partial_with_lse_amx] prep_ms=0.01 kernel_ms=13.32 q.shape=(16384, 8, 128) n_seqs=5 max_cbl=630
(Worker_TP1 pid=3012759) [IDE_006/TSK_004 profile pid=3012759 stage=hot_cold] d2h_ms=10.47 kernel_ms=14.21 h2d_ms=4.34 merge_ms=0.16 total_ms=29.18 q.shape=(16384, 8, 128) max_cold_blocks=630
(Worker_TP6 pid=3012769) [IDE_006/TSK_004 profile pid=3012769 stage=hot_cold] d2h_ms=14.50 kernel_ms=13.45 h2d_ms=4.83 merge_ms=0.17 total_ms=32.96 q.shape=(16384, 8, 128) max_cold_blocks=630
(Worker_TP4 pid=3012767) [IDE_006/TSK_004 profile pid=3012767 kernel=forward_partial_with_lse_amx] prep_ms=0.01 kernel_ms=19.82 q.shape=(16384, 8, 128) n_seqs=5 max_cbl=630
(Worker_TP7 pid=3012770) [IDE_006/TSK_004 profile pid=3012770 stage=hot_cold] d2h_ms=14.82 kernel_ms=12.76 h2d_ms=6.52 merge_ms=0.30 total_ms=34.40 q.shape=(16384, 8, 128) max_cold_blocks=630
(Worker_TP5 pid=3012768) [IDE_006/TSK_004 profile pid=3012768 stage=hot_cold] d2h_ms=14.85 kernel_ms=13.00 h2d_ms=6.47 merge_ms=0.31 total_ms=34.64 q.shape=(16384, 8, 128) max_cold_blocks=630
(Worker_TP4 pid=3012767) [IDE_006/TSK_004 profile pid=3012767 stage=hot_cold] d2h_ms=14.51 kernel_ms=20.02 h2d_ms=5.17 merge_ms=0.20 total_ms=39.90 q.shape=(16384, 8, 128) max_cold_blocks=630
(Worker_TP3 pid=3012766) [IDE_006/TSK_004 profile pid=3012766 kernel=forward_partial_with_lse_amx] prep_ms=0.00 kernel_ms=8.03 q.shape=(16384, 8, 128) n_seqs=5 max_cbl=630
(Worker_TP2 pid=3012765) [IDE_006/TSK_004 profile pid=3012765 kernel=forward_partial_with_lse_amx] prep_ms=0.00 kernel_ms=7.84 q.shape=(16384, 8, 128) n_seqs=5 max_cbl=630
(Worker_TP0 pid=3012758) [IDE_006/TSK_004 profile pid=3012758 kernel=forward_partial_with_lse_amx] prep_ms=0.00 kernel_ms=8.34 q.shape=(16384, 8, 128) n_seqs=5 max_cbl=630
(Worker_TP3 pid=3012766) [IDE_006/TSK_004 profile pid=3012766 stage=hot_cold] d2h_ms=10.36 kernel_ms=8.21 h2d_ms=4.75 merge_ms=0.17 total_ms=23.50 q.shape=(16384, 8, 128) max_cold_blocks=630
(Worker_TP2 pid=3012765) [IDE_006/TSK_004 profile pid=3012765 stage=hot_cold] d2h_ms=10.68 kernel_ms=8.01 h2d_ms=4.77 merge_ms=0.17 total_ms=23.62 q.shape=(16384, 8, 128) max_cold_blocks=630
(Worker_TP0 pid=3012758) [IDE_006/TSK_004 profile pid=3012758 stage=hot_cold] d2h_ms=10.57 kernel_ms=8.50 h2d_ms=4.93 merge_ms=0.18 total_ms=24.18 q.shape=(16384, 8, 128) max_cold_blocks=630
(Worker_TP1 pid=3012759) [IDE_006/TSK_004 profile pid=3012759 kernel=forward_partial_with_lse_amx] prep_ms=0.00 kernel_ms=14.54 q.shape=(16384, 8, 128) n_seqs=5 max_cbl=630
(Worker_TP6 pid=3012769) [IDE_006/TSK_004 profile pid=3012769 kernel=forward_partial_with_lse_amx] prep_ms=0.01 kernel_ms=13.08 q.shape=(16384, 8, 128) n_seqs=5 max_cbl=630
(Worker_TP4 pid=3012767) [IDE_006/TSK_004 profile pid=3012767 kernel=forward_partial_with_lse_amx] prep_ms=0.01 kernel_ms=13.15 q.shape=(16384, 8, 128) n_seqs=5 max_cbl=630
(Worker_TP5 pid=3012768) [IDE_006/TSK_004 profile pid=3012768 kernel=forward_partial_with_lse_amx] prep_ms=0.01 kernel_ms=12.94 q.shape=(16384, 8, 128) n_seqs=5 max_cbl=630
(Worker_TP1 pid=3012759) [IDE_006/TSK_004 profile pid=3012759 stage=hot_cold] d2h_ms=10.41 kernel_ms=14.70 h2d_ms=4.65 merge_ms=0.19 total_ms=29.95 q.shape=(16384, 8, 128) max_cold_blocks=630
(Worker_TP5 pid=3012768) [IDE_006/TSK_004 profile pid=3012768 stage=hot_cold] d2h_ms=14.82 kernel_ms=13.13 h2d_ms=4.71 merge_ms=0.19 total_ms=32.85 q.shape=(16384, 8, 128) max_cold_blocks=630
(Worker_TP4 pid=3012767) [IDE_006/TSK_004 profile pid=3012767 stage=hot_cold] d2h_ms=14.46 kernel_ms=13.26 h2d_ms=6.89 merge_ms=0.32 total_ms=34.94 q.shape=(16384, 8, 128) max_cold_blocks=630
(Worker_TP6 pid=3012769) [IDE_006/TSK_004 profile pid=3012769 stage=hot_cold] d2h_ms=14.46 kernel_ms=13.31 h2d_ms=6.88 merge_ms=0.28 total_ms=34.93 q.shape=(16384, 8, 128) max_cold_blocks=630
(Worker_TP7 pid=3012770) [IDE_006/TSK_004 profile pid=3012770 kernel=forward_partial_with_lse_amx] prep_ms=0.01 kernel_ms=20.45 q.shape=(16384, 8, 128) n_seqs=5 max_cbl=630
(Worker_TP7 pid=3012770) [IDE_006/TSK_004 profile pid=3012770 stage=hot_cold] d2h_ms=14.81 kernel_ms=20.65 h2d_ms=4.70 merge_ms=0.20 total_ms=40.37 q.shape=(16384, 8, 128) max_cold_blocks=630
(Worker_TP2 pid=3012765) [IDE_006/TSK_004 profile pid=3012765 kernel=forward_partial_with_lse_amx] prep_ms=0.00 kernel_ms=7.77 q.shape=(16384, 8, 128) n_seqs=5 max_cbl=630
(Worker_TP3 pid=3012766) [IDE_006/TSK_004 profile pid=3012766 kernel=forward_partial_with_lse_amx] prep_ms=0.00 kernel_ms=7.98 q.shape=(16384, 8, 128) n_seqs=5 max_cbl=630
(Worker_TP0 pid=3012758) [IDE_006/TSK_004 profile pid=3012758 kernel=forward_partial_with_lse_amx] prep_ms=0.00 kernel_ms=8.11 q.shape=(16384, 8, 128) n_seqs=5 max_cbl=630
(Worker_TP2 pid=3012765) [IDE_006/TSK_004 profile pid=3012765 stage=hot_cold] d2h_ms=10.20 kernel_ms=7.94 h2d_ms=4.77 merge_ms=0.17 total_ms=23.08 q.shape=(16384, 8, 128) max_cold_blocks=630
(Worker_TP3 pid=3012766) [IDE_006/TSK_004 profile pid=3012766 stage=hot_cold] d2h_ms=10.48 kernel_ms=8.16 h2d_ms=4.71 merge_ms=0.19 total_ms=23.54 q.shape=(16384, 8, 128) max_cold_blocks=630
(Worker_TP0 pid=3012758) [IDE_006/TSK_004 profile pid=3012758 stage=hot_cold] d2h_ms=10.40 kernel_ms=8.22 h2d_ms=4.82 merge_ms=0.20 total_ms=23.64 q.shape=(16384, 8, 128) max_cold_blocks=630
(Worker_TP1 pid=3012759) [IDE_006/TSK_004 profile pid=3012759 kernel=forward_partial_with_lse_amx] prep_ms=0.00 kernel_ms=14.43 q.shape=(16384, 8, 128) n_seqs=5 max_cbl=630
(Worker_TP4 pid=3012767) [IDE_006/TSK_004 profile pid=3012767 kernel=forward_partial_with_lse_amx] prep_ms=0.01 kernel_ms=12.78 q.shape=(16384, 8, 128) n_seqs=5 max_cbl=630
(Worker_TP5 pid=3012768) [IDE_006/TSK_004 profile pid=3012768 kernel=forward_partial_with_lse_amx] prep_ms=0.00 kernel_ms=12.59 q.shape=(16384, 8, 128) n_seqs=5 max_cbl=630
(Worker_TP7 pid=3012770) [IDE_006/TSK_004 profile pid=3012770 kernel=forward_partial_with_lse_amx] prep_ms=0.01 kernel_ms=12.69 q.shape=(16384, 8, 128) n_seqs=5 max_cbl=630
(Worker_TP1 pid=3012759) [IDE_006/TSK_004 profile pid=3012759 stage=hot_cold] d2h_ms=10.18 kernel_ms=14.58 h2d_ms=4.40 merge_ms=0.16 total_ms=29.33 q.shape=(16384, 8, 128) max_cold_blocks=630
(Worker_TP4 pid=3012767) [IDE_006/TSK_004 profile pid=3012767 stage=hot_cold] d2h_ms=14.61 kernel_ms=12.99 h2d_ms=4.98 merge_ms=0.18 total_ms=32.77 q.shape=(16384, 8, 128) max_cold_blocks=630
(Worker_TP7 pid=3012770) [IDE_006/TSK_004 profile pid=3012770 stage=hot_cold] d2h_ms=15.02 kernel_ms=12.82 h2d_ms=6.42 merge_ms=0.27 total_ms=34.53 q.shape=(16384, 8, 128) max_cold_blocks=630
(Worker_TP5 pid=3012768) [IDE_006/TSK_004 profile pid=3012768 stage=hot_cold] d2h_ms=14.96 kernel_ms=12.74 h2d_ms=6.56 merge_ms=0.32 total_ms=34.58 q.shape=(16384, 8, 128) max_cold_blocks=630
(Worker_TP6 pid=3012769) [IDE_006/TSK_004 profile pid=3012769 kernel=forward_partial_with_lse_amx] prep_ms=0.01 kernel_ms=21.07 q.shape=(16384, 8, 128) n_seqs=5 max_cbl=630
(Worker_TP6 pid=3012769) [IDE_006/TSK_004 profile pid=3012769 stage=hot_cold] d2h_ms=14.62 kernel_ms=21.21 h2d_ms=4.79 merge_ms=0.19 total_ms=40.80 q.shape=(16384, 8, 128) max_cold_blocks=630
(Worker_TP2 pid=3012765) [IDE_006/TSK_004 profile pid=3012765 kernel=forward_partial_with_lse_amx] prep_ms=0.00 kernel_ms=7.88 q.shape=(16384, 8, 128) n_seqs=5 max_cbl=630
(Worker_TP3 pid=3012766) [IDE_006/TSK_004 profile pid=3012766 kernel=forward_partial_with_lse_amx] prep_ms=0.00 kernel_ms=8.02 q.shape=(16384, 8, 128) n_seqs=5 max_cbl=630
(Worker_TP0 pid=3012758) [IDE_006/TSK_004 profile pid=3012758 kernel=forward_partial_with_lse_amx] prep_ms=0.00 kernel_ms=9.87 q.shape=(16384, 8, 128) n_seqs=5 max_cbl=630
(Worker_TP2 pid=3012765) [IDE_006/TSK_004 profile pid=3012765 stage=hot_cold] d2h_ms=10.40 kernel_ms=7.99 h2d_ms=4.68 merge_ms=0.16 total_ms=23.24 q.shape=(16384, 8, 128) max_cold_blocks=630
(Worker_TP3 pid=3012766) [IDE_006/TSK_004 profile pid=3012766 stage=hot_cold] d2h_ms=10.30 kernel_ms=8.13 h2d_ms=4.67 merge_ms=0.17 total_ms=23.27 q.shape=(16384, 8, 128) max_cold_blocks=630
(Worker_TP1 pid=3012759) [IDE_006/TSK_004 profile pid=3012759 kernel=forward_partial_with_lse_amx] prep_ms=0.00 kernel_ms=14.45 q.shape=(16384, 8, 128) n_seqs=5 max_cbl=630
(Worker_TP0 pid=3012758) [IDE_006/TSK_004 profile pid=3012758 stage=hot_cold] d2h_ms=10.61 kernel_ms=10.02 h2d_ms=4.91 merge_ms=0.17 total_ms=25.71 q.shape=(16384, 8, 128) max_cold_blocks=630
(Worker_TP7 pid=3012770) [IDE_006/TSK_004 profile pid=3012770 kernel=forward_partial_with_lse_amx] prep_ms=0.01 kernel_ms=12.39 q.shape=(16384, 8, 128) n_seqs=5 max_cbl=630
(Worker_TP5 pid=3012768) [IDE_006/TSK_004 profile pid=3012768 kernel=forward_partial_with_lse_amx] prep_ms=0.01 kernel_ms=12.59 q.shape=(16384, 8, 128) n_seqs=5 max_cbl=630
(Worker_TP4 pid=3012767) [IDE_006/TSK_004 profile pid=3012767 kernel=forward_partial_with_lse_amx] prep_ms=0.01 kernel_ms=12.88 q.shape=(16384, 8, 128) n_seqs=5 max_cbl=630
(Worker_TP6 pid=3012769) [IDE_006/TSK_004 profile pid=3012769 kernel=forward_partial_with_lse_amx] prep_ms=0.01 kernel_ms=13.18 q.shape=(16384, 8, 128) n_seqs=5 max_cbl=630
(Worker_TP1 pid=3012759) [IDE_006/TSK_004 profile pid=3012759 stage=hot_cold] d2h_ms=10.26 kernel_ms=14.56 h2d_ms=4.30 merge_ms=0.15 total_ms=29.27 q.shape=(16384, 8, 128) max_cold_blocks=630
(Worker_TP7 pid=3012770) [IDE_006/TSK_004 profile pid=3012770 stage=hot_cold] d2h_ms=14.58 kernel_ms=12.60 h2d_ms=6.59 merge_ms=0.30 total_ms=34.07 q.shape=(16384, 8, 128) max_cold_blocks=630
(Worker_TP5 pid=3012768) [IDE_006/TSK_004 profile pid=3012768 stage=hot_cold] d2h_ms=14.60 kernel_ms=12.78 h2d_ms=6.54 merge_ms=0.27 total_ms=34.20 q.shape=(16384, 8, 128) max_cold_blocks=630
(Worker_TP4 pid=3012767) [IDE_006/TSK_004 profile pid=3012767 stage=hot_cold] d2h_ms=14.99 kernel_ms=13.11 h2d_ms=6.88 merge_ms=0.35 total_ms=35.33 q.shape=(16384, 8, 128) max_cold_blocks=630
(Worker_TP6 pid=3012769) [IDE_006/TSK_004 profile pid=3012769 stage=hot_cold] d2h_ms=14.99 kernel_ms=13.37 h2d_ms=6.76 merge_ms=0.24 total_ms=35.35 q.shape=(16384, 8, 128) max_cold_blocks=630
(Worker_TP3 pid=3012766) [IDE_006/TSK_004 profile pid=3012766 kernel=forward_partial_with_lse_amx] prep_ms=0.00 kernel_ms=7.98 q.shape=(16384, 8, 128) n_seqs=5 max_cbl=630
(Worker_TP2 pid=3012765) [IDE_006/TSK_004 profile pid=3012765 kernel=forward_partial_with_lse_amx] prep_ms=0.00 kernel_ms=7.92 q.shape=(16384, 8, 128) n_seqs=5 max_cbl=630
(Worker_TP0 pid=3012758) [IDE_006/TSK_004 profile pid=3012758 kernel=forward_partial_with_lse_amx] prep_ms=0.00 kernel_ms=11.60 q.shape=(16384, 8, 128) n_seqs=5 max_cbl=630
(Worker_TP3 pid=3012766) [IDE_006/TSK_004 profile pid=3012766 stage=hot_cold] d2h_ms=10.15 kernel_ms=8.09 h2d_ms=4.72 merge_ms=0.17 total_ms=23.13 q.shape=(16384, 8, 128) max_cold_blocks=630
(Worker_TP2 pid=3012765) [IDE_006/TSK_004 profile pid=3012765 stage=hot_cold] d2h_ms=10.32 kernel_ms=8.02 h2d_ms=4.64 merge_ms=0.16 total_ms=23.14 q.shape=(16384, 8, 128) max_cold_blocks=630
(Worker_TP1 pid=3012759) [IDE_006/TSK_004 profile pid=3012759 kernel=forward_partial_with_lse_amx] prep_ms=0.00 kernel_ms=15.95 q.shape=(16384, 8, 128) n_seqs=5 max_cbl=630
(Worker_TP0 pid=3012758) [IDE_006/TSK_004 profile pid=3012758 stage=hot_cold] d2h_ms=10.51 kernel_ms=11.70 h2d_ms=4.77 merge_ms=0.16 total_ms=27.13 q.shape=(16384, 8, 128) max_cold_blocks=630
(Worker_TP7 pid=3012770) [IDE_006/TSK_004 profile pid=3012770 kernel=forward_partial_with_lse_amx] prep_ms=0.00 kernel_ms=12.50 q.shape=(16384, 8, 128) n_seqs=5 max_cbl=630
(Worker_TP5 pid=3012768) [IDE_006/TSK_004 profile pid=3012768 kernel=forward_partial_with_lse_amx] prep_ms=0.00 kernel_ms=12.69 q.shape=(16384, 8, 128) n_seqs=5 max_cbl=630
(Worker_TP6 pid=3012769) [IDE_006/TSK_004 profile pid=3012769 kernel=forward_partial_with_lse_amx] prep_ms=0.01 kernel_ms=12.76 q.shape=(16384, 8, 128) n_seqs=5 max_cbl=630
(Worker_TP1 pid=3012759) [IDE_006/TSK_004 profile pid=3012759 stage=hot_cold] d2h_ms=10.30 kernel_ms=16.06 h2d_ms=4.23 merge_ms=0.16 total_ms=30.75 q.shape=(16384, 8, 128) max_cold_blocks=630
(Worker_TP6 pid=3012769) [IDE_006/TSK_004 profile pid=3012769 stage=hot_cold] d2h_ms=15.08 kernel_ms=12.89 h2d_ms=4.88 merge_ms=0.18 total_ms=33.02 q.shape=(16384, 8, 128) max_cold_blocks=630
(Worker_TP7 pid=3012770) [IDE_006/TSK_004 profile pid=3012770 stage=hot_cold] d2h_ms=14.69 kernel_ms=12.64 h2d_ms=6.61 merge_ms=0.29 total_ms=34.24 q.shape=(16384, 8, 128) max_cold_blocks=630
(Worker_TP5 pid=3012768) [IDE_006/TSK_004 profile pid=3012768 stage=hot_cold] d2h_ms=14.72 kernel_ms=12.90 h2d_ms=6.54 merge_ms=0.28 total_ms=34.44 q.shape=(16384, 8, 128) max_cold_blocks=630
(Worker_TP4 pid=3012767) [IDE_006/TSK_004 profile pid=3012767 kernel=forward_partial_with_lse_amx] prep_ms=0.01 kernel_ms=20.42 q.shape=(16384, 8, 128) n_seqs=5 max_cbl=630
(Worker_TP4 pid=3012767) [IDE_006/TSK_004 profile pid=3012767 stage=hot_cold] d2h_ms=15.09 kernel_ms=20.58 h2d_ms=4.86 merge_ms=0.20 total_ms=40.73 q.shape=(16384, 8, 128) max_cold_blocks=630
(Worker_TP3 pid=3012766) [IDE_006/TSK_004 profile pid=3012766 kernel=forward_partial_with_lse_amx] prep_ms=0.00 kernel_ms=7.91 q.shape=(16384, 8, 128) n_seqs=5 max_cbl=630
(Worker_TP2 pid=3012765) [IDE_006/TSK_004 profile pid=3012765 kernel=forward_partial_with_lse_amx] prep_ms=0.00 kernel_ms=7.85 q.shape=(16384, 8, 128) n_seqs=5 max_cbl=630
(Worker_TP0 pid=3012758) [IDE_006/TSK_004 profile pid=3012758 kernel=forward_partial_with_lse_amx] prep_ms=0.00 kernel_ms=7.90 q.shape=(16384, 8, 128) n_seqs=5 max_cbl=630
(Worker_TP3 pid=3012766) [IDE_006/TSK_004 profile pid=3012766 stage=hot_cold] d2h_ms=10.17 kernel_ms=8.09 h2d_ms=4.73 merge_ms=0.19 total_ms=23.17 q.shape=(16384, 8, 128) max_cold_blocks=630
(Worker_TP2 pid=3012765) [IDE_006/TSK_004 profile pid=3012765 stage=hot_cold] d2h_ms=10.39 kernel_ms=8.01 h2d_ms=4.70 merge_ms=0.17 total_ms=23.27 q.shape=(16384, 8, 128) max_cold_blocks=630
(Worker_TP0 pid=3012758) [IDE_006/TSK_004 profile pid=3012758 stage=hot_cold] d2h_ms=10.63 kernel_ms=8.05 h2d_ms=4.71 merge_ms=0.16 total_ms=23.56 q.shape=(16384, 8, 128) max_cold_blocks=630
(Worker_TP1 pid=3012759) [IDE_006/TSK_004 profile pid=3012759 kernel=forward_partial_with_lse_amx] prep_ms=0.00 kernel_ms=15.74 q.shape=(16384, 8, 128) n_seqs=5 max_cbl=630
(Worker_TP6 pid=3012769) [IDE_006/TSK_004 profile pid=3012769 kernel=forward_partial_with_lse_amx] prep_ms=0.01 kernel_ms=12.91 q.shape=(16384, 8, 128) n_seqs=5 max_cbl=630
(Worker_TP4 pid=3012767) [IDE_006/TSK_004 profile pid=3012767 kernel=forward_partial_with_lse_amx] prep_ms=0.01 kernel_ms=12.97 q.shape=(16384, 8, 128) n_seqs=5 max_cbl=630
(Worker_TP5 pid=3012768) [IDE_006/TSK_004 profile pid=3012768 kernel=forward_partial_with_lse_amx] prep_ms=0.01 kernel_ms=12.74 q.shape=(16384, 8, 128) n_seqs=5 max_cbl=630
(Worker_TP7 pid=3012770) [IDE_006/TSK_004 profile pid=3012770 kernel=forward_partial_with_lse_amx] prep_ms=0.01 kernel_ms=12.86 q.shape=(16384, 8, 128) n_seqs=5 max_cbl=630
(Worker_TP1 pid=3012759) [IDE_006/TSK_004 profile pid=3012759 stage=hot_cold] d2h_ms=10.38 kernel_ms=15.85 h2d_ms=4.31 merge_ms=0.17 total_ms=30.71 q.shape=(16384, 8, 128) max_cold_blocks=630
(Worker_TP7 pid=3012770) [IDE_006/TSK_004 profile pid=3012770 stage=hot_cold] d2h_ms=14.77 kernel_ms=13.00 h2d_ms=6.62 merge_ms=0.23 total_ms=34.63 q.shape=(16384, 8, 128) max_cold_blocks=630
(Worker_TP5 pid=3012768) [IDE_006/TSK_004 profile pid=3012768 stage=hot_cold] d2h_ms=14.79 kernel_ms=12.96 h2d_ms=6.64 merge_ms=0.29 total_ms=34.68 q.shape=(16384, 8, 128) max_cold_blocks=630
(Worker_TP6 pid=3012769) [IDE_006/TSK_004 profile pid=3012769 stage=hot_cold] d2h_ms=14.45 kernel_ms=13.12 h2d_ms=6.87 merge_ms=0.26 total_ms=34.70 q.shape=(16384, 8, 128) max_cold_blocks=630
(Worker_TP4 pid=3012767) [IDE_006/TSK_004 profile pid=3012767 stage=hot_cold] d2h_ms=14.46 kernel_ms=13.08 h2d_ms=6.87 merge_ms=0.29 total_ms=34.70 q.shape=(16384, 8, 128) max_cold_blocks=630
(Worker_TP2 pid=3012765) [IDE_006/TSK_004 profile pid=3012765 kernel=forward_partial_with_lse_amx] prep_ms=0.00 kernel_ms=8.16 q.shape=(16384, 8, 128) n_seqs=5 max_cbl=630
(Worker_TP0 pid=3012758) [IDE_006/TSK_004 profile pid=3012758 kernel=forward_partial_with_lse_amx] prep_ms=0.00 kernel_ms=8.17 q.shape=(16384, 8, 128) n_seqs=5 max_cbl=630
(Worker_TP3 pid=3012766) [IDE_006/TSK_004 profile pid=3012766 kernel=forward_partial_with_lse_amx] prep_ms=0.00 kernel_ms=8.21 q.shape=(16384, 8, 128) n_seqs=5 max_cbl=630
(Worker_TP2 pid=3012765) [IDE_006/TSK_004 profile pid=3012765 stage=hot_cold] d2h_ms=10.19 kernel_ms=8.31 h2d_ms=4.69 merge_ms=0.18 total_ms=23.37 q.shape=(16384, 8, 128) max_cold_blocks=630
(Worker_TP3 pid=3012766) [IDE_006/TSK_004 profile pid=3012766 stage=hot_cold] d2h_ms=10.47 kernel_ms=8.33 h2d_ms=4.75 merge_ms=0.19 total_ms=23.74 q.shape=(16384, 8, 128) max_cold_blocks=630
(Worker_TP0 pid=3012758) [IDE_006/TSK_004 profile pid=3012758 stage=hot_cold] d2h_ms=10.52 kernel_ms=8.33 h2d_ms=4.79 merge_ms=0.18 total_ms=23.81 q.shape=(16384, 8, 128) max_cold_blocks=630
(Worker_TP1 pid=3012759) [IDE_006/TSK_004 profile pid=3012759 kernel=forward_partial_with_lse_amx] prep_ms=0.00 kernel_ms=14.56 q.shape=(16384, 8, 128) n_seqs=5 max_cbl=630
(Worker_TP4 pid=3012767) [IDE_006/TSK_004 profile pid=3012767 kernel=forward_partial_with_lse_amx] prep_ms=0.01 kernel_ms=12.57 q.shape=(16384, 8, 128) n_seqs=5 max_cbl=630
(Worker_TP5 pid=3012768) [IDE_006/TSK_004 profile pid=3012768 kernel=forward_partial_with_lse_amx] prep_ms=0.00 kernel_ms=12.73 q.shape=(16384, 8, 128) n_seqs=5 max_cbl=630
(Worker_TP7 pid=3012770) [IDE_006/TSK_004 profile pid=3012770 kernel=forward_partial_with_lse_amx] prep_ms=0.00 kernel_ms=12.88 q.shape=(16384, 8, 128) n_seqs=5 max_cbl=630
(Worker_TP6 pid=3012769) [IDE_006/TSK_004 profile pid=3012769 kernel=forward_partial_with_lse_amx] prep_ms=0.01 kernel_ms=12.94 q.shape=(16384, 8, 128) n_seqs=5 max_cbl=630
(Worker_TP1 pid=3012759) [IDE_006/TSK_004 profile pid=3012759 stage=hot_cold] d2h_ms=10.18 kernel_ms=14.71 h2d_ms=4.38 merge_ms=0.17 total_ms=29.45 q.shape=(16384, 8, 128) max_cold_blocks=630
(Worker_TP4 pid=3012767) [IDE_006/TSK_004 profile pid=3012767 stage=hot_cold] d2h_ms=14.37 kernel_ms=12.76 h2d_ms=6.56 merge_ms=0.43 total_ms=34.12 q.shape=(16384, 8, 128) max_cold_blocks=630
(Worker_TP7 pid=3012770) [IDE_006/TSK_004 profile pid=3012770 stage=hot_cold] d2h_ms=14.67 kernel_ms=13.04 h2d_ms=6.52 merge_ms=0.33 total_ms=34.56 q.shape=(16384, 8, 128) max_cold_blocks=630
(Worker_TP5 pid=3012768) [IDE_006/TSK_004 profile pid=3012768 stage=hot_cold] d2h_ms=14.68 kernel_ms=12.95 h2d_ms=6.98 merge_ms=0.30 total_ms=34.91 q.shape=(16384, 8, 128) max_cold_blocks=630
(Worker_TP6 pid=3012769) [IDE_006/TSK_004 profile pid=3012769 stage=hot_cold] d2h_ms=14.86 kernel_ms=13.15 h2d_ms=6.67 merge_ms=0.32 total_ms=35.00 q.shape=(16384, 8, 128) max_cold_blocks=630
(Worker_TP3 pid=3012766) [IDE_006/TSK_004 profile pid=3012766 kernel=forward_partial_with_lse_amx] prep_ms=0.00 kernel_ms=8.05 q.shape=(16384, 8, 128) n_seqs=5 max_cbl=630
(Worker_TP2 pid=3012765) [IDE_006/TSK_004 profile pid=3012765 kernel=forward_partial_with_lse_amx] prep_ms=0.00 kernel_ms=8.00 q.shape=(16384, 8, 128) n_seqs=5 max_cbl=630
(Worker_TP2 pid=3012765) [IDE_006/TSK_004 profile pid=3012765 stage=hot_cold] d2h_ms=10.47 kernel_ms=8.15 h2d_ms=4.63 merge_ms=0.16 total_ms=23.41 q.shape=(16384, 8, 128) max_cold_blocks=630
