[17:47:36] === SUB_213 FULL MATRIX: K32 base + K{4,6,8,12}x{nopad,pad}, 7 corpora ===
[17:47:36] boot pid=2351713 cell=base_k32 (taskset 0-47,56-103)
[17:48:51] READY
[17:48:51] cell base_k32: baseline (aggressor 없음)
[17:48:51]   bench base_k32 x sharegpt
[17:52:19]   bench base_k32 x swebench
[17:54:18]   bench base_k32 x humaneval
[17:57:02]   bench base_k32 x mbpp
[17:57:51]   bench base_k32 x wildchat
[18:01:52]   bench base_k32 x lmsys
[18:05:13]   bench base_k32 x mix
shadow_assists/features/IDE_023_cpu_slack_harvest/SUB_213_fap_suffix_uniform/run_fullmatrix.sh: line 142: 2351713 Killed                  env CUDA_VISIBLE_DEVICES=$GPUS $EXTRA_ENV setsid taskset -c "$VLLM_CPUS" "$VBIN" serve "$MODEL" --tensor-parallel-size $TP --port $PORT --gpu-memory-utilization 0.85 --max-model-len "$MML" --compilation-config '{"cudagraph_mode":"FULL_AND_PIECEWISE"}' --speculative-config "{\"method\":\"suffix\",\"num_speculative_tokens\":$SPEC_K}" > "$BOOT_LOG" 2>&1 < /dev/null
[18:07:52] GPU freed
[18:07:52] boot pid=2378363 cell=k4_nopad (taskset 0-47,56-103)
[18:09:12] READY
[18:09:12] cell k4_nopad: baseline (aggressor 없음)
[18:09:12]   bench k4_nopad x sharegpt
[18:13:38]   bench k4_nopad x swebench
[18:16:02]   bench k4_nopad x humaneval
[18:19:36]   bench k4_nopad x mbpp
[18:20:38]   bench k4_nopad x wildchat
[18:25:44]   bench k4_nopad x lmsys
[18:29:23]   bench k4_nopad x mix
shadow_assists/features/IDE_023_cpu_slack_harvest/SUB_213_fap_suffix_uniform/run_fullmatrix.sh: line 142: 2378363 Killed                  env CUDA_VISIBLE_DEVICES=$GPUS $EXTRA_ENV setsid taskset -c "$VLLM_CPUS" "$VBIN" serve "$MODEL" --tensor-parallel-size $TP --port $PORT --gpu-memory-utilization 0.85 --max-model-len "$MML" --compilation-config '{"cudagraph_mode":"FULL_AND_PIECEWISE"}' --speculative-config "{\"method\":\"suffix\",\"num_speculative_tokens\":$SPEC_K}" > "$BOOT_LOG" 2>&1 < /dev/null
[18:33:37] GPU freed
[18:33:37] boot pid=2399319 cell=k4_pad (taskset 0-47,56-103)
[18:34:57] READY
[18:34:57] cell k4_pad: baseline (aggressor 없음)
[18:34:57]   bench k4_pad x sharegpt
[18:37:38]   bench k4_pad x swebench
[18:39:13]   bench k4_pad x humaneval
[18:41:10]   bench k4_pad x mbpp
[18:41:55]   bench k4_pad x wildchat
[18:45:13]   bench k4_pad x lmsys
[18:47:37]   bench k4_pad x mix
shadow_assists/features/IDE_023_cpu_slack_harvest/SUB_213_fap_suffix_uniform/run_fullmatrix.sh: line 142: 2399319 Killed                  env CUDA_VISIBLE_DEVICES=$GPUS $EXTRA_ENV setsid taskset -c "$VLLM_CPUS" "$VBIN" serve "$MODEL" --tensor-parallel-size $TP --port $PORT --gpu-memory-utilization 0.85 --max-model-len "$MML" --compilation-config '{"cudagraph_mode":"FULL_AND_PIECEWISE"}' --speculative-config "{\"method\":\"suffix\",\"num_speculative_tokens\":$SPEC_K}" > "$BOOT_LOG" 2>&1 < /dev/null
[18:50:08] GPU freed
[18:50:08] boot pid=2423407 cell=k6_nopad (taskset 0-47,56-103)
[18:51:28] READY
[18:51:28] cell k6_nopad: baseline (aggressor 없음)
[18:51:28]   bench k6_nopad x sharegpt
[18:55:21]   bench k6_nopad x swebench
[18:57:37]   bench k6_nopad x humaneval
[19:00:39]   bench k6_nopad x mbpp
[19:01:32]   bench k6_nopad x wildchat
[19:06:07]   bench k6_nopad x lmsys
[19:10:04]   bench k6_nopad x mix
shadow_assists/features/IDE_023_cpu_slack_harvest/SUB_213_fap_suffix_uniform/run_fullmatrix.sh: line 142: 2423407 Killed                  env CUDA_VISIBLE_DEVICES=$GPUS $EXTRA_ENV setsid taskset -c "$VLLM_CPUS" "$VBIN" serve "$MODEL" --tensor-parallel-size $TP --port $PORT --gpu-memory-utilization 0.85 --max-model-len "$MML" --compilation-config '{"cudagraph_mode":"FULL_AND_PIECEWISE"}' --speculative-config "{\"method\":\"suffix\",\"num_speculative_tokens\":$SPEC_K}" > "$BOOT_LOG" 2>&1 < /dev/null
[19:13:18] GPU freed
[19:13:18] boot pid=2442277 cell=k6_pad (taskset 0-47,56-103)
[19:14:38] READY
[19:14:38] cell k6_pad: baseline (aggressor 없음)
[19:14:38]   bench k6_pad x sharegpt
[19:17:14]   bench k6_pad x swebench
[19:18:43]   bench k6_pad x humaneval
[19:20:48]   bench k6_pad x mbpp
[19:21:32]   bench k6_pad x wildchat
[19:24:39]   bench k6_pad x lmsys
[19:26:57]   bench k6_pad x mix
shadow_assists/features/IDE_023_cpu_slack_harvest/SUB_213_fap_suffix_uniform/run_fullmatrix.sh: line 142: 2442277 Killed                  env CUDA_VISIBLE_DEVICES=$GPUS $EXTRA_ENV setsid taskset -c "$VLLM_CPUS" "$VBIN" serve "$MODEL" --tensor-parallel-size $TP --port $PORT --gpu-memory-utilization 0.85 --max-model-len "$MML" --compilation-config '{"cudagraph_mode":"FULL_AND_PIECEWISE"}' --speculative-config "{\"method\":\"suffix\",\"num_speculative_tokens\":$SPEC_K}" > "$BOOT_LOG" 2>&1 < /dev/null
[19:29:22] GPU freed
[19:29:22] boot pid=2455859 cell=k8_nopad (taskset 0-47,56-103)
[19:30:42] READY
[19:30:42] cell k8_nopad: baseline (aggressor 없음)
[19:30:42]   bench k8_nopad x sharegpt
[19:34:21]   bench k8_nopad x swebench
[19:36:27]   bench k8_nopad x humaneval
[19:39:20]   bench k8_nopad x mbpp
[19:40:18]   bench k8_nopad x wildchat
[19:44:36]   bench k8_nopad x lmsys
[19:48:09]   bench k8_nopad x mix
shadow_assists/features/IDE_023_cpu_slack_harvest/SUB_213_fap_suffix_uniform/run_fullmatrix.sh: line 142: 2455859 Killed                  env CUDA_VISIBLE_DEVICES=$GPUS $EXTRA_ENV setsid taskset -c "$VLLM_CPUS" "$VBIN" serve "$MODEL" --tensor-parallel-size $TP --port $PORT --gpu-memory-utilization 0.85 --max-model-len "$MML" --compilation-config '{"cudagraph_mode":"FULL_AND_PIECEWISE"}' --speculative-config "{\"method\":\"suffix\",\"num_speculative_tokens\":$SPEC_K}" > "$BOOT_LOG" 2>&1 < /dev/null
[19:51:00] GPU freed
[19:51:00] boot pid=2483765 cell=k8_pad (taskset 0-47,56-103)
[19:52:20] READY
[19:52:20] cell k8_pad: baseline (aggressor 없음)
[19:52:20]   bench k8_pad x sharegpt
[19:55:03]   bench k8_pad x swebench
[19:56:32]   bench k8_pad x humaneval
[19:58:35]   bench k8_pad x mbpp
[19:59:22]   bench k8_pad x wildchat
[20:02:33]   bench k8_pad x lmsys
[20:04:54]   bench k8_pad x mix
shadow_assists/features/IDE_023_cpu_slack_harvest/SUB_213_fap_suffix_uniform/run_fullmatrix.sh: line 142: 2483765 Killed                  env CUDA_VISIBLE_DEVICES=$GPUS $EXTRA_ENV setsid taskset -c "$VLLM_CPUS" "$VBIN" serve "$MODEL" --tensor-parallel-size $TP --port $PORT --gpu-memory-utilization 0.85 --max-model-len "$MML" --compilation-config '{"cudagraph_mode":"FULL_AND_PIECEWISE"}' --speculative-config "{\"method\":\"suffix\",\"num_speculative_tokens\":$SPEC_K}" > "$BOOT_LOG" 2>&1 < /dev/null
[20:06:51] GPU freed
[20:06:51] boot pid=2496899 cell=k12_nopad (taskset 0-47,56-103)
[20:08:11] READY
[20:08:11] cell k12_nopad: baseline (aggressor 없음)
[20:08:11]   bench k12_nopad x sharegpt
[20:11:35]   bench k12_nopad x swebench
[20:13:41]   bench k12_nopad x humaneval
[20:16:39]   bench k12_nopad x mbpp
[20:17:29]   bench k12_nopad x wildchat
[20:21:18]   bench k12_nopad x lmsys
[20:24:14]   bench k12_nopad x mix
shadow_assists/features/IDE_023_cpu_slack_harvest/SUB_213_fap_suffix_uniform/run_fullmatrix.sh: line 142: 2496899 Killed                  env CUDA_VISIBLE_DEVICES=$GPUS $EXTRA_ENV setsid taskset -c "$VLLM_CPUS" "$VBIN" serve "$MODEL" --tensor-parallel-size $TP --port $PORT --gpu-memory-utilization 0.85 --max-model-len "$MML" --compilation-config '{"cudagraph_mode":"FULL_AND_PIECEWISE"}' --speculative-config "{\"method\":\"suffix\",\"num_speculative_tokens\":$SPEC_K}" > "$BOOT_LOG" 2>&1 < /dev/null
[20:27:04] GPU freed
[20:27:04] boot pid=2513658 cell=k12_pad (taskset 0-47,56-103)
[20:28:24] READY
[20:28:24] cell k12_pad: baseline (aggressor 없음)
[20:28:24]   bench k12_pad x sharegpt
[20:31:19]   bench k12_pad x swebench
[20:32:53]   bench k12_pad x humaneval
[20:35:05]   bench k12_pad x mbpp
[20:35:57]   bench k12_pad x wildchat
[20:39:21]   bench k12_pad x lmsys
[20:41:52]   bench k12_pad x mix
shadow_assists/features/IDE_023_cpu_slack_harvest/SUB_213_fap_suffix_uniform/run_fullmatrix.sh: line 142: 2513658 Killed                  env CUDA_VISIBLE_DEVICES=$GPUS $EXTRA_ENV setsid taskset -c "$VLLM_CPUS" "$VBIN" serve "$MODEL" --tensor-parallel-size $TP --port $PORT --gpu-memory-utilization 0.85 --max-model-len "$MML" --compilation-config '{"cudagraph_mode":"FULL_AND_PIECEWISE"}' --speculative-config "{\"method\":\"suffix\",\"num_speculative_tokens\":$SPEC_K}" > "$BOOT_LOG" 2>&1 < /dev/null
[20:43:17] GPU freed
[20:43:17] === FULL MATRIX done ===
