=== m_nq256 14:00:31 ===

입력 synthetic:common_private  Nq=256 Nk=65536 G=8 D=128 BK=128 edge=4094 dtype=bfloat16 min_tasks=264 threads=16
정책               max_m   task  partial   padded비    gpu_ms  fresh_ms  plan_ms  h2d_ms       상대오차
kv_outer            16   3070     4094      1.50     0.089     1.736    1.047   0.399   2.59e-03
kv_outer            32   2558     4094      1.50     0.094     1.669    0.943   0.456   2.59e-03
kv_outer            64   2302     4094      1.50     0.153     1.657    0.906   0.412   2.59e-03
kv_outer           128   2174     4094      1.50     0.328     1.779    0.863   0.423   2.59e-03
q_outer             16    264      528      1.50     0.053     1.061    0.488   0.340   2.80e-03
q_outer             32    264     1056      2.50     0.063     1.114    0.505   0.345   2.57e-03
q_outer             64    264     2112      4.50     0.108     1.153    0.497   0.408   2.66e-03
q_outer            128    264     4224      8.50     0.255     1.442    0.655   0.369   2.50e-03
rbc                 16    264      528      1.50     0.054     1.067    0.511   0.350   2.80e-03
rbc                 32    320      512      1.50     0.082     0.991    0.330   0.429   2.66e-03
rbc                 64    288      512      1.50     0.126     0.999    0.352   0.345   2.66e-03
rbc                128    272      512      1.50     0.308     1.240    0.395   0.402   2.66e-03
signature_only      16    384      512      1.50     0.066     0.975    0.387   0.397   2.66e-03
signature_only      32    320      512      1.50     0.083     0.935    0.310   0.377   2.66e-03
signature_only      64    288      512      1.50     0.126     1.003    0.332   0.421   2.66e-03
signature_only     128    272      512      1.50     0.310     1.266    0.384   0.441   2.66e-03
native               -      -        -         -     0.229     0.560        -       -   4.65e-03

결과 저장: results/m_nq256.json
=== m_nq512 14:00:40 ===

입력 synthetic:common_private  Nq=512 Nk=65536 G=8 D=128 BK=128 edge=8180 dtype=bfloat16 min_tasks=264 threads=16
정책               max_m   task  partial   padded비    gpu_ms  fresh_ms  plan_ms  h2d_ms       상대오차
kv_outer            16   6132     8180      1.50     0.153     2.409    1.688   0.442   2.69e-03
kv_outer            32   5108     8180      1.50     0.164     2.335    1.505   0.474   2.69e-03
kv_outer            64   4596     8180      1.50     0.283     2.293    1.437   0.407   2.69e-03
kv_outer           128   4340     8180      1.50     0.619     2.659    1.422   0.423   2.69e-03
q_outer             16    264      528      1.50     0.086     1.062    0.461   0.353   2.63e-03
q_outer             32    264     1056      2.50     0.098     1.227    0.592   0.418   2.58e-03
q_outer             64    264     2112      4.49     0.180     1.427    0.687   0.380   2.70e-03
q_outer            128    264     4224      8.49     0.427     1.749    0.780   0.413   2.78e-03
rbc                 16    264      528      1.50     0.087     1.112    0.525   0.443   2.63e-03
rbc                 32    640     1024      1.50     0.120     1.255    0.588   0.379   2.46e-03
rbc                 64    576     1024      1.50     0.203     1.267    0.510   0.402   2.46e-03
rbc                128    544     1024      1.50     0.504     1.613    0.576   0.375   2.46e-03
signature_only      16    768     1024      1.50     0.095     1.319    0.597   0.410   2.46e-03
signature_only      32    640     1024      1.50     0.121     1.229    0.565   0.394   2.46e-03
signature_only      64    576     1024      1.50     0.202     1.409    0.572   0.409   2.46e-03
signature_only     128    544     1024      1.50     0.500     1.568    0.522   0.444   2.46e-03
native               -      -        -         -     0.400     0.744        -       -   4.89e-03

결과 저장: results/m_nq512.json
=== m_nq2048 14:00:49 ===

입력 synthetic:common_private  Nq=2048 Nk=65536 G=8 D=128 BK=128 edge=32523 dtype=bfloat16 min_tasks=264 threads=16
정책               max_m   task  partial   padded비    gpu_ms  fresh_ms  plan_ms  h2d_ms       상대오차
kv_outer            16  24331    32523      1.50     0.547     7.304    6.003   0.577   2.74e-03
kv_outer            32  20235    32523      1.50     0.586     6.874    5.331   0.643   2.74e-03
kv_outer            64  18187    32523      1.50     1.068     6.890    5.095   0.547   2.74e-03
kv_outer           128  17163    32523      1.50     2.340     8.420    5.223   0.629   2.74e-03
q_outer             16   1024     2048      1.50     0.302     2.342    1.341   0.532   2.72e-03
q_outer             32    512     2048      2.49     0.336     2.121    1.171   0.457   2.72e-03
q_outer             64    264     2112      4.47     0.618     2.459    1.189   0.553   2.72e-03
q_outer            128    264     4224      8.44     1.537     3.702    1.462   0.509   2.74e-03
rbc                 16   1024     2048      1.50     0.300     2.579    1.607   0.504   2.72e-03
rbc                 32   2560     4096      1.50     0.362     2.844    1.805   0.556   3.00e-03
rbc                 64   2304     4096      1.50     0.684     3.022    1.700   0.459   3.00e-03
rbc                128   2176     4096      1.50     1.647     4.019    1.651   0.548   3.00e-03
signature_only      16   3072     4096      1.50     0.322     2.929    1.888   0.552   3.00e-03
signature_only      32   2560     4096      1.50     0.363     2.911    1.869   0.511   3.00e-03
signature_only      64   2304     4096      1.50     0.686     3.058    1.686   0.522   3.00e-03
signature_only     128   2176     4096      1.50     1.663     4.014    1.660   0.532   3.00e-03
native               -      -        -         -     1.328     1.760        -       -   3.66e-03

결과 저장: results/m_nq2048.json
=== m_nk16384 14:01:00 ===

입력 synthetic:common_private  Nq=512 Nk=16384 G=8 D=128 BK=128 edge=8140 dtype=bfloat16 min_tasks=264 threads=16
정책               max_m   task  partial   padded비    gpu_ms  fresh_ms  plan_ms  h2d_ms       상대오차
kv_outer            16   6092     8140      1.50     0.139     2.725    1.840   0.532   3.11e-03
kv_outer            32   5068     8140      1.50     0.150     2.422    1.604   0.504   3.11e-03
kv_outer            64   4556     8140      1.50     0.262     2.456    1.581   0.451   3.11e-03
kv_outer           128   4048     8140      1.43     0.569     2.700    1.403   0.515   3.11e-03
q_outer             16    264      528      1.50     0.084     1.092    0.438   0.371   2.84e-03
q_outer             32    264     1056      2.49     0.095     1.392    0.668   0.465   3.13e-03
q_outer             64    264     2112      4.48     0.171     1.531    0.742   0.471   2.94e-03
q_outer            128    264     4224      7.96     0.395     1.890    0.854   0.485   2.89e-03
rbc                 16    264      528      1.50     0.085     1.171    0.532   0.380   2.84e-03
rbc                 32    640     1024      1.50     0.111     1.296    0.590   0.459   2.80e-03
rbc                 64    576     1024      1.50     0.189     1.346    0.631   0.420   2.80e-03
rbc                128    512     1024      1.43     0.390     1.489    0.554   0.419   2.80e-03
signature_only      16    768     1024      1.50     0.088     1.323    0.650   0.433   2.80e-03
signature_only      32    640     1024      1.50     0.113     1.313    0.567   0.482   2.80e-03
signature_only      64    576     1024      1.50     0.188     1.403    0.615   0.471   2.80e-03
signature_only     128    512     1024      1.43     0.393     1.484    0.570   0.398   2.80e-03
native               -      -        -         -     0.390     0.750        -       -   4.91e-03

결과 저장: results/m_nk16384.json
=== m_nk65536 14:01:15 ===

입력 synthetic:common_private  Nq=512 Nk=65536 G=8 D=128 BK=128 edge=8180 dtype=bfloat16 min_tasks=264 threads=16
정책               max_m   task  partial   padded비    gpu_ms  fresh_ms  plan_ms  h2d_ms       상대오차
kv_outer            16   6132     8180      1.50     0.154     2.405    1.665   0.531   2.69e-03
kv_outer            32   5108     8180      1.50     0.162     2.369    1.444   0.515   2.69e-03
kv_outer            64   4596     8180      1.50     0.284     2.322    1.404   0.452   2.69e-03
kv_outer           128   4340     8180      1.50     0.625     2.604    1.391   0.497   2.69e-03
q_outer             16    264      528      1.50     0.086     1.102    0.447   0.457   2.63e-03
q_outer             32    264     1056      2.50     0.099     1.278    0.582   0.446   2.58e-03
q_outer             64    264     2112      4.49     0.179     1.437    0.665   0.403   2.70e-03
q_outer            128    264     4224      8.49     0.427     1.776    0.767   0.430   2.78e-03
rbc                 16    264      528      1.50     0.085     1.157    0.516   0.425   2.63e-03
rbc                 32    640     1024      1.50     0.121     1.267    0.564   0.411   2.46e-03
rbc                 64    576     1024      1.50     0.203     1.365    0.601   0.390   2.46e-03
rbc                128    544     1024      1.50     0.505     1.617    0.564   0.433   2.46e-03
signature_only      16    768     1024      1.50     0.097     1.352    0.681   0.396   2.46e-03
signature_only      32    640     1024      1.50     0.121     1.300    0.549   0.436   2.46e-03
signature_only      64    576     1024      1.50     0.205     1.397    0.552   0.420   2.46e-03
signature_only     128    544     1024      1.50     0.505     1.620    0.549   0.451   2.46e-03
native               -      -        -         -     0.408     0.767        -       -   4.89e-03

결과 저장: results/m_nk65536.json
=== m_nk131072 14:01:25 ===

입력 synthetic:common_private  Nq=512 Nk=131072 G=8 D=128 BK=128 edge=8186 dtype=bfloat16 min_tasks=264 threads=16
정책               max_m   task  partial   padded비    gpu_ms  fresh_ms  plan_ms  h2d_ms       상대오차
kv_outer            16   6138     8186      1.50     0.166     2.808    1.950   0.587   2.55e-03
kv_outer            32   5114     8186      1.50     0.175     2.506    1.664   0.497   2.55e-03
kv_outer            64   4602     8186      1.50     0.287     2.600    1.774   0.501   2.55e-03
kv_outer           128   4346     8186      1.50     0.618     2.823    1.577   0.471   2.55e-03
q_outer             16    264      528      1.50     0.088     1.180    0.518   0.405   2.72e-03
q_outer             32    264     1056      2.50     0.102     1.461    0.685   0.513   2.72e-03
q_outer             64    264     2112      4.50     0.185     1.597    0.799   0.483   2.69e-03
q_outer            128    264     4224      8.49     0.437     1.853    0.875   0.404   2.51e-03
rbc                 16    264      528      1.50     0.088     1.211    0.582   0.407   2.72e-03
rbc                 32    640     1024      1.50     0.126     1.294    0.594   0.417   2.79e-03
rbc                 64    576     1024      1.50     0.210     1.420    0.600   0.450   2.79e-03
rbc                128    544     1024      1.50     0.511     1.660    0.602   0.434   2.79e-03
signature_only      16    768     1024      1.50     0.103     1.328    0.640   0.431   2.79e-03
signature_only      32    640     1024      1.50     0.127     1.320    0.624   0.420   2.79e-03
signature_only      64    576     1024      1.50     0.211     1.391    0.618   0.483   2.79e-03
signature_only     128    544     1024      1.50     0.509     1.693    0.606   0.495   2.79e-03
native               -      -        -         -     0.409     0.770        -       -   5.11e-03

결과 저장: results/m_nk131072.json
=== m_g4 14:01:41 ===

입력 synthetic:common_private  Nq=512 Nk=65536 G=4 D=128 BK=128 edge=8180 dtype=bfloat16 min_tasks=264 threads=16
정책               max_m   task  partial   padded비    gpu_ms  fresh_ms  plan_ms  h2d_ms       상대오차
kv_outer            16   5108     8180      2.50     0.123     2.404    1.591   0.487   2.80e-03
kv_outer            32   4596     8180      2.50     0.142     2.497    1.642   0.541   2.80e-03
kv_outer            64   4340     8180      2.50     0.266     2.424    1.519   0.531   2.80e-03
kv_outer           128   4212     8180      2.50     0.495     2.779    1.592   0.516   2.80e-03
q_outer             16    264     1056      2.50     0.074     1.267    0.633   0.450   2.71e-03
q_outer             32    264     2112      4.49     0.097     1.557    0.816   0.499   2.83e-03
q_outer             64    264     4224      8.49     0.197     1.744    0.877   0.458   2.69e-03
q_outer            128    264     8448     16.48     0.419     2.033    1.061   0.402   2.80e-03
rbc                 16    264     1056      2.50     0.074     1.369    0.729   0.451   2.71e-03
rbc                 32    576     1024      2.50     0.120     1.277    0.561   0.414   2.44e-03
rbc                 64    544     1024      2.50     0.222     1.418    0.627   0.418   2.44e-03
rbc                128    528     1024      2.50     0.391     1.572    0.572   0.465   2.44e-03
signature_only      16    640     1024      2.50     0.092     1.311    0.595   0.462   2.44e-03
signature_only      32    576     1024      2.50     0.120     1.250    0.584   0.391   2.44e-03
signature_only      64    544     1024      2.50     0.223     1.516    0.635   0.514   2.44e-03
signature_only     128    528     1024      2.50     0.391     1.552    0.606   0.449   2.44e-03
native               -      -        -         -     0.256     0.584        -       -   4.76e-03

결과 저장: results/m_g4.json
=== m_g8 14:01:56 ===

입력 synthetic:common_private  Nq=512 Nk=65536 G=8 D=128 BK=128 edge=8180 dtype=bfloat16 min_tasks=264 threads=16
정책               max_m   task  partial   padded비    gpu_ms  fresh_ms  plan_ms  h2d_ms       상대오차
kv_outer            16   6132     8180      1.50     0.155     2.412    1.672   0.497   2.69e-03
kv_outer            32   5108     8180      1.50     0.162     2.338    1.494   0.432   2.69e-03
kv_outer            64   4596     8180      1.50     0.283     2.291    1.400   0.425   2.69e-03
kv_outer           128   4340     8180      1.50     0.623     2.637    1.342   0.485   2.69e-03
q_outer             16    264      528      1.50     0.086     1.018    0.436   0.337   2.63e-03
q_outer             32    264     1056      2.50     0.098     1.222    0.573   0.443   2.58e-03
q_outer             64    264     2112      4.49     0.179     1.387    0.689   0.383   2.70e-03
q_outer            128    264     4224      8.49     0.425     1.776    0.786   0.459   2.78e-03
rbc                 16    264      528      1.50     0.087     1.106    0.468   0.395   2.63e-03
rbc                 32    640     1024      1.50     0.121     1.270    0.580   0.403   2.46e-03
rbc                 64    576     1024      1.50     0.204     1.319    0.589   0.450   2.46e-03
rbc                128    544     1024      1.50     0.504     1.602    0.567   0.452   2.46e-03
signature_only      16    768     1024      1.50     0.096     1.312    0.601   0.487   2.46e-03
signature_only      32    640     1024      1.50     0.121     1.224    0.582   0.424   2.46e-03
signature_only      64    576     1024      1.50     0.203     1.369    0.571   0.419   2.46e-03
signature_only     128    544     1024      1.50     0.502     1.610    0.594   0.387   2.46e-03
native               -      -        -         -     0.403     0.749        -       -   4.89e-03

결과 저장: results/m_g8.json
=== m_g16 14:02:05 ===
kv_outer            16   8180     8180      1.00     0.214     2.839    1.998   0.475   2.77e-03
kv_outer            32   6132     8180      1.00     0.208     2.650    1.786   0.549   2.77e-03
kv_outer            64   5108     8180      1.00     0.325     2.481    1.530   0.483   2.77e-03
kv_outer           128   4596     8180      1.00     0.569     2.754    1.498   0.569   2.77e-03
q_outer             16    512      512      1.00     0.112     1.266    0.594   0.421   2.82e-03
q_outer             32    264      528      1.50     0.112     1.189    0.524   0.413   2.82e-03
q_outer             64    264     1056      2.50     0.197     1.433    0.701   0.465   2.56e-03
q_outer            128    264     2112      4.49     0.431     1.755    0.732   0.422   2.76e-03
rbc                 16    512      512      1.00     0.113     1.290    0.610   0.426   2.82e-03
rbc                 32    768     1024      1.00     0.122     1.331    0.627   0.405   2.82e-03
rbc                 64    640     1024      1.00     0.209     1.417    0.592   0.470   2.82e-03
rbc                128    576     1024      1.00     0.478     1.635    0.581   0.430   2.82e-03
signature_only      16    512      512      1.00     0.114     1.240    0.579   0.456   2.82e-03
signature_only      32    768     1024      1.00     0.122     1.359    0.633   0.484   2.82e-03
signature_only      64    640     1024      1.00     0.209     1.382    0.643   0.465   2.82e-03
signature_only     128    576     1024      1.00     0.481     1.695    0.630   0.432   2.82e-03
native: error RuntimeError: Error in function 'operator()' at /workspace/build/aot/generated/batch_decode_with_kv_cache_dtype_q_bf16_dtype_kv_bf16_dtype_o_bf16_dtype_idx_i32_head_dim_qk_128_head_dim_vo_128_posenc_0_use_swa_False_use_logits_cap_False/batch_decode.cu:63: Unsupported group_size: 16

실패 1건:
   {'kind': 'native_required_error', 'detail': "RuntimeError: Error in function 'operator()' at /workspace/build/aot/generated/batch_decode_with_kv_cache_dtype_q_bf16_dtype_kv_bf16_dtype_o_bf16_dtype_idx_i32_head_dim_qk_128_head_dim_vo_128_posenc_0_use_swa_False_use_logits_cap_False/batch_decode.cu:63: Unsupported group_size: 16"}

결과 저장: results/m_g16.json
=== m_sel8 14:02:17 ===

입력 synthetic:common_private  Nq=512 Nk=65536 G=8 D=128 BK=128 edge=4090 dtype=bfloat16 min_tasks=264 threads=16
정책               max_m   task  partial   padded비    gpu_ms  fresh_ms  plan_ms  h2d_ms       상대오차
kv_outer            16   3066     4090      1.50     0.085     1.654    0.949   0.473   2.66e-03
kv_outer            32   2554     4090      1.50     0.089     1.709    1.037   0.440   2.66e-03
kv_outer            64   2298     4090      1.50     0.150     1.762    0.998   0.453   2.66e-03
kv_outer           128   2170     4090      1.50     0.323     1.929    0.951   0.470   2.66e-03
q_outer             16    264      528      1.50     0.052     0.973    0.338   0.441   2.72e-03
q_outer             32    264     1056      2.50     0.061     1.141    0.483   0.375   2.92e-03
q_outer             64    264     2112      4.49     0.104     1.272    0.551   0.433   2.67e-03
q_outer            128    264     4224      8.49     0.247     1.481    0.673   0.440   2.67e-03
rbc                 16    264      528      1.50     0.053     1.026    0.397   0.441   2.72e-03
rbc                 32    640     1024      1.50     0.072     1.136    0.483   0.396   2.89e-03
rbc                 64    576     1024      1.50     0.114     1.013    0.433   0.339   2.89e-03
rbc                128    544     1024      1.50     0.276     1.347    0.470   0.445   2.89e-03
signature_only      16    768     1024      1.50     0.060     1.226    0.514   0.426   2.89e-03
signature_only      32    640     1024      1.50     0.071     1.115    0.445   0.415   2.89e-03
signature_only      64    576     1024      1.50     0.114     0.938    0.398   0.320   2.89e-03
signature_only     128    544     1024      1.50     0.279     1.330    0.489   0.406   2.89e-03
native               -      -        -         -     0.232     0.561        -       -   4.22e-03

결과 저장: results/m_sel8.json
=== m_sel16 14:02:26 ===

입력 synthetic:common_private  Nq=512 Nk=65536 G=8 D=128 BK=128 edge=8180 dtype=bfloat16 min_tasks=264 threads=16
정책               max_m   task  partial   padded비    gpu_ms  fresh_ms  plan_ms  h2d_ms       상대오차
kv_outer            16   6132     8180      1.50     0.153     2.391    1.623   0.468   2.69e-03
kv_outer            32   5108     8180      1.50     0.162     2.326    1.516   0.472   2.69e-03
kv_outer            64   4596     8180      1.50     0.281     2.301    1.405   0.462   2.69e-03
kv_outer           128   4340     8180      1.50     0.619     2.585    1.396   0.510   2.69e-03
q_outer             16    264      528      1.50     0.086     1.069    0.476   0.339   2.63e-03
q_outer             32    264     1056      2.50     0.100     1.240    0.582   0.427   2.58e-03
q_outer             64    264     2112      4.49     0.178     1.398    0.650   0.445   2.70e-03
q_outer            128    264     4224      8.49     0.424     1.765    0.798   0.462   2.78e-03
rbc                 16    264      528      1.50     0.086     1.157    0.541   0.371   2.63e-03
rbc                 32    640     1024      1.50     0.120     1.277    0.607   0.381   2.46e-03
rbc                 64    576     1024      1.50     0.203     1.323    0.520   0.452   2.46e-03
rbc                128    544     1024      1.50     0.500     1.612    0.559   0.430   2.46e-03
signature_only      16    768     1024      1.50     0.096     1.312    0.592   0.447   2.46e-03
signature_only      32    640     1024      1.50     0.122     1.268    0.564   0.445   2.46e-03
signature_only      64    576     1024      1.50     0.203     1.343    0.577   0.394   2.46e-03
signature_only     128    544     1024      1.50     0.501     1.616    0.537   0.421   2.46e-03
native               -      -        -         -     0.397     0.710        -       -   4.89e-03

결과 저장: results/m_sel16.json
=== m_sel32 14:02:35 ===

입력 synthetic:common_private  Nq=512 Nk=65536 G=8 D=128 BK=128 edge=16360 dtype=bfloat16 min_tasks=264 threads=16
정책               max_m   task  partial   padded비    gpu_ms  fresh_ms  plan_ms  h2d_ms       상대오차
kv_outer            16  12264    16360      1.50     0.290     3.906    2.942   0.523   2.59e-03
kv_outer            32  10216    16360      1.50     0.306     3.631    2.631   0.492   2.59e-03
kv_outer            64   9192    16360      1.50     0.549     3.773    2.550   0.535   2.59e-03
kv_outer           128   8680    16360      1.50     1.196     4.420    2.570   0.494   2.59e-03
q_outer             16    264      528      1.50     0.153     1.333    0.571   0.433   2.88e-03
q_outer             32    264     1056      2.50     0.176     1.561    0.791   0.453   2.66e-03
q_outer             64    264     2112      4.49     0.327     1.802    0.863   0.470   2.75e-03
q_outer            128    264     4224      8.49     0.798     2.306    0.977   0.369   2.53e-03
rbc                 16    264      528      1.50     0.152     1.481    0.791   0.454   2.88e-03
rbc                 32    640     1024      1.50     0.209     1.676    0.873   0.469   2.57e-03
rbc                 64    576     1024      1.50     0.379     1.734    0.783   0.414   2.57e-03
rbc                128    544     1024      1.50     0.952     2.321    0.818   0.400   2.57e-03
signature_only      16    768     1024      1.50     0.162     1.680    0.897   0.440   2.57e-03
signature_only      32    640     1024      1.50     0.211     1.560    0.788   0.473   2.57e-03
signature_only      64    576     1024      1.50     0.379     1.741    0.793   0.410   2.57e-03
signature_only     128    544     1024      1.50     0.944     2.320    0.790   0.456   2.57e-03
native               -      -        -         -     0.722     1.106        -       -   4.98e-03

결과 저장: results/m_sel32.json
=== m_pat_random 14:02:45 ===

입력 synthetic:random  Nq=512 Nk=65536 G=8 D=128 BK=128 edge=8166 dtype=bfloat16 min_tasks=264 threads=16
정책               max_m   task  partial   padded비    gpu_ms  fresh_ms  plan_ms  h2d_ms       상대오차
kv_outer            16   8044     8166      1.97     0.183     2.812    1.960   0.518   2.59e-03
kv_outer            32   7789     8166      1.91     0.220     2.778    1.864   0.523   2.59e-03
kv_outer            64   7303     8166      1.80     0.210     2.816    1.941   0.507   2.59e-03
kv_outer           128   6475     8166      1.64     0.374     2.802    1.856   0.449   2.59e-03
q_outer             16    264      528      1.97     0.111     1.179    0.515   0.412   2.60e-03
q_outer             32    264     1056      3.82     0.142     1.472    0.739   0.450   2.66e-03
q_outer             64    264     2112      7.15     0.273     1.716    0.802   0.498   2.58e-03
q_outer            128    264     4224     12.69     0.635     2.067    0.886   0.393   2.74e-03
rbc                 16    410      512      1.97     0.150     1.333    0.614   0.436   2.60e-03
rbc                 32    518      822      1.91     0.203     1.495    0.722   0.428   2.47e-03
rbc                 64   1119     1849      1.80     0.169     1.667    0.937   0.454   2.42e-03
rbc                128   1790     3308      1.64     0.303     1.965    1.067   0.449   2.56e-03
signature_only      16    614      716      1.97     0.117     1.349    0.664   0.414   2.60e-03
signature_only      32    809     1112      1.91     0.162     1.510    0.774   0.475   2.44e-03
signature_only      64   1183     1913      1.80     0.170     1.643    0.871   0.502   2.48e-03
signature_only     128   1790     3308      1.64     0.304     1.971    1.038   0.450   2.56e-03
native               -      -        -         -     0.402     0.756        -       -   4.86e-03

결과 저장: results/m_pat_random.json
=== m_pat_clustered 14:02:54 ===

입력 synthetic:clustered  Nq=512 Nk=65536 G=8 D=128 BK=128 edge=8190 dtype=bfloat16 min_tasks=264 threads=16
정책               max_m   task  partial   padded비    gpu_ms  fresh_ms  plan_ms  h2d_ms       상대오차
kv_outer            16   8062     8190      1.97     0.187     2.841    1.972   0.494   2.45e-03
kv_outer            32   7816     8190      1.91     0.222     2.694    1.828   0.441   2.45e-03
kv_outer            64   7412     8190      1.82     0.214     2.744    1.886   0.466   2.45e-03
kv_outer           128   6471     8190      1.63     0.192     2.522    1.741   0.513   2.45e-03
q_outer             16    264      528      1.97     0.115     1.148    0.499   0.367   2.51e-03
q_outer             32    264     1056      3.82     0.149     1.358    0.657   0.409   2.51e-03
q_outer             64    264     2112      7.24     0.298     1.752    0.790   0.426   2.68e-03
q_outer            128    264     4224     12.64     0.728     2.268    0.856   0.465   2.51e-03
rbc                 16    496      512      1.97     0.146     1.314    0.569   0.446   2.51e-03
rbc                 32    476      520      1.91     0.190     1.333    0.609   0.379   2.51e-03
rbc                 64    541      640      1.82     0.150     1.424    0.617   0.470   2.52e-03
rbc                128    653      908      1.63     0.152     1.422    0.704   0.486   2.68e-03
signature_only      16    526      542      1.97     0.118     1.266    0.556   0.425   2.51e-03
signature_only      32    546      590      1.91     0.151     1.307    0.604   0.395   2.51e-03
signature_only      64    586      685      1.82     0.154     1.377    0.594   0.445   2.52e-03
signature_only     128    677      932      1.63     0.153     1.363    0.690   0.442   2.68e-03
native               -      -        -         -     0.409     0.744        -       -   5.06e-03

결과 저장: results/m_pat_clustered.json
=== m_pat_disjoint 14:03:03 ===
Traceback (most recent call last):
  File "/work/bench.py", line 340, in <module>
    main()
  File "/work/bench.py", line 196, in main
    s = load_sample(args)
        ^^^^^^^^^^^^^^^^^
  File "/work/bench.py", line 47, in load_sample
    s = data.make_synthetic(args.pattern, hkv=args.hkv, nq=args.nq, nk=args.nk,
        ^^^^^^^^^^^^^^^^^^^^^^^^^^^^^^^^^^^^^^^^^^^^^^^^^^^^^^^^^^^^^^^^^^^^^^^
  File "/work/rbc/data.py", line 121, in make_synthetic
    ptr, ids = make_pattern(pattern, hkv, nq, n_blocks, sel, rng)
               ^^^^^^^^^^^^^^^^^^^^^^^^^^^^^^^^^^^^^^^^^^^^^^^^^^
  File "/work/rbc/data.py", line 102, in make_pattern
    raise ValueError("disjoint 패턴에 블록이 부족하다")
ValueError: disjoint 패턴에 블록이 부족하다
MATRIX_DONE
