<frozen importlib._bootstrap_external>:1301: FutureWarning: The cuda.cudart module is deprecated and will be removed in a future release, please switch to use the cuda.bindings.runtime module instead.
<frozen importlib._bootstrap_external>:1301: FutureWarning: The cuda.nvrtc module is deprecated and will be removed in a future release, please switch to use the cuda.bindings.nvrtc module instead.
(Worker pid=2935286) <frozen importlib._bootstrap_external>:1301: FutureWarning: The cuda.cudart module is deprecated and will be removed in a future release, please switch to use the cuda.bindings.runtime module instead.
(Worker pid=2935286) <frozen importlib._bootstrap_external>:1301: FutureWarning: The cuda.nvrtc module is deprecated and will be removed in a future release, please switch to use the cuda.bindings.nvrtc module instead.
(Worker pid=2935289) <frozen importlib._bootstrap_external>:1301: FutureWarning: The cuda.cudart module is deprecated and will be removed in a future release, please switch to use the cuda.bindings.runtime module instead.
(Worker pid=2935289) <frozen importlib._bootstrap_external>:1301: FutureWarning: The cuda.nvrtc module is deprecated and will be removed in a future release, please switch to use the cuda.bindings.nvrtc module instead.
(Worker pid=2935287) <frozen importlib._bootstrap_external>:1301: FutureWarning: The cuda.cudart module is deprecated and will be removed in a future release, please switch to use the cuda.bindings.runtime module instead.
(Worker pid=2935287) <frozen importlib._bootstrap_external>:1301: FutureWarning: The cuda.nvrtc module is deprecated and will be removed in a future release, please switch to use the cuda.bindings.nvrtc module instead.
(Worker pid=2935288) <frozen importlib._bootstrap_external>:1301: FutureWarning: The cuda.cudart module is deprecated and will be removed in a future release, please switch to use the cuda.bindings.runtime module instead.
(Worker pid=2935288) <frozen importlib._bootstrap_external>:1301: FutureWarning: The cuda.nvrtc module is deprecated and will be removed in a future release, please switch to use the cuda.bindings.nvrtc module instead.
(Worker pid=2935291) <frozen importlib._bootstrap_external>:1301: FutureWarning: The cuda.cudart module is deprecated and will be removed in a future release, please switch to use the cuda.bindings.runtime module instead.
(Worker pid=2935291) <frozen importlib._bootstrap_external>:1301: FutureWarning: The cuda.nvrtc module is deprecated and will be removed in a future release, please switch to use the cuda.bindings.nvrtc module instead.
(Worker pid=2935293) <frozen importlib._bootstrap_external>:1301: FutureWarning: The cuda.cudart module is deprecated and will be removed in a future release, please switch to use the cuda.bindings.runtime module instead.
(Worker pid=2935293) <frozen importlib._bootstrap_external>:1301: FutureWarning: The cuda.nvrtc module is deprecated and will be removed in a future release, please switch to use the cuda.bindings.nvrtc module instead.
(Worker pid=2935290) <frozen importlib._bootstrap_external>:1301: FutureWarning: The cuda.cudart module is deprecated and will be removed in a future release, please switch to use the cuda.bindings.runtime module instead.
(Worker pid=2935290) <frozen importlib._bootstrap_external>:1301: FutureWarning: The cuda.nvrtc module is deprecated and will be removed in a future release, please switch to use the cuda.bindings.nvrtc module instead.
(Worker pid=2935292) <frozen importlib._bootstrap_external>:1301: FutureWarning: The cuda.cudart module is deprecated and will be removed in a future release, please switch to use the cuda.bindings.runtime module instead.
(Worker pid=2935292) <frozen importlib._bootstrap_external>:1301: FutureWarning: The cuda.nvrtc module is deprecated and will be removed in a future release, please switch to use the cuda.bindings.nvrtc module instead.
(Worker_TP0 pid=2935286) Loading safetensors checkpoint shards:   0% Completed | 0/30 [00:00<?, ?it/s]
(Worker_TP0 pid=2935286) Loading safetensors checkpoint shards:   3% Completed | 1/30 [00:00<00:05,  4.95it/s]
(Worker_TP0 pid=2935286) Loading safetensors checkpoint shards:   7% Completed | 2/30 [00:00<00:06,  4.04it/s]
(Worker_TP0 pid=2935286) Loading safetensors checkpoint shards:  10% Completed | 3/30 [00:00<00:07,  3.76it/s]
(Worker_TP0 pid=2935286) Loading safetensors checkpoint shards:  13% Completed | 4/30 [00:01<00:07,  3.59it/s]
(Worker_TP0 pid=2935286) Loading safetensors checkpoint shards:  17% Completed | 5/30 [00:01<00:06,  3.71it/s]
(Worker_TP0 pid=2935286) Loading safetensors checkpoint shards:  20% Completed | 6/30 [00:01<00:06,  3.67it/s]
(Worker_TP0 pid=2935286) Loading safetensors checkpoint shards:  23% Completed | 7/30 [00:01<00:06,  3.71it/s]
(Worker_TP0 pid=2935286) Loading safetensors checkpoint shards:  27% Completed | 8/30 [00:02<00:06,  3.65it/s]
(Worker_TP0 pid=2935286) Loading safetensors checkpoint shards:  30% Completed | 9/30 [00:02<00:05,  3.55it/s]
(Worker_TP0 pid=2935286) Loading safetensors checkpoint shards:  33% Completed | 10/30 [00:02<00:05,  3.68it/s]
(Worker_TP0 pid=2935286) Loading safetensors checkpoint shards:  37% Completed | 11/30 [00:02<00:05,  3.66it/s]
(Worker_TP0 pid=2935286) Loading safetensors checkpoint shards:  40% Completed | 12/30 [00:03<00:04,  3.61it/s]
(Worker_TP0 pid=2935286) Loading safetensors checkpoint shards:  43% Completed | 13/30 [00:03<00:04,  3.56it/s]
(Worker_TP0 pid=2935286) Loading safetensors checkpoint shards:  47% Completed | 14/30 [00:03<00:04,  3.49it/s]
(Worker_TP0 pid=2935286) Loading safetensors checkpoint shards:  50% Completed | 15/30 [00:04<00:04,  3.50it/s]
(Worker_TP0 pid=2935286) Loading safetensors checkpoint shards:  53% Completed | 16/30 [00:04<00:04,  3.34it/s]
(Worker_TP0 pid=2935286) Loading safetensors checkpoint shards:  57% Completed | 17/30 [00:04<00:04,  3.23it/s]
(Worker_TP0 pid=2935286) Loading safetensors checkpoint shards:  60% Completed | 18/30 [00:05<00:03,  3.28it/s]
(Worker_TP0 pid=2935286) Loading safetensors checkpoint shards:  63% Completed | 19/30 [00:05<00:03,  3.30it/s]
(Worker_TP0 pid=2935286) Loading safetensors checkpoint shards:  67% Completed | 20/30 [00:05<00:02,  3.44it/s]
(Worker_TP0 pid=2935286) Loading safetensors checkpoint shards:  70% Completed | 21/30 [00:05<00:02,  3.37it/s]
(Worker_TP0 pid=2935286) Loading safetensors checkpoint shards:  73% Completed | 22/30 [00:06<00:02,  3.32it/s]
(Worker_TP0 pid=2935286) Loading safetensors checkpoint shards:  77% Completed | 23/30 [00:06<00:02,  3.37it/s]
(Worker_TP0 pid=2935286) Loading safetensors checkpoint shards:  80% Completed | 24/30 [00:06<00:01,  3.39it/s]
(Worker_TP0 pid=2935286) Loading safetensors checkpoint shards:  83% Completed | 25/30 [00:07<00:01,  3.54it/s]
(Worker_TP0 pid=2935286) Loading safetensors checkpoint shards:  87% Completed | 26/30 [00:07<00:01,  3.54it/s]
(Worker_TP0 pid=2935286) Loading safetensors checkpoint shards:  90% Completed | 27/30 [00:07<00:00,  3.47it/s]
(Worker_TP0 pid=2935286) Loading safetensors checkpoint shards:  93% Completed | 28/30 [00:07<00:00,  3.43it/s]
(Worker_TP0 pid=2935286) Loading safetensors checkpoint shards:  97% Completed | 29/30 [00:08<00:00,  3.34it/s]
(Worker_TP0 pid=2935286) Loading safetensors checkpoint shards: 100% Completed | 30/30 [00:08<00:00,  4.17it/s]
(Worker_TP0 pid=2935286) Loading safetensors checkpoint shards: 100% Completed | 30/30 [00:08<00:00,  3.57it/s]
(Worker_TP0 pid=2935286) 
(Worker_TP0 pid=2935286) /workspace/vllm_dev_prj/lib/python3.12/site-packages/torch/distributed/c10d_logger.py:83: UserWarning: barrier(): using the device under current context. You can specify `device_id` in `init_process_group` to mute this warning.
(Worker_TP0 pid=2935286)   return func(*args, **kwargs)
(Worker_TP0 pid=2935286) /workspace/vllm_dev_prj/lib/python3.12/site-packages/torch/distributed/c10d_logger.py:83: UserWarning: barrier(): using the device under current context. You can specify `device_id` in `init_process_group` to mute this warning.
(Worker_TP0 pid=2935286)   return func(*args, **kwargs)
(Worker_TP7 pid=2935293) 2026-04-27 04:18:50,472 - INFO - autotuner.py:446 - flashinfer.jit: [Autotuner]: Autotuning process starts ...
(Worker_TP0 pid=2935286) 2026-04-27 04:18:50,472 - INFO - autotuner.py:446 - flashinfer.jit: [Autotuner]: Autotuning process starts ...
(Worker_TP6 pid=2935292) 2026-04-27 04:18:50,474 - INFO - autotuner.py:446 - flashinfer.jit: [Autotuner]: Autotuning process starts ...
(Worker_TP5 pid=2935291) 2026-04-27 04:18:50,474 - INFO - autotuner.py:446 - flashinfer.jit: [Autotuner]: Autotuning process starts ...
(Worker_TP2 pid=2935288) 2026-04-27 04:18:50,474 - INFO - autotuner.py:446 - flashinfer.jit: [Autotuner]: Autotuning process starts ...
(Worker_TP3 pid=2935289) 2026-04-27 04:18:50,475 - INFO - autotuner.py:446 - flashinfer.jit: [Autotuner]: Autotuning process starts ...
(Worker_TP1 pid=2935287) 2026-04-27 04:18:50,475 - INFO - autotuner.py:446 - flashinfer.jit: [Autotuner]: Autotuning process starts ...
(Worker_TP4 pid=2935290) 2026-04-27 04:18:50,475 - INFO - autotuner.py:446 - flashinfer.jit: [Autotuner]: Autotuning process starts ...
(Worker_TP7 pid=2935293) 2026-04-27 04:18:50,604 - INFO - autotuner.py:455 - flashinfer.jit: [Autotuner]: Autotuning process ends
(Worker_TP0 pid=2935286) 2026-04-27 04:18:50,604 - INFO - autotuner.py:455 - flashinfer.jit: [Autotuner]: Autotuning process ends
(Worker_TP5 pid=2935291) 2026-04-27 04:18:50,604 - INFO - autotuner.py:455 - flashinfer.jit: [Autotuner]: Autotuning process ends
(Worker_TP6 pid=2935292) 2026-04-27 04:18:50,604 - INFO - autotuner.py:455 - flashinfer.jit: [Autotuner]: Autotuning process ends
(Worker_TP2 pid=2935288) 2026-04-27 04:18:50,604 - INFO - autotuner.py:455 - flashinfer.jit: [Autotuner]: Autotuning process ends
(Worker_TP3 pid=2935289) 2026-04-27 04:18:50,604 - INFO - autotuner.py:455 - flashinfer.jit: [Autotuner]: Autotuning process ends
(Worker_TP1 pid=2935287) 2026-04-27 04:18:50,604 - INFO - autotuner.py:455 - flashinfer.jit: [Autotuner]: Autotuning process ends
(Worker_TP4 pid=2935290) 2026-04-27 04:18:50,604 - INFO - autotuner.py:455 - flashinfer.jit: [Autotuner]: Autotuning process ends
(Worker_TP0 pid=2935286) Capturing CUDA graphs (mixed prefill-decode, PIECEWISE):   0%|          | 0/51 [00:00<?, ?it/s]Capturing CUDA graphs (mixed prefill-decode, PIECEWISE):   2%|▏         | 1/51 [00:00<00:06,  8.19it/s]Capturing CUDA graphs (mixed prefill-decode, PIECEWISE):   4%|▍         | 2/51 [00:00<00:05,  8.58it/s]Capturing CUDA graphs (mixed prefill-decode, PIECEWISE):   6%|▌         | 3/51 [00:00<00:05,  8.18it/s]Capturing CUDA graphs (mixed prefill-decode, PIECEWISE):   8%|▊         | 4/51 [00:00<00:05,  8.06it/s]Capturing CUDA graphs (mixed prefill-decode, PIECEWISE):  10%|▉         | 5/51 [00:00<00:05,  7.86it/s]Capturing CUDA graphs (mixed prefill-decode, PIECEWISE):  12%|█▏        | 6/51 [00:00<00:05,  7.52it/s]Capturing CUDA graphs (mixed prefill-decode, PIECEWISE):  14%|█▎        | 7/51 [00:00<00:06,  7.23it/s]Capturing CUDA graphs (mixed prefill-decode, PIECEWISE):  16%|█▌        | 8/51 [00:01<00:05,  7.17it/s]Capturing CUDA graphs (mixed prefill-decode, PIECEWISE):  18%|█▊        | 9/51 [00:01<00:05,  7.10it/s]Capturing CUDA graphs (mixed prefill-decode, PIECEWISE):  20%|█▉        | 10/51 [00:01<00:05,  7.01it/s]Capturing CUDA graphs (mixed prefill-decode, PIECEWISE):  22%|██▏       | 11/51 [00:01<00:05,  7.13it/s]Capturing CUDA graphs (mixed prefill-decode, PIECEWISE):  24%|██▎       | 12/51 [00:01<00:05,  6.92it/s]Capturing CUDA graphs (mixed prefill-decode, PIECEWISE):  25%|██▌       | 13/51 [00:01<00:05,  7.09it/s]Capturing CUDA graphs (mixed prefill-decode, PIECEWISE):  27%|██▋       | 14/51 [00:01<00:05,  7.14it/s]Capturing CUDA graphs (mixed prefill-decode, PIECEWISE):  29%|██▉       | 15/51 [00:02<00:05,  7.13it/s]Capturing CUDA graphs (mixed prefill-decode, PIECEWISE):  31%|███▏      | 16/51 [00:02<00:04,  7.09it/s]Capturing CUDA graphs (mixed prefill-decode, PIECEWISE):  33%|███▎      | 17/51 [00:02<00:04,  6.90it/s]Capturing CUDA graphs (mixed prefill-decode, PIECEWISE):  35%|███▌      | 18/51 [00:02<00:04,  6.97it/s]Capturing CUDA graphs (mixed prefill-decode, PIECEWISE):  37%|███▋      | 19/51 [00:02<00:04,  7.04it/s]Capturing CUDA graphs (mixed prefill-decode, PIECEWISE):  39%|███▉      | 20/51 [00:02<00:04,  6.31it/s]Capturing CUDA graphs (mixed prefill-decode, PIECEWISE):  41%|████      | 21/51 [00:02<00:04,  6.19it/s]Capturing CUDA graphs (mixed prefill-decode, PIECEWISE):  43%|████▎     | 22/51 [00:03<00:04,  6.21it/s]Capturing CUDA graphs (mixed prefill-decode, PIECEWISE):  45%|████▌     | 23/51 [00:03<00:04,  6.23it/s]Capturing CUDA graphs (mixed prefill-decode, PIECEWISE):  47%|████▋     | 24/51 [00:03<00:04,  6.26it/s]Capturing CUDA graphs (mixed prefill-decode, PIECEWISE):  49%|████▉     | 25/51 [00:03<00:04,  6.25it/s]Capturing CUDA graphs (mixed prefill-decode, PIECEWISE):  51%|█████     | 26/51 [00:03<00:03,  6.30it/s]Capturing CUDA graphs (mixed prefill-decode, PIECEWISE):  53%|█████▎    | 27/51 [00:03<00:03,  6.36it/s]Capturing CUDA graphs (mixed prefill-decode, PIECEWISE):  55%|█████▍    | 28/51 [00:04<00:03,  6.51it/s]Capturing CUDA graphs (mixed prefill-decode, PIECEWISE):  57%|█████▋    | 29/51 [00:04<00:03,  6.38it/s]Capturing CUDA graphs (mixed prefill-decode, PIECEWISE):  59%|█████▉    | 30/51 [00:04<00:03,  6.51it/s]Capturing CUDA graphs (mixed prefill-decode, PIECEWISE):  61%|██████    | 31/51 [00:04<00:03,  6.58it/s]Capturing CUDA graphs (mixed prefill-decode, PIECEWISE):  63%|██████▎   | 32/51 [00:04<00:02,  6.59it/s]Capturing CUDA graphs (mixed prefill-decode, PIECEWISE):  65%|██████▍   | 33/51 [00:04<00:02,  6.48it/s]Capturing CUDA graphs (mixed prefill-decode, PIECEWISE):  67%|██████▋   | 34/51 [00:05<00:02,  6.49it/s]Capturing CUDA graphs (mixed prefill-decode, PIECEWISE):  69%|██████▊   | 35/51 [00:05<00:02,  6.52it/s]Capturing CUDA graphs (mixed prefill-decode, PIECEWISE):  71%|███████   | 36/51 [00:05<00:02,  6.48it/s]Capturing CUDA graphs (mixed prefill-decode, PIECEWISE):  73%|███████▎  | 37/51 [00:05<00:02,  6.51it/s]Capturing CUDA graphs (mixed prefill-decode, PIECEWISE):  75%|███████▍  | 38/51 [00:05<00:02,  6.29it/s]Capturing CUDA graphs (mixed prefill-decode, PIECEWISE):  76%|███████▋  | 39/51 [00:05<00:01,  6.32it/s]Capturing CUDA graphs (mixed prefill-decode, PIECEWISE):  78%|███████▊  | 40/51 [00:05<00:01,  6.35it/s]Capturing CUDA graphs (mixed prefill-decode, PIECEWISE):  80%|████████  | 41/51 [00:06<00:01,  6.44it/s]Capturing CUDA graphs (mixed prefill-decode, PIECEWISE):  82%|████████▏ | 42/51 [00:06<00:01,  6.50it/s]Capturing CUDA graphs (mixed prefill-decode, PIECEWISE):  84%|████████▍ | 43/51 [00:06<00:01,  6.54it/s]Capturing CUDA graphs (mixed prefill-decode, PIECEWISE):  86%|████████▋ | 44/51 [00:06<00:01,  6.53it/s]Capturing CUDA graphs (mixed prefill-decode, PIECEWISE):  88%|████████▊ | 45/51 [00:06<00:00,  6.59it/s]Capturing CUDA graphs (mixed prefill-decode, PIECEWISE):  90%|█████████ | 46/51 [00:06<00:00,  6.65it/s]Capturing CUDA graphs (mixed prefill-decode, PIECEWISE):  92%|█████████▏| 47/51 [00:06<00:00,  6.83it/s]Capturing CUDA graphs (mixed prefill-decode, PIECEWISE):  94%|█████████▍| 48/51 [00:07<00:00,  6.67it/s]Capturing CUDA graphs (mixed prefill-decode, PIECEWISE):  96%|█████████▌| 49/51 [00:07<00:00,  7.01it/s]Capturing CUDA graphs (mixed prefill-decode, PIECEWISE):  98%|█████████▊| 50/51 [00:07<00:00,  7.20it/s]Capturing CUDA graphs (mixed prefill-decode, PIECEWISE): 100%|██████████| 51/51 [00:07<00:00,  7.18it/s]Capturing CUDA graphs (mixed prefill-decode, PIECEWISE): 100%|██████████| 51/51 [00:07<00:00,  6.76it/s]
(Worker_TP0 pid=2935286) Capturing CUDA graphs (decode, FULL):   0%|          | 0/51 [00:00<?, ?it/s]Capturing CUDA graphs (decode, FULL):   2%|▏         | 1/51 [00:00<00:05,  8.77it/s]Capturing CUDA graphs (decode, FULL):   4%|▍         | 2/51 [00:00<00:05,  8.76it/s]Capturing CUDA graphs (decode, FULL):   6%|▌         | 3/51 [00:00<00:05,  9.11it/s]Capturing CUDA graphs (decode, FULL):  10%|▉         | 5/51 [00:00<00:04,  9.63it/s]Capturing CUDA graphs (decode, FULL):  12%|█▏        | 6/51 [00:00<00:04,  9.66it/s]Capturing CUDA graphs (decode, FULL):  16%|█▌        | 8/51 [00:00<00:04,  9.82it/s]Capturing CUDA graphs (decode, FULL):  18%|█▊        | 9/51 [00:00<00:04,  9.46it/s]Capturing CUDA graphs (decode, FULL):  20%|█▉        | 10/51 [00:01<00:04,  9.26it/s]Capturing CUDA graphs (decode, FULL):  24%|██▎       | 12/51 [00:01<00:04,  9.55it/s]Capturing CUDA graphs (decode, FULL):  25%|██▌       | 13/51 [00:01<00:03,  9.64it/s]Capturing CUDA graphs (decode, FULL):  27%|██▋       | 14/51 [00:01<00:03,  9.63it/s]Capturing CUDA graphs (decode, FULL):  29%|██▉       | 15/51 [00:01<00:03,  9.69it/s]Capturing CUDA graphs (decode, FULL):  31%|███▏      | 16/51 [00:01<00:03,  9.49it/s]Capturing CUDA graphs (decode, FULL):  35%|███▌      | 18/51 [00:01<00:03,  9.77it/s]Capturing CUDA graphs (decode, FULL):  37%|███▋      | 19/51 [00:01<00:03,  9.76it/s]Capturing CUDA graphs (decode, FULL):  41%|████      | 21/51 [00:02<00:03,  9.97it/s]Capturing CUDA graphs (decode, FULL):  45%|████▌     | 23/51 [00:02<00:02,  9.63it/s]Capturing CUDA graphs (decode, FULL):  47%|████▋     | 24/51 [00:02<00:02,  9.24it/s]Capturing CUDA graphs (decode, FULL):  49%|████▉     | 25/51 [00:02<00:02,  8.91it/s]Capturing CUDA graphs (decode, FULL):  51%|█████     | 26/51 [00:02<00:02,  8.92it/s]Capturing CUDA graphs (decode, FULL):  53%|█████▎    | 27/51 [00:02<00:02,  8.95it/s]Capturing CUDA graphs (decode, FULL):  55%|█████▍    | 28/51 [00:02<00:02,  9.02it/s]Capturing CUDA graphs (decode, FULL):  57%|█████▋    | 29/51 [00:03<00:02,  8.91it/s]Capturing CUDA graphs (decode, FULL):  59%|█████▉    | 30/51 [00:03<00:02,  8.91it/s]Capturing CUDA graphs (decode, FULL):  61%|██████    | 31/51 [00:03<00:02,  8.93it/s]Capturing CUDA graphs (decode, FULL):  63%|██████▎   | 32/51 [00:03<00:02,  8.76it/s]Capturing CUDA graphs (decode, FULL):  65%|██████▍   | 33/51 [00:03<00:02,  8.83it/s]Capturing CUDA graphs (decode, FULL):  67%|██████▋   | 34/51 [00:03<00:01,  8.70it/s]Capturing CUDA graphs (decode, FULL):  69%|██████▊   | 35/51 [00:03<00:01,  8.03it/s]Capturing CUDA graphs (decode, FULL):  71%|███████   | 36/51 [00:03<00:01,  8.26it/s]Capturing CUDA graphs (decode, FULL):  73%|███████▎  | 37/51 [00:04<00:01,  8.25it/s]Capturing CUDA graphs (decode, FULL):  75%|███████▍  | 38/51 [00:04<00:01,  8.68it/s]Capturing CUDA graphs (decode, FULL):  76%|███████▋  | 39/51 [00:04<00:01,  8.83it/s]Capturing CUDA graphs (decode, FULL):  78%|███████▊  | 40/51 [00:04<00:01,  8.82it/s]Capturing CUDA graphs (decode, FULL):  80%|████████  | 41/51 [00:04<00:01,  8.71it/s]Capturing CUDA graphs (decode, FULL):  82%|████████▏ | 42/51 [00:04<00:01,  8.48it/s]Capturing CUDA graphs (decode, FULL):  84%|████████▍ | 43/51 [00:04<00:00,  8.46it/s]Capturing CUDA graphs (decode, FULL):  86%|████████▋ | 44/51 [00:04<00:00,  8.57it/s]Capturing CUDA graphs (decode, FULL):  88%|████████▊ | 45/51 [00:04<00:00,  8.82it/s]Capturing CUDA graphs (decode, FULL):  92%|█████████▏| 47/51 [00:05<00:00,  9.55it/s]Capturing CUDA graphs (decode, FULL):  94%|█████████▍| 48/51 [00:05<00:00,  9.57it/s]Capturing CUDA graphs (decode, FULL):  98%|█████████▊| 50/51 [00:05<00:00,  9.98it/s]Capturing CUDA graphs (decode, FULL): 100%|██████████| 51/51 [00:05<00:00,  9.97it/s]Capturing CUDA graphs (decode, FULL): 100%|██████████| 51/51 [00:05<00:00,  9.21it/s]
(EngineCore pid=2934857) <frozen importlib._bootstrap_external>:1301: FutureWarning: The cuda.cudart module is deprecated and will be removed in a future release, please switch to use the cuda.bindings.runtime module instead.
(EngineCore pid=2934857) <frozen importlib._bootstrap_external>:1301: FutureWarning: The cuda.nvrtc module is deprecated and will be removed in a future release, please switch to use the cuda.bindings.nvrtc module instead.
Rendering prompts:   0%|          | 0/8 [00:00<?, ?it/s]Rendering prompts:  38%|███▊      | 3/8 [00:00<00:00, 21.60it/s]Rendering prompts:  75%|███████▌  | 6/8 [00:00<00:00, 24.23it/s]Rendering prompts: 100%|██████████| 8/8 [00:00<00:00, 24.42it/s]
Processed prompts:   0%|          | 0/8 [00:00<?, ?it/s, est. speed input: 0.00 toks/s, output: 0.00 toks/s](Worker_TP2 pid=2935288) [IDE_006/TSK_004 profile pid=2935288 kernel=forward_partial_with_lse_amx] prep_ms=0.01 kernel_ms=14.36 q.shape=(16384, 8, 128) n_seqs=5 max_cbl=630
(Worker_TP2 pid=2935288) [IDE_006/TSK_004 profile pid=2935288 stage=hot_cold] d2h_ms=10.07 kernel_ms=27742.77 h2d_ms=4.97 merge_ms=1.21 total_ms=27759.02 q.shape=(16384, 8, 128) max_cold_blocks=630
(Worker_TP1 pid=2935287) [IDE_006/TSK_004 profile pid=2935287 kernel=forward_partial_with_lse_amx] prep_ms=0.01 kernel_ms=15.28 q.shape=(16384, 8, 128) n_seqs=5 max_cbl=630
(Worker_TP1 pid=2935287) [IDE_006/TSK_004 profile pid=2935287 stage=hot_cold] d2h_ms=14.70 kernel_ms=27777.68 h2d_ms=4.59 merge_ms=0.91 total_ms=27797.88 q.shape=(16384, 8, 128) max_cold_blocks=630
(Worker_TP0 pid=2935286) [IDE_006/TSK_004 profile pid=2935286 kernel=forward_partial_with_lse_amx] prep_ms=0.01 kernel_ms=16.50 q.shape=(16384, 8, 128) n_seqs=5 max_cbl=630
(Worker_TP0 pid=2935286) [IDE_006/TSK_004 profile pid=2935286 stage=hot_cold] d2h_ms=9.95 kernel_ms=28164.30 h2d_ms=4.49 merge_ms=0.99 total_ms=28179.74 q.shape=(16384, 8, 128) max_cold_blocks=630
(Worker_TP3 pid=2935289) [IDE_006/TSK_004 profile pid=2935289 kernel=forward_partial_with_lse_amx] prep_ms=0.01 kernel_ms=15.63 q.shape=(16384, 8, 128) n_seqs=5 max_cbl=630
(Worker_TP3 pid=2935289) [IDE_006/TSK_004 profile pid=2935289 stage=hot_cold] d2h_ms=15.18 kernel_ms=28279.61 h2d_ms=5.19 merge_ms=1.11 total_ms=28301.09 q.shape=(16384, 8, 128) max_cold_blocks=630
(Worker_TP6 pid=2935292) [IDE_006/TSK_004 profile pid=2935292 kernel=forward_partial_with_lse_amx] prep_ms=0.01 kernel_ms=12.72 q.shape=(16384, 8, 128) n_seqs=5 max_cbl=630
(Worker_TP4 pid=2935290) [IDE_006/TSK_004 profile pid=2935290 kernel=forward_partial_with_lse_amx] prep_ms=0.01 kernel_ms=13.84 q.shape=(16384, 8, 128) n_seqs=5 max_cbl=630
(Worker_TP6 pid=2935292) [IDE_006/TSK_004 profile pid=2935292 stage=hot_cold] d2h_ms=10.41 kernel_ms=28488.49 h2d_ms=6.45 merge_ms=1.53 total_ms=28506.88 q.shape=(16384, 8, 128) max_cold_blocks=630
(Worker_TP4 pid=2935290) [IDE_006/TSK_004 profile pid=2935290 stage=hot_cold] d2h_ms=10.21 kernel_ms=28495.92 h2d_ms=5.56 merge_ms=0.91 total_ms=28512.60 q.shape=(16384, 8, 128) max_cold_blocks=630
(Worker_TP5 pid=2935291) [IDE_006/TSK_004 profile pid=2935291 kernel=forward_partial_with_lse_amx] prep_ms=0.01 kernel_ms=24.13 q.shape=(16384, 8, 128) n_seqs=5 max_cbl=630
(Worker_TP5 pid=2935291) [IDE_006/TSK_004 profile pid=2935291 stage=hot_cold] d2h_ms=10.16 kernel_ms=28506.85 h2d_ms=5.24 merge_ms=1.07 total_ms=28523.32 q.shape=(16384, 8, 128) max_cold_blocks=630
(Worker_TP7 pid=2935293) [IDE_006/TSK_004 profile pid=2935293 kernel=forward_partial_with_lse_amx] prep_ms=0.01 kernel_ms=38.09 q.shape=(16384, 8, 128) n_seqs=5 max_cbl=630
(Worker_TP7 pid=2935293) [IDE_006/TSK_004 profile pid=2935293 stage=hot_cold] d2h_ms=14.59 kernel_ms=28516.44 h2d_ms=4.64 merge_ms=0.90 total_ms=28536.57 q.shape=(16384, 8, 128) max_cold_blocks=630
(Worker_TP0 pid=2935286) [IDE_006/TSK_004 profile pid=2935286 kernel=forward_partial_with_lse_amx] prep_ms=0.01 kernel_ms=9.73 q.shape=(16384, 8, 128) n_seqs=5 max_cbl=630
(Worker_TP2 pid=2935288) [IDE_006/TSK_004 profile pid=2935288 kernel=forward_partial_with_lse_amx] prep_ms=0.01 kernel_ms=10.02 q.shape=(16384, 8, 128) n_seqs=5 max_cbl=630
(Worker_TP0 pid=2935286) [IDE_006/TSK_004 profile pid=2935286 stage=hot_cold] d2h_ms=11.22 kernel_ms=4510.95 h2d_ms=5.10 merge_ms=0.24 total_ms=4527.51 q.shape=(16384, 8, 128) max_cold_blocks=630
(Worker_TP2 pid=2935288) [IDE_006/TSK_004 profile pid=2935288 stage=hot_cold] d2h_ms=12.37 kernel_ms=4514.28 h2d_ms=5.17 merge_ms=0.30 total_ms=4532.12 q.shape=(16384, 8, 128) max_cold_blocks=630
(Worker_TP3 pid=2935289) [IDE_006/TSK_004 profile pid=2935289 kernel=forward_partial_with_lse_amx] prep_ms=0.01 kernel_ms=7.69 q.shape=(16384, 8, 128) n_seqs=5 max_cbl=630
(Worker_TP3 pid=2935289) [IDE_006/TSK_004 profile pid=2935289 stage=hot_cold] d2h_ms=14.63 kernel_ms=4543.23 h2d_ms=4.55 merge_ms=0.22 total_ms=4562.62 q.shape=(16384, 8, 128) max_cold_blocks=630
(Worker_TP1 pid=2935287) [IDE_006/TSK_004 profile pid=2935287 kernel=forward_partial_with_lse_amx] prep_ms=0.01 kernel_ms=7.42 q.shape=(16384, 8, 128) n_seqs=5 max_cbl=630
(Worker_TP1 pid=2935287) [IDE_006/TSK_004 profile pid=2935287 stage=hot_cold] d2h_ms=14.60 kernel_ms=4731.05 h2d_ms=4.53 merge_ms=0.21 total_ms=4750.40 q.shape=(16384, 8, 128) max_cold_blocks=630
(Worker_TP5 pid=2935291) [IDE_006/TSK_004 profile pid=2935291 kernel=forward_partial_with_lse_amx] prep_ms=0.01 kernel_ms=7.94 q.shape=(16384, 8, 128) n_seqs=5 max_cbl=630
(Worker_TP5 pid=2935291) [IDE_006/TSK_004 profile pid=2935291 stage=hot_cold] d2h_ms=10.38 kernel_ms=4941.83 h2d_ms=4.59 merge_ms=0.22 total_ms=4957.02 q.shape=(16384, 8, 128) max_cold_blocks=630
(Worker_TP7 pid=2935293) [IDE_006/TSK_004 profile pid=2935293 kernel=forward_partial_with_lse_amx] prep_ms=0.01 kernel_ms=9.65 q.shape=(16384, 8, 128) n_seqs=5 max_cbl=630
(Worker_TP7 pid=2935293) [IDE_006/TSK_004 profile pid=2935293 stage=hot_cold] d2h_ms=10.18 kernel_ms=4977.68 h2d_ms=5.31 merge_ms=0.24 total_ms=4993.41 q.shape=(16384, 8, 128) max_cold_blocks=630
(Worker_TP6 pid=2935292) [IDE_006/TSK_004 profile pid=2935292 kernel=forward_partial_with_lse_amx] prep_ms=0.01 kernel_ms=8.00 q.shape=(16384, 8, 128) n_seqs=5 max_cbl=630
(Worker_TP4 pid=2935290) [IDE_006/TSK_004 profile pid=2935290 kernel=forward_partial_with_lse_amx] prep_ms=0.01 kernel_ms=8.52 q.shape=(16384, 8, 128) n_seqs=5 max_cbl=630
(Worker_TP6 pid=2935292) [IDE_006/TSK_004 profile pid=2935292 stage=hot_cold] d2h_ms=14.16 kernel_ms=4984.99 h2d_ms=5.50 merge_ms=0.22 total_ms=5004.87 q.shape=(16384, 8, 128) max_cold_blocks=630
(Worker_TP4 pid=2935290) [IDE_006/TSK_004 profile pid=2935290 stage=hot_cold] d2h_ms=14.19 kernel_ms=4986.03 h2d_ms=5.22 merge_ms=0.20 total_ms=5005.65 q.shape=(16384, 8, 128) max_cold_blocks=630
(Worker_TP2 pid=2935288) [IDE_006/TSK_004 profile pid=2935288 kernel=forward_partial_with_lse_amx] prep_ms=0.01 kernel_ms=8.41 q.shape=(16384, 8, 128) n_seqs=5 max_cbl=630
(Worker_TP2 pid=2935288) [IDE_006/TSK_004 profile pid=2935288 stage=hot_cold] d2h_ms=12.32 kernel_ms=4463.83 h2d_ms=4.90 merge_ms=0.29 total_ms=4481.35 q.shape=(16384, 8, 128) max_cold_blocks=630
(Worker_TP1 pid=2935287) [IDE_006/TSK_004 profile pid=2935287 kernel=forward_partial_with_lse_amx] prep_ms=0.01 kernel_ms=7.50 q.shape=(16384, 8, 128) n_seqs=5 max_cbl=630
(Worker_TP1 pid=2935287) [IDE_006/TSK_004 profile pid=2935287 stage=hot_cold] d2h_ms=11.35 kernel_ms=4481.75 h2d_ms=4.57 merge_ms=0.21 total_ms=4497.88 q.shape=(16384, 8, 128) max_cold_blocks=630
(Worker_TP3 pid=2935289) [IDE_006/TSK_004 profile pid=2935289 kernel=forward_partial_with_lse_amx] prep_ms=0.01 kernel_ms=7.31 q.shape=(16384, 8, 128) n_seqs=5 max_cbl=630
(Worker_TP0 pid=2935286) [IDE_006/TSK_004 profile pid=2935286 kernel=forward_partial_with_lse_amx] prep_ms=0.01 kernel_ms=8.24 q.shape=(16384, 8, 128) n_seqs=5 max_cbl=630
(Worker_TP3 pid=2935289) [IDE_006/TSK_004 profile pid=2935289 stage=hot_cold] d2h_ms=11.21 kernel_ms=4591.76 h2d_ms=4.55 merge_ms=0.23 total_ms=4607.75 q.shape=(16384, 8, 128) max_cold_blocks=630
(Worker_TP0 pid=2935286) [IDE_006/TSK_004 profile pid=2935286 stage=hot_cold] d2h_ms=11.53 kernel_ms=4593.43 h2d_ms=4.64 merge_ms=0.21 total_ms=4609.81 q.shape=(16384, 8, 128) max_cold_blocks=630
(Worker_TP7 pid=2935293) [IDE_006/TSK_004 profile pid=2935293 kernel=forward_partial_with_lse_amx] prep_ms=0.01 kernel_ms=12.96 q.shape=(16384, 8, 128) n_seqs=5 max_cbl=630
(Worker_TP5 pid=2935291) [IDE_006/TSK_004 profile pid=2935291 kernel=forward_partial_with_lse_amx] prep_ms=0.02 kernel_ms=12.72 q.shape=(16384, 8, 128) n_seqs=5 max_cbl=630
(Worker_TP7 pid=2935293) [IDE_006/TSK_004 profile pid=2935293 stage=hot_cold] d2h_ms=13.94 kernel_ms=4864.87 h2d_ms=7.09 merge_ms=0.36 total_ms=4886.26 q.shape=(16384, 8, 128) max_cold_blocks=630
(Worker_TP5 pid=2935291) [IDE_006/TSK_004 profile pid=2935291 stage=hot_cold] d2h_ms=13.95 kernel_ms=4865.47 h2d_ms=6.96 merge_ms=0.57 total_ms=4886.96 q.shape=(16384, 8, 128) max_cold_blocks=630
(Worker_TP6 pid=2935292) [IDE_006/TSK_004 profile pid=2935292 kernel=forward_partial_with_lse_amx] prep_ms=0.01 kernel_ms=12.64 q.shape=(16384, 8, 128) n_seqs=5 max_cbl=630
(Worker_TP4 pid=2935290) [IDE_006/TSK_004 profile pid=2935290 kernel=forward_partial_with_lse_amx] prep_ms=0.01 kernel_ms=12.55 q.shape=(16384, 8, 128) n_seqs=5 max_cbl=630
(Worker_TP6 pid=2935292) [IDE_006/TSK_004 profile pid=2935292 stage=hot_cold] d2h_ms=10.69 kernel_ms=4941.60 h2d_ms=6.95 merge_ms=0.55 total_ms=4959.78 q.shape=(16384, 8, 128) max_cold_blocks=630
(Worker_TP4 pid=2935290) [IDE_006/TSK_004 profile pid=2935290 stage=hot_cold] d2h_ms=10.89 kernel_ms=4941.97 h2d_ms=6.79 merge_ms=0.28 total_ms=4959.92 q.shape=(16384, 8, 128) max_cold_blocks=630
(Worker_TP0 pid=2935286) [IDE_006/TSK_004 profile pid=2935286 kernel=forward_partial_with_lse_amx] prep_ms=0.01 kernel_ms=8.32 q.shape=(16384, 8, 128) n_seqs=5 max_cbl=630
(Worker_TP0 pid=2935286) [IDE_006/TSK_004 profile pid=2935286 stage=hot_cold] d2h_ms=11.36 kernel_ms=4497.01 h2d_ms=4.69 merge_ms=0.22 total_ms=4513.29 q.shape=(16384, 8, 128) max_cold_blocks=630
(Worker_TP2 pid=2935288) [IDE_006/TSK_004 profile pid=2935288 kernel=forward_partial_with_lse_amx] prep_ms=0.01 kernel_ms=12.99 q.shape=(16384, 8, 128) n_seqs=5 max_cbl=630
(Worker_TP2 pid=2935288) [IDE_006/TSK_004 profile pid=2935288 stage=hot_cold] d2h_ms=11.80 kernel_ms=4521.33 h2d_ms=4.52 merge_ms=0.20 total_ms=4537.86 q.shape=(16384, 8, 128) max_cold_blocks=630
(Worker_TP3 pid=2935289) [IDE_006/TSK_004 profile pid=2935289 kernel=forward_partial_with_lse_amx] prep_ms=0.01 kernel_ms=7.53 q.shape=(16384, 8, 128) n_seqs=5 max_cbl=630
(Worker_TP3 pid=2935289) [IDE_006/TSK_004 profile pid=2935289 stage=hot_cold] d2h_ms=10.71 kernel_ms=4870.50 h2d_ms=4.57 merge_ms=0.23 total_ms=4886.00 q.shape=(16384, 8, 128) max_cold_blocks=630
(Worker_TP1 pid=2935287) [IDE_006/TSK_004 profile pid=2935287 kernel=forward_partial_with_lse_amx] prep_ms=0.01 kernel_ms=7.98 q.shape=(16384, 8, 128) n_seqs=5 max_cbl=630
(Worker_TP1 pid=2935287) [IDE_006/TSK_004 profile pid=2935287 stage=hot_cold] d2h_ms=10.97 kernel_ms=4934.38 h2d_ms=4.58 merge_ms=0.21 total_ms=4950.14 q.shape=(16384, 8, 128) max_cold_blocks=630
(Worker_TP6 pid=2935292) [IDE_006/TSK_004 profile pid=2935292 kernel=forward_partial_with_lse_amx] prep_ms=0.01 kernel_ms=7.75 q.shape=(16384, 8, 128) n_seqs=5 max_cbl=630
(Worker_TP6 pid=2935292) [IDE_006/TSK_004 profile pid=2935292 stage=hot_cold] d2h_ms=14.05 kernel_ms=5085.49 h2d_ms=4.63 merge_ms=0.21 total_ms=5104.39 q.shape=(16384, 8, 128) max_cold_blocks=630
(Worker_TP5 pid=2935291) [IDE_006/TSK_004 profile pid=2935291 kernel=forward_partial_with_lse_amx] prep_ms=0.01 kernel_ms=7.76 q.shape=(16384, 8, 128) n_seqs=5 max_cbl=630
(Worker_TP4 pid=2935290) [IDE_006/TSK_004 profile pid=2935290 kernel=forward_partial_with_lse_amx] prep_ms=0.01 kernel_ms=8.15 q.shape=(16384, 8, 128) n_seqs=5 max_cbl=630
(Worker_TP5 pid=2935291) [IDE_006/TSK_004 profile pid=2935291 stage=hot_cold] d2h_ms=13.77 kernel_ms=5134.50 h2d_ms=4.69 merge_ms=0.21 total_ms=5153.17 q.shape=(16384, 8, 128) max_cold_blocks=630
(Worker_TP7 pid=2935293) [IDE_006/TSK_004 profile pid=2935293 kernel=forward_partial_with_lse_amx] prep_ms=0.01 kernel_ms=9.03 q.shape=(16384, 8, 128) n_seqs=5 max_cbl=630
(Worker_TP4 pid=2935290) [IDE_006/TSK_004 profile pid=2935290 stage=hot_cold] d2h_ms=14.04 kernel_ms=5138.96 h2d_ms=4.85 merge_ms=0.19 total_ms=5158.04 q.shape=(16384, 8, 128) max_cold_blocks=630
(Worker_TP7 pid=2935293) [IDE_006/TSK_004 profile pid=2935293 stage=hot_cold] d2h_ms=14.35 kernel_ms=5140.36 h2d_ms=4.83 merge_ms=0.22 total_ms=5159.75 q.shape=(16384, 8, 128) max_cold_blocks=630
(Worker_TP5 pid=2935291) [IDE_006/TSK_004 profile pid=2935291 kernel=forward_partial_with_lse_amx] prep_ms=0.01 kernel_ms=7.87 q.shape=(16384, 8, 128) n_seqs=5 max_cbl=630
(Worker_TP5 pid=2935291) [IDE_006/TSK_004 profile pid=2935291 stage=hot_cold] d2h_ms=10.38 kernel_ms=4404.83 h2d_ms=4.71 merge_ms=0.23 total_ms=4420.15 q.shape=(16384, 8, 128) max_cold_blocks=630
(Worker_TP1 pid=2935287) [IDE_006/TSK_004 profile pid=2935287 kernel=forward_partial_with_lse_amx] prep_ms=0.01 kernel_ms=8.08 q.shape=(16384, 8, 128) n_seqs=5 max_cbl=630
(Worker_TP1 pid=2935287) [IDE_006/TSK_004 profile pid=2935287 stage=hot_cold] d2h_ms=10.99 kernel_ms=4578.18 h2d_ms=4.69 merge_ms=0.23 total_ms=4594.10 q.shape=(16384, 8, 128) max_cold_blocks=630
(Worker_TP3 pid=2935289) [IDE_006/TSK_004 profile pid=2935289 kernel=forward_partial_with_lse_amx] prep_ms=0.01 kernel_ms=7.43 q.shape=(16384, 8, 128) n_seqs=5 max_cbl=630
(Worker_TP3 pid=2935289) [IDE_006/TSK_004 profile pid=2935289 stage=hot_cold] d2h_ms=10.78 kernel_ms=4758.85 h2d_ms=4.54 merge_ms=0.22 total_ms=4774.38 q.shape=(16384, 8, 128) max_cold_blocks=630
(Worker_TP2 pid=2935288) [IDE_006/TSK_004 profile pid=2935288 kernel=forward_partial_with_lse_amx] prep_ms=0.01 kernel_ms=7.57 q.shape=(16384, 8, 128) n_seqs=5 max_cbl=630
(Worker_TP2 pid=2935288) [IDE_006/TSK_004 profile pid=2935288 stage=hot_cold] d2h_ms=11.36 kernel_ms=5027.59 h2d_ms=4.46 merge_ms=0.21 total_ms=5043.61 q.shape=(16384, 8, 128) max_cold_blocks=630
(Worker_TP7 pid=2935293) [IDE_006/TSK_004 profile pid=2935293 kernel=forward_partial_with_lse_amx] prep_ms=0.01 kernel_ms=18.37 q.shape=(16384, 8, 128) n_seqs=5 max_cbl=630
(Worker_TP7 pid=2935293) [IDE_006/TSK_004 profile pid=2935293 stage=hot_cold] d2h_ms=10.62 kernel_ms=5201.22 h2d_ms=4.55 merge_ms=0.21 total_ms=5216.60 q.shape=(16384, 8, 128) max_cold_blocks=630
(Worker_TP0 pid=2935286) [IDE_006/TSK_004 profile pid=2935286 kernel=forward_partial_with_lse_amx] prep_ms=0.01 kernel_ms=7.88 q.shape=(16384, 8, 128) n_seqs=5 max_cbl=630
(Worker_TP0 pid=2935286) [IDE_006/TSK_004 profile pid=2935286 stage=hot_cold] d2h_ms=11.15 kernel_ms=5268.84 h2d_ms=4.57 merge_ms=0.21 total_ms=5284.77 q.shape=(16384, 8, 128) max_cold_blocks=630
(Worker_TP4 pid=2935290) [IDE_006/TSK_004 profile pid=2935290 kernel=forward_partial_with_lse_amx] prep_ms=0.01 kernel_ms=8.38 q.shape=(16384, 8, 128) n_seqs=5 max_cbl=630
(Worker_TP4 pid=2935290) [IDE_006/TSK_004 profile pid=2935290 stage=hot_cold] d2h_ms=10.47 kernel_ms=5342.43 h2d_ms=5.35 merge_ms=0.20 total_ms=5358.45 q.shape=(16384, 8, 128) max_cold_blocks=630
(Worker_TP6 pid=2935292) [IDE_006/TSK_004 profile pid=2935292 kernel=forward_partial_with_lse_amx] prep_ms=0.01 kernel_ms=16.39 q.shape=(16384, 8, 128) n_seqs=5 max_cbl=630
(Worker_TP6 pid=2935292) [IDE_006/TSK_004 profile pid=2935292 stage=hot_cold] d2h_ms=10.73 kernel_ms=5350.04 h2d_ms=4.64 merge_ms=0.21 total_ms=5365.62 q.shape=(16384, 8, 128) max_cold_blocks=630
(Worker_TP0 pid=2935286) [IDE_006/TSK_004 profile pid=2935286 kernel=forward_partial_with_lse_amx] prep_ms=0.01 kernel_ms=7.93 q.shape=(16384, 8, 128) n_seqs=5 max_cbl=630
(Worker_TP0 pid=2935286) [IDE_006/TSK_004 profile pid=2935286 stage=hot_cold] d2h_ms=10.94 kernel_ms=4784.25 h2d_ms=4.64 merge_ms=0.22 total_ms=4800.05 q.shape=(16384, 8, 128) max_cold_blocks=630
(Worker_TP1 pid=2935287) [IDE_006/TSK_004 profile pid=2935287 kernel=forward_partial_with_lse_amx] prep_ms=0.01 kernel_ms=7.84 q.shape=(16384, 8, 128) n_seqs=5 max_cbl=630
(Worker_TP1 pid=2935287) [IDE_006/TSK_004 profile pid=2935287 stage=hot_cold] d2h_ms=11.14 kernel_ms=5056.98 h2d_ms=4.64 merge_ms=0.21 total_ms=5072.98 q.shape=(16384, 8, 128) max_cold_blocks=630
(Worker_TP2 pid=2935288) [IDE_006/TSK_004 profile pid=2935288 kernel=forward_partial_with_lse_amx] prep_ms=0.01 kernel_ms=15.77 q.shape=(16384, 8, 128) n_seqs=5 max_cbl=630
(Worker_TP3 pid=2935289) [IDE_006/TSK_004 profile pid=2935289 kernel=forward_partial_with_lse_amx] prep_ms=0.01 kernel_ms=15.37 q.shape=(16384, 8, 128) n_seqs=5 max_cbl=630
(Worker_TP2 pid=2935288) [IDE_006/TSK_004 profile pid=2935288 stage=hot_cold] d2h_ms=11.22 kernel_ms=5676.54 h2d_ms=4.69 merge_ms=0.22 total_ms=5692.67 q.shape=(16384, 8, 128) max_cold_blocks=630
(Worker_TP3 pid=2935289) [IDE_006/TSK_004 profile pid=2935289 stage=hot_cold] d2h_ms=10.82 kernel_ms=5678.26 h2d_ms=4.70 merge_ms=0.22 total_ms=5694.00 q.shape=(16384, 8, 128) max_cold_blocks=630
(Worker_TP5 pid=2935291) [IDE_006/TSK_004 profile pid=2935291 kernel=forward_partial_with_lse_amx] prep_ms=0.01 kernel_ms=7.91 q.shape=(16384, 8, 128) n_seqs=5 max_cbl=630
(Worker_TP5 pid=2935291) [IDE_006/TSK_004 profile pid=2935291 stage=hot_cold] d2h_ms=10.49 kernel_ms=5730.31 h2d_ms=5.12 merge_ms=0.23 total_ms=5746.14 q.shape=(16384, 8, 128) max_cold_blocks=630
(Worker_TP6 pid=2935292) [IDE_006/TSK_004 profile pid=2935292 kernel=forward_partial_with_lse_amx] prep_ms=0.01 kernel_ms=13.73 q.shape=(16384, 8, 128) n_seqs=5 max_cbl=630
(Worker_TP4 pid=2935290) [IDE_006/TSK_004 profile pid=2935290 kernel=forward_partial_with_lse_amx] prep_ms=0.01 kernel_ms=13.57 q.shape=(16384, 8, 128) n_seqs=5 max_cbl=630
(Worker_TP7 pid=2935293) [IDE_006/TSK_004 profile pid=2935293 kernel=forward_partial_with_lse_amx] prep_ms=0.01 kernel_ms=16.03 q.shape=(16384, 8, 128) n_seqs=5 max_cbl=630
(Worker_TP4 pid=2935290) [IDE_006/TSK_004 profile pid=2935290 stage=hot_cold] d2h_ms=10.44 kernel_ms=5738.94 h2d_ms=7.23 merge_ms=0.24 total_ms=5756.84 q.shape=(16384, 8, 128) max_cold_blocks=630
(Worker_TP7 pid=2935293) [IDE_006/TSK_004 profile pid=2935293 stage=hot_cold] d2h_ms=10.75 kernel_ms=5741.22 h2d_ms=4.73 merge_ms=0.21 total_ms=5756.91 q.shape=(16384, 8, 128) max_cold_blocks=630
(Worker_TP6 pid=2935292) [IDE_006/TSK_004 profile pid=2935292 stage=hot_cold] d2h_ms=10.69 kernel_ms=5738.48 h2d_ms=7.34 merge_ms=0.41 total_ms=5756.92 q.shape=(16384, 8, 128) max_cold_blocks=630
(Worker_TP3 pid=2935289) [IDE_006/TSK_004 profile pid=2935289 kernel=forward_partial_with_lse_amx] prep_ms=0.01 kernel_ms=7.78 q.shape=(16384, 8, 128) n_seqs=5 max_cbl=630
(Worker_TP3 pid=2935289) [IDE_006/TSK_004 profile pid=2935289 stage=hot_cold] d2h_ms=10.91 kernel_ms=5525.30 h2d_ms=4.63 merge_ms=0.23 total_ms=5541.08 q.shape=(16384, 8, 128) max_cold_blocks=630
(Worker_TP0 pid=2935286) [IDE_006/TSK_004 profile pid=2935286 kernel=forward_partial_with_lse_amx] prep_ms=0.01 kernel_ms=7.60 q.shape=(16384, 8, 128) n_seqs=5 max_cbl=630
(Worker_TP0 pid=2935286) [IDE_006/TSK_004 profile pid=2935286 stage=hot_cold] d2h_ms=11.32 kernel_ms=5892.46 h2d_ms=4.64 merge_ms=0.23 total_ms=5908.65 q.shape=(16384, 8, 128) max_cold_blocks=630
(Worker_TP2 pid=2935288) [IDE_006/TSK_004 profile pid=2935288 kernel=forward_partial_with_lse_amx] prep_ms=0.01 kernel_ms=7.91 q.shape=(16384, 8, 128) n_seqs=5 max_cbl=630
(Worker_TP2 pid=2935288) [IDE_006/TSK_004 profile pid=2935288 stage=hot_cold] d2h_ms=11.05 kernel_ms=5927.10 h2d_ms=4.45 merge_ms=0.20 total_ms=5942.80 q.shape=(16384, 8, 128) max_cold_blocks=630
(Worker_TP6 pid=2935292) [IDE_006/TSK_004 profile pid=2935292 kernel=forward_partial_with_lse_amx] prep_ms=0.01 kernel_ms=10.40 q.shape=(16384, 8, 128) n_seqs=5 max_cbl=630
(Worker_TP1 pid=2935287) [IDE_006/TSK_004 profile pid=2935287 kernel=forward_partial_with_lse_amx] prep_ms=0.01 kernel_ms=7.79 q.shape=(16384, 8, 128) n_seqs=5 max_cbl=630
(Worker_TP7 pid=2935293) [IDE_006/TSK_004 profile pid=2935293 kernel=forward_partial_with_lse_amx] prep_ms=0.01 kernel_ms=8.08 q.shape=(16384, 8, 128) n_seqs=5 max_cbl=630
(Worker_TP5 pid=2935291) [IDE_006/TSK_004 profile pid=2935291 kernel=forward_partial_with_lse_amx] prep_ms=0.01 kernel_ms=8.27 q.shape=(16384, 8, 128) n_seqs=5 max_cbl=630
(Worker_TP1 pid=2935287) [IDE_006/TSK_004 profile pid=2935287 stage=hot_cold] d2h_ms=11.20 kernel_ms=6031.45 h2d_ms=4.58 merge_ms=0.22 total_ms=6047.45 q.shape=(16384, 8, 128) max_cold_blocks=630
(Worker_TP4 pid=2935290) [IDE_006/TSK_004 profile pid=2935290 kernel=forward_partial_with_lse_amx] prep_ms=0.01 kernel_ms=13.00 q.shape=(16384, 8, 128) n_seqs=5 max_cbl=630
(Worker_TP7 pid=2935293) [IDE_006/TSK_004 profile pid=2935293 stage=hot_cold] d2h_ms=10.83 kernel_ms=6033.81 h2d_ms=5.71 merge_ms=0.22 total_ms=6050.57 q.shape=(16384, 8, 128) max_cold_blocks=630
(Worker_TP6 pid=2935292) [IDE_006/TSK_004 profile pid=2935292 stage=hot_cold] d2h_ms=14.02 kernel_ms=6028.67 h2d_ms=7.46 merge_ms=0.82 total_ms=6050.96 q.shape=(16384, 8, 128) max_cold_blocks=630
(Worker_TP5 pid=2935291) [IDE_006/TSK_004 profile pid=2935291 stage=hot_cold] d2h_ms=10.69 kernel_ms=6034.85 h2d_ms=5.51 merge_ms=0.21 total_ms=6051.26 q.shape=(16384, 8, 128) max_cold_blocks=630
(Worker_TP4 pid=2935290) [IDE_006/TSK_004 profile pid=2935290 stage=hot_cold] d2h_ms=14.01 kernel_ms=6036.43 h2d_ms=5.61 merge_ms=0.20 total_ms=6056.25 q.shape=(16384, 8, 128) max_cold_blocks=630
(Worker_TP3 pid=2935289) [IDE_006/TSK_004 profile pid=2935289 kernel=forward_partial_with_lse_amx] prep_ms=0.01 kernel_ms=7.91 q.shape=(16384, 8, 128) n_seqs=5 max_cbl=630
(Worker_TP3 pid=2935289) [IDE_006/TSK_004 profile pid=2935289 stage=hot_cold] d2h_ms=10.79 kernel_ms=3762.85 h2d_ms=4.74 merge_ms=0.24 total_ms=3778.62 q.shape=(16384, 8, 128) max_cold_blocks=630
(Worker_TP0 pid=2935286) [IDE_006/TSK_004 profile pid=2935286 kernel=forward_partial_with_lse_amx] prep_ms=0.01 kernel_ms=10.47 q.shape=(16384, 8, 128) n_seqs=5 max_cbl=630
(Worker_TP0 pid=2935286) [IDE_006/TSK_004 profile pid=2935286 stage=hot_cold] d2h_ms=9.99 kernel_ms=3857.98 h2d_ms=5.34 merge_ms=0.23 total_ms=3873.54 q.shape=(16384, 8, 128) max_cold_blocks=630
(Worker_TP1 pid=2935287) [IDE_006/TSK_004 profile pid=2935287 kernel=forward_partial_with_lse_amx] prep_ms=0.01 kernel_ms=9.74 q.shape=(16384, 8, 128) n_seqs=5 max_cbl=630
(Worker_TP1 pid=2935287) [IDE_006/TSK_004 profile pid=2935287 stage=hot_cold] d2h_ms=10.50 kernel_ms=4607.82 h2d_ms=5.29 merge_ms=0.24 total_ms=4623.84 q.shape=(16384, 8, 128) max_cold_blocks=630
(Worker_TP2 pid=2935288) [IDE_006/TSK_004 profile pid=2935288 kernel=forward_partial_with_lse_amx] prep_ms=0.01 kernel_ms=8.70 q.shape=(16384, 8, 128) n_seqs=5 max_cbl=630
(Worker_TP2 pid=2935288) [IDE_006/TSK_004 profile pid=2935288 stage=hot_cold] d2h_ms=10.71 kernel_ms=4848.35 h2d_ms=4.89 merge_ms=0.24 total_ms=4864.20 q.shape=(16384, 8, 128) max_cold_blocks=630
(Worker_TP4 pid=2935290) [IDE_006/TSK_004 profile pid=2935290 kernel=forward_partial_with_lse_amx] prep_ms=0.01 kernel_ms=7.78 q.shape=(16384, 8, 128) n_seqs=5 max_cbl=630
(Worker_TP7 pid=2935293) [IDE_006/TSK_004 profile pid=2935293 kernel=forward_partial_with_lse_amx] prep_ms=0.01 kernel_ms=7.91 q.shape=(16384, 8, 128) n_seqs=5 max_cbl=630
(Worker_TP4 pid=2935290) [IDE_006/TSK_004 profile pid=2935290 stage=hot_cold] d2h_ms=14.32 kernel_ms=4985.61 h2d_ms=8.52 merge_ms=0.59 total_ms=5009.04 q.shape=(16384, 8, 128) max_cold_blocks=630
(Worker_TP5 pid=2935291) [IDE_006/TSK_004 profile pid=2935291 kernel=forward_partial_with_lse_amx] prep_ms=0.01 kernel_ms=8.54 q.shape=(16384, 8, 128) n_seqs=5 max_cbl=630
(Worker_TP6 pid=2935292) [IDE_006/TSK_004 profile pid=2935292 kernel=forward_partial_with_lse_amx] prep_ms=0.01 kernel_ms=12.29 q.shape=(16384, 8, 128) n_seqs=5 max_cbl=630
(Worker_TP7 pid=2935293) [IDE_006/TSK_004 profile pid=2935293 stage=hot_cold] d2h_ms=10.66 kernel_ms=4997.97 h2d_ms=5.53 merge_ms=0.22 total_ms=5014.37 q.shape=(16384, 8, 128) max_cold_blocks=630
(Worker_TP5 pid=2935291) [IDE_006/TSK_004 profile pid=2935291 stage=hot_cold] d2h_ms=10.42 kernel_ms=4999.12 h2d_ms=5.45 merge_ms=0.21 total_ms=5015.20 q.shape=(16384, 8, 128) max_cold_blocks=630
(Worker_TP6 pid=2935292) [IDE_006/TSK_004 profile pid=2935292 stage=hot_cold] d2h_ms=14.36 kernel_ms=4998.19 h2d_ms=5.45 merge_ms=0.22 total_ms=5018.22 q.shape=(16384, 8, 128) max_cold_blocks=630
(Worker_TP1 pid=2935287) [IDE_006/TSK_004 profile pid=2935287 kernel=forward_partial_with_lse_amx] prep_ms=0.01 kernel_ms=7.79 q.shape=(16384, 8, 128) n_seqs=5 max_cbl=630
(Worker_TP1 pid=2935287) [IDE_006/TSK_004 profile pid=2935287 stage=hot_cold] d2h_ms=9.98 kernel_ms=4385.80 h2d_ms=4.76 merge_ms=0.24 total_ms=4400.78 q.shape=(16384, 8, 128) max_cold_blocks=630
(Worker_TP0 pid=2935286) [IDE_006/TSK_004 profile pid=2935286 kernel=forward_partial_with_lse_amx] prep_ms=0.01 kernel_ms=7.40 q.shape=(16384, 8, 128) n_seqs=5 max_cbl=630
(Worker_TP0 pid=2935286) [IDE_006/TSK_004 profile pid=2935286 stage=hot_cold] d2h_ms=10.34 kernel_ms=4850.34 h2d_ms=4.46 merge_ms=0.21 total_ms=4865.35 q.shape=(16384, 8, 128) max_cold_blocks=630
(Worker_TP2 pid=2935288) [IDE_006/TSK_004 profile pid=2935288 kernel=forward_partial_with_lse_amx] prep_ms=0.01 kernel_ms=7.29 q.shape=(16384, 8, 128) n_seqs=5 max_cbl=630
(Worker_TP2 pid=2935288) [IDE_006/TSK_004 profile pid=2935288 stage=hot_cold] d2h_ms=11.40 kernel_ms=5000.28 h2d_ms=4.40 merge_ms=0.20 total_ms=5016.28 q.shape=(16384, 8, 128) max_cold_blocks=630
(Worker_TP3 pid=2935289) [IDE_006/TSK_004 profile pid=2935289 kernel=forward_partial_with_lse_amx] prep_ms=0.01 kernel_ms=12.09 q.shape=(16384, 8, 128) n_seqs=5 max_cbl=630
(Worker_TP3 pid=2935289) [IDE_006/TSK_004 profile pid=2935289 stage=hot_cold] d2h_ms=10.72 kernel_ms=5138.15 h2d_ms=4.61 merge_ms=0.23 total_ms=5153.70 q.shape=(16384, 8, 128) max_cold_blocks=630
(Worker_TP4 pid=2935290) [IDE_006/TSK_004 profile pid=2935290 kernel=forward_partial_with_lse_amx] prep_ms=0.01 kernel_ms=7.84 q.shape=(16384, 8, 128) n_seqs=5 max_cbl=630
(Worker_TP4 pid=2935290) [IDE_006/TSK_004 profile pid=2935290 stage=hot_cold] d2h_ms=14.12 kernel_ms=5285.42 h2d_ms=4.69 merge_ms=0.21 total_ms=5304.44 q.shape=(16384, 8, 128) max_cold_blocks=630
(Worker_TP5 pid=2935291) [IDE_006/TSK_004 profile pid=2935291 kernel=forward_partial_with_lse_amx] prep_ms=0.01 kernel_ms=8.12 q.shape=(16384, 8, 128) n_seqs=5 max_cbl=630
(Worker_TP7 pid=2935293) [IDE_006/TSK_004 profile pid=2935293 kernel=forward_partial_with_lse_amx] prep_ms=0.01 kernel_ms=8.67 q.shape=(16384, 8, 128) n_seqs=5 max_cbl=630
(Worker_TP6 pid=2935292) [IDE_006/TSK_004 profile pid=2935292 kernel=forward_partial_with_lse_amx] prep_ms=0.01 kernel_ms=9.91 q.shape=(16384, 8, 128) n_seqs=5 max_cbl=630
(Worker_TP5 pid=2935291) [IDE_006/TSK_004 profile pid=2935291 stage=hot_cold] d2h_ms=10.73 kernel_ms=5331.27 h2d_ms=5.45 merge_ms=0.21 total_ms=5347.67 q.shape=(16384, 8, 128) max_cold_blocks=630
(Worker_TP7 pid=2935293) [IDE_006/TSK_004 profile pid=2935293 stage=hot_cold] d2h_ms=10.93 kernel_ms=5332.00 h2d_ms=5.39 merge_ms=0.21 total_ms=5348.54 q.shape=(16384, 8, 128) max_cold_blocks=630
(Worker_TP6 pid=2935292) [IDE_006/TSK_004 profile pid=2935292 stage=hot_cold] d2h_ms=14.11 kernel_ms=5329.93 h2d_ms=5.52 merge_ms=0.22 total_ms=5349.79 q.shape=(16384, 8, 128) max_cold_blocks=630
(Worker_TP3 pid=2935289) [IDE_006/TSK_004 profile pid=2935289 kernel=forward_partial_with_lse_amx] prep_ms=0.01 kernel_ms=7.73 q.shape=(16384, 8, 128) n_seqs=5 max_cbl=630
(Worker_TP3 pid=2935289) [IDE_006/TSK_004 profile pid=2935289 stage=hot_cold] d2h_ms=10.98 kernel_ms=4068.62 h2d_ms=4.69 merge_ms=0.23 total_ms=4084.52 q.shape=(16384, 8, 128) max_cold_blocks=630
(Worker_TP0 pid=2935286) [IDE_006/TSK_004 profile pid=2935286 kernel=forward_partial_with_lse_amx] prep_ms=0.01 kernel_ms=7.47 q.shape=(16384, 8, 128) n_seqs=5 max_cbl=630
(Worker_TP0 pid=2935286) [IDE_006/TSK_004 profile pid=2935286 stage=hot_cold] d2h_ms=10.71 kernel_ms=4994.93 h2d_ms=4.49 merge_ms=0.21 total_ms=5010.34 q.shape=(16384, 8, 128) max_cold_blocks=630
(Worker_TP1 pid=2935287) [IDE_006/TSK_004 profile pid=2935287 kernel=forward_partial_with_lse_amx] prep_ms=0.01 kernel_ms=7.45 q.shape=(16384, 8, 128) n_seqs=5 max_cbl=630
(Worker_TP1 pid=2935287) [IDE_006/TSK_004 profile pid=2935287 stage=hot_cold] d2h_ms=11.26 kernel_ms=5038.08 h2d_ms=4.71 merge_ms=0.21 total_ms=5054.26 q.shape=(16384, 8, 128) max_cold_blocks=630
(Worker_TP2 pid=2935288) [IDE_006/TSK_004 profile pid=2935288 kernel=forward_partial_with_lse_amx] prep_ms=0.01 kernel_ms=7.51 q.shape=(16384, 8, 128) n_seqs=5 max_cbl=630
(Worker_TP2 pid=2935288) [IDE_006/TSK_004 profile pid=2935288 stage=hot_cold] d2h_ms=11.05 kernel_ms=5116.66 h2d_ms=4.44 merge_ms=0.20 total_ms=5132.35 q.shape=(16384, 8, 128) max_cold_blocks=630
(Worker_TP6 pid=2935292) [IDE_006/TSK_004 profile pid=2935292 kernel=forward_partial_with_lse_amx] prep_ms=0.01 kernel_ms=7.80 q.shape=(16384, 8, 128) n_seqs=5 max_cbl=630
(Worker_TP6 pid=2935292) [IDE_006/TSK_004 profile pid=2935292 stage=hot_cold] d2h_ms=14.25 kernel_ms=5244.44 h2d_ms=4.69 merge_ms=0.21 total_ms=5263.60 q.shape=(16384, 8, 128) max_cold_blocks=630
(Worker_TP4 pid=2935290) [IDE_006/TSK_004 profile pid=2935290 kernel=forward_partial_with_lse_amx] prep_ms=0.01 kernel_ms=9.78 q.shape=(16384, 8, 128) n_seqs=5 max_cbl=630
(Worker_TP5 pid=2935291) [IDE_006/TSK_004 profile pid=2935291 kernel=forward_partial_with_lse_amx] prep_ms=0.01 kernel_ms=13.04 q.shape=(16384, 8, 128) n_seqs=5 max_cbl=630
(Worker_TP7 pid=2935293) [IDE_006/TSK_004 profile pid=2935293 kernel=forward_partial_with_lse_amx] prep_ms=0.01 kernel_ms=13.34 q.shape=(16384, 8, 128) n_seqs=5 max_cbl=630
(Worker_TP4 pid=2935290) [IDE_006/TSK_004 profile pid=2935290 stage=hot_cold] d2h_ms=14.26 kernel_ms=5305.97 h2d_ms=5.54 merge_ms=0.22 total_ms=5325.99 q.shape=(16384, 8, 128) max_cold_blocks=630
(Worker_TP5 pid=2935291) [IDE_006/TSK_004 profile pid=2935291 stage=hot_cold] d2h_ms=10.69 kernel_ms=5313.45 h2d_ms=7.09 merge_ms=0.43 total_ms=5331.66 q.shape=(16384, 8, 128) max_cold_blocks=630
