(Worker_TP4 pid=2846708) INFO 04-28 23:57:20 [kv_connector_model_runner_mixin.py:262] Allocating a cross layer KV cache of shape (76016, 80, 2, 16, 1, 128)
(Worker_TP0 pid=2846704) INFO 04-28 23:57:22 [intel_cpu_utils.py:119] NUMA initialized: 2 nodes available
(Worker_TP0 pid=2846704) INFO 04-28 23:57:22 [numa_aware.py:241] [IDE_006/TSK_004] rank=0 bound CPU memory preference to NUMA node 0
(Worker_TP4 pid=2846708) INFO 04-28 23:57:22 [intel_cpu_utils.py:119] NUMA initialized: 2 nodes available
(Worker_TP4 pid=2846708) INFO 04-28 23:57:22 [numa_aware.py:241] [IDE_006/TSK_004] rank=4 bound CPU memory preference to NUMA node 1
(Worker_TP7 pid=2846711) INFO 04-28 23:57:22 [intel_cpu_utils.py:119] NUMA initialized: 2 nodes available
(Worker_TP7 pid=2846711) INFO 04-28 23:57:22 [numa_aware.py:241] [IDE_006/TSK_004] rank=7 bound CPU memory preference to NUMA node 1
(Worker_TP5 pid=2846709) INFO 04-28 23:57:22 [intel_cpu_utils.py:119] NUMA initialized: 2 nodes available
(Worker_TP5 pid=2846709) INFO 04-28 23:57:22 [numa_aware.py:241] [IDE_006/TSK_004] rank=5 bound CPU memory preference to NUMA node 1
(Worker_TP1 pid=2846705) INFO 04-28 23:57:22 [intel_cpu_utils.py:119] NUMA initialized: 2 nodes available
(Worker_TP1 pid=2846705) INFO 04-28 23:57:22 [numa_aware.py:241] [IDE_006/TSK_004] rank=1 bound CPU memory preference to NUMA node 0
(Worker_TP6 pid=2846710) INFO 04-28 23:57:22 [intel_cpu_utils.py:119] NUMA initialized: 2 nodes available
(Worker_TP6 pid=2846710) INFO 04-28 23:57:22 [numa_aware.py:241] [IDE_006/TSK_004] rank=6 bound CPU memory preference to NUMA node 1
(Worker_TP3 pid=2846707) INFO 04-28 23:57:22 [intel_cpu_utils.py:119] NUMA initialized: 2 nodes available
(Worker_TP3 pid=2846707) INFO 04-28 23:57:22 [numa_aware.py:241] [IDE_006/TSK_004] rank=3 bound CPU memory preference to NUMA node 0
(Worker_TP2 pid=2846706) INFO 04-28 23:57:22 [intel_cpu_utils.py:119] NUMA initialized: 2 nodes available
(Worker_TP2 pid=2846706) INFO 04-28 23:57:22 [numa_aware.py:241] [IDE_006/TSK_004] rank=2 bound CPU memory preference to NUMA node 0
(Worker_TP3 pid=2846707) INFO 04-28 23:57:23 [numa_aware.py:317] [IDE_006/TSK_004] rank=3 pinned threads to NUMA node 0 (28/112 cores: 140~167)
(Worker_TP3 pid=2846707) INFO 04-28 23:57:23 [cpu_gpu.py:429] Allocating 1 CPU tensors...
(Worker_TP0 pid=2846704) INFO 04-28 23:57:24 [numa_aware.py:317] [IDE_006/TSK_004] rank=0 pinned threads to NUMA node 0 (28/112 cores: 0~27)
(Worker_TP0 pid=2846704) INFO 04-28 23:57:24 [cpu_gpu.py:429] Allocating 1 CPU tensors...
(Worker_TP4 pid=2846708) INFO 04-28 23:57:24 [numa_aware.py:317] [IDE_006/TSK_004] rank=4 pinned threads to NUMA node 1 (28/112 cores: 56~83)
(Worker_TP4 pid=2846708) INFO 04-28 23:57:24 [cpu_gpu.py:429] Allocating 1 CPU tensors...
(Worker_TP5 pid=2846709) INFO 04-28 23:57:24 [numa_aware.py:317] [IDE_006/TSK_004] rank=5 pinned threads to NUMA node 1 (28/112 cores: 84~111)
(Worker_TP5 pid=2846709) INFO 04-28 23:57:24 [cpu_gpu.py:429] Allocating 1 CPU tensors...
(Worker_TP1 pid=2846705) INFO 04-28 23:57:24 [numa_aware.py:317] [IDE_006/TSK_004] rank=1 pinned threads to NUMA node 0 (28/112 cores: 28~55)
(Worker_TP1 pid=2846705) INFO 04-28 23:57:24 [cpu_gpu.py:429] Allocating 1 CPU tensors...
(Worker_TP2 pid=2846706) INFO 04-28 23:57:24 [numa_aware.py:317] [IDE_006/TSK_004] rank=2 pinned threads to NUMA node 0 (28/112 cores: 112~139)
(Worker_TP2 pid=2846706) INFO 04-28 23:57:24 [cpu_gpu.py:429] Allocating 1 CPU tensors...
(Worker_TP7 pid=2846711) INFO 04-28 23:57:24 [numa_aware.py:317] [IDE_006/TSK_004] rank=7 pinned threads to NUMA node 1 (28/112 cores: 196~223)
(Worker_TP7 pid=2846711) INFO 04-28 23:57:24 [cpu_gpu.py:429] Allocating 1 CPU tensors...
(Worker_TP6 pid=2846710) INFO 04-28 23:57:24 [numa_aware.py:317] [IDE_006/TSK_004] rank=6 pinned threads to NUMA node 1 (28/112 cores: 168~195)
(Worker_TP6 pid=2846710) INFO 04-28 23:57:24 [cpu_gpu.py:429] Allocating 1 CPU tensors...
(Worker_TP5 pid=2846709) INFO 04-28 23:58:19 [custom_all_reduce.py:215] Registering 0 cuda graph addresses
(Worker_TP7 pid=2846711) INFO 04-28 23:58:19 [custom_all_reduce.py:215] Registering 0 cuda graph addresses
(Worker_TP3 pid=2846707) INFO 04-28 23:58:19 [custom_all_reduce.py:215] Registering 0 cuda graph addresses
(Worker_TP4 pid=2846708) INFO 04-28 23:58:19 [custom_all_reduce.py:215] Registering 0 cuda graph addresses
(Worker_TP1 pid=2846705) INFO 04-28 23:58:19 [custom_all_reduce.py:215] Registering 0 cuda graph addresses
(Worker_TP6 pid=2846710) INFO 04-28 23:58:19 [custom_all_reduce.py:215] Registering 0 cuda graph addresses
(Worker_TP0 pid=2846704) INFO 04-28 23:58:19 [custom_all_reduce.py:215] Registering 0 cuda graph addresses
(Worker_TP2 pid=2846706) INFO 04-28 23:58:19 [custom_all_reduce.py:215] Registering 0 cuda graph addresses
(Worker_TP7 pid=2846711) INFO 04-28 23:58:19 [gpu_worker.py:601] CUDA graph pool memory: 0.95 GiB (actual), 0.91 GiB (estimated), difference: 0.04 GiB (4.1%).
(Worker_TP5 pid=2846709) INFO 04-28 23:58:19 [gpu_worker.py:601] CUDA graph pool memory: 0.95 GiB (actual), 0.91 GiB (estimated), difference: 0.04 GiB (4.1%).
(Worker_TP6 pid=2846710) INFO 04-28 23:58:19 [gpu_worker.py:601] CUDA graph pool memory: 0.95 GiB (actual), 0.91 GiB (estimated), difference: 0.04 GiB (4.1%).
(Worker_TP3 pid=2846707) INFO 04-28 23:58:19 [gpu_worker.py:601] CUDA graph pool memory: 0.95 GiB (actual), 0.91 GiB (estimated), difference: 0.04 GiB (4.1%).
(Worker_TP0 pid=2846704) INFO 04-28 23:58:19 [gpu_model_runner.py:6305] Graph capturing finished in 15 secs, took 0.95 GiB
(Worker_TP0 pid=2846704) INFO 04-28 23:58:19 [gpu_worker.py:601] CUDA graph pool memory: 0.95 GiB (actual), 0.91 GiB (estimated), difference: 0.04 GiB (4.1%).
(Worker_TP4 pid=2846708) INFO 04-28 23:58:20 [gpu_worker.py:601] CUDA graph pool memory: 0.95 GiB (actual), 0.91 GiB (estimated), difference: 0.04 GiB (4.1%).
(Worker_TP1 pid=2846705) INFO 04-28 23:58:20 [gpu_worker.py:601] CUDA graph pool memory: 0.95 GiB (actual), 0.91 GiB (estimated), difference: 0.04 GiB (4.1%).
(Worker_TP2 pid=2846706) INFO 04-28 23:58:20 [gpu_worker.py:601] CUDA graph pool memory: 0.95 GiB (actual), 0.91 GiB (estimated), difference: 0.04 GiB (4.1%).
(EngineCore pid=2846246) INFO 04-28 23:58:20 [core.py:299] init engine (profile, create kv cache, warmup model) took 87.51 s (compilation: 29.37 s)
(EngineCore pid=2846246) INFO 04-28 23:58:22 [factory.py:64] Creating v1 connector with name: OffloadingConnector and engine_id: 206f0c12-fa6c-4121-9f5d-c676fdbd2dc4
(EngineCore pid=2846246) WARNING 04-28 23:58:22 [base.py:189] Initializing KVConnectorBase_V1. This API is experimental and subject to change in the future as we iterate the design.
(EngineCore pid=2846246) INFO 04-28 23:58:22 [factory.py:51] Creating offloading spec with name: CPUOffloadingSpec
(EngineCore pid=2846246) WARNING 04-28 23:58:22 [spec.py:75] Initializing OffloadingSpec. This API is experimental and subject to change in the future as we iterate the design.
(EngineCore pid=2846246) INFO 04-28 23:58:22 [vllm.py:834] Asynchronous scheduling is enabled.
(EngineCore pid=2846246) INFO 04-28 23:58:22 [kernel.py:199] Final IR op priority after setting platform defaults: IrOpPriorityConfig(rms_norm=['native'])
(EngineCore pid=2846246) INFO 04-28 23:58:23 [compilation.py:294] Enabled custom fusions: allreduce_rms
  [split_on] batched generate: 100 prompts in flight
  [split_on] batched generate complete: 100 prompts in 392.7s (avg 3.93s/prompt)
[split_on] done in 522.7s
(EngineCore pid=2846246) INFO 04-29 00:04:56 [core.py:1234] Shutdown initiated (timeout=0)
(EngineCore pid=2846246) INFO 04-29 00:04:56 [core.py:1257] Shutdown complete
(Worker_TP7 pid=2846711) INFO 04-29 00:04:56 [multiproc_executor.py:872] WorkerProc shutting down.
(Worker_TP6 pid=2846710) INFO 04-29 00:04:56 [multiproc_executor.py:872] WorkerProc shutting down.
(Worker_TP5 pid=2846709) INFO 04-29 00:04:56 [multiproc_executor.py:872] WorkerProc shutting down.
(Worker_TP1 pid=2846705) INFO 04-29 00:04:56 [multiproc_executor.py:872] WorkerProc shutting down.
(Worker_TP3 pid=2846707) INFO 04-29 00:04:56 [multiproc_executor.py:872] WorkerProc shutting down.
(Worker_TP4 pid=2846708) INFO 04-29 00:04:56 [multiproc_executor.py:872] WorkerProc shutting down.
(Worker_TP0 pid=2846704) INFO 04-29 00:04:56 [multiproc_executor.py:775] Parent process exited, terminating worker queues
(Worker_TP2 pid=2846706) INFO 04-29 00:04:56 [multiproc_executor.py:872] WorkerProc shutting down.
(Worker_TP0 pid=2846704) INFO 04-29 00:04:56 [multiproc_executor.py:872] WorkerProc shutting down.

============================================================
D-i  (token divergence):  FAIL  [informational — does not affect overall]
D-ii (logprob / PPL):     PASS  [binding]
overall:                  PASS
results -> /workspace/vllm_hybrid/eval/results/20260428_234135_Intel_Xeon_Platinum_8480+x2_H100_80GB_HBM3x8_tsk009_three_scen_B/output_heavy/e2e_artifacts
============================================================
