[02:42:56] === SUB_213 K-sweep start: pad 고정, K {4,6,8,12} x 7 corpora ===
[02:42:56] boot pid=3458928 cell=K4pad (taskset 0-47,56-103)
[02:44:16] READY
[02:44:16] cell K4pad: baseline (aggressor 없음)
[02:44:16]   bench K4pad x sharegpt
[02:47:05]   bench K4pad x swebench
[02:48:39]   bench K4pad x humaneval
[02:50:51]   bench K4pad x mbpp
[02:51:34]   bench K4pad x wildchat
[02:54:47]   bench K4pad x lmsys
[02:57:13]   bench K4pad x mix
shadow_assists/features/IDE_023_cpu_slack_harvest/SUB_213_fap_suffix_uniform/run_sub213_ksweep.sh: line 142: 3458928 Killed                  env CUDA_VISIBLE_DEVICES=$GPUS $EXTRA_ENV setsid taskset -c "$VLLM_CPUS" "$VBIN" serve "$MODEL" --tensor-parallel-size $TP --port $PORT --gpu-memory-utilization 0.85 --max-model-len "$MML" --compilation-config '{"cudagraph_mode":"FULL_AND_PIECEWISE"}' --speculative-config "{\"method\":\"suffix\",\"num_speculative_tokens\":$SPEC_K}" > "$BOOT_LOG" 2>&1 < /dev/null
[02:59:44] GPU freed
[02:59:44] boot pid=3473430 cell=K6pad (taskset 0-47,56-103)
[03:01:05] READY
[03:01:05] cell K6pad: baseline (aggressor 없음)
[03:01:05]   bench K6pad x sharegpt
[03:03:41]   bench K6pad x swebench
[03:05:17]   bench K6pad x humaneval
[03:07:22]   bench K6pad x mbpp
[03:08:08]   bench K6pad x wildchat
[03:11:20]   bench K6pad x lmsys
[03:13:38]   bench K6pad x mix
shadow_assists/features/IDE_023_cpu_slack_harvest/SUB_213_fap_suffix_uniform/run_sub213_ksweep.sh: line 142: 3473430 Killed                  env CUDA_VISIBLE_DEVICES=$GPUS $EXTRA_ENV setsid taskset -c "$VLLM_CPUS" "$VBIN" serve "$MODEL" --tensor-parallel-size $TP --port $PORT --gpu-memory-utilization 0.85 --max-model-len "$MML" --compilation-config '{"cudagraph_mode":"FULL_AND_PIECEWISE"}' --speculative-config "{\"method\":\"suffix\",\"num_speculative_tokens\":$SPEC_K}" > "$BOOT_LOG" 2>&1 < /dev/null
[03:15:41] GPU freed
[03:15:41] boot pid=3487642 cell=K8pad (taskset 0-47,56-103)
[03:17:01] READY
[03:17:01] cell K8pad: baseline (aggressor 없음)
[03:17:01]   bench K8pad x sharegpt
[03:19:44]   bench K8pad x swebench
[03:21:11]   bench K8pad x humaneval
[03:23:21]   bench K8pad x mbpp
[03:24:10]   bench K8pad x wildchat
[03:27:16]   bench K8pad x lmsys
[03:29:37]   bench K8pad x mix
shadow_assists/features/IDE_023_cpu_slack_harvest/SUB_213_fap_suffix_uniform/run_sub213_ksweep.sh: line 142: 3487642 Killed                  env CUDA_VISIBLE_DEVICES=$GPUS $EXTRA_ENV setsid taskset -c "$VLLM_CPUS" "$VBIN" serve "$MODEL" --tensor-parallel-size $TP --port $PORT --gpu-memory-utilization 0.85 --max-model-len "$MML" --compilation-config '{"cudagraph_mode":"FULL_AND_PIECEWISE"}' --speculative-config "{\"method\":\"suffix\",\"num_speculative_tokens\":$SPEC_K}" > "$BOOT_LOG" 2>&1 < /dev/null
[03:32:03] GPU freed
[03:32:03] boot pid=3501968 cell=K12pad (taskset 0-47,56-103)
[03:33:18] READY
[03:33:18] cell K12pad: baseline (aggressor 없음)
[03:33:18]   bench K12pad x sharegpt
[03:36:13]   bench K12pad x swebench
[03:37:46]   bench K12pad x humaneval
[03:39:57]   bench K12pad x mbpp
[03:40:50]   bench K12pad x wildchat
[03:44:12]   bench K12pad x lmsys
[03:46:40]   bench K12pad x mix
shadow_assists/features/IDE_023_cpu_slack_harvest/SUB_213_fap_suffix_uniform/run_sub213_ksweep.sh: line 142: 3501968 Killed                  env CUDA_VISIBLE_DEVICES=$GPUS $EXTRA_ENV setsid taskset -c "$VLLM_CPUS" "$VBIN" serve "$MODEL" --tensor-parallel-size $TP --port $PORT --gpu-memory-utilization 0.85 --max-model-len "$MML" --compilation-config '{"cudagraph_mode":"FULL_AND_PIECEWISE"}' --speculative-config "{\"method\":\"suffix\",\"num_speculative_tokens\":$SPEC_K}" > "$BOOT_LOG" 2>&1 < /dev/null
[03:48:06] GPU freed
[03:48:06] === SUB_213 K-sweep done ===
