(Worker_TP1 pid=3216509) INFO 04-29 03:22:23 [kv_connector_model_runner_mixin.py:262] Allocating a cross layer KV cache of shape (76016, 80, 2, 16, 1, 128)
(Worker_TP3 pid=3216511) INFO 04-29 03:22:23 [kv_connector_model_runner_mixin.py:262] Allocating a cross layer KV cache of shape (76016, 80, 2, 16, 1, 128)
(Worker_TP0 pid=3216508) INFO 04-29 03:22:23 [kv_connector_model_runner_mixin.py:262] Allocating a cross layer KV cache of shape (76016, 80, 2, 16, 1, 128)
(Worker_TP6 pid=3216514) INFO 04-29 03:22:23 [kv_connector_model_runner_mixin.py:262] Allocating a cross layer KV cache of shape (76016, 80, 2, 16, 1, 128)
(Worker_TP5 pid=3216513) INFO 04-29 03:22:25 [intel_cpu_utils.py:119] NUMA initialized: 2 nodes available
(Worker_TP5 pid=3216513) INFO 04-29 03:22:25 [numa_aware.py:241] [IDE_006/TSK_004] rank=5 bound CPU memory preference to NUMA node 1
(Worker_TP1 pid=3216509) INFO 04-29 03:22:25 [intel_cpu_utils.py:119] NUMA initialized: 2 nodes available
(Worker_TP1 pid=3216509) INFO 04-29 03:22:25 [numa_aware.py:241] [IDE_006/TSK_004] rank=1 bound CPU memory preference to NUMA node 0
(Worker_TP3 pid=3216511) INFO 04-29 03:22:25 [intel_cpu_utils.py:119] NUMA initialized: 2 nodes available
(Worker_TP3 pid=3216511) INFO 04-29 03:22:25 [numa_aware.py:241] [IDE_006/TSK_004] rank=3 bound CPU memory preference to NUMA node 0
(Worker_TP7 pid=3216515) INFO 04-29 03:22:25 [intel_cpu_utils.py:119] NUMA initialized: 2 nodes available
(Worker_TP7 pid=3216515) INFO 04-29 03:22:25 [numa_aware.py:241] [IDE_006/TSK_004] rank=7 bound CPU memory preference to NUMA node 1
(Worker_TP4 pid=3216512) INFO 04-29 03:22:25 [intel_cpu_utils.py:119] NUMA initialized: 2 nodes available
(Worker_TP4 pid=3216512) INFO 04-29 03:22:25 [numa_aware.py:241] [IDE_006/TSK_004] rank=4 bound CPU memory preference to NUMA node 1
(Worker_TP2 pid=3216510) INFO 04-29 03:22:25 [intel_cpu_utils.py:119] NUMA initialized: 2 nodes available
(Worker_TP2 pid=3216510) INFO 04-29 03:22:25 [numa_aware.py:241] [IDE_006/TSK_004] rank=2 bound CPU memory preference to NUMA node 0
(Worker_TP6 pid=3216514) INFO 04-29 03:22:25 [intel_cpu_utils.py:119] NUMA initialized: 2 nodes available
(Worker_TP6 pid=3216514) INFO 04-29 03:22:25 [numa_aware.py:241] [IDE_006/TSK_004] rank=6 bound CPU memory preference to NUMA node 1
(Worker_TP0 pid=3216508) INFO 04-29 03:22:25 [intel_cpu_utils.py:119] NUMA initialized: 2 nodes available
(Worker_TP0 pid=3216508) INFO 04-29 03:22:25 [numa_aware.py:241] [IDE_006/TSK_004] rank=0 bound CPU memory preference to NUMA node 0
(Worker_TP1 pid=3216509) INFO 04-29 03:22:26 [numa_aware.py:317] [IDE_006/TSK_004] rank=1 pinned threads to NUMA node 0 (28/112 cores: 28~55)
(Worker_TP1 pid=3216509) INFO 04-29 03:22:26 [cpu_gpu.py:379] Allocating 1 CPU tensors...
(Worker_TP3 pid=3216511) INFO 04-29 03:22:27 [numa_aware.py:317] [IDE_006/TSK_004] rank=3 pinned threads to NUMA node 0 (28/112 cores: 140~167)
(Worker_TP3 pid=3216511) INFO 04-29 03:22:27 [cpu_gpu.py:379] Allocating 1 CPU tensors...
(Worker_TP7 pid=3216515) INFO 04-29 03:22:27 [numa_aware.py:317] [IDE_006/TSK_004] rank=7 pinned threads to NUMA node 1 (28/112 cores: 196~223)
(Worker_TP7 pid=3216515) INFO 04-29 03:22:27 [cpu_gpu.py:379] Allocating 1 CPU tensors...
(Worker_TP6 pid=3216514) INFO 04-29 03:22:27 [numa_aware.py:317] [IDE_006/TSK_004] rank=6 pinned threads to NUMA node 1 (28/112 cores: 168~195)
(Worker_TP6 pid=3216514) INFO 04-29 03:22:27 [cpu_gpu.py:379] Allocating 1 CPU tensors...
(Worker_TP4 pid=3216512) INFO 04-29 03:22:27 [numa_aware.py:317] [IDE_006/TSK_004] rank=4 pinned threads to NUMA node 1 (28/112 cores: 56~83)
(Worker_TP4 pid=3216512) INFO 04-29 03:22:27 [cpu_gpu.py:379] Allocating 1 CPU tensors...
(Worker_TP0 pid=3216508) INFO 04-29 03:22:27 [numa_aware.py:317] [IDE_006/TSK_004] rank=0 pinned threads to NUMA node 0 (28/112 cores: 0~27)
(Worker_TP0 pid=3216508) INFO 04-29 03:22:27 [cpu_gpu.py:379] Allocating 1 CPU tensors...
(Worker_TP2 pid=3216510) INFO 04-29 03:22:27 [numa_aware.py:317] [IDE_006/TSK_004] rank=2 pinned threads to NUMA node 0 (28/112 cores: 112~139)
(Worker_TP2 pid=3216510) INFO 04-29 03:22:27 [cpu_gpu.py:379] Allocating 1 CPU tensors...
(Worker_TP5 pid=3216513) INFO 04-29 03:22:27 [numa_aware.py:317] [IDE_006/TSK_004] rank=5 pinned threads to NUMA node 1 (28/112 cores: 84~111)
(Worker_TP5 pid=3216513) INFO 04-29 03:22:27 [cpu_gpu.py:379] Allocating 1 CPU tensors...
(Worker_TP3 pid=3216511) INFO 04-29 03:23:20 [custom_all_reduce.py:215] Registering 0 cuda graph addresses
(Worker_TP1 pid=3216509) INFO 04-29 03:23:20 [custom_all_reduce.py:215] Registering 0 cuda graph addresses
(Worker_TP7 pid=3216515) INFO 04-29 03:23:20 [custom_all_reduce.py:215] Registering 0 cuda graph addresses
(Worker_TP5 pid=3216513) INFO 04-29 03:23:20 [custom_all_reduce.py:215] Registering 0 cuda graph addresses
(Worker_TP0 pid=3216508) INFO 04-29 03:23:20 [custom_all_reduce.py:215] Registering 0 cuda graph addresses
(Worker_TP6 pid=3216514) INFO 04-29 03:23:20 [custom_all_reduce.py:215] Registering 0 cuda graph addresses
(Worker_TP4 pid=3216512) INFO 04-29 03:23:20 [custom_all_reduce.py:215] Registering 0 cuda graph addresses
(Worker_TP2 pid=3216510) INFO 04-29 03:23:20 [custom_all_reduce.py:215] Registering 0 cuda graph addresses
(Worker_TP4 pid=3216512) INFO 04-29 03:23:20 [gpu_worker.py:601] CUDA graph pool memory: 0.95 GiB (actual), 0.91 GiB (estimated), difference: 0.04 GiB (4.1%).
(Worker_TP0 pid=3216508) INFO 04-29 03:23:20 [gpu_model_runner.py:6305] Graph capturing finished in 14 secs, took 0.95 GiB
(Worker_TP0 pid=3216508) INFO 04-29 03:23:20 [gpu_worker.py:601] CUDA graph pool memory: 0.95 GiB (actual), 0.91 GiB (estimated), difference: 0.04 GiB (4.1%).
(Worker_TP3 pid=3216511) INFO 04-29 03:23:20 [gpu_worker.py:601] CUDA graph pool memory: 0.95 GiB (actual), 0.91 GiB (estimated), difference: 0.04 GiB (4.1%).
(Worker_TP7 pid=3216515) INFO 04-29 03:23:20 [gpu_worker.py:601] CUDA graph pool memory: 0.95 GiB (actual), 0.91 GiB (estimated), difference: 0.04 GiB (4.1%).
(Worker_TP1 pid=3216509) INFO 04-29 03:23:20 [gpu_worker.py:601] CUDA graph pool memory: 0.95 GiB (actual), 0.91 GiB (estimated), difference: 0.04 GiB (4.1%).
(Worker_TP6 pid=3216514) INFO 04-29 03:23:20 [gpu_worker.py:601] CUDA graph pool memory: 0.95 GiB (actual), 0.91 GiB (estimated), difference: 0.04 GiB (4.1%).
(Worker_TP5 pid=3216513) INFO 04-29 03:23:21 [gpu_worker.py:601] CUDA graph pool memory: 0.95 GiB (actual), 0.91 GiB (estimated), difference: 0.04 GiB (4.1%).
(Worker_TP2 pid=3216510) INFO 04-29 03:23:21 [gpu_worker.py:601] CUDA graph pool memory: 0.95 GiB (actual), 0.91 GiB (estimated), difference: 0.04 GiB (4.1%).
(EngineCore pid=3216044) INFO 04-29 03:23:21 [core.py:299] init engine (profile, create kv cache, warmup model) took 83.70 s (compilation: 28.13 s)
(EngineCore pid=3216044) INFO 04-29 03:23:23 [factory.py:64] Creating v1 connector with name: OffloadingConnector and engine_id: 27267826-0525-4366-b554-473e20067576
(EngineCore pid=3216044) WARNING 04-29 03:23:23 [base.py:189] Initializing KVConnectorBase_V1. This API is experimental and subject to change in the future as we iterate the design.
(EngineCore pid=3216044) INFO 04-29 03:23:23 [factory.py:51] Creating offloading spec with name: CPUOffloadingSpec
(EngineCore pid=3216044) WARNING 04-29 03:23:23 [spec.py:75] Initializing OffloadingSpec. This API is experimental and subject to change in the future as we iterate the design.
(EngineCore pid=3216044) INFO 04-29 03:23:23 [vllm.py:834] Asynchronous scheduling is enabled.
(EngineCore pid=3216044) INFO 04-29 03:23:23 [kernel.py:199] Final IR op priority after setting platform defaults: IrOpPriorityConfig(rms_norm=['native'])
(EngineCore pid=3216044) INFO 04-29 03:23:24 [compilation.py:294] Enabled custom fusions: allreduce_rms
  [split_on] batched generate: 100 prompts in flight
  [split_on] batched generate complete: 100 prompts in 184.7s (avg 1.85s/prompt)
[split_on] done in 311.4s
(EngineCore pid=3216044) INFO 04-29 03:26:29 [core.py:1234] Shutdown initiated (timeout=0)
(EngineCore pid=3216044) INFO 04-29 03:26:29 [core.py:1257] Shutdown complete
(Worker_TP4 pid=3216512) INFO 04-29 03:26:29 [multiproc_executor.py:872] WorkerProc shutting down.
(Worker_TP7 pid=3216515) INFO 04-29 03:26:29 [multiproc_executor.py:872] WorkerProc shutting down.
(Worker_TP6 pid=3216514) INFO 04-29 03:26:29 [multiproc_executor.py:872] WorkerProc shutting down.
(Worker_TP3 pid=3216511) INFO 04-29 03:26:29 [multiproc_executor.py:872] WorkerProc shutting down.
(Worker_TP1 pid=3216509) INFO 04-29 03:26:29 [multiproc_executor.py:872] WorkerProc shutting down.
(Worker_TP0 pid=3216508) INFO 04-29 03:26:29 [multiproc_executor.py:775] Parent process exited, terminating worker queues
(Worker_TP5 pid=3216513) INFO 04-29 03:26:29 [multiproc_executor.py:872] WorkerProc shutting down.
(Worker_TP2 pid=3216510) INFO 04-29 03:26:29 [multiproc_executor.py:872] WorkerProc shutting down.
(Worker_TP0 pid=3216508) INFO 04-29 03:26:29 [multiproc_executor.py:872] WorkerProc shutting down.

============================================================
D-i  (token divergence):  PASS  [informational — does not affect overall]
D-ii (logprob / PPL):     PASS  [binding]
overall:                  PASS
results -> /workspace/vllm_hybrid/eval/results/20260429_022637_Intel_Xeon_Platinum_8480+x2_H100_80GB_HBM3x8_tsk009_validation/equal_B/e2e_artifacts
============================================================
