W0617 08:22:08.029000 2926444 torch/distributed/run.py:851] 
W0617 08:22:08.029000 2926444 torch/distributed/run.py:851] *****************************************
W0617 08:22:08.029000 2926444 torch/distributed/run.py:851] Setting OMP_NUM_THREADS environment variable for each process to be 1 in default, to avoid your system being overloaded, please further tune the variable for optimal performance in your application as needed. 
W0617 08:22:08.029000 2926444 torch/distributed/run.py:851] *****************************************
/home/mystous/vllm_hybrid/shadow_assists/features/IDE_023_cpu_slack_harvest/SUB_256_comm_bottleneck/exp/symm_mem_bench.py:33: FutureWarning: `enable_symm_mem_for_group` is deprecated. There is no need to call this function anymore.
  symm_mem.enable_symm_mem_for_group(GRP if dist.group.WORLD is None else dist.group.WORLD.group_name)
/home/mystous/vllm_hybrid/shadow_assists/features/IDE_023_cpu_slack_harvest/SUB_256_comm_bottleneck/exp/symm_mem_bench.py:33: FutureWarning: `enable_symm_mem_for_group` is deprecated. There is no need to call this function anymore.
  symm_mem.enable_symm_mem_for_group(GRP if dist.group.WORLD is None else dist.group.WORLD.group_name)
/home/mystous/vllm_hybrid/shadow_assists/features/IDE_023_cpu_slack_harvest/SUB_256_comm_bottleneck/exp/symm_mem_bench.py:33: FutureWarning: `enable_symm_mem_for_group` is deprecated. There is no need to call this function anymore.
  symm_mem.enable_symm_mem_for_group(GRP if dist.group.WORLD is None else dist.group.WORLD.group_name)
/home/mystous/vllm_hybrid/shadow_assists/features/IDE_023_cpu_slack_harvest/SUB_256_comm_bottleneck/exp/symm_mem_bench.py:33: FutureWarning: `enable_symm_mem_for_group` is deprecated. There is no need to call this function anymore.
  symm_mem.enable_symm_mem_for_group(GRP if dist.group.WORLD is None else dist.group.WORLD.group_name)
/home/mystous/vllm_hybrid/shadow_assists/features/IDE_023_cpu_slack_harvest/SUB_256_comm_bottleneck/exp/symm_mem_bench.py:33: FutureWarning: `enable_symm_mem_for_group` is deprecated. There is no need to call this function anymore.
  symm_mem.enable_symm_mem_for_group(GRP if dist.group.WORLD is None else dist.group.WORLD.group_name)
/home/mystous/vllm_hybrid/shadow_assists/features/IDE_023_cpu_slack_harvest/SUB_256_comm_bottleneck/exp/symm_mem_bench.py:33: FutureWarning: `enable_symm_mem_for_group` is deprecated. There is no need to call this function anymore.
  symm_mem.enable_symm_mem_for_group(GRP if dist.group.WORLD is None else dist.group.WORLD.group_name)
/home/mystous/vllm_hybrid/shadow_assists/features/IDE_023_cpu_slack_harvest/SUB_256_comm_bottleneck/exp/symm_mem_bench.py:33: FutureWarning: `enable_symm_mem_for_group` is deprecated. There is no need to call this function anymore.
  symm_mem.enable_symm_mem_for_group(GRP if dist.group.WORLD is None else dist.group.WORLD.group_name)
/home/mystous/vllm_hybrid/shadow_assists/features/IDE_023_cpu_slack_harvest/SUB_256_comm_bottleneck/exp/symm_mem_bench.py:33: FutureWarning: `enable_symm_mem_for_group` is deprecated. There is no need to call this function anymore.
  symm_mem.enable_symm_mem_for_group(GRP if dist.group.WORLD is None else dist.group.WORLD.group_name)
/home/mystous/vllm_dev_prj/lib/python3.12/site-packages/torch/distributed/c10d_logger.py:83: UserWarning: barrier(): using the device under current context. You can specify `device_id` in `init_process_group` to mute this warning.
  return func(*args, **kwargs)
/home/mystous/vllm_dev_prj/lib/python3.12/site-packages/torch/distributed/c10d_logger.py:83: UserWarning: barrier(): using the device under current context. You can specify `device_id` in `init_process_group` to mute this warning.
  return func(*args, **kwargs)
