output dir: /workspace/vllm_hybrid/eval/results/20260428_040446_Intel_Xeon_Platinum_8480+x2_H100_80GB_HBM3x8_cold_verify/e2e_artifacts
workload: 50 prompts × ~14336 input tokens × 16 max generated tokens (env NUM_PROMPTS=100, INPUT_LEN=14336, OUTPUT_LEN=128)
[split-on-only] skipping baseline LLM load + generation. Only the split_on env runs — useful for verifying cold-path dispatch via the [IDE_006 diag ...] log lines without the cost of a full TST_003 comparison.

[split_on] env=ide006_cold_kv_split_on_long_ctx.env model=meta-llama/Llama-3.3-70B-Instruct TP=8 max_model_len=16384
[split_on]   kv_transfer_config={"kv_connector": "OffloadingConnector", "kv_role": "kv_both", "enable_cpu_partial_attention": true, "kv_connector_extra_config": {"cpu_bytes_to_use": 549755813888}}
INFO 04-28 04:04:57 [arg_utils.py:691] HF_HUB_OFFLINE is True, replace model_id [meta-llama/Llama-3.3-70B-Instruct] to model_path [/root/.cache/huggingface/hub/models--meta-llama--Llama-3.3-70B-Instruct/snapshots/6f6073b423013f6a7d4d9f39144961bfbfbc386b]
INFO 04-28 04:04:58 [utils.py:233] non-default args: {'max_model_len': 16384, 'tensor_parallel_size': 8, 'gpu_memory_utilization': 0.85, 'disable_log_stats': True, 'kv_transfer_config': KVTransferConfig(kv_connector='OffloadingConnector', engine_id='2c3915f6-dd3e-4330-932f-6574cca2adb9', kv_buffer_device='cuda', kv_buffer_size=1000000000.0, kv_role='kv_both', kv_rank=None, kv_parallel_size=1, kv_ip='127.0.0.1', kv_port=14579, kv_connector_extra_config={'cpu_bytes_to_use': 549755813888}, kv_connector_module_path=None, enable_permute_local_kv=False, kv_load_failure_policy='fail', enable_cpu_partial_attention=True), 'model': '/root/.cache/huggingface/hub/models--meta-llama--Llama-3.3-70B-Instruct/snapshots/6f6073b423013f6a7d4d9f39144961bfbfbc386b'}
WARNING 04-28 04:04:58 [envs.py:1785] Unknown vLLM environment variable detected: VLLM_COLD_KV_FALLBACK_DEADLINE_MS
INFO 04-28 04:04:58 [model.py:554] Resolved architecture: LlamaForCausalLM
INFO 04-28 04:04:58 [model.py:1685] Using max model len 16384
INFO 04-28 04:04:58 [scheduler.py:239] Chunked prefill is enabled with max_num_batched_tokens=16384.
INFO 04-28 04:04:58 [vllm.py:834] Asynchronous scheduling is enabled.
INFO 04-28 04:04:58 [kernel.py:199] Final IR op priority after setting platform defaults: IrOpPriorityConfig(rms_norm=['native'])
WARNING 04-28 04:05:03 [vllm.py:1294] Turning off hybrid kv cache manager because `--kv-transfer-config` is set. This will reduce the performance of vLLM on LLMs with sliding window attention or Mamba attention. If you are a developer of kv connector, please consider supporting hybrid kv cache manager for your connector by making sure your connector is a subclass of `SupportsHMA` defined in kv_connector/v1/base.py and use --no-disable-hybrid-kv-cache-manager to start vLLM.
INFO 04-28 04:05:03 [compilation.py:294] Enabled custom fusions: allreduce_rms
WARNING 04-28 04:05:04 [system_utils.py:157] We must use the `spawn` multiprocessing start method. Overriding VLLM_WORKER_MULTIPROC_METHOD to 'spawn'. See https://docs.vllm.ai/en/latest/usage/troubleshooting.html#python-multiprocessing for more information. Reasons: CUDA is initialized
(EngineCore pid=819366) INFO 04-28 04:05:11 [core.py:107] Initializing a V1 LLM engine (v0.1.dev15917+g0a6396b45) with config: model='/root/.cache/huggingface/hub/models--meta-llama--Llama-3.3-70B-Instruct/snapshots/6f6073b423013f6a7d4d9f39144961bfbfbc386b', speculative_config=None, tokenizer='/root/.cache/huggingface/hub/models--meta-llama--Llama-3.3-70B-Instruct/snapshots/6f6073b423013f6a7d4d9f39144961bfbfbc386b', skip_tokenizer_init=False, tokenizer_mode=auto, revision=None, tokenizer_revision=None, trust_remote_code=False, dtype=torch.bfloat16, max_seq_len=16384, download_dir=None, load_format=auto, tensor_parallel_size=8, pipeline_parallel_size=1, data_parallel_size=1, decode_context_parallel_size=1, dcp_comm_backend=ag_rs, disable_custom_all_reduce=False, quantization=None, quantization_config=None, enforce_eager=False, enable_return_routed_experts=False, kv_cache_dtype=auto, device_config=cuda, structured_outputs_config=StructuredOutputsConfig(backend='auto', disable_any_whitespace=False, disable_additional_properties=False, reasoning_parser='', reasoning_parser_plugin='', enable_in_reasoning=False), observability_config=ObservabilityConfig(show_hidden_metrics_for_version=None, otlp_traces_endpoint=None, collect_detailed_traces=None, kv_cache_metrics=False, kv_cache_metrics_sample=0.01, cudagraph_metrics=False, enable_layerwise_nvtx_tracing=False, enable_mfu_metrics=False, enable_mm_processor_stats=False, enable_logging_iteration_details=False), seed=0, served_model_name=/root/.cache/huggingface/hub/models--meta-llama--Llama-3.3-70B-Instruct/snapshots/6f6073b423013f6a7d4d9f39144961bfbfbc386b, enable_prefix_caching=True, enable_chunked_prefill=True, pooler_config=None, compilation_config={'mode': <CompilationMode.VLLM_COMPILE: 3>, 'debug_dump_path': None, 'cache_dir': '', 'compile_cache_save_format': 'binary', 'backend': 'inductor', 'custom_ops': ['none'], 'ir_enable_torch_wrap': True, 'splitting_ops': ['vllm::unified_attention_with_output', 'vllm::unified_mla_attention_with_output', 'vllm::mamba_mixer2', 'vllm::mamba_mixer', 'vllm::short_conv', 'vllm::linear_attention', 'vllm::plamo2_mamba_mixer', 'vllm::gdn_attention_core', 'vllm::olmo_hybrid_gdn_full_forward', 'vllm::kda_attention', 'vllm::sparse_attn_indexer', 'vllm::rocm_aiter_sparse_attn_indexer', 'vllm::unified_kv_cache_update', 'vllm::unified_mla_kv_cache_update'], 'compile_mm_encoder': False, 'cudagraph_mm_encoder': False, 'encoder_cudagraph_token_budgets': [], 'encoder_cudagraph_max_vision_items_per_batch': 0, 'encoder_cudagraph_max_frames_per_batch': 0, 'compile_sizes': [], 'compile_ranges_endpoints': [32, 16384], 'inductor_compile_config': {'enable_auto_functionalized_v2': False, 'size_asserts': False, 'alignment_asserts': False, 'scalar_asserts': False, 'combo_kernels': True, 'benchmark_combo_kernel': True}, 'inductor_passes': {}, 'cudagraph_mode': <CUDAGraphMode.FULL_AND_PIECEWISE: (2, 1)>, 'cudagraph_num_of_warmups': 1, 'cudagraph_capture_sizes': [1, 2, 4, 8, 16, 24, 32, 40, 48, 56, 64, 72, 80, 88, 96, 104, 112, 120, 128, 136, 144, 152, 160, 168, 176, 184, 192, 200, 208, 216, 224, 232, 240, 248, 256, 272, 288, 304, 320, 336, 352, 368, 384, 400, 416, 432, 448, 464, 480, 496, 512], 'cudagraph_copy_inputs': False, 'cudagraph_specialize_lora': True, 'use_inductor_graph_partition': False, 'pass_config': {'fuse_norm_quant': False, 'fuse_act_quant': False, 'fuse_attn_quant': False, 'enable_sp': False, 'fuse_gemm_comms': False, 'fuse_allreduce_rms': True}, 'max_cudagraph_capture_size': 512, 'dynamic_shapes_config': {'type': <DynamicShapesType.BACKED: 'backed'>, 'evaluate_guards': False, 'assume_32_bit_indexing': False}, 'local_cache_dir': None, 'fast_moe_cold_start': False, 'static_all_moe_layers': []}, kernel_config=KernelConfig(ir_op_priority=IrOpPriorityConfig(rms_norm=['native']), enable_flashinfer_autotune=True, moe_backend='auto')
(EngineCore pid=819366) WARNING 04-28 04:05:11 [multiproc_executor.py:1029] Reducing Torch parallelism from 112 threads to 1 to avoid unnecessary CPU contention. Set OMP_NUM_THREADS in the external environment to tune this value as needed.
(EngineCore pid=819366) INFO 04-28 04:05:11 [multiproc_executor.py:139] DP group leader: node_rank=0, node_rank_within_dp=0, master_addr=127.0.0.1, mq_connect_ip=211.115.75.82 (local), world_size=8, local_world_size=8
(Worker pid=819785) INFO 04-28 04:05:26 [parallel_state.py:1400] world_size=8 rank=0 local_rank=0 distributed_init_method=tcp://127.0.0.1:41523 backend=nccl
(Worker pid=819789) INFO 04-28 04:05:27 [parallel_state.py:1400] world_size=8 rank=4 local_rank=4 distributed_init_method=tcp://127.0.0.1:41523 backend=nccl
(Worker pid=819792) INFO 04-28 04:05:27 [parallel_state.py:1400] world_size=8 rank=7 local_rank=7 distributed_init_method=tcp://127.0.0.1:41523 backend=nccl
(Worker pid=819788) INFO 04-28 04:05:27 [parallel_state.py:1400] world_size=8 rank=3 local_rank=3 distributed_init_method=tcp://127.0.0.1:41523 backend=nccl
(Worker pid=819791) INFO 04-28 04:05:27 [parallel_state.py:1400] world_size=8 rank=6 local_rank=6 distributed_init_method=tcp://127.0.0.1:41523 backend=nccl
(Worker pid=819787) INFO 04-28 04:05:27 [parallel_state.py:1400] world_size=8 rank=2 local_rank=2 distributed_init_method=tcp://127.0.0.1:41523 backend=nccl
(Worker pid=819790) INFO 04-28 04:05:27 [parallel_state.py:1400] world_size=8 rank=5 local_rank=5 distributed_init_method=tcp://127.0.0.1:41523 backend=nccl
(Worker pid=819786) INFO 04-28 04:05:27 [parallel_state.py:1400] world_size=8 rank=1 local_rank=1 distributed_init_method=tcp://127.0.0.1:41523 backend=nccl
(Worker pid=819785) INFO 04-28 04:05:28 [pynccl.py:111] vLLM is using nccl==2.28.9
(Worker pid=819785) INFO 04-28 04:05:31 [parallel_state.py:1713] rank 0 in world size 8 is assigned as DP rank 0, PP rank 0, PCP rank 0, TP rank 0, EP rank N/A, EPLB rank N/A
(Worker_TP0 pid=819785) INFO 04-28 04:05:32 [gpu_model_runner.py:4971] Starting to load model /root/.cache/huggingface/hub/models--meta-llama--Llama-3.3-70B-Instruct/snapshots/6f6073b423013f6a7d4d9f39144961bfbfbc386b...
(Worker_TP0 pid=819785) INFO 04-28 04:05:33 [cuda.py:368] Using FLASH_ATTN attention backend out of potential backends: ['FLASH_ATTN', 'FLASHINFER', 'TRITON_ATTN', 'FLEX_ATTENTION'].
(Worker_TP0 pid=819785) INFO 04-28 04:05:33 [flash_attn.py:692] Using FlashAttention version 3
(Worker_TP0 pid=819785) INFO 04-28 04:05:33 [weight_utils.py:904] Filesystem type for checkpoints: XFS. Checkpoint size: 131.42 GiB. Available RAM: 1948.21 GiB.
(Worker_TP0 pid=819785) INFO 04-28 04:05:33 [weight_utils.py:927] Auto-prefetch is disabled because the filesystem (XFS) is not a recognized network FS (NFS/Lustre). If you want to force prefetching, start vLLM with --safetensors-load-strategy=prefetch.
(Worker_TP0 pid=819785) INFO 04-28 04:05:43 [default_loader.py:384] Loading weights took 9.90 seconds
(Worker_TP0 pid=819785) INFO 04-28 04:05:44 [gpu_model_runner.py:5056] Model loading took 16.46 GiB memory and 10.902030 seconds
(Worker_TP0 pid=819785) INFO 04-28 04:05:51 [backends.py:1077] Using cache directory: /root/.cache/vllm/torch_compile_cache/cc5215fef3/rank_0_0/backbone for vLLM's torch.compile
(Worker_TP0 pid=819785) INFO 04-28 04:05:51 [backends.py:1137] Dynamo bytecode transform time: 6.67 s
(Worker_TP0 pid=819785) INFO 04-28 04:05:51 [flashinfer_all_reduce.py:109] Auto-selected flashinfer allreduce backend: trtllm
(Worker_TP0 pid=819785) INFO 04-28 04:05:53 [flashinfer_all_reduce.py:149] Initialized FlashInfer Allreduce norm fusion workspace with backend=trtllm
(Worker_TP1 pid=819786) INFO 04-28 04:06:05 [decorators.py:305] Directly load AOT compilation from path /root/.cache/vllm/torch_compile_cache/torch_aot_compile/5bf5020bfb80bd2c75fff7b27c3a043c8d0ab57d421e7408288141aec7610eb2/rank_1_0/model
(Worker_TP6 pid=819791) INFO 04-28 04:06:05 [decorators.py:305] Directly load AOT compilation from path /root/.cache/vllm/torch_compile_cache/torch_aot_compile/5bf5020bfb80bd2c75fff7b27c3a043c8d0ab57d421e7408288141aec7610eb2/rank_6_0/model
(Worker_TP0 pid=819785) INFO 04-28 04:06:05 [backends.py:290] Directly load the compiled graph(s) for compile range (1, 32) from the cache, took 10.528 s
(Worker_TP0 pid=819785) INFO 04-28 04:06:05 [backends.py:290] Directly load the compiled graph(s) for compile range (33, 16384) from the cache, took 10.562 s
(Worker_TP7 pid=819792) INFO 04-28 04:06:05 [decorators.py:305] Directly load AOT compilation from path /root/.cache/vllm/torch_compile_cache/torch_aot_compile/5bf5020bfb80bd2c75fff7b27c3a043c8d0ab57d421e7408288141aec7610eb2/rank_7_0/model
(Worker_TP0 pid=819785) INFO 04-28 04:06:05 [decorators.py:305] Directly load AOT compilation from path /root/.cache/vllm/torch_compile_cache/torch_aot_compile/5bf5020bfb80bd2c75fff7b27c3a043c8d0ab57d421e7408288141aec7610eb2/rank_0_0/model
(Worker_TP0 pid=819785) INFO 04-28 04:06:05 [monitor.py:48] torch.compile took 20.87 s in total
(Worker_TP5 pid=819790) INFO 04-28 04:06:05 [decorators.py:305] Directly load AOT compilation from path /root/.cache/vllm/torch_compile_cache/torch_aot_compile/5bf5020bfb80bd2c75fff7b27c3a043c8d0ab57d421e7408288141aec7610eb2/rank_5_0/model
(Worker_TP4 pid=819789) INFO 04-28 04:06:05 [decorators.py:305] Directly load AOT compilation from path /root/.cache/vllm/torch_compile_cache/torch_aot_compile/5bf5020bfb80bd2c75fff7b27c3a043c8d0ab57d421e7408288141aec7610eb2/rank_4_0/model
(Worker_TP3 pid=819788) INFO 04-28 04:06:05 [decorators.py:305] Directly load AOT compilation from path /root/.cache/vllm/torch_compile_cache/torch_aot_compile/5bf5020bfb80bd2c75fff7b27c3a043c8d0ab57d421e7408288141aec7610eb2/rank_3_0/model
(Worker_TP2 pid=819787) INFO 04-28 04:06:05 [decorators.py:305] Directly load AOT compilation from path /root/.cache/vllm/torch_compile_cache/torch_aot_compile/5bf5020bfb80bd2c75fff7b27c3a043c8d0ab57d421e7408288141aec7610eb2/rank_2_0/model
(Worker_TP0 pid=819785) INFO 04-28 04:06:07 [monitor.py:76] Initial profiling/warmup run took 1.63 s
(Worker_TP3 pid=819788) INFO 04-28 04:06:07 [kv_cache_utils.py:829] Overriding num_gpu_blocks=0 with num_gpu_blocks_override=512
(Worker_TP1 pid=819786) INFO 04-28 04:06:07 [kv_cache_utils.py:829] Overriding num_gpu_blocks=0 with num_gpu_blocks_override=512
(Worker_TP3 pid=819788) INFO 04-28 04:06:07 [gpu_model_runner.py:6135] Profiling CUDA graph memory: PIECEWISE=51 (largest=512), FULL=51 (largest=512)
(Worker_TP4 pid=819789) INFO 04-28 04:06:07 [kv_cache_utils.py:829] Overriding num_gpu_blocks=0 with num_gpu_blocks_override=512
(Worker_TP1 pid=819786) INFO 04-28 04:06:07 [gpu_model_runner.py:6135] Profiling CUDA graph memory: PIECEWISE=51 (largest=512), FULL=51 (largest=512)
(Worker_TP6 pid=819791) INFO 04-28 04:06:07 [kv_cache_utils.py:829] Overriding num_gpu_blocks=0 with num_gpu_blocks_override=512
(Worker_TP2 pid=819787) INFO 04-28 04:06:07 [kv_cache_utils.py:829] Overriding num_gpu_blocks=0 with num_gpu_blocks_override=512
(Worker_TP5 pid=819790) INFO 04-28 04:06:07 [kv_cache_utils.py:829] Overriding num_gpu_blocks=0 with num_gpu_blocks_override=512
(Worker_TP4 pid=819789) INFO 04-28 04:06:07 [gpu_model_runner.py:6135] Profiling CUDA graph memory: PIECEWISE=51 (largest=512), FULL=51 (largest=512)
(Worker_TP7 pid=819792) INFO 04-28 04:06:07 [kv_cache_utils.py:829] Overriding num_gpu_blocks=0 with num_gpu_blocks_override=512
(Worker_TP6 pid=819791) INFO 04-28 04:06:07 [gpu_model_runner.py:6135] Profiling CUDA graph memory: PIECEWISE=51 (largest=512), FULL=51 (largest=512)
(Worker_TP5 pid=819790) INFO 04-28 04:06:07 [gpu_model_runner.py:6135] Profiling CUDA graph memory: PIECEWISE=51 (largest=512), FULL=51 (largest=512)
(Worker_TP2 pid=819787) INFO 04-28 04:06:07 [gpu_model_runner.py:6135] Profiling CUDA graph memory: PIECEWISE=51 (largest=512), FULL=51 (largest=512)
(Worker_TP7 pid=819792) INFO 04-28 04:06:07 [gpu_model_runner.py:6135] Profiling CUDA graph memory: PIECEWISE=51 (largest=512), FULL=51 (largest=512)
(Worker_TP0 pid=819785) INFO 04-28 04:06:07 [kv_cache_utils.py:829] Overriding num_gpu_blocks=0 with num_gpu_blocks_override=512
(Worker_TP0 pid=819785) INFO 04-28 04:06:07 [utils.py:44] Connectors do not specify a kv cache layout, defaulting to NHD.
(Worker_TP0 pid=819785) INFO 04-28 04:06:07 [gpu_model_runner.py:6135] Profiling CUDA graph memory: PIECEWISE=51 (largest=512), FULL=51 (largest=512)
(Worker_TP3 pid=819788) INFO 04-28 04:06:08 [custom_all_reduce.py:215] Registering 0 cuda graph addresses
(Worker_TP0 pid=819785) INFO 04-28 04:06:08 [custom_all_reduce.py:215] Registering 0 cuda graph addresses
(Worker_TP4 pid=819789) INFO 04-28 04:06:08 [custom_all_reduce.py:215] Registering 0 cuda graph addresses
(Worker_TP5 pid=819790) INFO 04-28 04:06:08 [custom_all_reduce.py:215] Registering 0 cuda graph addresses
(Worker_TP6 pid=819791) INFO 04-28 04:06:08 [custom_all_reduce.py:215] Registering 0 cuda graph addresses
(Worker_TP1 pid=819786) INFO 04-28 04:06:08 [custom_all_reduce.py:215] Registering 0 cuda graph addresses
(Worker_TP7 pid=819792) INFO 04-28 04:06:08 [custom_all_reduce.py:215] Registering 0 cuda graph addresses
(Worker_TP2 pid=819787) INFO 04-28 04:06:08 [custom_all_reduce.py:215] Registering 0 cuda graph addresses
(Worker_TP1 pid=819786) INFO 04-28 04:06:09 [gpu_model_runner.py:6214] Estimated CUDA graph memory: 0.91 GiB total
(Worker_TP5 pid=819790) INFO 04-28 04:06:09 [gpu_model_runner.py:6214] Estimated CUDA graph memory: 0.91 GiB total
(Worker_TP4 pid=819789) INFO 04-28 04:06:09 [gpu_model_runner.py:6214] Estimated CUDA graph memory: 0.91 GiB total
(Worker_TP3 pid=819788) INFO 04-28 04:06:09 [gpu_model_runner.py:6214] Estimated CUDA graph memory: 0.91 GiB total
(Worker_TP6 pid=819791) INFO 04-28 04:06:09 [gpu_model_runner.py:6214] Estimated CUDA graph memory: 0.91 GiB total
(Worker_TP7 pid=819792) INFO 04-28 04:06:09 [gpu_model_runner.py:6214] Estimated CUDA graph memory: 0.91 GiB total
(Worker_TP0 pid=819785) INFO 04-28 04:06:09 [gpu_model_runner.py:6214] Estimated CUDA graph memory: 0.91 GiB total
(Worker_TP2 pid=819787) INFO 04-28 04:06:09 [gpu_model_runner.py:6214] Estimated CUDA graph memory: 0.91 GiB total
(Worker_TP1 pid=819786) INFO 04-28 04:06:10 [gpu_worker.py:474] In v0.19, CUDA graph memory profiling will be enabled by default (VLLM_MEMORY_PROFILER_ESTIMATE_CUDAGRAPHS=1), which more accurately accounts for CUDA graph memory during KV cache allocation. To try it now, set VLLM_MEMORY_PROFILER_ESTIMATE_CUDAGRAPHS=1 and increase --gpu-memory-utilization from 0.8500 to 0.8615 to maintain the same effective KV cache size.
(Worker_TP5 pid=819790) INFO 04-28 04:06:10 [gpu_worker.py:474] In v0.19, CUDA graph memory profiling will be enabled by default (VLLM_MEMORY_PROFILER_ESTIMATE_CUDAGRAPHS=1), which more accurately accounts for CUDA graph memory during KV cache allocation. To try it now, set VLLM_MEMORY_PROFILER_ESTIMATE_CUDAGRAPHS=1 and increase --gpu-memory-utilization from 0.8500 to 0.8615 to maintain the same effective KV cache size.
(Worker_TP4 pid=819789) INFO 04-28 04:06:10 [gpu_worker.py:474] In v0.19, CUDA graph memory profiling will be enabled by default (VLLM_MEMORY_PROFILER_ESTIMATE_CUDAGRAPHS=1), which more accurately accounts for CUDA graph memory during KV cache allocation. To try it now, set VLLM_MEMORY_PROFILER_ESTIMATE_CUDAGRAPHS=1 and increase --gpu-memory-utilization from 0.8500 to 0.8615 to maintain the same effective KV cache size.
(Worker_TP3 pid=819788) INFO 04-28 04:06:10 [gpu_worker.py:474] In v0.19, CUDA graph memory profiling will be enabled by default (VLLM_MEMORY_PROFILER_ESTIMATE_CUDAGRAPHS=1), which more accurately accounts for CUDA graph memory during KV cache allocation. To try it now, set VLLM_MEMORY_PROFILER_ESTIMATE_CUDAGRAPHS=1 and increase --gpu-memory-utilization from 0.8500 to 0.8615 to maintain the same effective KV cache size.
(Worker_TP2 pid=819787) INFO 04-28 04:06:10 [gpu_worker.py:474] In v0.19, CUDA graph memory profiling will be enabled by default (VLLM_MEMORY_PROFILER_ESTIMATE_CUDAGRAPHS=1), which more accurately accounts for CUDA graph memory during KV cache allocation. To try it now, set VLLM_MEMORY_PROFILER_ESTIMATE_CUDAGRAPHS=1 and increase --gpu-memory-utilization from 0.8500 to 0.8615 to maintain the same effective KV cache size.
(Worker_TP6 pid=819791) INFO 04-28 04:06:10 [gpu_worker.py:474] In v0.19, CUDA graph memory profiling will be enabled by default (VLLM_MEMORY_PROFILER_ESTIMATE_CUDAGRAPHS=1), which more accurately accounts for CUDA graph memory during KV cache allocation. To try it now, set VLLM_MEMORY_PROFILER_ESTIMATE_CUDAGRAPHS=1 and increase --gpu-memory-utilization from 0.8500 to 0.8615 to maintain the same effective KV cache size.
(Worker_TP0 pid=819785) INFO 04-28 04:06:10 [gpu_worker.py:440] Available KV cache memory: 46.4 GiB
(Worker_TP0 pid=819785) INFO 04-28 04:06:10 [gpu_worker.py:474] In v0.19, CUDA graph memory profiling will be enabled by default (VLLM_MEMORY_PROFILER_ESTIMATE_CUDAGRAPHS=1), which more accurately accounts for CUDA graph memory during KV cache allocation. To try it now, set VLLM_MEMORY_PROFILER_ESTIMATE_CUDAGRAPHS=1 and increase --gpu-memory-utilization from 0.8500 to 0.8615 to maintain the same effective KV cache size.
(Worker_TP7 pid=819792) INFO 04-28 04:06:10 [gpu_worker.py:474] In v0.19, CUDA graph memory profiling will be enabled by default (VLLM_MEMORY_PROFILER_ESTIMATE_CUDAGRAPHS=1), which more accurately accounts for CUDA graph memory during KV cache allocation. To try it now, set VLLM_MEMORY_PROFILER_ESTIMATE_CUDAGRAPHS=1 and increase --gpu-memory-utilization from 0.8500 to 0.8615 to maintain the same effective KV cache size.
(EngineCore pid=819366) INFO 04-28 04:06:10 [kv_cache_utils.py:1319] GPU KV cache size: 1,216,256 tokens
(EngineCore pid=819366) INFO 04-28 04:06:10 [kv_cache_utils.py:1324] Maximum concurrency for 16,384 tokens per request: 74.23x
(Worker_TP5 pid=819790) INFO 04-28 04:06:10 [factory.py:64] Creating v1 connector with name: OffloadingConnector and engine_id: 2c3915f6-dd3e-4330-932f-6574cca2adb9
(Worker_TP1 pid=819786) INFO 04-28 04:06:10 [factory.py:64] Creating v1 connector with name: OffloadingConnector and engine_id: 2c3915f6-dd3e-4330-932f-6574cca2adb9
(Worker_TP4 pid=819789) INFO 04-28 04:06:10 [factory.py:64] Creating v1 connector with name: OffloadingConnector and engine_id: 2c3915f6-dd3e-4330-932f-6574cca2adb9
(Worker_TP5 pid=819790) WARNING 04-28 04:06:10 [base.py:189] Initializing KVConnectorBase_V1. This API is experimental and subject to change in the future as we iterate the design.
(Worker_TP3 pid=819788) INFO 04-28 04:06:10 [factory.py:64] Creating v1 connector with name: OffloadingConnector and engine_id: 2c3915f6-dd3e-4330-932f-6574cca2adb9
(Worker_TP6 pid=819791) INFO 04-28 04:06:10 [factory.py:64] Creating v1 connector with name: OffloadingConnector and engine_id: 2c3915f6-dd3e-4330-932f-6574cca2adb9
(Worker_TP0 pid=819785) INFO 04-28 04:06:10 [factory.py:64] Creating v1 connector with name: OffloadingConnector and engine_id: 2c3915f6-dd3e-4330-932f-6574cca2adb9
(Worker_TP4 pid=819789) WARNING 04-28 04:06:10 [base.py:189] Initializing KVConnectorBase_V1. This API is experimental and subject to change in the future as we iterate the design.
(Worker_TP1 pid=819786) WARNING 04-28 04:06:10 [base.py:189] Initializing KVConnectorBase_V1. This API is experimental and subject to change in the future as we iterate the design.
(Worker_TP2 pid=819787) INFO 04-28 04:06:10 [factory.py:64] Creating v1 connector with name: OffloadingConnector and engine_id: 2c3915f6-dd3e-4330-932f-6574cca2adb9
(Worker_TP3 pid=819788) WARNING 04-28 04:06:10 [base.py:189] Initializing KVConnectorBase_V1. This API is experimental and subject to change in the future as we iterate the design.
(Worker_TP6 pid=819791) WARNING 04-28 04:06:10 [base.py:189] Initializing KVConnectorBase_V1. This API is experimental and subject to change in the future as we iterate the design.
(Worker_TP0 pid=819785) WARNING 04-28 04:06:10 [base.py:189] Initializing KVConnectorBase_V1. This API is experimental and subject to change in the future as we iterate the design.
(Worker_TP2 pid=819787) WARNING 04-28 04:06:10 [base.py:189] Initializing KVConnectorBase_V1. This API is experimental and subject to change in the future as we iterate the design.
(Worker_TP7 pid=819792) INFO 04-28 04:06:10 [factory.py:64] Creating v1 connector with name: OffloadingConnector and engine_id: 2c3915f6-dd3e-4330-932f-6574cca2adb9
(Worker_TP7 pid=819792) WARNING 04-28 04:06:10 [base.py:189] Initializing KVConnectorBase_V1. This API is experimental and subject to change in the future as we iterate the design.
(Worker_TP4 pid=819789) INFO 04-28 04:06:10 [factory.py:51] Creating offloading spec with name: CPUOffloadingSpec
(Worker_TP5 pid=819790) INFO 04-28 04:06:10 [factory.py:51] Creating offloading spec with name: CPUOffloadingSpec
(Worker_TP4 pid=819789) WARNING 04-28 04:06:10 [spec.py:75] Initializing OffloadingSpec. This API is experimental and subject to change in the future as we iterate the design.
(Worker_TP5 pid=819790) WARNING 04-28 04:06:10 [spec.py:75] Initializing OffloadingSpec. This API is experimental and subject to change in the future as we iterate the design.
(Worker_TP0 pid=819785) INFO 04-28 04:06:10 [factory.py:51] Creating offloading spec with name: CPUOffloadingSpec
(Worker_TP1 pid=819786) INFO 04-28 04:06:10 [factory.py:51] Creating offloading spec with name: CPUOffloadingSpec
(Worker_TP0 pid=819785) WARNING 04-28 04:06:10 [spec.py:75] Initializing OffloadingSpec. This API is experimental and subject to change in the future as we iterate the design.
(Worker_TP3 pid=819788) INFO 04-28 04:06:10 [factory.py:51] Creating offloading spec with name: CPUOffloadingSpec
(Worker_TP1 pid=819786) WARNING 04-28 04:06:10 [spec.py:75] Initializing OffloadingSpec. This API is experimental and subject to change in the future as we iterate the design.
(Worker_TP3 pid=819788) WARNING 04-28 04:06:10 [spec.py:75] Initializing OffloadingSpec. This API is experimental and subject to change in the future as we iterate the design.
(Worker_TP6 pid=819791) INFO 04-28 04:06:10 [factory.py:51] Creating offloading spec with name: CPUOffloadingSpec
(Worker_TP6 pid=819791) WARNING 04-28 04:06:10 [spec.py:75] Initializing OffloadingSpec. This API is experimental and subject to change in the future as we iterate the design.
(Worker_TP2 pid=819787) INFO 04-28 04:06:10 [factory.py:51] Creating offloading spec with name: CPUOffloadingSpec
(Worker_TP2 pid=819787) WARNING 04-28 04:06:10 [spec.py:75] Initializing OffloadingSpec. This API is experimental and subject to change in the future as we iterate the design.
(Worker_TP7 pid=819792) INFO 04-28 04:06:10 [factory.py:51] Creating offloading spec with name: CPUOffloadingSpec
(Worker_TP7 pid=819792) WARNING 04-28 04:06:10 [spec.py:75] Initializing OffloadingSpec. This API is experimental and subject to change in the future as we iterate the design.
(Worker_TP1 pid=819786) INFO 04-28 04:06:12 [intel_cpu_utils.py:119] NUMA initialized: 2 nodes available
(Worker_TP1 pid=819786) INFO 04-28 04:06:12 [numa_aware.py:241] [IDE_006/TSK_004] rank=1 bound CPU memory preference to NUMA node 0
(Worker_TP2 pid=819787) INFO 04-28 04:06:12 [intel_cpu_utils.py:119] NUMA initialized: 2 nodes available
(Worker_TP3 pid=819788) INFO 04-28 04:06:12 [intel_cpu_utils.py:119] NUMA initialized: 2 nodes available
(Worker_TP2 pid=819787) INFO 04-28 04:06:12 [numa_aware.py:241] [IDE_006/TSK_004] rank=2 bound CPU memory preference to NUMA node 0
(Worker_TP3 pid=819788) INFO 04-28 04:06:12 [numa_aware.py:241] [IDE_006/TSK_004] rank=3 bound CPU memory preference to NUMA node 0
(Worker_TP6 pid=819791) INFO 04-28 04:06:12 [intel_cpu_utils.py:119] NUMA initialized: 2 nodes available
(Worker_TP6 pid=819791) INFO 04-28 04:06:12 [numa_aware.py:241] [IDE_006/TSK_004] rank=6 bound CPU memory preference to NUMA node 1
(Worker_TP5 pid=819790) INFO 04-28 04:06:12 [intel_cpu_utils.py:119] NUMA initialized: 2 nodes available
(Worker_TP5 pid=819790) INFO 04-28 04:06:12 [numa_aware.py:241] [IDE_006/TSK_004] rank=5 bound CPU memory preference to NUMA node 1
(Worker_TP7 pid=819792) INFO 04-28 04:06:12 [intel_cpu_utils.py:119] NUMA initialized: 2 nodes available
(Worker_TP7 pid=819792) INFO 04-28 04:06:12 [numa_aware.py:241] [IDE_006/TSK_004] rank=7 bound CPU memory preference to NUMA node 1
(Worker_TP0 pid=819785) INFO 04-28 04:06:12 [intel_cpu_utils.py:119] NUMA initialized: 2 nodes available
(Worker_TP0 pid=819785) INFO 04-28 04:06:12 [numa_aware.py:241] [IDE_006/TSK_004] rank=0 bound CPU memory preference to NUMA node 0
(Worker_TP4 pid=819789) INFO 04-28 04:06:12 [intel_cpu_utils.py:119] NUMA initialized: 2 nodes available
(Worker_TP4 pid=819789) INFO 04-28 04:06:12 [numa_aware.py:241] [IDE_006/TSK_004] rank=4 bound CPU memory preference to NUMA node 1
(Worker_TP7 pid=819792) INFO 04-28 04:06:14 [numa_aware.py:317] [IDE_006/TSK_004] rank=7 pinned threads to NUMA node 1 (28/112 cores: 196~223)
(Worker_TP7 pid=819792) INFO 04-28 04:06:14 [cpu_gpu.py:379] Allocating 160 CPU tensors...
(Worker_TP5 pid=819790) INFO 04-28 04:06:14 [numa_aware.py:317] [IDE_006/TSK_004] rank=5 pinned threads to NUMA node 1 (28/112 cores: 84~111)
(Worker_TP5 pid=819790) INFO 04-28 04:06:14 [cpu_gpu.py:379] Allocating 160 CPU tensors...
(Worker_TP1 pid=819786) INFO 04-28 04:06:14 [numa_aware.py:317] [IDE_006/TSK_004] rank=1 pinned threads to NUMA node 0 (28/112 cores: 28~55)
(Worker_TP1 pid=819786) INFO 04-28 04:06:14 [cpu_gpu.py:379] Allocating 160 CPU tensors...
(Worker_TP0 pid=819785) INFO 04-28 04:06:14 [numa_aware.py:317] [IDE_006/TSK_004] rank=0 pinned threads to NUMA node 0 (28/112 cores: 0~27)
(Worker_TP0 pid=819785) INFO 04-28 04:06:14 [cpu_gpu.py:379] Allocating 160 CPU tensors...
(Worker_TP2 pid=819787) INFO 04-28 04:06:14 [numa_aware.py:317] [IDE_006/TSK_004] rank=2 pinned threads to NUMA node 0 (28/112 cores: 112~139)
(Worker_TP2 pid=819787) INFO 04-28 04:06:14 [cpu_gpu.py:379] Allocating 160 CPU tensors...
(Worker_TP3 pid=819788) INFO 04-28 04:06:14 [numa_aware.py:317] [IDE_006/TSK_004] rank=3 pinned threads to NUMA node 0 (28/112 cores: 140~167)
(Worker_TP3 pid=819788) INFO 04-28 04:06:14 [cpu_gpu.py:379] Allocating 160 CPU tensors...
(Worker_TP6 pid=819791) INFO 04-28 04:06:14 [numa_aware.py:317] [IDE_006/TSK_004] rank=6 pinned threads to NUMA node 1 (28/112 cores: 168~195)
(Worker_TP4 pid=819789) INFO 04-28 04:06:14 [numa_aware.py:317] [IDE_006/TSK_004] rank=4 pinned threads to NUMA node 1 (28/112 cores: 56~83)
(Worker_TP6 pid=819791) INFO 04-28 04:06:14 [cpu_gpu.py:379] Allocating 160 CPU tensors...
(Worker_TP4 pid=819789) INFO 04-28 04:06:14 [cpu_gpu.py:379] Allocating 160 CPU tensors...
(Worker_TP6 pid=819791) INFO 04-28 04:07:14 [custom_all_reduce.py:215] Registering 0 cuda graph addresses
(Worker_TP4 pid=819789) INFO 04-28 04:07:14 [custom_all_reduce.py:215] Registering 0 cuda graph addresses
(Worker_TP3 pid=819788) INFO 04-28 04:07:14 [custom_all_reduce.py:215] Registering 0 cuda graph addresses
(Worker_TP7 pid=819792) INFO 04-28 04:07:14 [custom_all_reduce.py:215] Registering 0 cuda graph addresses
(Worker_TP2 pid=819787) INFO 04-28 04:07:14 [custom_all_reduce.py:215] Registering 0 cuda graph addresses
(Worker_TP5 pid=819790) INFO 04-28 04:07:14 [custom_all_reduce.py:215] Registering 0 cuda graph addresses
(Worker_TP0 pid=819785) INFO 04-28 04:07:14 [custom_all_reduce.py:215] Registering 0 cuda graph addresses
(Worker_TP1 pid=819786) INFO 04-28 04:07:14 [custom_all_reduce.py:215] Registering 0 cuda graph addresses
(Worker_TP5 pid=819790) INFO 04-28 04:07:15 [gpu_worker.py:601] CUDA graph pool memory: 0.95 GiB (actual), 0.91 GiB (estimated), difference: 0.04 GiB (4.1%).
(Worker_TP6 pid=819791) INFO 04-28 04:07:15 [gpu_worker.py:601] CUDA graph pool memory: 0.95 GiB (actual), 0.91 GiB (estimated), difference: 0.04 GiB (4.1%).
(Worker_TP4 pid=819789) INFO 04-28 04:07:15 [gpu_worker.py:601] CUDA graph pool memory: 0.95 GiB (actual), 0.91 GiB (estimated), difference: 0.04 GiB (4.1%).
(Worker_TP7 pid=819792) INFO 04-28 04:07:15 [gpu_worker.py:601] CUDA graph pool memory: 0.95 GiB (actual), 0.91 GiB (estimated), difference: 0.04 GiB (4.1%).
(Worker_TP1 pid=819786) INFO 04-28 04:07:15 [gpu_worker.py:601] CUDA graph pool memory: 0.95 GiB (actual), 0.91 GiB (estimated), difference: 0.04 GiB (4.1%).
(Worker_TP3 pid=819788) INFO 04-28 04:07:15 [gpu_worker.py:601] CUDA graph pool memory: 0.95 GiB (actual), 0.91 GiB (estimated), difference: 0.04 GiB (4.1%).
(Worker_TP2 pid=819787) INFO 04-28 04:07:15 [gpu_worker.py:601] CUDA graph pool memory: 0.95 GiB (actual), 0.91 GiB (estimated), difference: 0.04 GiB (4.1%).
(Worker_TP0 pid=819785) INFO 04-28 04:07:15 [gpu_model_runner.py:6305] Graph capturing finished in 15 secs, took 0.95 GiB
(Worker_TP0 pid=819785) INFO 04-28 04:07:15 [gpu_worker.py:601] CUDA graph pool memory: 0.95 GiB (actual), 0.91 GiB (estimated), difference: 0.04 GiB (4.1%).
(EngineCore pid=819366) INFO 04-28 04:07:15 [core.py:299] init engine (profile, create kv cache, warmup model) took 90.95 s (compilation: 27.96 s)
(EngineCore pid=819366) INFO 04-28 04:07:17 [factory.py:64] Creating v1 connector with name: OffloadingConnector and engine_id: 2c3915f6-dd3e-4330-932f-6574cca2adb9
(EngineCore pid=819366) WARNING 04-28 04:07:17 [base.py:189] Initializing KVConnectorBase_V1. This API is experimental and subject to change in the future as we iterate the design.
(EngineCore pid=819366) INFO 04-28 04:07:17 [factory.py:51] Creating offloading spec with name: CPUOffloadingSpec
(EngineCore pid=819366) WARNING 04-28 04:07:17 [spec.py:75] Initializing OffloadingSpec. This API is experimental and subject to change in the future as we iterate the design.
(EngineCore pid=819366) INFO 04-28 04:07:18 [vllm.py:834] Asynchronous scheduling is enabled.
(EngineCore pid=819366) INFO 04-28 04:07:18 [kernel.py:199] Final IR op priority after setting platform defaults: IrOpPriorityConfig(rms_norm=['native'])
(EngineCore pid=819366) INFO 04-28 04:07:18 [compilation.py:294] Enabled custom fusions: allreduce_rms
  [split_on] batched generate: 50 prompts in flight
  [split_on] batched generate complete: 50 prompts in 187.1s (avg 3.74s/prompt)
[split_on] done in 336.0s
(EngineCore pid=819366) INFO 04-28 04:10:25 [core.py:1234] Shutdown initiated (timeout=0)
(EngineCore pid=819366) INFO 04-28 04:10:25 [core.py:1257] Shutdown complete
(Worker_TP0 pid=819785) INFO 04-28 04:10:25 [multiproc_executor.py:775] Parent process exited, terminating worker queues
(Worker_TP7 pid=819792) INFO 04-28 04:10:25 [multiproc_executor.py:872] WorkerProc shutting down.
(Worker_TP6 pid=819791) INFO 04-28 04:10:25 [multiproc_executor.py:872] WorkerProc shutting down.
(Worker_TP4 pid=819789) INFO 04-28 04:10:25 [multiproc_executor.py:872] WorkerProc shutting down.
(Worker_TP1 pid=819786) INFO 04-28 04:10:25 [multiproc_executor.py:872] WorkerProc shutting down.
(Worker_TP2 pid=819787) INFO 04-28 04:10:25 [multiproc_executor.py:872] WorkerProc shutting down.
(Worker_TP5 pid=819790) INFO 04-28 04:10:25 [multiproc_executor.py:872] WorkerProc shutting down.
(Worker_TP3 pid=819788) INFO 04-28 04:10:25 [multiproc_executor.py:872] WorkerProc shutting down.
(Worker_TP0 pid=819785) INFO 04-28 04:10:25 [multiproc_executor.py:872] WorkerProc shutting down.

============================================================
split-on-only run complete — comparison skipped.
Check the run log for '[IDE_006 diag ...]' lines to confirm whether the cold-path dispatcher actually fired.
results -> /workspace/vllm_hybrid/eval/results/20260428_040446_Intel_Xeon_Platinum_8480+x2_H100_80GB_HBM3x8_cold_verify/e2e_artifacts
============================================================
