[baseline] model=meta-llama/Llama-3.3-70B-Instruct
[baseline] TP=8 max_model_len=4096 max_num_seqs=64
[baseline] num_prompts=50 target_input_len=2048 max_tokens=512
[baseline] avg prompt chars: 8944
[baseline] enable_neo_asymmetric=True
INFO 05-03 02:30:31 [arg_utils.py:694] HF_HUB_OFFLINE is True, replace model_id [meta-llama/Llama-3.3-70B-Instruct] to model_path [/root/.cache/huggingface/hub/models--meta-llama--Llama-3.3-70B-Instruct/snapshots/6f6073b423013f6a7d4d9f39144961bfbfbc386b]
INFO 05-03 02:30:31 [utils.py:233] non-default args: {'max_model_len': 4096, 'tensor_parallel_size': 8, 'gpu_memory_utilization': 0.55, 'max_num_seqs': 64, 'enforce_eager': True, 'enable_neo_asymmetric': True, 'model': '/root/.cache/huggingface/hub/models--meta-llama--Llama-3.3-70B-Instruct/snapshots/6f6073b423013f6a7d4d9f39144961bfbfbc386b'}
WARNING 05-03 02:30:31 [envs.py:1785] Unknown vLLM environment variable detected: VLLM_NEO_PROFILE_HOOK
WARNING 05-03 02:30:31 [envs.py:1785] Unknown vLLM environment variable detected: VLLM_NEO_PROFILE_HOT_PATH
WARNING 05-03 02:30:31 [envs.py:1785] Unknown vLLM environment variable detected: VLLM_NEO_KV_FREE
INFO 05-03 02:30:31 [model.py:554] Resolved architecture: LlamaForCausalLM
INFO 05-03 02:30:31 [model.py:1685] Using max model len 4096
INFO 05-03 02:30:31 [scheduler.py:267] Chunked prefill is enabled with max_num_batched_tokens=16384.
INFO 05-03 02:30:31 [vllm.py:834] Asynchronous scheduling is enabled.
WARNING 05-03 02:30:31 [vllm.py:892] Enforce eager set, disabling torch.compile and CUDAGraphs. This is equivalent to setting -cc.mode=none -cc.cudagraph_mode=none
WARNING 05-03 02:30:31 [vllm.py:903] Inductor compilation was disabled by user settings, optimizations settings that are only active during inductor compilation will be ignored.
INFO 05-03 02:30:31 [kernel.py:199] Final IR op priority after setting platform defaults: IrOpPriorityConfig(rms_norm=['vllm_c', 'native'])
INFO 05-03 02:30:32 [vllm.py:1081] Cudagraph is disabled under eager mode
<frozen importlib._bootstrap_external>:1301: FutureWarning: The cuda.cudart module is deprecated and will be removed in a future release, please switch to use the cuda.bindings.runtime module instead.
<frozen importlib._bootstrap_external>:1301: FutureWarning: The cuda.nvrtc module is deprecated and will be removed in a future release, please switch to use the cuda.bindings.nvrtc module instead.
INFO 05-03 02:30:36 [compilation.py:294] Enabled custom fusions: norm_quant, act_quant, allreduce_rms
WARNING 05-03 02:30:37 [system_utils.py:157] We must use the `spawn` multiprocessing start method. Overriding VLLM_WORKER_MULTIPROC_METHOD to 'spawn'. See https://docs.vllm.ai/en/latest/usage/troubleshooting.html#python-multiprocessing for more information. Reasons: CUDA is initialized
(EngineCore pid=2102836) INFO 05-03 02:30:44 [core.py:107] Initializing a V1 LLM engine (v0.1.dev15917+g0a6396b45) with config: model='/root/.cache/huggingface/hub/models--meta-llama--Llama-3.3-70B-Instruct/snapshots/6f6073b423013f6a7d4d9f39144961bfbfbc386b', speculative_config=None, tokenizer='/root/.cache/huggingface/hub/models--meta-llama--Llama-3.3-70B-Instruct/snapshots/6f6073b423013f6a7d4d9f39144961bfbfbc386b', skip_tokenizer_init=False, tokenizer_mode=auto, revision=None, tokenizer_revision=None, trust_remote_code=False, dtype=torch.bfloat16, max_seq_len=4096, download_dir=None, load_format=auto, tensor_parallel_size=8, pipeline_parallel_size=1, data_parallel_size=1, decode_context_parallel_size=1, dcp_comm_backend=ag_rs, disable_custom_all_reduce=False, quantization=None, quantization_config=None, enforce_eager=True, enable_return_routed_experts=False, kv_cache_dtype=auto, device_config=cuda, structured_outputs_config=StructuredOutputsConfig(backend='auto', disable_any_whitespace=False, disable_additional_properties=False, reasoning_parser='', reasoning_parser_plugin='', enable_in_reasoning=False), observability_config=ObservabilityConfig(show_hidden_metrics_for_version=None, otlp_traces_endpoint=None, collect_detailed_traces=None, kv_cache_metrics=False, kv_cache_metrics_sample=0.01, cudagraph_metrics=False, enable_layerwise_nvtx_tracing=False, enable_mfu_metrics=False, enable_mm_processor_stats=False, enable_logging_iteration_details=False), seed=0, served_model_name=/root/.cache/huggingface/hub/models--meta-llama--Llama-3.3-70B-Instruct/snapshots/6f6073b423013f6a7d4d9f39144961bfbfbc386b, enable_prefix_caching=True, enable_chunked_prefill=True, pooler_config=None, compilation_config={'mode': <CompilationMode.NONE: 0>, 'debug_dump_path': None, 'cache_dir': '', 'compile_cache_save_format': 'binary', 'backend': 'inductor', 'custom_ops': ['all'], 'ir_enable_torch_wrap': False, 'splitting_ops': [], 'compile_mm_encoder': False, 'cudagraph_mm_encoder': False, 'encoder_cudagraph_token_budgets': [], 'encoder_cudagraph_max_vision_items_per_batch': 0, 'encoder_cudagraph_max_frames_per_batch': 0, 'compile_sizes': [], 'compile_ranges_endpoints': [32, 16384], 'inductor_compile_config': {'enable_auto_functionalized_v2': False, 'size_asserts': False, 'alignment_asserts': False, 'scalar_asserts': False, 'combo_kernels': True, 'benchmark_combo_kernel': True}, 'inductor_passes': {}, 'cudagraph_mode': <CUDAGraphMode.NONE: 0>, 'cudagraph_num_of_warmups': 0, 'cudagraph_capture_sizes': [], 'cudagraph_copy_inputs': False, 'cudagraph_specialize_lora': True, 'use_inductor_graph_partition': False, 'pass_config': {'fuse_norm_quant': True, 'fuse_act_quant': True, 'fuse_attn_quant': False, 'enable_sp': False, 'fuse_gemm_comms': False, 'fuse_allreduce_rms': True}, 'max_cudagraph_capture_size': 0, 'dynamic_shapes_config': {'type': <DynamicShapesType.BACKED: 'backed'>, 'evaluate_guards': False, 'assume_32_bit_indexing': False}, 'local_cache_dir': None, 'fast_moe_cold_start': False, 'static_all_moe_layers': []}, kernel_config=KernelConfig(ir_op_priority=IrOpPriorityConfig(rms_norm=['vllm_c', 'native']), enable_flashinfer_autotune=True, moe_backend='auto')
(EngineCore pid=2102836) WARNING 05-03 02:30:44 [multiproc_executor.py:1029] Reducing Torch parallelism from 112 threads to 1 to avoid unnecessary CPU contention. Set OMP_NUM_THREADS in the external environment to tune this value as needed.
(EngineCore pid=2102836) INFO 05-03 02:30:44 [multiproc_executor.py:139] DP group leader: node_rank=0, node_rank_within_dp=0, master_addr=127.0.0.1, mq_connect_ip=211.115.75.82 (local), world_size=8, local_world_size=8
(Worker pid=2103493) INFO 05-03 02:30:58 [parallel_state.py:1400] world_size=8 rank=0 local_rank=0 distributed_init_method=tcp://127.0.0.1:43221 backend=nccl
(Worker pid=2103496) INFO 05-03 02:30:59 [parallel_state.py:1400] world_size=8 rank=2 local_rank=2 distributed_init_method=tcp://127.0.0.1:43221 backend=nccl
(Worker pid=2103499) INFO 05-03 02:30:59 [parallel_state.py:1400] world_size=8 rank=5 local_rank=5 distributed_init_method=tcp://127.0.0.1:43221 backend=nccl
(Worker pid=2103498) INFO 05-03 02:30:59 [parallel_state.py:1400] world_size=8 rank=4 local_rank=4 distributed_init_method=tcp://127.0.0.1:43221 backend=nccl
(Worker pid=2103500) INFO 05-03 02:30:59 [parallel_state.py:1400] world_size=8 rank=6 local_rank=6 distributed_init_method=tcp://127.0.0.1:43221 backend=nccl
(Worker pid=2103497) INFO 05-03 02:30:59 [parallel_state.py:1400] world_size=8 rank=3 local_rank=3 distributed_init_method=tcp://127.0.0.1:43221 backend=nccl
(Worker pid=2103501) INFO 05-03 02:30:59 [parallel_state.py:1400] world_size=8 rank=7 local_rank=7 distributed_init_method=tcp://127.0.0.1:43221 backend=nccl
(Worker pid=2103495) INFO 05-03 02:30:59 [parallel_state.py:1400] world_size=8 rank=1 local_rank=1 distributed_init_method=tcp://127.0.0.1:43221 backend=nccl
(Worker pid=2103493) <frozen importlib._bootstrap_external>:1301: FutureWarning: The cuda.cudart module is deprecated and will be removed in a future release, please switch to use the cuda.bindings.runtime module instead.
(Worker pid=2103493) <frozen importlib._bootstrap_external>:1301: FutureWarning: The cuda.nvrtc module is deprecated and will be removed in a future release, please switch to use the cuda.bindings.nvrtc module instead.
(Worker pid=2103496) <frozen importlib._bootstrap_external>:1301: FutureWarning: The cuda.cudart module is deprecated and will be removed in a future release, please switch to use the cuda.bindings.runtime module instead.
(Worker pid=2103496) <frozen importlib._bootstrap_external>:1301: FutureWarning: The cuda.nvrtc module is deprecated and will be removed in a future release, please switch to use the cuda.bindings.nvrtc module instead.
(Worker pid=2103495) <frozen importlib._bootstrap_external>:1301: FutureWarning: The cuda.cudart module is deprecated and will be removed in a future release, please switch to use the cuda.bindings.runtime module instead.
(Worker pid=2103495) <frozen importlib._bootstrap_external>:1301: FutureWarning: The cuda.nvrtc module is deprecated and will be removed in a future release, please switch to use the cuda.bindings.nvrtc module instead.
(Worker pid=2103500) <frozen importlib._bootstrap_external>:1301: FutureWarning: The cuda.cudart module is deprecated and will be removed in a future release, please switch to use the cuda.bindings.runtime module instead.
(Worker pid=2103498) <frozen importlib._bootstrap_external>:1301: FutureWarning: The cuda.cudart module is deprecated and will be removed in a future release, please switch to use the cuda.bindings.runtime module instead.
(Worker pid=2103500) <frozen importlib._bootstrap_external>:1301: FutureWarning: The cuda.nvrtc module is deprecated and will be removed in a future release, please switch to use the cuda.bindings.nvrtc module instead.
(Worker pid=2103498) <frozen importlib._bootstrap_external>:1301: FutureWarning: The cuda.nvrtc module is deprecated and will be removed in a future release, please switch to use the cuda.bindings.nvrtc module instead.
(Worker pid=2103493) INFO 05-03 02:31:00 [pynccl.py:111] vLLM is using nccl==2.28.9
(Worker pid=2103499) <frozen importlib._bootstrap_external>:1301: FutureWarning: The cuda.cudart module is deprecated and will be removed in a future release, please switch to use the cuda.bindings.runtime module instead.
(Worker pid=2103499) <frozen importlib._bootstrap_external>:1301: FutureWarning: The cuda.nvrtc module is deprecated and will be removed in a future release, please switch to use the cuda.bindings.nvrtc module instead.
(Worker pid=2103497) <frozen importlib._bootstrap_external>:1301: FutureWarning: The cuda.cudart module is deprecated and will be removed in a future release, please switch to use the cuda.bindings.runtime module instead.
(Worker pid=2103497) <frozen importlib._bootstrap_external>:1301: FutureWarning: The cuda.nvrtc module is deprecated and will be removed in a future release, please switch to use the cuda.bindings.nvrtc module instead.
(Worker pid=2103501) <frozen importlib._bootstrap_external>:1301: FutureWarning: The cuda.cudart module is deprecated and will be removed in a future release, please switch to use the cuda.bindings.runtime module instead.
(Worker pid=2103501) <frozen importlib._bootstrap_external>:1301: FutureWarning: The cuda.nvrtc module is deprecated and will be removed in a future release, please switch to use the cuda.bindings.nvrtc module instead.
(Worker pid=2103493) INFO 05-03 02:31:03 [parallel_state.py:1713] rank 0 in world size 8 is assigned as DP rank 0, PP rank 0, PCP rank 0, TP rank 0, EP rank N/A, EPLB rank N/A
(Worker_TP0 pid=2103493) INFO 05-03 02:31:04 [gpu_model_runner.py:5098] Starting to load model /root/.cache/huggingface/hub/models--meta-llama--Llama-3.3-70B-Instruct/snapshots/6f6073b423013f6a7d4d9f39144961bfbfbc386b...
(Worker_TP0 pid=2103493) INFO 05-03 02:31:05 [cuda.py:368] Using FLASH_ATTN attention backend out of potential backends: ['FLASH_ATTN', 'FLASHINFER', 'TRITON_ATTN', 'FLEX_ATTENTION'].
(Worker_TP0 pid=2103493) INFO 05-03 02:31:05 [flash_attn.py:637] Using FlashAttention version 3
(Worker_TP0 pid=2103493) INFO 05-03 02:31:05 [weight_utils.py:904] Filesystem type for checkpoints: XFS. Checkpoint size: 131.42 GiB. Available RAM: 1929.20 GiB.
(Worker_TP0 pid=2103493) INFO 05-03 02:31:05 [weight_utils.py:927] Auto-prefetch is disabled because the filesystem (XFS) is not a recognized network FS (NFS/Lustre). If you want to force prefetching, start vLLM with --safetensors-load-strategy=prefetch.
(Worker_TP0 pid=2103493) Loading safetensors checkpoint shards:   0% Completed | 0/30 [00:00<?, ?it/s]
(Worker_TP0 pid=2103493) Loading safetensors checkpoint shards:   3% Completed | 1/30 [00:00<00:07,  3.94it/s]
(Worker_TP0 pid=2103493) Loading safetensors checkpoint shards:   7% Completed | 2/30 [00:00<00:09,  2.94it/s]
(Worker_TP0 pid=2103493) Loading safetensors checkpoint shards:  10% Completed | 3/30 [00:01<00:09,  2.88it/s]
(Worker_TP0 pid=2103493) Loading safetensors checkpoint shards:  13% Completed | 4/30 [00:01<00:08,  2.91it/s]
(Worker_TP0 pid=2103493) Loading safetensors checkpoint shards:  17% Completed | 5/30 [00:01<00:08,  3.03it/s]
(Worker_TP0 pid=2103493) Loading safetensors checkpoint shards:  20% Completed | 6/30 [00:02<00:08,  2.95it/s]
(Worker_TP0 pid=2103493) Loading safetensors checkpoint shards:  23% Completed | 7/30 [00:02<00:08,  2.79it/s]
(Worker_TP0 pid=2103493) Loading safetensors checkpoint shards:  27% Completed | 8/30 [00:02<00:08,  2.63it/s]
(Worker_TP0 pid=2103493) Loading safetensors checkpoint shards:  30% Completed | 9/30 [00:03<00:08,  2.56it/s]
(Worker_TP0 pid=2103493) Loading safetensors checkpoint shards:  33% Completed | 10/30 [00:03<00:07,  2.75it/s]
(Worker_TP0 pid=2103493) Loading safetensors checkpoint shards:  37% Completed | 11/30 [00:03<00:06,  2.72it/s]
(Worker_TP0 pid=2103493) Loading safetensors checkpoint shards:  40% Completed | 12/30 [00:04<00:06,  2.74it/s]
(Worker_TP0 pid=2103493) Loading safetensors checkpoint shards:  43% Completed | 13/30 [00:04<00:06,  2.72it/s]
(Worker_TP0 pid=2103493) Loading safetensors checkpoint shards:  47% Completed | 14/30 [00:05<00:06,  2.44it/s]
(Worker_TP0 pid=2103493) Loading safetensors checkpoint shards:  50% Completed | 15/30 [00:05<00:05,  2.52it/s]
(Worker_TP0 pid=2103493) Loading safetensors checkpoint shards:  53% Completed | 16/30 [00:05<00:05,  2.45it/s]
(Worker_TP0 pid=2103493) Loading safetensors checkpoint shards:  57% Completed | 17/30 [00:06<00:05,  2.47it/s]
(Worker_TP0 pid=2103493) Loading safetensors checkpoint shards:  60% Completed | 18/30 [00:06<00:04,  2.51it/s]
(Worker_TP0 pid=2103493) Loading safetensors checkpoint shards:  63% Completed | 19/30 [00:07<00:04,  2.54it/s]
(Worker_TP0 pid=2103493) Loading safetensors checkpoint shards:  67% Completed | 20/30 [00:07<00:03,  2.71it/s]
(Worker_TP0 pid=2103493) Loading safetensors checkpoint shards:  70% Completed | 21/30 [00:07<00:03,  2.62it/s]
(Worker_TP0 pid=2103493) Loading safetensors checkpoint shards:  73% Completed | 22/30 [00:08<00:03,  2.64it/s]
(Worker_TP0 pid=2103493) Loading safetensors checkpoint shards:  77% Completed | 23/30 [00:08<00:02,  2.67it/s]
(Worker_TP0 pid=2103493) Loading safetensors checkpoint shards:  80% Completed | 24/30 [00:08<00:02,  2.71it/s]
(Worker_TP0 pid=2103493) Loading safetensors checkpoint shards:  83% Completed | 25/30 [00:09<00:01,  2.88it/s]
(Worker_TP0 pid=2103493) Loading safetensors checkpoint shards:  87% Completed | 26/30 [00:09<00:01,  2.87it/s]
(Worker_TP0 pid=2103493) Loading safetensors checkpoint shards:  90% Completed | 27/30 [00:09<00:01,  2.85it/s]
(Worker_TP0 pid=2103493) Loading safetensors checkpoint shards:  93% Completed | 28/30 [00:10<00:00,  2.79it/s]
(Worker_TP0 pid=2103493) Loading safetensors checkpoint shards:  97% Completed | 29/30 [00:10<00:00,  2.74it/s]
(Worker_TP0 pid=2103493) Loading safetensors checkpoint shards: 100% Completed | 30/30 [00:10<00:00,  2.78it/s]
(Worker_TP0 pid=2103493) 
(Worker_TP0 pid=2103493) INFO 05-03 02:31:16 [default_loader.py:384] Loading weights took 10.81 seconds
(Worker_TP0 pid=2103493) INFO 05-03 02:31:17 [gpu_model_runner.py:5183] Model loading took 16.46 GiB memory and 11.344101 seconds
(Worker_TP4 pid=2103498) INFO 05-03 02:31:18 [attention.py:756] [NEO HOOK init] flag=True pid=2103498 env='1'
(Worker_TP3 pid=2103497) INFO 05-03 02:31:18 [attention.py:756] [NEO HOOK init] flag=True pid=2103497 env='1'
(Worker_TP7 pid=2103501) INFO 05-03 02:31:18 [attention.py:756] [NEO HOOK init] flag=True pid=2103501 env='1'
(Worker_TP1 pid=2103495) INFO 05-03 02:31:18 [attention.py:756] [NEO HOOK init] flag=True pid=2103495 env='1'
(Worker_TP5 pid=2103499) INFO 05-03 02:31:18 [attention.py:756] [NEO HOOK init] flag=True pid=2103499 env='1'
(Worker_TP2 pid=2103496) INFO 05-03 02:31:18 [attention.py:756] [NEO HOOK init] flag=True pid=2103496 env='1'
(Worker_TP6 pid=2103500) INFO 05-03 02:31:18 [attention.py:756] [NEO HOOK init] flag=True pid=2103500 env='1'
(Worker_TP0 pid=2103493) INFO 05-03 02:31:18 [attention.py:756] [NEO HOOK init] flag=True pid=2103493 env='1'
(Worker_TP0 pid=2103493) INFO 05-03 02:31:21 [gpu_worker.py:440] Available KV cache memory: 24.88 GiB
(EngineCore pid=2102836) INFO 05-03 02:31:21 [kv_cache_utils.py:1319] GPU KV cache size: 652,128 tokens
(EngineCore pid=2102836) INFO 05-03 02:31:21 [kv_cache_utils.py:1324] Maximum concurrency for 4,096 tokens per request: 159.21x
(Worker_TP4 pid=2103498) 2026-05-03 02:31:21,985 - INFO - autotuner.py:446 - flashinfer.jit: [Autotuner]: Autotuning process starts ...
(Worker_TP5 pid=2103499) 2026-05-03 02:31:21,985 - INFO - autotuner.py:446 - flashinfer.jit: [Autotuner]: Autotuning process starts ...
(Worker_TP6 pid=2103500) 2026-05-03 02:31:21,985 - INFO - autotuner.py:446 - flashinfer.jit: [Autotuner]: Autotuning process starts ...
(Worker_TP7 pid=2103501) 2026-05-03 02:31:21,985 - INFO - autotuner.py:446 - flashinfer.jit: [Autotuner]: Autotuning process starts ...
(Worker_TP3 pid=2103497) 2026-05-03 02:31:21,985 - INFO - autotuner.py:446 - flashinfer.jit: [Autotuner]: Autotuning process starts ...
(Worker_TP0 pid=2103493) 2026-05-03 02:31:21,986 - INFO - autotuner.py:446 - flashinfer.jit: [Autotuner]: Autotuning process starts ...
(Worker_TP2 pid=2103496) 2026-05-03 02:31:21,986 - INFO - autotuner.py:446 - flashinfer.jit: [Autotuner]: Autotuning process starts ...
(Worker_TP1 pid=2103495) 2026-05-03 02:31:21,986 - INFO - autotuner.py:446 - flashinfer.jit: [Autotuner]: Autotuning process starts ...
(Worker_TP4 pid=2103498) 2026-05-03 02:31:22,118 - INFO - autotuner.py:455 - flashinfer.jit: [Autotuner]: Autotuning process ends
(Worker_TP5 pid=2103499) 2026-05-03 02:31:22,118 - INFO - autotuner.py:455 - flashinfer.jit: [Autotuner]: Autotuning process ends
(Worker_TP7 pid=2103501) 2026-05-03 02:31:22,118 - INFO - autotuner.py:455 - flashinfer.jit: [Autotuner]: Autotuning process ends
(Worker_TP0 pid=2103493) 2026-05-03 02:31:22,118 - INFO - autotuner.py:455 - flashinfer.jit: [Autotuner]: Autotuning process ends
(Worker_TP6 pid=2103500) 2026-05-03 02:31:22,118 - INFO - autotuner.py:455 - flashinfer.jit: [Autotuner]: Autotuning process ends
(Worker_TP1 pid=2103495) 2026-05-03 02:31:22,118 - INFO - autotuner.py:455 - flashinfer.jit: [Autotuner]: Autotuning process ends
(Worker_TP3 pid=2103497) 2026-05-03 02:31:22,118 - INFO - autotuner.py:455 - flashinfer.jit: [Autotuner]: Autotuning process ends
(Worker_TP2 pid=2103496) 2026-05-03 02:31:22,118 - INFO - autotuner.py:455 - flashinfer.jit: [Autotuner]: Autotuning process ends
(EngineCore pid=2102836) INFO 05-03 02:31:22 [core.py:365] init engine (profile, create kv cache, warmup model) took 5.71 s
(EngineCore pid=2102836) INFO 05-03 02:31:25 [neo_scheduler_adapter.py:214] NeoSchedulerAdapter: enable_neo_asymmetric activated. First-stage wiring — vanilla data path retained, NEO decisions are recorded but not yet executed.
(EngineCore pid=2102836) INFO 05-03 02:31:25 [neo_perfpredictor_cache.py:129] NEO predictor cache: HIT /root/.cache/vllm/neo_predictor/d8e9eeb02a084b2392f9ba32d37aa30f.json
(EngineCore pid=2102836) INFO 05-03 02:31:25 [neo_scheduler_adapter.py:298] NEO: num_gpu_blocks sync 40758 → 40758 (Phase 3.1 — Step 2 swap-out threshold reflects real KV pool).
(EngineCore pid=2102836) INFO 05-03 02:31:25 [neo_scheduler_adapter.py:332] NEO: PerfPredictor populated (linr=18/pref=21/gdec=21 points, lnch_T=37.93ms). NEO scheduler now makes real sequential vs pipelined decisions.
(EngineCore pid=2102836) INFO 05-03 02:31:25 [core.py:247] NEO PerfPredictor profile took 0.00s (cache)
(EngineCore pid=2102836) INFO 05-03 02:31:25 [neo_pacpu.py:123] neo_pacpu: loaded /workspace/vllm_hybrid/csrc/cpu/pacpu/build/libpacpu-llama3_3_70b-tp8.so
(EngineCore pid=2102836) INFO 05-03 02:31:25 [vllm.py:834] Asynchronous scheduling is enabled.
(EngineCore pid=2102836) WARNING 05-03 02:31:25 [vllm.py:892] Enforce eager set, disabling torch.compile and CUDAGraphs. This is equivalent to setting -cc.mode=none -cc.cudagraph_mode=none
(EngineCore pid=2102836) WARNING 05-03 02:31:25 [vllm.py:903] Inductor compilation was disabled by user settings, optimizations settings that are only active during inductor compilation will be ignored.
(EngineCore pid=2102836) INFO 05-03 02:31:25 [kernel.py:199] Final IR op priority after setting platform defaults: IrOpPriorityConfig(rms_norm=['vllm_c', 'native'])
(EngineCore pid=2102836) INFO 05-03 02:31:25 [vllm.py:1081] Cudagraph is disabled under eager mode
(EngineCore pid=2102836) <frozen importlib._bootstrap_external>:1301: FutureWarning: The cuda.cudart module is deprecated and will be removed in a future release, please switch to use the cuda.bindings.runtime module instead.
(EngineCore pid=2102836) <frozen importlib._bootstrap_external>:1301: FutureWarning: The cuda.nvrtc module is deprecated and will be removed in a future release, please switch to use the cuda.bindings.nvrtc module instead.
(EngineCore pid=2102836) INFO 05-03 02:31:26 [compilation.py:294] Enabled custom fusions: norm_quant, act_quant, allreduce_rms
[baseline] init 54.9s
Rendering prompts:   0%|          | 0/50 [00:00<?, ?it/s](Worker_TP4 pid=2103498) INFO 05-03 02:31:26 [gpu_model_runner.py:3993] execute_model: enable_neo_asymmetric=True observed. NEO scheduler sibling is recording mode decisions in NeoSchedulerAdapter.last_neo_output.
(Worker_TP6 pid=2103500) INFO 05-03 02:31:26 [gpu_model_runner.py:3993] execute_model: enable_neo_asymmetric=True observed. NEO scheduler sibling is recording mode decisions in NeoSchedulerAdapter.last_neo_output.
(Worker_TP7 pid=2103501) INFO 05-03 02:31:26 [gpu_model_runner.py:3993] execute_model: enable_neo_asymmetric=True observed. NEO scheduler sibling is recording mode decisions in NeoSchedulerAdapter.last_neo_output.
(Worker_TP5 pid=2103499) INFO 05-03 02:31:26 [gpu_model_runner.py:3993] execute_model: enable_neo_asymmetric=True observed. NEO scheduler sibling is recording mode decisions in NeoSchedulerAdapter.last_neo_output.
(Worker_TP0 pid=2103493) INFO 05-03 02:31:26 [gpu_model_runner.py:3993] execute_model: enable_neo_asymmetric=True observed. NEO scheduler sibling is recording mode decisions in NeoSchedulerAdapter.last_neo_output.
(Worker_TP3 pid=2103497) INFO 05-03 02:31:26 [gpu_model_runner.py:3993] execute_model: enable_neo_asymmetric=True observed. NEO scheduler sibling is recording mode decisions in NeoSchedulerAdapter.last_neo_output.
(Worker_TP1 pid=2103495) INFO 05-03 02:31:26 [gpu_model_runner.py:3993] execute_model: enable_neo_asymmetric=True observed. NEO scheduler sibling is recording mode decisions in NeoSchedulerAdapter.last_neo_output.
(Worker_TP2 pid=2103496) INFO 05-03 02:31:26 [gpu_model_runner.py:3993] execute_model: enable_neo_asymmetric=True observed. NEO scheduler sibling is recording mode decisions in NeoSchedulerAdapter.last_neo_output.
Rendering prompts:  20%|██        | 10/50 [00:00<00:00, 95.18it/s]Rendering prompts:  50%|█████     | 25/50 [00:00<00:00, 126.19it/s]Rendering prompts:  90%|█████████ | 45/50 [00:00<00:00, 159.34it/s]Rendering prompts: 100%|██████████| 50/50 [00:00<00:00, 151.13it/s]
Processed prompts:   0%|          | 0/50 [00:00<?, ?it/s, est. speed input: 0.00 toks/s, output: 0.00 toks/s](EngineCore pid=2102836) INFO 05-03 02:31:36 [neo_scheduler_adapter.py:527] [NEO HP] step=100 avg(ms/step) super=0.631 sync=0.015 neo=0.100 attach=0.004 neo_total=0.120 neo_share=16.0%
INFO 05-03 02:31:36 [loggers.py:271] Engine 000: Avg prompt throughput: 9606.4 tokens/s, Avg generation throughput: 213.8 tokens/s, Running: 50 reqs, Waiting: 0 reqs, GPU KV cache usage: 16.8%, Prefix cache hit rate: 0.0%
(Worker_TP6 pid=2103500) [NEO HOOK] pid=2103500 calls=10000 avg=1.553us active=0.000% total_ms=15.5
(Worker_TP7 pid=2103501) [NEO HOOK] pid=2103501 calls=10000 avg=1.460us active=0.000% total_ms=14.6
(Worker_TP3 pid=2103497) [NEO HOOK] pid=2103497 calls=10000 avg=1.459us active=0.000% total_ms=14.6
(Worker_TP5 pid=2103499) [NEO HOOK] pid=2103499 calls=10000 avg=1.499us active=0.000% total_ms=15.0
(Worker_TP4 pid=2103498) [NEO HOOK] pid=2103498 calls=10000 avg=1.540us active=0.000% total_ms=15.4
(Worker_TP1 pid=2103495) [NEO HOOK] pid=2103495 calls=10000 avg=1.464us active=0.000% total_ms=14.6
(Worker_TP0 pid=2103493) [NEO HOOK] pid=2103493 calls=10000 avg=1.489us active=0.000% total_ms=14.9
(Worker_TP2 pid=2103496) [NEO HOOK] pid=2103496 calls=10000 avg=2.232us active=0.000% total_ms=22.3
(EngineCore pid=2102836) INFO 05-03 02:31:42 [neo_scheduler_adapter.py:527] [NEO HP] step=200 avg(ms/step) super=0.601 sync=0.015 neo=0.100 attach=0.004 neo_total=0.119 neo_share=16.5%
(Worker_TP6 pid=2103500) [NEO HOOK] pid=2103500 calls=20000 avg=1.548us active=0.000% total_ms=31.0
(Worker_TP1 pid=2103495) [NEO HOOK] pid=2103495 calls=20000 avg=1.443us active=0.000% total_ms=28.9
(Worker_TP7 pid=2103501) [NEO HOOK] pid=2103501 calls=20000 avg=1.453us active=0.000% total_ms=29.1
(Worker_TP5 pid=2103499) [NEO HOOK] pid=2103499 calls=20000 avg=1.510us active=0.000% total_ms=30.2
(Worker_TP3 pid=2103497) [NEO HOOK] pid=2103497 calls=20000 avg=1.444us active=0.000% total_ms=28.9
(Worker_TP4 pid=2103498) [NEO HOOK] pid=2103498 calls=20000 avg=1.506us active=0.000% total_ms=30.1
(Worker_TP0 pid=2103493) [NEO HOOK] pid=2103493 calls=20000 avg=1.475us active=0.000% total_ms=29.5
(Worker_TP2 pid=2103496) [NEO HOOK] pid=2103496 calls=20000 avg=2.224us active=0.000% total_ms=44.5
INFO 05-03 02:31:46 [loggers.py:271] Engine 000: Avg prompt throughput: 0.0 tokens/s, Avg generation throughput: 374.6 tokens/s, Running: 50 reqs, Waiting: 0 reqs, GPU KV cache usage: 17.3%, Prefix cache hit rate: 0.0%
(EngineCore pid=2102836) INFO 05-03 02:31:49 [neo_scheduler_adapter.py:527] [NEO HP] step=300 avg(ms/step) super=0.598 sync=0.015 neo=0.099 attach=0.004 neo_total=0.119 neo_share=16.6%
(Worker_TP6 pid=2103500) [NEO HOOK] pid=2103500 calls=30000 avg=1.539us active=0.000% total_ms=46.2
(Worker_TP7 pid=2103501) [NEO HOOK] pid=2103501 calls=30000 avg=1.455us active=0.000% total_ms=43.7
(Worker_TP3 pid=2103497) [NEO HOOK] pid=2103497 calls=30000 avg=1.437us active=0.000% total_ms=43.1
(Worker_TP5 pid=2103499) [NEO HOOK] pid=2103499 calls=30000 avg=1.517us active=0.000% total_ms=45.5
(Worker_TP4 pid=2103498) [NEO HOOK] pid=2103498 calls=30000 avg=1.489us active=0.000% total_ms=44.7
(Worker_TP0 pid=2103493) [NEO HOOK] pid=2103493 calls=30000 avg=1.464us active=0.000% total_ms=43.9
(Worker_TP1 pid=2103495) [NEO HOOK] pid=2103495 calls=30000 avg=1.437us active=0.000% total_ms=43.1
(Worker_TP2 pid=2103496) [NEO HOOK] pid=2103496 calls=30000 avg=2.210us active=0.000% total_ms=66.3
(EngineCore pid=2102836) INFO 05-03 02:31:56 [neo_scheduler_adapter.py:527] [NEO HP] step=400 avg(ms/step) super=0.592 sync=0.015 neo=0.099 attach=0.004 neo_total=0.119 neo_share=16.7%
INFO 05-03 02:31:56 [loggers.py:271] Engine 000: Avg prompt throughput: 0.0 tokens/s, Avg generation throughput: 375.1 tokens/s, Running: 50 reqs, Waiting: 0 reqs, GPU KV cache usage: 17.9%, Prefix cache hit rate: 0.0%
(Worker_TP6 pid=2103500) [NEO HOOK] pid=2103500 calls=40000 avg=1.535us active=0.000% total_ms=61.4
(Worker_TP7 pid=2103501) [NEO HOOK] pid=2103501 calls=40000 avg=1.459us active=0.000% total_ms=58.3
(Worker_TP3 pid=2103497) [NEO HOOK] pid=2103497 calls=40000 avg=1.432us active=0.000% total_ms=57.3
(Worker_TP5 pid=2103499) [NEO HOOK] pid=2103499 calls=40000 avg=1.508us active=0.000% total_ms=60.3
(Worker_TP4 pid=2103498) [NEO HOOK] pid=2103498 calls=40000 avg=1.482us active=0.000% total_ms=59.3
(Worker_TP1 pid=2103495) [NEO HOOK] pid=2103495 calls=40000 avg=1.435us active=0.000% total_ms=57.4
(Worker_TP0 pid=2103493) [NEO HOOK] pid=2103493 calls=40000 avg=1.455us active=0.000% total_ms=58.2
(Worker_TP2 pid=2103496) [NEO HOOK] pid=2103496 calls=40000 avg=2.201us active=0.000% total_ms=88.0
(EngineCore pid=2102836) INFO 05-03 02:32:03 [neo_scheduler_adapter.py:527] [NEO HP] step=500 avg(ms/step) super=0.589 sync=0.015 neo=0.099 attach=0.004 neo_total=0.118 neo_share=16.7%
INFO 05-03 02:32:06 [loggers.py:271] Engine 000: Avg prompt throughput: 0.0 tokens/s, Avg generation throughput: 373.6 tokens/s, Running: 50 reqs, Waiting: 0 reqs, GPU KV cache usage: 18.5%, Prefix cache hit rate: 0.0%
(EngineCore pid=2102836) INFO 05-03 02:32:09 [neo_scheduler_adapter.py:527] [NEO HP] step=600 avg(ms/step) super=0.588 sync=0.015 neo=0.099 attach=0.004 neo_total=0.118 neo_share=16.7%
(Worker_TP6 pid=2103500) [NEO HOOK] pid=2103500 calls=50000 avg=1.533us active=0.000% total_ms=76.6
(Worker_TP4 pid=2103498) [NEO HOOK] pid=2103498 calls=50000 avg=1.474us active=0.000% total_ms=73.7
(Worker_TP5 pid=2103499) [NEO HOOK] pid=2103499 calls=50000 avg=1.504us active=0.000% total_ms=75.2
(Worker_TP7 pid=2103501) [NEO HOOK] pid=2103501 calls=50000 avg=1.463us active=0.000% total_ms=73.1
(Worker_TP3 pid=2103497) [NEO HOOK] pid=2103497 calls=50000 avg=1.438us active=0.000% total_ms=71.9
(Worker_TP1 pid=2103495) [NEO HOOK] pid=2103495 calls=50000 avg=1.434us active=0.000% total_ms=71.7
(Worker_TP0 pid=2103493) [NEO HOOK] pid=2103493 calls=50000 avg=1.451us active=0.000% total_ms=72.5
(Worker_TP2 pid=2103496) [NEO HOOK] pid=2103496 calls=50000 avg=2.199us active=0.000% total_ms=110.0
(EngineCore pid=2102836) INFO 05-03 02:32:16 [neo_scheduler_adapter.py:527] [NEO HP] step=700 avg(ms/step) super=0.588 sync=0.015 neo=0.099 attach=0.004 neo_total=0.118 neo_share=16.7%
INFO 05-03 02:32:16 [loggers.py:271] Engine 000: Avg prompt throughput: 0.0 tokens/s, Avg generation throughput: 371.2 tokens/s, Running: 50 reqs, Waiting: 0 reqs, GPU KV cache usage: 19.1%, Prefix cache hit rate: 0.0%
(Worker_TP7 pid=2103501) [NEO HOOK] pid=2103501 calls=60000 avg=1.463us active=0.000% total_ms=87.8
(Worker_TP5 pid=2103499) [NEO HOOK] pid=2103499 calls=60000 avg=1.504us active=0.000% total_ms=90.2
(Worker_TP6 pid=2103500) [NEO HOOK] pid=2103500 calls=60000 avg=1.529us active=0.000% total_ms=91.7
(Worker_TP4 pid=2103498) [NEO HOOK] pid=2103498 calls=60000 avg=1.474us active=0.000% total_ms=88.5
(Worker_TP3 pid=2103497) [NEO HOOK] pid=2103497 calls=60000 avg=1.438us active=0.000% total_ms=86.3
(Worker_TP1 pid=2103495) [NEO HOOK] pid=2103495 calls=60000 avg=1.433us active=0.000% total_ms=86.0
(Worker_TP0 pid=2103493) [NEO HOOK] pid=2103493 calls=60000 avg=1.449us active=0.000% total_ms=86.9
(Worker_TP2 pid=2103496) [NEO HOOK] pid=2103496 calls=60000 avg=2.203us active=0.000% total_ms=132.2
(EngineCore pid=2102836) INFO 05-03 02:32:23 [neo_scheduler_adapter.py:527] [NEO HP] step=800 avg(ms/step) super=0.590 sync=0.015 neo=0.099 attach=0.004 neo_total=0.118 neo_share=16.7%
INFO 05-03 02:32:26 [loggers.py:271] Engine 000: Avg prompt throughput: 0.0 tokens/s, Avg generation throughput: 367.2 tokens/s, Running: 50 reqs, Waiting: 0 reqs, GPU KV cache usage: 19.6%, Prefix cache hit rate: 0.0%
(Worker_TP6 pid=2103500) [NEO HOOK] pid=2103500 calls=70000 avg=1.526us active=0.000% total_ms=106.8
(Worker_TP1 pid=2103495) [NEO HOOK] pid=2103495 calls=70000 avg=1.431us active=0.000% total_ms=100.2
(Worker_TP7 pid=2103501) [NEO HOOK] pid=2103501 calls=70000 avg=1.462us active=0.000% total_ms=102.4
(Worker_TP3 pid=2103497) [NEO HOOK] pid=2103497 calls=70000 avg=1.438us active=0.000% total_ms=100.7
(Worker_TP5 pid=2103499) [NEO HOOK] pid=2103499 calls=70000 avg=1.500us active=0.000% total_ms=105.0
(Worker_TP0 pid=2103493) [NEO HOOK] pid=2103493 calls=70000 avg=1.448us active=0.000% total_ms=101.4
(Worker_TP4 pid=2103498) [NEO HOOK] pid=2103498 calls=70000 avg=1.470us active=0.000% total_ms=102.9
(Worker_TP2 pid=2103496) [NEO HOOK] pid=2103496 calls=70000 avg=2.184us active=0.000% total_ms=152.9
(EngineCore pid=2102836) INFO 05-03 02:32:29 [neo_scheduler_adapter.py:527] [NEO HP] step=900 avg(ms/step) super=0.591 sync=0.015 neo=0.099 attach=0.004 neo_total=0.118 neo_share=16.6%
(Worker_TP5 pid=2103499) [NEO HOOK] pid=2103499 calls=80000 avg=1.500us active=0.000% total_ms=120.0
(Worker_TP0 pid=2103493) [NEO HOOK] pid=2103493 calls=80000 avg=1.445us active=0.000% total_ms=115.6
(Worker_TP3 pid=2103497) [NEO HOOK] pid=2103497 calls=80000 avg=1.445us active=0.000% total_ms=115.6
(Worker_TP6 pid=2103500) [NEO HOOK] pid=2103500 calls=80000 avg=1.523us active=0.000% total_ms=121.9
(Worker_TP1 pid=2103495) [NEO HOOK] pid=2103495 calls=80000 avg=1.429us active=0.000% total_ms=114.3
(Worker_TP4 pid=2103498) [NEO HOOK] pid=2103498 calls=80000 avg=1.466us active=0.000% total_ms=117.3
(Worker_TP7 pid=2103501) [NEO HOOK] pid=2103501 calls=80000 avg=1.460us active=0.000% total_ms=116.8
(Worker_TP2 pid=2103496) [NEO HOOK] pid=2103496 calls=80000 avg=2.109us active=0.000% total_ms=168.7
(EngineCore pid=2102836) INFO 05-03 02:32:34 [neo_scheduler_adapter.py:527] [NEO HP] step=1000 avg(ms/step) super=0.593 sync=0.015 neo=0.099 attach=0.004 neo_total=0.118 neo_share=16.6%
Processed prompts:   2%|▏         | 1/50 [01:09<57:06, 69.92s/it, est. speed input: 30.68 toks/s, output: 7.32 toks/s]Processed prompts:   4%|▍         | 2/50 [01:10<23:05, 28.86s/it, est. speed input: 61.14 toks/s, output: 14.62 toks/s]Processed prompts:  34%|███▍      | 17/50 [01:10<01:10,  2.13s/it, est. speed input: 516.83 toks/s, output: 124.07 toks/s]INFO 05-03 02:32:36 [loggers.py:271] Engine 000: Avg prompt throughput: 0.0 tokens/s, Avg generation throughput: 452.4 tokens/s, Running: 19 reqs, Waiting: 0 reqs, GPU KV cache usage: 7.7%, Prefix cache hit rate: 0.0%
Processed prompts:  64%|██████▍   | 32/50 [01:10<00:16,  1.09it/s, est. speed input: 970.60 toks/s, output: 233.15 toks/s]Processed prompts: 100%|██████████| 50/50 [01:10<00:00,  1.09it/s, est. speed input: 1514.66 toks/s, output: 363.79 toks/s]Processed prompts: 100%|██████████| 50/50 [01:10<00:00,  1.41s/it, est. speed input: 1514.66 toks/s, output: 363.79 toks/s]
[baseline] generate wall=70.7s
[baseline] total_input_tokens=106588 total_output_tokens=25600
[baseline] prompt_tps=1507.5 output_tps=362.1 req_per_s=0.71
[baseline] log metrics: {'preempt_count': None, 'kv_cache_size_tokens': 652128, 'max_concurrency': 159.21}
[baseline] wrote /workspace/vllm_hybrid/eval/results/20260503_023023_Intel_Xeon_Platinum_8480+x2_H100_80GB_HBM3x8_neo_hook_v3/neo_on.json
(EngineCore pid=2102836) INFO 05-03 02:32:36 [core.py:1353] Shutdown initiated (timeout=0)
(EngineCore pid=2102836) INFO 05-03 02:32:36 [core.py:1376] Shutdown complete
(Worker_TP0 pid=2103493) INFO 05-03 02:32:36 [multiproc_executor.py:775] Parent process exited, terminating worker queues
(Worker_TP4 pid=2103498) INFO 05-03 02:32:36 [multiproc_executor.py:872] WorkerProc shutting down.
(Worker_TP3 pid=2103497) INFO 05-03 02:32:36 [multiproc_executor.py:872] WorkerProc shutting down.
(Worker_TP5 pid=2103499) INFO 05-03 02:32:36 [multiproc_executor.py:872] WorkerProc shutting down.
(Worker_TP7 pid=2103501) INFO 05-03 02:32:36 [multiproc_executor.py:872] WorkerProc shutting down.
(Worker_TP6 pid=2103500) INFO 05-03 02:32:36 [multiproc_executor.py:872] WorkerProc shutting down.
(Worker_TP1 pid=2103495) INFO 05-03 02:32:36 [multiproc_executor.py:872] WorkerProc shutting down.
(Worker_TP2 pid=2103496) INFO 05-03 02:32:36 [multiproc_executor.py:872] WorkerProc shutting down.
(Worker_TP0 pid=2103493) INFO 05-03 02:32:36 [multiproc_executor.py:872] WorkerProc shutting down.
[rank3]:[W503 02:32:37.160241350 TCPStore.cpp:125] [c10d] recvValue failed on SocketImpl(fd=100, addr=[localhost]:50866, remote=[localhost]:43221): Failed to recv, got 0 bytes. Connection was likely closed. Did the remote server shutdown or crash?
Exception raised from recvBytes at /pytorch/torch/csrc/distributed/c10d/Utils.hpp:682 (most recent call first):
frame #0: c10::Error::Error(c10::SourceLocation, std::__cxx11::basic_string<char, std::char_traits<char>, std::allocator<char> >) + 0x9d (0x152f7d77205d in /workspace/vllm_dev_prj/lib/python3.12/site-packages/torch/lib/libc10.so)
frame #1: <unknown function> + 0x6a9149d (0x152ee43a549d in /workspace/vllm_dev_prj/lib/python3.12/site-packages/torch/lib/libtorch_cpu.so)
frame #2: c10d::TCPStore::check(std::vector<std::__cxx11::basic_string<char, std::char_traits<char>, std::allocator<char> >, std::allocator<std::__cxx11::basic_string<char, std::char_traits<char>, std::allocator<char> > > > const&) + 0x273 (0x152ee43a33f3 in /workspace/vllm_dev_prj/lib/python3.12/site-packages/torch/lib/libtorch_cpu.so)
frame #3: c10d::ProcessGroupNCCL::HeartbeatMonitor::runLoop() + 0x4a5 (0x152ea913caa5 in /workspace/vllm_dev_prj/lib/python3.12/site-packages/torch/lib/libtorch_cuda.so)
frame #4: <unknown function> + 0xdc253 (0x152f7d2b0253 in /lib/x86_64-linux-gnu/libstdc++.so.6)
frame #5: <unknown function> + 0x94ac3 (0x152fb7e6bac3 in /lib/x86_64-linux-gnu/libc.so.6)
frame #6: <unknown function> + 0x1268d0 (0x152fb7efd8d0 in /lib/x86_64-linux-gnu/libc.so.6)

[rank3]:[W503 02:32:37.164981188 ProcessGroupNCCL.cpp:1826] [PG ID 0 PG GUID 0 Rank 3] Failed to check the "should dump" flag on TCPStore, (maybe TCPStore server has shut down too early), with error: Failed to recv, got 0 bytes. Connection was likely closed. Did the remote server shutdown or crash?
