(Worker_TP0 pid=2917692) Capturing CUDA graphs (decode, FULL):  45%|████▌     | 23/51 [00:02<00:02,  9.86it/s](Worker_TP4 pid=2917696) [IDE_006/TSK_009 profile pid=2917696 tag=pagedfa] #21/100 disp_calls=0 disp_total_us_per_call=0.0 lookup_us=0.0 layout_us=0.0 meta_us=0.0 hcattn_us=0.0 pfa_calls=4200 pfa_total_us_per_call=81.2
(Worker_TP7 pid=2917699) [IDE_006/TSK_009 profile pid=2917699 tag=pagedfa] #21/100 disp_calls=0 disp_total_us_per_call=0.0 lookup_us=0.0 layout_us=0.0 meta_us=0.0 hcattn_us=0.0 pfa_calls=4200 pfa_total_us_per_call=84.8
(Worker_TP6 pid=2917698) [IDE_006/TSK_009 profile pid=2917698 tag=pagedfa] #21/100 disp_calls=0 disp_total_us_per_call=0.0 lookup_us=0.0 layout_us=0.0 meta_us=0.0 hcattn_us=0.0 pfa_calls=4200 pfa_total_us_per_call=84.9
(Worker_TP2 pid=2917694) [IDE_006/TSK_009 profile pid=2917694 tag=pagedfa] #21/100 disp_calls=0 disp_total_us_per_call=0.0 lookup_us=0.0 layout_us=0.0 meta_us=0.0 hcattn_us=0.0 pfa_calls=4200 pfa_total_us_per_call=86.7
(Worker_TP3 pid=2917695) [IDE_006/TSK_009 profile pid=2917695 tag=pagedfa] #21/100 disp_calls=0 disp_total_us_per_call=0.0 lookup_us=0.0 layout_us=0.0 meta_us=0.0 hcattn_us=0.0 pfa_calls=4200 pfa_total_us_per_call=84.3
(Worker_TP1 pid=2917693) [IDE_006/TSK_009 profile pid=2917693 tag=pagedfa] #21/100 disp_calls=0 disp_total_us_per_call=0.0 lookup_us=0.0 layout_us=0.0 meta_us=0.0 hcattn_us=0.0 pfa_calls=4200 pfa_total_us_per_call=86.5
(Worker_TP5 pid=2917697) [IDE_006/TSK_009 profile pid=2917697 tag=pagedfa] #21/100 disp_calls=0 disp_total_us_per_call=0.0 lookup_us=0.0 layout_us=0.0 meta_us=0.0 hcattn_us=0.0 pfa_calls=4200 pfa_total_us_per_call=80.8
[IDE_006/TSK_009 profile pid=2917692 tag=pagedfa] #21/100 disp_calls=0 disp_total_us_per_call=0.0 lookup_us=0.0 layout_us=0.0 meta_us=0.0 hcattn_us=0.0 pfa_calls=4200 pfa_total_us_per_call=84.9
(Worker_TP0 pid=2917692) Capturing CUDA graphs (decode, FULL):  49%|████▉     | 25/51 [00:02<00:02,  9.78it/s](Worker_TP6 pid=2917698) [IDE_006/TSK_009 profile pid=2917698 tag=pagedfa] #22/100 disp_calls=0 disp_total_us_per_call=0.0 lookup_us=0.0 layout_us=0.0 meta_us=0.0 hcattn_us=0.0 pfa_calls=4400 pfa_total_us_per_call=85.1
(Worker_TP7 pid=2917699) [IDE_006/TSK_009 profile pid=2917699 tag=pagedfa] #22/100 disp_calls=0 disp_total_us_per_call=0.0 lookup_us=0.0 layout_us=0.0 meta_us=0.0 hcattn_us=0.0 pfa_calls=4400 pfa_total_us_per_call=85.7
(Worker_TP4 pid=2917696) [IDE_006/TSK_009 profile pid=2917696 tag=pagedfa] #22/100 disp_calls=0 disp_total_us_per_call=0.0 lookup_us=0.0 layout_us=0.0 meta_us=0.0 hcattn_us=0.0 pfa_calls=4400 pfa_total_us_per_call=82.4
(Worker_TP3 pid=2917695) [IDE_006/TSK_009 profile pid=2917695 tag=pagedfa] #22/100 disp_calls=0 disp_total_us_per_call=0.0 lookup_us=0.0 layout_us=0.0 meta_us=0.0 hcattn_us=0.0 pfa_calls=4400 pfa_total_us_per_call=84.4
(Worker_TP2 pid=2917694) [IDE_006/TSK_009 profile pid=2917694 tag=pagedfa] #22/100 disp_calls=0 disp_total_us_per_call=0.0 lookup_us=0.0 layout_us=0.0 meta_us=0.0 hcattn_us=0.0 pfa_calls=4400 pfa_total_us_per_call=86.7
[IDE_006/TSK_009 profile pid=2917692 tag=pagedfa] #22/100 disp_calls=0 disp_total_us_per_call=0.0 lookup_us=0.0 layout_us=0.0 meta_us=0.0 hcattn_us=0.0 pfa_calls=4400 pfa_total_us_per_call=84.9
(Worker_TP1 pid=2917693) [IDE_006/TSK_009 profile pid=2917693 tag=pagedfa] #22/100 disp_calls=0 disp_total_us_per_call=0.0 lookup_us=0.0 layout_us=0.0 meta_us=0.0 hcattn_us=0.0 pfa_calls=4400 pfa_total_us_per_call=86.6
(Worker_TP5 pid=2917697) [IDE_006/TSK_009 profile pid=2917697 tag=pagedfa] #22/100 disp_calls=0 disp_total_us_per_call=0.0 lookup_us=0.0 layout_us=0.0 meta_us=0.0 hcattn_us=0.0 pfa_calls=4400 pfa_total_us_per_call=81.2
(Worker_TP1 pid=2917693) [IDE_006/TSK_009 profile pid=2917693 tag=pagedfa] #23/100 disp_calls=0 disp_total_us_per_call=0.0 lookup_us=0.0 layout_us=0.0 meta_us=0.0 hcattn_us=0.0 pfa_calls=4600 pfa_total_us_per_call=85.9
(Worker_TP4 pid=2917696) [IDE_006/TSK_009 profile pid=2917696 tag=pagedfa] #23/100 disp_calls=0 disp_total_us_per_call=0.0 lookup_us=0.0 layout_us=0.0 meta_us=0.0 hcattn_us=0.0 pfa_calls=4600 pfa_total_us_per_call=81.8
(Worker_TP7 pid=2917699) [IDE_006/TSK_009 profile pid=2917699 tag=pagedfa] #23/100 disp_calls=0 disp_total_us_per_call=0.0 lookup_us=0.0 layout_us=0.0 meta_us=0.0 hcattn_us=0.0 pfa_calls=4600 pfa_total_us_per_call=84.9
(Worker_TP6 pid=2917698) [IDE_006/TSK_009 profile pid=2917698 tag=pagedfa] #23/100 disp_calls=0 disp_total_us_per_call=0.0 lookup_us=0.0 layout_us=0.0 meta_us=0.0 hcattn_us=0.0 pfa_calls=4600 pfa_total_us_per_call=84.3
(Worker_TP2 pid=2917694) [IDE_006/TSK_009 profile pid=2917694 tag=pagedfa] #23/100 disp_calls=0 disp_total_us_per_call=0.0 lookup_us=0.0 layout_us=0.0 meta_us=0.0 hcattn_us=0.0 pfa_calls=4600 pfa_total_us_per_call=86.0
(Worker_TP3 pid=2917695) [IDE_006/TSK_009 profile pid=2917695 tag=pagedfa] #23/100 disp_calls=0 disp_total_us_per_call=0.0 lookup_us=0.0 layout_us=0.0 meta_us=0.0 hcattn_us=0.0 pfa_calls=4600 pfa_total_us_per_call=83.8
(Worker_TP5 pid=2917697) [IDE_006/TSK_009 profile pid=2917697 tag=pagedfa] #23/100 disp_calls=0 disp_total_us_per_call=0.0 lookup_us=0.0 layout_us=0.0 meta_us=0.0 hcattn_us=0.0 pfa_calls=4600 pfa_total_us_per_call=80.8
(Worker_TP0 pid=2917692) [IDE_006/TSK_009 profile pid=2917692 tag=pagedfa] #23/100 disp_calls=0 disp_total_us_per_call=0.0 lookup_us=0.0 layout_us=0.0 meta_us=0.0 hcattn_us=0.0 pfa_calls=4600 pfa_total_us_per_call=84.3
(Worker_TP0 pid=2917692) Capturing CUDA graphs (decode, FULL):  53%|█████▎    | 27/51 [00:02<00:02, 10.02it/s](Worker_TP7 pid=2917699) [IDE_006/TSK_009 profile pid=2917699 tag=pagedfa] #24/100 disp_calls=0 disp_total_us_per_call=0.0 lookup_us=0.0 layout_us=0.0 meta_us=0.0 hcattn_us=0.0 pfa_calls=4800 pfa_total_us_per_call=84.2
(Worker_TP4 pid=2917696) [IDE_006/TSK_009 profile pid=2917696 tag=pagedfa] #24/100 disp_calls=0 disp_total_us_per_call=0.0 lookup_us=0.0 layout_us=0.0 meta_us=0.0 hcattn_us=0.0 pfa_calls=4800 pfa_total_us_per_call=81.3
(Worker_TP6 pid=2917698) [IDE_006/TSK_009 profile pid=2917698 tag=pagedfa] #24/100 disp_calls=0 disp_total_us_per_call=0.0 lookup_us=0.0 layout_us=0.0 meta_us=0.0 hcattn_us=0.0 pfa_calls=4800 pfa_total_us_per_call=83.7
(Worker_TP3 pid=2917695) [IDE_006/TSK_009 profile pid=2917695 tag=pagedfa] #24/100 disp_calls=0 disp_total_us_per_call=0.0 lookup_us=0.0 layout_us=0.0 meta_us=0.0 hcattn_us=0.0 pfa_calls=4800 pfa_total_us_per_call=83.2
(Worker_TP2 pid=2917694) [IDE_006/TSK_009 profile pid=2917694 tag=pagedfa] #24/100 disp_calls=0 disp_total_us_per_call=0.0 lookup_us=0.0 layout_us=0.0 meta_us=0.0 hcattn_us=0.0 pfa_calls=4800 pfa_total_us_per_call=85.3
(Worker_TP1 pid=2917693) [IDE_006/TSK_009 profile pid=2917693 tag=pagedfa] #24/100 disp_calls=0 disp_total_us_per_call=0.0 lookup_us=0.0 layout_us=0.0 meta_us=0.0 hcattn_us=0.0 pfa_calls=4800 pfa_total_us_per_call=85.2
[IDE_006/TSK_009 profile pid=2917692 tag=pagedfa] #24/100 disp_calls=0 disp_total_us_per_call=0.0 lookup_us=0.0 layout_us=0.0 meta_us=0.0 hcattn_us=0.0 pfa_calls=4800 pfa_total_us_per_call=83.7
(Worker_TP5 pid=2917697) [IDE_006/TSK_009 profile pid=2917697 tag=pagedfa] #24/100 disp_calls=0 disp_total_us_per_call=0.0 lookup_us=0.0 layout_us=0.0 meta_us=0.0 hcattn_us=0.0 pfa_calls=4800 pfa_total_us_per_call=80.3
(Worker_TP0 pid=2917692) Capturing CUDA graphs (decode, FULL):  57%|█████▋    | 29/51 [00:03<00:02, 10.23it/s](Worker_TP4 pid=2917696) [IDE_006/TSK_009 profile pid=2917696 tag=pagedfa] #25/100 disp_calls=0 disp_total_us_per_call=0.0 lookup_us=0.0 layout_us=0.0 meta_us=0.0 hcattn_us=0.0 pfa_calls=5000 pfa_total_us_per_call=81.0
(Worker_TP6 pid=2917698) [IDE_006/TSK_009 profile pid=2917698 tag=pagedfa] #25/100 disp_calls=0 disp_total_us_per_call=0.0 lookup_us=0.0 layout_us=0.0 meta_us=0.0 hcattn_us=0.0 pfa_calls=5000 pfa_total_us_per_call=83.1
(Worker_TP7 pid=2917699) [IDE_006/TSK_009 profile pid=2917699 tag=pagedfa] #25/100 disp_calls=0 disp_total_us_per_call=0.0 lookup_us=0.0 layout_us=0.0 meta_us=0.0 hcattn_us=0.0 pfa_calls=5000 pfa_total_us_per_call=83.8
(Worker_TP2 pid=2917694) [IDE_006/TSK_009 profile pid=2917694 tag=pagedfa] #25/100 disp_calls=0 disp_total_us_per_call=0.0 lookup_us=0.0 layout_us=0.0 meta_us=0.0 hcattn_us=0.0 pfa_calls=5000 pfa_total_us_per_call=84.7
(Worker_TP1 pid=2917693) [IDE_006/TSK_009 profile pid=2917693 tag=pagedfa] #25/100 disp_calls=0 disp_total_us_per_call=0.0 lookup_us=0.0 layout_us=0.0 meta_us=0.0 hcattn_us=0.0 pfa_calls=5000 pfa_total_us_per_call=84.7
(Worker_TP3 pid=2917695) [IDE_006/TSK_009 profile pid=2917695 tag=pagedfa] #25/100 disp_calls=0 disp_total_us_per_call=0.0 lookup_us=0.0 layout_us=0.0 meta_us=0.0 hcattn_us=0.0 pfa_calls=5000 pfa_total_us_per_call=82.8
(Worker_TP5 pid=2917697) [IDE_006/TSK_009 profile pid=2917697 tag=pagedfa] #25/100 disp_calls=0 disp_total_us_per_call=0.0 lookup_us=0.0 layout_us=0.0 meta_us=0.0 hcattn_us=0.0 pfa_calls=5000 pfa_total_us_per_call=80.0
[IDE_006/TSK_009 profile pid=2917692 tag=pagedfa] #25/100 disp_calls=0 disp_total_us_per_call=0.0 lookup_us=0.0 layout_us=0.0 meta_us=0.0 hcattn_us=0.0 pfa_calls=5000 pfa_total_us_per_call=83.3
(Worker_TP3 pid=2917695) [IDE_006/TSK_009 profile pid=2917695 tag=pagedfa] #26/100 disp_calls=0 disp_total_us_per_call=0.0 lookup_us=0.0 layout_us=0.0 meta_us=0.0 hcattn_us=0.0 pfa_calls=5200 pfa_total_us_per_call=82.3
(Worker_TP4 pid=2917696) [IDE_006/TSK_009 profile pid=2917696 tag=pagedfa] #26/100 disp_calls=0 disp_total_us_per_call=0.0 lookup_us=0.0 layout_us=0.0 meta_us=0.0 hcattn_us=0.0 pfa_calls=5200 pfa_total_us_per_call=80.7
(Worker_TP7 pid=2917699) [IDE_006/TSK_009 profile pid=2917699 tag=pagedfa] #26/100 disp_calls=0 disp_total_us_per_call=0.0 lookup_us=0.0 layout_us=0.0 meta_us=0.0 hcattn_us=0.0 pfa_calls=5200 pfa_total_us_per_call=83.3
(Worker_TP6 pid=2917698) [IDE_006/TSK_009 profile pid=2917698 tag=pagedfa] #26/100 disp_calls=0 disp_total_us_per_call=0.0 lookup_us=0.0 layout_us=0.0 meta_us=0.0 hcattn_us=0.0 pfa_calls=5200 pfa_total_us_per_call=82.7
(Worker_TP2 pid=2917694) [IDE_006/TSK_009 profile pid=2917694 tag=pagedfa] #26/100 disp_calls=0 disp_total_us_per_call=0.0 lookup_us=0.0 layout_us=0.0 meta_us=0.0 hcattn_us=0.0 pfa_calls=5200 pfa_total_us_per_call=84.3
(Worker_TP1 pid=2917693) [IDE_006/TSK_009 profile pid=2917693 tag=pagedfa] #26/100 disp_calls=0 disp_total_us_per_call=0.0 lookup_us=0.0 layout_us=0.0 meta_us=0.0 hcattn_us=0.0 pfa_calls=5200 pfa_total_us_per_call=84.4
(Worker_TP5 pid=2917697) [IDE_006/TSK_009 profile pid=2917697 tag=pagedfa] #26/100 disp_calls=0 disp_total_us_per_call=0.0 lookup_us=0.0 layout_us=0.0 meta_us=0.0 hcattn_us=0.0 pfa_calls=5200 pfa_total_us_per_call=79.7
(Worker_TP0 pid=2917692) [IDE_006/TSK_009 profile pid=2917692 tag=pagedfa] #26/100 disp_calls=0 disp_total_us_per_call=0.0 lookup_us=0.0 layout_us=0.0 meta_us=0.0 hcattn_us=0.0 pfa_calls=5200 pfa_total_us_per_call=82.9
(Worker_TP0 pid=2917692) Capturing CUDA graphs (decode, FULL):  61%|██████    | 31/51 [00:03<00:01, 10.05it/s](Worker_TP5 pid=2917697) [IDE_006/TSK_009 profile pid=2917697 tag=pagedfa] #27/100 disp_calls=0 disp_total_us_per_call=0.0 lookup_us=0.0 layout_us=0.0 meta_us=0.0 hcattn_us=0.0 pfa_calls=5400 pfa_total_us_per_call=79.9
(Worker_TP6 pid=2917698) [IDE_006/TSK_009 profile pid=2917698 tag=pagedfa] #27/100 disp_calls=0 disp_total_us_per_call=0.0 lookup_us=0.0 layout_us=0.0 meta_us=0.0 hcattn_us=0.0 pfa_calls=5400 pfa_total_us_per_call=82.8
(Worker_TP4 pid=2917696) [IDE_006/TSK_009 profile pid=2917696 tag=pagedfa] #27/100 disp_calls=0 disp_total_us_per_call=0.0 lookup_us=0.0 layout_us=0.0 meta_us=0.0 hcattn_us=0.0 pfa_calls=5400 pfa_total_us_per_call=82.1
(Worker_TP7 pid=2917699) [IDE_006/TSK_009 profile pid=2917699 tag=pagedfa] #27/100 disp_calls=0 disp_total_us_per_call=0.0 lookup_us=0.0 layout_us=0.0 meta_us=0.0 hcattn_us=0.0 pfa_calls=5400 pfa_total_us_per_call=83.7
(Worker_TP3 pid=2917695) [IDE_006/TSK_009 profile pid=2917695 tag=pagedfa] #27/100 disp_calls=0 disp_total_us_per_call=0.0 lookup_us=0.0 layout_us=0.0 meta_us=0.0 hcattn_us=0.0 pfa_calls=5400 pfa_total_us_per_call=82.4
(Worker_TP2 pid=2917694) [IDE_006/TSK_009 profile pid=2917694 tag=pagedfa] #27/100 disp_calls=0 disp_total_us_per_call=0.0 lookup_us=0.0 layout_us=0.0 meta_us=0.0 hcattn_us=0.0 pfa_calls=5400 pfa_total_us_per_call=85.1
(Worker_TP1 pid=2917693) [IDE_006/TSK_009 profile pid=2917693 tag=pagedfa] #27/100 disp_calls=0 disp_total_us_per_call=0.0 lookup_us=0.0 layout_us=0.0 meta_us=0.0 hcattn_us=0.0 pfa_calls=5400 pfa_total_us_per_call=84.7
[IDE_006/TSK_009 profile pid=2917692 tag=pagedfa] #27/100 disp_calls=0 disp_total_us_per_call=0.0 lookup_us=0.0 layout_us=0.0 meta_us=0.0 hcattn_us=0.0 pfa_calls=5400 pfa_total_us_per_call=83.3
(Worker_TP7 pid=2917699) [IDE_006/TSK_009 profile pid=2917699 tag=pagedfa] #28/100 disp_calls=0 disp_total_us_per_call=0.0 lookup_us=0.0 layout_us=0.0 meta_us=0.0 hcattn_us=0.0 pfa_calls=5600 pfa_total_us_per_call=83.1
(Worker_TP2 pid=2917694) [IDE_006/TSK_009 profile pid=2917694 tag=pagedfa] #28/100 disp_calls=0 disp_total_us_per_call=0.0 lookup_us=0.0 layout_us=0.0 meta_us=0.0 hcattn_us=0.0 pfa_calls=5600 pfa_total_us_per_call=84.6
(Worker_TP4 pid=2917696) [IDE_006/TSK_009 profile pid=2917696 tag=pagedfa] #28/100 disp_calls=0 disp_total_us_per_call=0.0 lookup_us=0.0 layout_us=0.0 meta_us=0.0 hcattn_us=0.0 pfa_calls=5600 pfa_total_us_per_call=81.7
(Worker_TP1 pid=2917693) [IDE_006/TSK_009 profile pid=2917693 tag=pagedfa] #28/100 disp_calls=0 disp_total_us_per_call=0.0 lookup_us=0.0 layout_us=0.0 meta_us=0.0 hcattn_us=0.0 pfa_calls=5600 pfa_total_us_per_call=84.1
(Worker_TP6 pid=2917698) [IDE_006/TSK_009 profile pid=2917698 tag=pagedfa] #28/100 disp_calls=0 disp_total_us_per_call=0.0 lookup_us=0.0 layout_us=0.0 meta_us=0.0 hcattn_us=0.0 pfa_calls=5600 pfa_total_us_per_call=82.3
(Worker_TP3 pid=2917695) [IDE_006/TSK_009 profile pid=2917695 tag=pagedfa] #28/100 disp_calls=0 disp_total_us_per_call=0.0 lookup_us=0.0 layout_us=0.0 meta_us=0.0 hcattn_us=0.0 pfa_calls=5600 pfa_total_us_per_call=81.9
(Worker_TP0 pid=2917692) [IDE_006/TSK_009 profile pid=2917692 tag=pagedfa] #28/100 disp_calls=0 disp_total_us_per_call=0.0 lookup_us=0.0 layout_us=0.0 meta_us=0.0 hcattn_us=0.0 pfa_calls=5600 pfa_total_us_per_call=82.8
(Worker_TP5 pid=2917697) [IDE_006/TSK_009 profile pid=2917697 tag=pagedfa] #28/100 disp_calls=0 disp_total_us_per_call=0.0 lookup_us=0.0 layout_us=0.0 meta_us=0.0 hcattn_us=0.0 pfa_calls=5600 pfa_total_us_per_call=79.6
(Worker_TP0 pid=2917692) Capturing CUDA graphs (decode, FULL):  65%|██████▍   | 33/51 [00:03<00:01, 10.06it/s](Worker_TP6 pid=2917698) [IDE_006/TSK_009 profile pid=2917698 tag=pagedfa] #29/100 disp_calls=0 disp_total_us_per_call=0.0 lookup_us=0.0 layout_us=0.0 meta_us=0.0 hcattn_us=0.0 pfa_calls=5800 pfa_total_us_per_call=81.9
(Worker_TP7 pid=2917699) [IDE_006/TSK_009 profile pid=2917699 tag=pagedfa] #29/100 disp_calls=0 disp_total_us_per_call=0.0 lookup_us=0.0 layout_us=0.0 meta_us=0.0 hcattn_us=0.0 pfa_calls=5800 pfa_total_us_per_call=82.6
(Worker_TP1 pid=2917693) [IDE_006/TSK_009 profile pid=2917693 tag=pagedfa] #29/100 disp_calls=0 disp_total_us_per_call=0.0 lookup_us=0.0 layout_us=0.0 meta_us=0.0 hcattn_us=0.0 pfa_calls=5800 pfa_total_us_per_call=83.7
(Worker_TP4 pid=2917696) [IDE_006/TSK_009 profile pid=2917696 tag=pagedfa] #29/100 disp_calls=0 disp_total_us_per_call=0.0 lookup_us=0.0 layout_us=0.0 meta_us=0.0 hcattn_us=0.0 pfa_calls=5800 pfa_total_us_per_call=81.4
(Worker_TP3 pid=2917695) [IDE_006/TSK_009 profile pid=2917695 tag=pagedfa] #29/100 disp_calls=0 disp_total_us_per_call=0.0 lookup_us=0.0 layout_us=0.0 meta_us=0.0 hcattn_us=0.0 pfa_calls=5800 pfa_total_us_per_call=81.6
(Worker_TP5 pid=2917697) [IDE_006/TSK_009 profile pid=2917697 tag=pagedfa] #29/100 disp_calls=0 disp_total_us_per_call=0.0 lookup_us=0.0 layout_us=0.0 meta_us=0.0 hcattn_us=0.0 pfa_calls=5800 pfa_total_us_per_call=79.4
(Worker_TP2 pid=2917694) [IDE_006/TSK_009 profile pid=2917694 tag=pagedfa] #29/100 disp_calls=0 disp_total_us_per_call=0.0 lookup_us=0.0 layout_us=0.0 meta_us=0.0 hcattn_us=0.0 pfa_calls=5800 pfa_total_us_per_call=84.2
[IDE_006/TSK_009 profile pid=2917692 tag=pagedfa] #29/100 disp_calls=0 disp_total_us_per_call=0.0 lookup_us=0.0 layout_us=0.0 meta_us=0.0 hcattn_us=0.0 pfa_calls=5800 pfa_total_us_per_call=82.5
(Worker_TP0 pid=2917692) Capturing CUDA graphs (decode, FULL):  69%|██████▊   | 35/51 [00:03<00:01, 10.27it/s](Worker_TP1 pid=2917693) [IDE_006/TSK_009 profile pid=2917693 tag=pagedfa] #30/100 disp_calls=0 disp_total_us_per_call=0.0 lookup_us=0.0 layout_us=0.0 meta_us=0.0 hcattn_us=0.0 pfa_calls=6000 pfa_total_us_per_call=83.2
(Worker_TP7 pid=2917699) [IDE_006/TSK_009 profile pid=2917699 tag=pagedfa] #30/100 disp_calls=0 disp_total_us_per_call=0.0 lookup_us=0.0 layout_us=0.0 meta_us=0.0 hcattn_us=0.0 pfa_calls=6000 pfa_total_us_per_call=82.1
(Worker_TP6 pid=2917698) [IDE_006/TSK_009 profile pid=2917698 tag=pagedfa] #30/100 disp_calls=0 disp_total_us_per_call=0.0 lookup_us=0.0 layout_us=0.0 meta_us=0.0 hcattn_us=0.0 pfa_calls=6000 pfa_total_us_per_call=81.5
(Worker_TP4 pid=2917696) [IDE_006/TSK_009 profile pid=2917696 tag=pagedfa] #30/100 disp_calls=0 disp_total_us_per_call=0.0 lookup_us=0.0 layout_us=0.0 meta_us=0.0 hcattn_us=0.0 pfa_calls=6000 pfa_total_us_per_call=81.0
(Worker_TP2 pid=2917694) [IDE_006/TSK_009 profile pid=2917694 tag=pagedfa] #30/100 disp_calls=0 disp_total_us_per_call=0.0 lookup_us=0.0 layout_us=0.0 meta_us=0.0 hcattn_us=0.0 pfa_calls=6000 pfa_total_us_per_call=83.7
(Worker_TP3 pid=2917695) [IDE_006/TSK_009 profile pid=2917695 tag=pagedfa] #30/100 disp_calls=0 disp_total_us_per_call=0.0 lookup_us=0.0 layout_us=0.0 meta_us=0.0 hcattn_us=0.0 pfa_calls=6000 pfa_total_us_per_call=81.3
(Worker_TP5 pid=2917697) [IDE_006/TSK_009 profile pid=2917697 tag=pagedfa] #30/100 disp_calls=0 disp_total_us_per_call=0.0 lookup_us=0.0 layout_us=0.0 meta_us=0.0 hcattn_us=0.0 pfa_calls=6000 pfa_total_us_per_call=79.1
[IDE_006/TSK_009 profile pid=2917692 tag=pagedfa] #30/100 disp_calls=0 disp_total_us_per_call=0.0 lookup_us=0.0 layout_us=0.0 meta_us=0.0 hcattn_us=0.0 pfa_calls=6000 pfa_total_us_per_call=82.1
(Worker_TP7 pid=2917699) [IDE_006/TSK_009 profile pid=2917699 tag=pagedfa] #31/100 disp_calls=0 disp_total_us_per_call=0.0 lookup_us=0.0 layout_us=0.0 meta_us=0.0 hcattn_us=0.0 pfa_calls=6200 pfa_total_us_per_call=81.6
(Worker_TP4 pid=2917696) [IDE_006/TSK_009 profile pid=2917696 tag=pagedfa] #31/100 disp_calls=0 disp_total_us_per_call=0.0 lookup_us=0.0 layout_us=0.0 meta_us=0.0 hcattn_us=0.0 pfa_calls=6200 pfa_total_us_per_call=80.5
(Worker_TP1 pid=2917693) [IDE_006/TSK_009 profile pid=2917693 tag=pagedfa] #31/100 disp_calls=0 disp_total_us_per_call=0.0 lookup_us=0.0 layout_us=0.0 meta_us=0.0 hcattn_us=0.0 pfa_calls=6200 pfa_total_us_per_call=82.7
(Worker_TP6 pid=2917698) [IDE_006/TSK_009 profile pid=2917698 tag=pagedfa] #31/100 disp_calls=0 disp_total_us_per_call=0.0 lookup_us=0.0 layout_us=0.0 meta_us=0.0 hcattn_us=0.0 pfa_calls=6200 pfa_total_us_per_call=81.0
(Worker_TP3 pid=2917695) [IDE_006/TSK_009 profile pid=2917695 tag=pagedfa] #31/100 disp_calls=0 disp_total_us_per_call=0.0 lookup_us=0.0 layout_us=0.0 meta_us=0.0 hcattn_us=0.0 pfa_calls=6200 pfa_total_us_per_call=80.8
(Worker_TP2 pid=2917694) [IDE_006/TSK_009 profile pid=2917694 tag=pagedfa] #31/100 disp_calls=0 disp_total_us_per_call=0.0 lookup_us=0.0 layout_us=0.0 meta_us=0.0 hcattn_us=0.0 pfa_calls=6200 pfa_total_us_per_call=83.2
(Worker_TP5 pid=2917697) [IDE_006/TSK_009 profile pid=2917697 tag=pagedfa] #31/100 disp_calls=0 disp_total_us_per_call=0.0 lookup_us=0.0 layout_us=0.0 meta_us=0.0 hcattn_us=0.0 pfa_calls=6200 pfa_total_us_per_call=78.7
(Worker_TP0 pid=2917692) [IDE_006/TSK_009 profile pid=2917692 tag=pagedfa] #31/100 disp_calls=0 disp_total_us_per_call=0.0 lookup_us=0.0 layout_us=0.0 meta_us=0.0 hcattn_us=0.0 pfa_calls=6200 pfa_total_us_per_call=81.6
(Worker_TP0 pid=2917692) Capturing CUDA graphs (decode, FULL):  73%|███████▎  | 37/51 [00:03<00:01, 10.44it/s](Worker_TP6 pid=2917698) [IDE_006/TSK_009 profile pid=2917698 tag=pagedfa] #32/100 disp_calls=0 disp_total_us_per_call=0.0 lookup_us=0.0 layout_us=0.0 meta_us=0.0 hcattn_us=0.0 pfa_calls=6400 pfa_total_us_per_call=80.6
(Worker_TP7 pid=2917699) [IDE_006/TSK_009 profile pid=2917699 tag=pagedfa] #32/100 disp_calls=0 disp_total_us_per_call=0.0 lookup_us=0.0 layout_us=0.0 meta_us=0.0 hcattn_us=0.0 pfa_calls=6400 pfa_total_us_per_call=81.1
(Worker_TP3 pid=2917695) [IDE_006/TSK_009 profile pid=2917695 tag=pagedfa] #32/100 disp_calls=0 disp_total_us_per_call=0.0 lookup_us=0.0 layout_us=0.0 meta_us=0.0 hcattn_us=0.0 pfa_calls=6400 pfa_total_us_per_call=80.4
(Worker_TP2 pid=2917694) [IDE_006/TSK_009 profile pid=2917694 tag=pagedfa] #32/100 disp_calls=0 disp_total_us_per_call=0.0 lookup_us=0.0 layout_us=0.0 meta_us=0.0 hcattn_us=0.0 pfa_calls=6400 pfa_total_us_per_call=82.7
(Worker_TP4 pid=2917696) [IDE_006/TSK_009 profile pid=2917696 tag=pagedfa] #32/100 disp_calls=0 disp_total_us_per_call=0.0 lookup_us=0.0 layout_us=0.0 meta_us=0.0 hcattn_us=0.0 pfa_calls=6400 pfa_total_us_per_call=80.1
(Worker_TP1 pid=2917693) [IDE_006/TSK_009 profile pid=2917693 tag=pagedfa] #32/100 disp_calls=0 disp_total_us_per_call=0.0 lookup_us=0.0 layout_us=0.0 meta_us=0.0 hcattn_us=0.0 pfa_calls=6400 pfa_total_us_per_call=82.2
(Worker_TP5 pid=2917697) [IDE_006/TSK_009 profile pid=2917697 tag=pagedfa] #32/100 disp_calls=0 disp_total_us_per_call=0.0 lookup_us=0.0 layout_us=0.0 meta_us=0.0 hcattn_us=0.0 pfa_calls=6400 pfa_total_us_per_call=78.4
[IDE_006/TSK_009 profile pid=2917692 tag=pagedfa] #32/100 disp_calls=0 disp_total_us_per_call=0.0 lookup_us=0.0 layout_us=0.0 meta_us=0.0 hcattn_us=0.0 pfa_calls=6400 pfa_total_us_per_call=81.2
(Worker_TP0 pid=2917692) Capturing CUDA graphs (decode, FULL):  76%|███████▋  | 39/51 [00:03<00:01, 10.54it/s](Worker_TP4 pid=2917696) [IDE_006/TSK_009 profile pid=2917696 tag=pagedfa] #33/100 disp_calls=0 disp_total_us_per_call=0.0 lookup_us=0.0 layout_us=0.0 meta_us=0.0 hcattn_us=0.0 pfa_calls=6600 pfa_total_us_per_call=79.8
(Worker_TP2 pid=2917694) [IDE_006/TSK_009 profile pid=2917694 tag=pagedfa] #33/100 disp_calls=0 disp_total_us_per_call=0.0 lookup_us=0.0 layout_us=0.0 meta_us=0.0 hcattn_us=0.0 pfa_calls=6600 pfa_total_us_per_call=82.3
(Worker_TP1 pid=2917693) [IDE_006/TSK_009 profile pid=2917693 tag=pagedfa] #33/100 disp_calls=0 disp_total_us_per_call=0.0 lookup_us=0.0 layout_us=0.0 meta_us=0.0 hcattn_us=0.0 pfa_calls=6600 pfa_total_us_per_call=81.8
[IDE_006/TSK_009 profile pid=2917692 tag=pagedfa] #33/100 disp_calls=0 disp_total_us_per_call=0.0 lookup_us=0.0 layout_us=0.0 meta_us=0.0 hcattn_us=0.0 pfa_calls=6600 pfa_total_us_per_call=80.8
(Worker_TP7 pid=2917699) [IDE_006/TSK_009 profile pid=2917699 tag=pagedfa] #33/100 disp_calls=0 disp_total_us_per_call=0.0 lookup_us=0.0 layout_us=0.0 meta_us=0.0 hcattn_us=0.0 pfa_calls=6600 pfa_total_us_per_call=80.7
(Worker_TP6 pid=2917698) [IDE_006/TSK_009 profile pid=2917698 tag=pagedfa] #33/100 disp_calls=0 disp_total_us_per_call=0.0 lookup_us=0.0 layout_us=0.0 meta_us=0.0 hcattn_us=0.0 pfa_calls=6600 pfa_total_us_per_call=80.2
(Worker_TP5 pid=2917697) [IDE_006/TSK_009 profile pid=2917697 tag=pagedfa] #33/100 disp_calls=0 disp_total_us_per_call=0.0 lookup_us=0.0 layout_us=0.0 meta_us=0.0 hcattn_us=0.0 pfa_calls=6600 pfa_total_us_per_call=78.2
(Worker_TP3 pid=2917695) [IDE_006/TSK_009 profile pid=2917695 tag=pagedfa] #33/100 disp_calls=0 disp_total_us_per_call=0.0 lookup_us=0.0 layout_us=0.0 meta_us=0.0 hcattn_us=0.0 pfa_calls=6600 pfa_total_us_per_call=80.1
(Worker_TP7 pid=2917699) [IDE_006/TSK_009 profile pid=2917699 tag=pagedfa] #34/100 disp_calls=0 disp_total_us_per_call=0.0 lookup_us=0.0 layout_us=0.0 meta_us=0.0 hcattn_us=0.0 pfa_calls=6800 pfa_total_us_per_call=80.3
(Worker_TP6 pid=2917698) [IDE_006/TSK_009 profile pid=2917698 tag=pagedfa] #34/100 disp_calls=0 disp_total_us_per_call=0.0 lookup_us=0.0 layout_us=0.0 meta_us=0.0 hcattn_us=0.0 pfa_calls=6800 pfa_total_us_per_call=79.9
(Worker_TP4 pid=2917696) [IDE_006/TSK_009 profile pid=2917696 tag=pagedfa] #34/100 disp_calls=0 disp_total_us_per_call=0.0 lookup_us=0.0 layout_us=0.0 meta_us=0.0 hcattn_us=0.0 pfa_calls=6800 pfa_total_us_per_call=79.4
(Worker_TP5 pid=2917697) [IDE_006/TSK_009 profile pid=2917697 tag=pagedfa] #34/100 disp_calls=0 disp_total_us_per_call=0.0 lookup_us=0.0 layout_us=0.0 meta_us=0.0 hcattn_us=0.0 pfa_calls=6800 pfa_total_us_per_call=77.9
(Worker_TP0 pid=2917692) [IDE_006/TSK_009 profile pid=2917692 tag=pagedfa] #34/100 disp_calls=0 disp_total_us_per_call=0.0 lookup_us=0.0 layout_us=0.0 meta_us=0.0 hcattn_us=0.0 pfa_calls=6800 pfa_total_us_per_call=80.5
(Worker_TP3 pid=2917695) [IDE_006/TSK_009 profile pid=2917695 tag=pagedfa] #34/100 disp_calls=0 disp_total_us_per_call=0.0 lookup_us=0.0 layout_us=0.0 meta_us=0.0 hcattn_us=0.0 pfa_calls=6800 pfa_total_us_per_call=79.7
(Worker_TP2 pid=2917694) [IDE_006/TSK_009 profile pid=2917694 tag=pagedfa] #34/100 disp_calls=0 disp_total_us_per_call=0.0 lookup_us=0.0 layout_us=0.0 meta_us=0.0 hcattn_us=0.0 pfa_calls=6800 pfa_total_us_per_call=81.9
(Worker_TP1 pid=2917693) [IDE_006/TSK_009 profile pid=2917693 tag=pagedfa] #34/100 disp_calls=0 disp_total_us_per_call=0.0 lookup_us=0.0 layout_us=0.0 meta_us=0.0 hcattn_us=0.0 pfa_calls=6800 pfa_total_us_per_call=81.4
(Worker_TP0 pid=2917692) Capturing CUDA graphs (decode, FULL):  80%|████████  | 41/51 [00:04<00:00, 10.16it/s](Worker_TP4 pid=2917696) [IDE_006/TSK_009 profile pid=2917696 tag=pagedfa] #35/100 disp_calls=0 disp_total_us_per_call=0.0 lookup_us=0.0 layout_us=0.0 meta_us=0.0 hcattn_us=0.0 pfa_calls=7000 pfa_total_us_per_call=79.1
(Worker_TP7 pid=2917699) [IDE_006/TSK_009 profile pid=2917699 tag=pagedfa] #35/100 disp_calls=0 disp_total_us_per_call=0.0 lookup_us=0.0 layout_us=0.0 meta_us=0.0 hcattn_us=0.0 pfa_calls=7000 pfa_total_us_per_call=79.9
(Worker_TP3 pid=2917695) [IDE_006/TSK_009 profile pid=2917695 tag=pagedfa] #35/100 disp_calls=0 disp_total_us_per_call=0.0 lookup_us=0.0 layout_us=0.0 meta_us=0.0 hcattn_us=0.0 pfa_calls=7000 pfa_total_us_per_call=79.4
(Worker_TP1 pid=2917693) [IDE_006/TSK_009 profile pid=2917693 tag=pagedfa] #35/100 disp_calls=0 disp_total_us_per_call=0.0 lookup_us=0.0 layout_us=0.0 meta_us=0.0 hcattn_us=0.0 pfa_calls=7000 pfa_total_us_per_call=81.1
(Worker_TP6 pid=2917698) [IDE_006/TSK_009 profile pid=2917698 tag=pagedfa] #35/100 disp_calls=0 disp_total_us_per_call=0.0 lookup_us=0.0 layout_us=0.0 meta_us=0.0 hcattn_us=0.0 pfa_calls=7000 pfa_total_us_per_call=79.6
(Worker_TP2 pid=2917694) [IDE_006/TSK_009 profile pid=2917694 tag=pagedfa] #35/100 disp_calls=0 disp_total_us_per_call=0.0 lookup_us=0.0 layout_us=0.0 meta_us=0.0 hcattn_us=0.0 pfa_calls=7000 pfa_total_us_per_call=81.6
(Worker_TP5 pid=2917697) [IDE_006/TSK_009 profile pid=2917697 tag=pagedfa] #35/100 disp_calls=0 disp_total_us_per_call=0.0 lookup_us=0.0 layout_us=0.0 meta_us=0.0 hcattn_us=0.0 pfa_calls=7000 pfa_total_us_per_call=77.8
[IDE_006/TSK_009 profile pid=2917692 tag=pagedfa] #35/100 disp_calls=0 disp_total_us_per_call=0.0 lookup_us=0.0 layout_us=0.0 meta_us=0.0 hcattn_us=0.0 pfa_calls=7000 pfa_total_us_per_call=80.3
(Worker_TP7 pid=2917699) [IDE_006/TSK_009 profile pid=2917699 tag=pagedfa] #36/100 disp_calls=0 disp_total_us_per_call=0.0 lookup_us=0.0 layout_us=0.0 meta_us=0.0 hcattn_us=0.0 pfa_calls=7200 pfa_total_us_per_call=79.6
(Worker_TP1 pid=2917693) [IDE_006/TSK_009 profile pid=2917693 tag=pagedfa] #36/100 disp_calls=0 disp_total_us_per_call=0.0 lookup_us=0.0 layout_us=0.0 meta_us=0.0 hcattn_us=0.0 pfa_calls=7200 pfa_total_us_per_call=80.8
(Worker_TP3 pid=2917695) [IDE_006/TSK_009 profile pid=2917695 tag=pagedfa] #36/100 disp_calls=0 disp_total_us_per_call=0.0 lookup_us=0.0 layout_us=0.0 meta_us=0.0 hcattn_us=0.0 pfa_calls=7200 pfa_total_us_per_call=79.2
(Worker_TP6 pid=2917698) [IDE_006/TSK_009 profile pid=2917698 tag=pagedfa] #36/100 disp_calls=0 disp_total_us_per_call=0.0 lookup_us=0.0 layout_us=0.0 meta_us=0.0 hcattn_us=0.0 pfa_calls=7200 pfa_total_us_per_call=79.3
(Worker_TP4 pid=2917696) [IDE_006/TSK_009 profile pid=2917696 tag=pagedfa] #36/100 disp_calls=0 disp_total_us_per_call=0.0 lookup_us=0.0 layout_us=0.0 meta_us=0.0 hcattn_us=0.0 pfa_calls=7200 pfa_total_us_per_call=78.9
(Worker_TP2 pid=2917694) [IDE_006/TSK_009 profile pid=2917694 tag=pagedfa] #36/100 disp_calls=0 disp_total_us_per_call=0.0 lookup_us=0.0 layout_us=0.0 meta_us=0.0 hcattn_us=0.0 pfa_calls=7200 pfa_total_us_per_call=81.3
(Worker_TP5 pid=2917697) [IDE_006/TSK_009 profile pid=2917697 tag=pagedfa] #36/100 disp_calls=0 disp_total_us_per_call=0.0 lookup_us=0.0 layout_us=0.0 meta_us=0.0 hcattn_us=0.0 pfa_calls=7200 pfa_total_us_per_call=77.6
(Worker_TP0 pid=2917692) [IDE_006/TSK_009 profile pid=2917692 tag=pagedfa] #36/100 disp_calls=0 disp_total_us_per_call=0.0 lookup_us=0.0 layout_us=0.0 meta_us=0.0 hcattn_us=0.0 pfa_calls=7200 pfa_total_us_per_call=80.1
(Worker_TP0 pid=2917692) Capturing CUDA graphs (decode, FULL):  84%|████████▍ | 43/51 [00:04<00:00, 10.18it/s](Worker_TP2 pid=2917694) [IDE_006/TSK_009 profile pid=2917694 tag=pagedfa] #37/100 disp_calls=0 disp_total_us_per_call=0.0 lookup_us=0.0 layout_us=0.0 meta_us=0.0 hcattn_us=0.0 pfa_calls=7400 pfa_total_us_per_call=81.2
(Worker_TP6 pid=2917698) [IDE_006/TSK_009 profile pid=2917698 tag=pagedfa] #37/100 disp_calls=0 disp_total_us_per_call=0.0 lookup_us=0.0 layout_us=0.0 meta_us=0.0 hcattn_us=0.0 pfa_calls=7400 pfa_total_us_per_call=79.1
(Worker_TP1 pid=2917693) [IDE_006/TSK_009 profile pid=2917693 tag=pagedfa] #37/100 disp_calls=0 disp_total_us_per_call=0.0 lookup_us=0.0 layout_us=0.0 meta_us=0.0 hcattn_us=0.0 pfa_calls=7400 pfa_total_us_per_call=80.6
(Worker_TP7 pid=2917699) [IDE_006/TSK_009 profile pid=2917699 tag=pagedfa] #37/100 disp_calls=0 disp_total_us_per_call=0.0 lookup_us=0.0 layout_us=0.0 meta_us=0.0 hcattn_us=0.0 pfa_calls=7400 pfa_total_us_per_call=79.4
(Worker_TP4 pid=2917696) [IDE_006/TSK_009 profile pid=2917696 tag=pagedfa] #37/100 disp_calls=0 disp_total_us_per_call=0.0 lookup_us=0.0 layout_us=0.0 meta_us=0.0 hcattn_us=0.0 pfa_calls=7400 pfa_total_us_per_call=78.7
(Worker_TP5 pid=2917697) [IDE_006/TSK_009 profile pid=2917697 tag=pagedfa] #37/100 disp_calls=0 disp_total_us_per_call=0.0 lookup_us=0.0 layout_us=0.0 meta_us=0.0 hcattn_us=0.0 pfa_calls=7400 pfa_total_us_per_call=77.6
(Worker_TP3 pid=2917695) [IDE_006/TSK_009 profile pid=2917695 tag=pagedfa] #37/100 disp_calls=0 disp_total_us_per_call=0.0 lookup_us=0.0 layout_us=0.0 meta_us=0.0 hcattn_us=0.0 pfa_calls=7400 pfa_total_us_per_call=79.0
[IDE_006/TSK_009 profile pid=2917692 tag=pagedfa] #37/100 disp_calls=0 disp_total_us_per_call=0.0 lookup_us=0.0 layout_us=0.0 meta_us=0.0 hcattn_us=0.0 pfa_calls=7400 pfa_total_us_per_call=79.9
(Worker_TP0 pid=2917692) Capturing CUDA graphs (decode, FULL):  88%|████████▊ | 45/51 [00:04<00:00, 10.47it/s](Worker_TP7 pid=2917699) [IDE_006/TSK_009 profile pid=2917699 tag=pagedfa] #38/100 disp_calls=0 disp_total_us_per_call=0.0 lookup_us=0.0 layout_us=0.0 meta_us=0.0 hcattn_us=0.0 pfa_calls=7600 pfa_total_us_per_call=79.1
(Worker_TP4 pid=2917696) [IDE_006/TSK_009 profile pid=2917696 tag=pagedfa] #38/100 disp_calls=0 disp_total_us_per_call=0.0 lookup_us=0.0 layout_us=0.0 meta_us=0.0 hcattn_us=0.0 pfa_calls=7600 pfa_total_us_per_call=78.5
(Worker_TP1 pid=2917693) [IDE_006/TSK_009 profile pid=2917693 tag=pagedfa] #38/100 disp_calls=0 disp_total_us_per_call=0.0 lookup_us=0.0 layout_us=0.0 meta_us=0.0 hcattn_us=0.0 pfa_calls=7600 pfa_total_us_per_call=80.3
(Worker_TP3 pid=2917695) [IDE_006/TSK_009 profile pid=2917695 tag=pagedfa] #38/100 disp_calls=0 disp_total_us_per_call=0.0 lookup_us=0.0 layout_us=0.0 meta_us=0.0 hcattn_us=0.0 pfa_calls=7600 pfa_total_us_per_call=78.8
(Worker_TP6 pid=2917698) [IDE_006/TSK_009 profile pid=2917698 tag=pagedfa] #38/100 disp_calls=0 disp_total_us_per_call=0.0 lookup_us=0.0 layout_us=0.0 meta_us=0.0 hcattn_us=0.0 pfa_calls=7600 pfa_total_us_per_call=78.9
(Worker_TP2 pid=2917694) [IDE_006/TSK_009 profile pid=2917694 tag=pagedfa] #38/100 disp_calls=0 disp_total_us_per_call=0.0 lookup_us=0.0 layout_us=0.0 meta_us=0.0 hcattn_us=0.0 pfa_calls=7600 pfa_total_us_per_call=80.8
(Worker_TP5 pid=2917697) [IDE_006/TSK_009 profile pid=2917697 tag=pagedfa] #38/100 disp_calls=0 disp_total_us_per_call=0.0 lookup_us=0.0 layout_us=0.0 meta_us=0.0 hcattn_us=0.0 pfa_calls=7600 pfa_total_us_per_call=77.4
[IDE_006/TSK_009 profile pid=2917692 tag=pagedfa] #38/100 disp_calls=0 disp_total_us_per_call=0.0 lookup_us=0.0 layout_us=0.0 meta_us=0.0 hcattn_us=0.0 pfa_calls=7600 pfa_total_us_per_call=79.6
(Worker_TP1 pid=2917693) [IDE_006/TSK_009 profile pid=2917693 tag=pagedfa] #39/100 disp_calls=0 disp_total_us_per_call=0.0 lookup_us=0.0 layout_us=0.0 meta_us=0.0 hcattn_us=0.0 pfa_calls=7800 pfa_total_us_per_call=80.0
(Worker_TP7 pid=2917699) [IDE_006/TSK_009 profile pid=2917699 tag=pagedfa] #39/100 disp_calls=0 disp_total_us_per_call=0.0 lookup_us=0.0 layout_us=0.0 meta_us=0.0 hcattn_us=0.0 pfa_calls=7800 pfa_total_us_per_call=78.8
(Worker_TP3 pid=2917695) [IDE_006/TSK_009 profile pid=2917695 tag=pagedfa] #39/100 disp_calls=0 disp_total_us_per_call=0.0 lookup_us=0.0 layout_us=0.0 meta_us=0.0 hcattn_us=0.0 pfa_calls=7800 pfa_total_us_per_call=78.5
(Worker_TP6 pid=2917698) [IDE_006/TSK_009 profile pid=2917698 tag=pagedfa] #39/100 disp_calls=0 disp_total_us_per_call=0.0 lookup_us=0.0 layout_us=0.0 meta_us=0.0 hcattn_us=0.0 pfa_calls=7800 pfa_total_us_per_call=78.7
(Worker_TP4 pid=2917696) [IDE_006/TSK_009 profile pid=2917696 tag=pagedfa] #39/100 disp_calls=0 disp_total_us_per_call=0.0 lookup_us=0.0 layout_us=0.0 meta_us=0.0 hcattn_us=0.0 pfa_calls=7800 pfa_total_us_per_call=78.3
(Worker_TP2 pid=2917694) [IDE_006/TSK_009 profile pid=2917694 tag=pagedfa] #39/100 disp_calls=0 disp_total_us_per_call=0.0 lookup_us=0.0 layout_us=0.0 meta_us=0.0 hcattn_us=0.0 pfa_calls=7800 pfa_total_us_per_call=80.5
(Worker_TP0 pid=2917692) [IDE_006/TSK_009 profile pid=2917692 tag=pagedfa] #39/100 disp_calls=0 disp_total_us_per_call=0.0 lookup_us=0.0 layout_us=0.0 meta_us=0.0 hcattn_us=0.0 pfa_calls=7800 pfa_total_us_per_call=79.4
(Worker_TP5 pid=2917697) [IDE_006/TSK_009 profile pid=2917697 tag=pagedfa] #39/100 disp_calls=0 disp_total_us_per_call=0.0 lookup_us=0.0 layout_us=0.0 meta_us=0.0 hcattn_us=0.0 pfa_calls=7800 pfa_total_us_per_call=77.3
(Worker_TP0 pid=2917692) Capturing CUDA graphs (decode, FULL):  92%|█████████▏| 47/51 [00:04<00:00, 10.73it/s](Worker_TP3 pid=2917695) [IDE_006/TSK_009 profile pid=2917695 tag=pagedfa] #40/100 disp_calls=0 disp_total_us_per_call=0.0 lookup_us=0.0 layout_us=0.0 meta_us=0.0 hcattn_us=0.0 pfa_calls=8000 pfa_total_us_per_call=78.3
(Worker_TP6 pid=2917698) [IDE_006/TSK_009 profile pid=2917698 tag=pagedfa] #40/100 disp_calls=0 disp_total_us_per_call=0.0 lookup_us=0.0 layout_us=0.0 meta_us=0.0 hcattn_us=0.0 pfa_calls=8000 pfa_total_us_per_call=78.4
(Worker_TP7 pid=2917699) [IDE_006/TSK_009 profile pid=2917699 tag=pagedfa] #40/100 disp_calls=0 disp_total_us_per_call=0.0 lookup_us=0.0 layout_us=0.0 meta_us=0.0 hcattn_us=0.0 pfa_calls=8000 pfa_total_us_per_call=78.5
(Worker_TP4 pid=2917696) [IDE_006/TSK_009 profile pid=2917696 tag=pagedfa] #40/100 disp_calls=0 disp_total_us_per_call=0.0 lookup_us=0.0 layout_us=0.0 meta_us=0.0 hcattn_us=0.0 pfa_calls=8000 pfa_total_us_per_call=78.0
(Worker_TP2 pid=2917694) [IDE_006/TSK_009 profile pid=2917694 tag=pagedfa] #40/100 disp_calls=0 disp_total_us_per_call=0.0 lookup_us=0.0 layout_us=0.0 meta_us=0.0 hcattn_us=0.0 pfa_calls=8000 pfa_total_us_per_call=80.2
(Worker_TP1 pid=2917693) [IDE_006/TSK_009 profile pid=2917693 tag=pagedfa] #40/100 disp_calls=0 disp_total_us_per_call=0.0 lookup_us=0.0 layout_us=0.0 meta_us=0.0 hcattn_us=0.0 pfa_calls=8000 pfa_total_us_per_call=79.7
(Worker_TP5 pid=2917697) [IDE_006/TSK_009 profile pid=2917697 tag=pagedfa] #40/100 disp_calls=0 disp_total_us_per_call=0.0 lookup_us=0.0 layout_us=0.0 meta_us=0.0 hcattn_us=0.0 pfa_calls=8000 pfa_total_us_per_call=77.1
[IDE_006/TSK_009 profile pid=2917692 tag=pagedfa] #40/100 disp_calls=0 disp_total_us_per_call=0.0 lookup_us=0.0 layout_us=0.0 meta_us=0.0 hcattn_us=0.0 pfa_calls=8000 pfa_total_us_per_call=79.1
(Worker_TP0 pid=2917692) Capturing CUDA graphs (decode, FULL):  96%|█████████▌| 49/51 [00:04<00:00, 11.12it/s](Worker_TP1 pid=2917693) [IDE_006/TSK_009 profile pid=2917693 tag=pagedfa] #41/100 disp_calls=0 disp_total_us_per_call=0.0 lookup_us=0.0 layout_us=0.0 meta_us=0.0 hcattn_us=0.0 pfa_calls=8200 pfa_total_us_per_call=79.4
(Worker_TP7 pid=2917699) [IDE_006/TSK_009 profile pid=2917699 tag=pagedfa] #41/100 disp_calls=0 disp_total_us_per_call=0.0 lookup_us=0.0 layout_us=0.0 meta_us=0.0 hcattn_us=0.0 pfa_calls=8200 pfa_total_us_per_call=78.2
(Worker_TP3 pid=2917695) [IDE_006/TSK_009 profile pid=2917695 tag=pagedfa] #41/100 disp_calls=0 disp_total_us_per_call=0.0 lookup_us=0.0 layout_us=0.0 meta_us=0.0 hcattn_us=0.0 pfa_calls=8200 pfa_total_us_per_call=78.0
(Worker_TP4 pid=2917696) [IDE_006/TSK_009 profile pid=2917696 tag=pagedfa] #41/100 disp_calls=0 disp_total_us_per_call=0.0 lookup_us=0.0 layout_us=0.0 meta_us=0.0 hcattn_us=0.0 pfa_calls=8200 pfa_total_us_per_call=77.8
(Worker_TP6 pid=2917698) [IDE_006/TSK_009 profile pid=2917698 tag=pagedfa] #41/100 disp_calls=0 disp_total_us_per_call=0.0 lookup_us=0.0 layout_us=0.0 meta_us=0.0 hcattn_us=0.0 pfa_calls=8200 pfa_total_us_per_call=78.1
(Worker_TP2 pid=2917694) [IDE_006/TSK_009 profile pid=2917694 tag=pagedfa] #41/100 disp_calls=0 disp_total_us_per_call=0.0 lookup_us=0.0 layout_us=0.0 meta_us=0.0 hcattn_us=0.0 pfa_calls=8200 pfa_total_us_per_call=79.9
(Worker_TP5 pid=2917697) [IDE_006/TSK_009 profile pid=2917697 tag=pagedfa] #41/100 disp_calls=0 disp_total_us_per_call=0.0 lookup_us=0.0 layout_us=0.0 meta_us=0.0 hcattn_us=0.0 pfa_calls=8200 pfa_total_us_per_call=76.9
[IDE_006/TSK_009 profile pid=2917692 tag=pagedfa] #41/100 disp_calls=0 disp_total_us_per_call=0.0 lookup_us=0.0 layout_us=0.0 meta_us=0.0 hcattn_us=0.0 pfa_calls=8200 pfa_total_us_per_call=78.9
(Worker_TP1 pid=2917693) [IDE_006/TSK_009 profile pid=2917693 tag=pagedfa] #42/100 disp_calls=0 disp_total_us_per_call=0.0 lookup_us=0.0 layout_us=0.0 meta_us=0.0 hcattn_us=0.0 pfa_calls=8400 pfa_total_us_per_call=79.1
(Worker_TP6 pid=2917698) [IDE_006/TSK_009 profile pid=2917698 tag=pagedfa] #42/100 disp_calls=0 disp_total_us_per_call=0.0 lookup_us=0.0 layout_us=0.0 meta_us=0.0 hcattn_us=0.0 pfa_calls=8400 pfa_total_us_per_call=77.9
(Worker_TP7 pid=2917699) [IDE_006/TSK_009 profile pid=2917699 tag=pagedfa] #42/100 disp_calls=0 disp_total_us_per_call=0.0 lookup_us=0.0 layout_us=0.0 meta_us=0.0 hcattn_us=0.0 pfa_calls=8400 pfa_total_us_per_call=77.9
(Worker_TP3 pid=2917695) [IDE_006/TSK_009 profile pid=2917695 tag=pagedfa] #42/100 disp_calls=0 disp_total_us_per_call=0.0 lookup_us=0.0 layout_us=0.0 meta_us=0.0 hcattn_us=0.0 pfa_calls=8400 pfa_total_us_per_call=77.7
(Worker_TP2 pid=2917694) [IDE_006/TSK_009 profile pid=2917694 tag=pagedfa] #42/100 disp_calls=0 disp_total_us_per_call=0.0 lookup_us=0.0 layout_us=0.0 meta_us=0.0 hcattn_us=0.0 pfa_calls=8400 pfa_total_us_per_call=79.6
(Worker_TP4 pid=2917696) [IDE_006/TSK_009 profile pid=2917696 tag=pagedfa] #42/100 disp_calls=0 disp_total_us_per_call=0.0 lookup_us=0.0 layout_us=0.0 meta_us=0.0 hcattn_us=0.0 pfa_calls=8400 pfa_total_us_per_call=77.6
(Worker_TP5 pid=2917697) [IDE_006/TSK_009 profile pid=2917697 tag=pagedfa] #42/100 disp_calls=0 disp_total_us_per_call=0.0 lookup_us=0.0 layout_us=0.0 meta_us=0.0 hcattn_us=0.0 pfa_calls=8400 pfa_total_us_per_call=76.7
(Worker_TP0 pid=2917692) [IDE_006/TSK_009 profile pid=2917692 tag=pagedfa] #42/100 disp_calls=0 disp_total_us_per_call=0.0 lookup_us=0.0 layout_us=0.0 meta_us=0.0 hcattn_us=0.0 pfa_calls=8400 pfa_total_us_per_call=78.6
(Worker_TP0 pid=2917692) Capturing CUDA graphs (decode, FULL): 100%|██████████| 51/51 [00:05<00:00, 11.46it/s]Capturing CUDA graphs (decode, FULL): 100%|██████████| 51/51 [00:05<00:00, 10.06it/s]
(EngineCore pid=2917234) <frozen importlib._bootstrap_external>:1301: FutureWarning: The cuda.cudart module is deprecated and will be removed in a future release, please switch to use the cuda.bindings.runtime module instead.
(EngineCore pid=2917234) <frozen importlib._bootstrap_external>:1301: FutureWarning: The cuda.nvrtc module is deprecated and will be removed in a future release, please switch to use the cuda.bindings.nvrtc module instead.
Rendering prompts:   0%|          | 0/100 [00:00<?, ?it/s]Rendering prompts:   4%|▍         | 4/100 [00:00<00:02, 33.84it/s]Rendering prompts:   8%|▊         | 8/100 [00:00<00:02, 36.14it/s]Rendering prompts:  12%|█▏        | 12/100 [00:00<00:02, 37.04it/s]Rendering prompts:  16%|█▌        | 16/100 [00:00<00:02, 37.10it/s]Rendering prompts:  20%|██        | 20/100 [00:00<00:02, 37.35it/s]Rendering prompts:  24%|██▍       | 24/100 [00:00<00:02, 37.09it/s](Worker_TP6 pid=2917698) [IDE_006/TSK_009 profile pid=2917698 tag=pagedfa] #43/100 disp_calls=0 disp_total_us_per_call=0.0 lookup_us=0.0 layout_us=0.0 meta_us=0.0 hcattn_us=0.0 pfa_calls=8600 pfa_total_us_per_call=77.9
(Worker_TP1 pid=2917693) [IDE_006/TSK_009 profile pid=2917693 tag=pagedfa] #43/100 disp_calls=0 disp_total_us_per_call=0.0 lookup_us=0.0 layout_us=0.0 meta_us=0.0 hcattn_us=0.0 pfa_calls=8600 pfa_total_us_per_call=79.1
(Worker_TP3 pid=2917695) [IDE_006/TSK_009 profile pid=2917695 tag=pagedfa] #43/100 disp_calls=0 disp_total_us_per_call=0.0 lookup_us=0.0 layout_us=0.0 meta_us=0.0 hcattn_us=0.0 pfa_calls=8600 pfa_total_us_per_call=77.8
(Worker_TP7 pid=2917699) [IDE_006/TSK_009 profile pid=2917699 tag=pagedfa] #43/100 disp_calls=0 disp_total_us_per_call=0.0 lookup_us=0.0 layout_us=0.0 meta_us=0.0 hcattn_us=0.0 pfa_calls=8600 pfa_total_us_per_call=77.9
(Worker_TP4 pid=2917696) [IDE_006/TSK_009 profile pid=2917696 tag=pagedfa] #43/100 disp_calls=0 disp_total_us_per_call=0.0 lookup_us=0.0 layout_us=0.0 meta_us=0.0 hcattn_us=0.0 pfa_calls=8600 pfa_total_us_per_call=77.7
(Worker_TP5 pid=2917697) [IDE_006/TSK_009 profile pid=2917697 tag=pagedfa] #43/100 disp_calls=0 disp_total_us_per_call=0.0 lookup_us=0.0 layout_us=0.0 meta_us=0.0 hcattn_us=0.0 pfa_calls=8600 pfa_total_us_per_call=76.8
(Worker_TP0 pid=2917692) [IDE_006/TSK_009 profile pid=2917692 tag=pagedfa] #43/100 disp_calls=0 disp_total_us_per_call=0.0 lookup_us=0.0 layout_us=0.0 meta_us=0.0 hcattn_us=0.0 pfa_calls=8600 pfa_total_us_per_call=78.7
(Worker_TP2 pid=2917694) [IDE_006/TSK_009 profile pid=2917694 tag=pagedfa] #43/100 disp_calls=0 disp_total_us_per_call=0.0 lookup_us=0.0 layout_us=0.0 meta_us=0.0 hcattn_us=0.0 pfa_calls=8600 pfa_total_us_per_call=79.7
Rendering prompts:  28%|██▊       | 28/100 [00:00<00:01, 37.36it/s]Rendering prompts:  32%|███▏      | 32/100 [00:00<00:01, 37.67it/s]Rendering prompts:  36%|███▌      | 36/100 [00:00<00:01, 37.76it/s]Rendering prompts:  40%|████      | 40/100 [00:01<00:01, 37.76it/s]Rendering prompts:  44%|████▍     | 44/100 [00:01<00:01, 37.93it/s]Rendering prompts:  48%|████▊     | 48/100 [00:01<00:01, 35.00it/s]Rendering prompts:  52%|█████▏    | 52/100 [00:01<00:01, 31.45it/s]Rendering prompts:  56%|█████▌    | 56/100 [00:01<00:01, 33.19it/s]Rendering prompts:  60%|██████    | 60/100 [00:01<00:01, 34.39it/s]Rendering prompts:  64%|██████▍   | 64/100 [00:01<00:01, 35.40it/s]Rendering prompts:  68%|██████▊   | 68/100 [00:01<00:00, 36.28it/s]Rendering prompts:  72%|███████▏  | 72/100 [00:01<00:00, 36.84it/s]Rendering prompts:  76%|███████▌  | 76/100 [00:02<00:00, 36.58it/s]Rendering prompts:  80%|████████  | 80/100 [00:02<00:00, 36.18it/s]Rendering prompts:  84%|████████▍ | 84/100 [00:02<00:00, 36.71it/s]Rendering prompts:  88%|████████▊ | 88/100 [00:02<00:00, 37.19it/s](Worker_TP6 pid=2917698) [IDE_006/TSK_009 profile pid=2917698 tag=pagedfa_baseline_fix] #44/100 disp_calls=0 disp_total_us_per_call=0.0 lookup_us=0.0 layout_us=0.0 meta_us=0.0 hcattn_us=0.0 pfa_calls=8800 pfa_total_us_per_call=78.0
(Worker_TP0 pid=2917692) [IDE_006/TSK_009 profile pid=2917692 tag=pagedfa_baseline_fix] #44/100 disp_calls=0 disp_total_us_per_call=0.0 lookup_us=0.0 layout_us=0.0 meta_us=0.0 hcattn_us=0.0 pfa_calls=8800 pfa_total_us_per_call=78.9
(Worker_TP5 pid=2917697) [IDE_006/TSK_009 profile pid=2917697 tag=pagedfa_baseline_fix] #44/100 disp_calls=0 disp_total_us_per_call=0.0 lookup_us=0.0 layout_us=0.0 meta_us=0.0 hcattn_us=0.0 pfa_calls=8800 pfa_total_us_per_call=76.9
(Worker_TP3 pid=2917695) [IDE_006/TSK_009 profile pid=2917695 tag=pagedfa_baseline_fix] #44/100 disp_calls=0 disp_total_us_per_call=0.0 lookup_us=0.0 layout_us=0.0 meta_us=0.0 hcattn_us=0.0 pfa_calls=8800 pfa_total_us_per_call=77.9
(Worker_TP1 pid=2917693) [IDE_006/TSK_009 profile pid=2917693 tag=pagedfa_baseline_fix] #44/100 disp_calls=0 disp_total_us_per_call=0.0 lookup_us=0.0 layout_us=0.0 meta_us=0.0 hcattn_us=0.0 pfa_calls=8800 pfa_total_us_per_call=79.2
(Worker_TP2 pid=2917694) [IDE_006/TSK_009 profile pid=2917694 tag=pagedfa_baseline_fix] #44/100 disp_calls=0 disp_total_us_per_call=0.0 lookup_us=0.0 layout_us=0.0 meta_us=0.0 hcattn_us=0.0 pfa_calls=8800 pfa_total_us_per_call=79.7
(Worker_TP7 pid=2917699) [IDE_006/TSK_009 profile pid=2917699 tag=pagedfa_baseline_fix] #44/100 disp_calls=0 disp_total_us_per_call=0.0 lookup_us=0.0 layout_us=0.0 meta_us=0.0 hcattn_us=0.0 pfa_calls=8800 pfa_total_us_per_call=78.0
(Worker_TP4 pid=2917696) [IDE_006/TSK_009 profile pid=2917696 tag=pagedfa_baseline_fix] #44/100 disp_calls=0 disp_total_us_per_call=0.0 lookup_us=0.0 layout_us=0.0 meta_us=0.0 hcattn_us=0.0 pfa_calls=8800 pfa_total_us_per_call=77.9
Rendering prompts:  92%|█████████▏| 92/100 [00:02<00:00, 37.57it/s]Rendering prompts:  96%|█████████▌| 96/100 [00:02<00:00, 37.91it/s]Rendering prompts: 100%|██████████| 100/100 [00:02<00:00, 37.98it/s]Rendering prompts: 100%|██████████| 100/100 [00:02<00:00, 36.50it/s]
Processed prompts:   0%|          | 0/100 [00:00<?, ?it/s, est. speed input: 0.00 toks/s, output: 0.00 toks/s](Worker_TP7 pid=2917699) [IDE_006/TSK_009 profile pid=2917699 tag=pagedfa_baseline_fix] #45/100 disp_calls=0 disp_total_us_per_call=0.0 lookup_us=0.0 layout_us=0.0 meta_us=0.0 hcattn_us=0.0 pfa_calls=9000 pfa_total_us_per_call=78.1
(Worker_TP5 pid=2917697) [IDE_006/TSK_009 profile pid=2917697 tag=pagedfa_baseline_fix] #45/100 disp_calls=0 disp_total_us_per_call=0.0 lookup_us=0.0 layout_us=0.0 meta_us=0.0 hcattn_us=0.0 pfa_calls=9000 pfa_total_us_per_call=77.1
(Worker_TP6 pid=2917698) [IDE_006/TSK_009 profile pid=2917698 tag=pagedfa_baseline_fix] #45/100 disp_calls=0 disp_total_us_per_call=0.0 lookup_us=0.0 layout_us=0.0 meta_us=0.0 hcattn_us=0.0 pfa_calls=9000 pfa_total_us_per_call=78.0
(Worker_TP4 pid=2917696) [IDE_006/TSK_009 profile pid=2917696 tag=pagedfa_baseline_fix] #45/100 disp_calls=0 disp_total_us_per_call=0.0 lookup_us=0.0 layout_us=0.0 meta_us=0.0 hcattn_us=0.0 pfa_calls=9000 pfa_total_us_per_call=78.0
(Worker_TP1 pid=2917693) [IDE_006/TSK_009 profile pid=2917693 tag=pagedfa_baseline_fix] #45/100 disp_calls=0 disp_total_us_per_call=0.0 lookup_us=0.0 layout_us=0.0 meta_us=0.0 hcattn_us=0.0 pfa_calls=9000 pfa_total_us_per_call=79.2
(Worker_TP3 pid=2917695) [IDE_006/TSK_009 profile pid=2917695 tag=pagedfa_baseline_fix] #45/100 disp_calls=0 disp_total_us_per_call=0.0 lookup_us=0.0 layout_us=0.0 meta_us=0.0 hcattn_us=0.0 pfa_calls=9000 pfa_total_us_per_call=78.0
(Worker_TP0 pid=2917692) [IDE_006/TSK_009 profile pid=2917692 tag=pagedfa_baseline_fix] #45/100 disp_calls=0 disp_total_us_per_call=0.0 lookup_us=0.0 layout_us=0.0 meta_us=0.0 hcattn_us=0.0 pfa_calls=9000 pfa_total_us_per_call=79.0
(Worker_TP2 pid=2917694) [IDE_006/TSK_009 profile pid=2917694 tag=pagedfa_baseline_fix] #45/100 disp_calls=0 disp_total_us_per_call=0.0 lookup_us=0.0 layout_us=0.0 meta_us=0.0 hcattn_us=0.0 pfa_calls=9000 pfa_total_us_per_call=79.8
(Worker_TP6 pid=2917698) [IDE_006/TSK_009 profile pid=2917698 tag=pagedfa_baseline_fix] #46/100 disp_calls=0 disp_total_us_per_call=0.0 lookup_us=0.0 layout_us=0.0 meta_us=0.0 hcattn_us=0.0 pfa_calls=9200 pfa_total_us_per_call=78.0
(Worker_TP0 pid=2917692) [IDE_006/TSK_009 profile pid=2917692 tag=pagedfa_baseline_fix] #46/100 disp_calls=0 disp_total_us_per_call=0.0 lookup_us=0.0 layout_us=0.0 meta_us=0.0 hcattn_us=0.0 pfa_calls=9200 pfa_total_us_per_call=79.1
(Worker_TP1 pid=2917693) [IDE_006/TSK_009 profile pid=2917693 tag=pagedfa_baseline_fix] #46/100 disp_calls=0 disp_total_us_per_call=0.0 lookup_us=0.0 layout_us=0.0 meta_us=0.0 hcattn_us=0.0 pfa_calls=9200 pfa_total_us_per_call=79.2
(Worker_TP3 pid=2917695) [IDE_006/TSK_009 profile pid=2917695 tag=pagedfa_baseline_fix] #46/100 disp_calls=0 disp_total_us_per_call=0.0 lookup_us=0.0 layout_us=0.0 meta_us=0.0 hcattn_us=0.0 pfa_calls=9200 pfa_total_us_per_call=78.1
(Worker_TP5 pid=2917697) [IDE_006/TSK_009 profile pid=2917697 tag=pagedfa_baseline_fix] #46/100 disp_calls=0 disp_total_us_per_call=0.0 lookup_us=0.0 layout_us=0.0 meta_us=0.0 hcattn_us=0.0 pfa_calls=9200 pfa_total_us_per_call=77.3
(Worker_TP7 pid=2917699) [IDE_006/TSK_009 profile pid=2917699 tag=pagedfa_baseline_fix] #46/100 disp_calls=0 disp_total_us_per_call=0.0 lookup_us=0.0 layout_us=0.0 meta_us=0.0 hcattn_us=0.0 pfa_calls=9200 pfa_total_us_per_call=78.2
(Worker_TP2 pid=2917694) [IDE_006/TSK_009 profile pid=2917694 tag=pagedfa_baseline_fix] #46/100 disp_calls=0 disp_total_us_per_call=0.0 lookup_us=0.0 layout_us=0.0 meta_us=0.0 hcattn_us=0.0 pfa_calls=9200 pfa_total_us_per_call=79.9
(Worker_TP4 pid=2917696) [IDE_006/TSK_009 profile pid=2917696 tag=pagedfa_baseline_fix] #46/100 disp_calls=0 disp_total_us_per_call=0.0 lookup_us=0.0 layout_us=0.0 meta_us=0.0 hcattn_us=0.0 pfa_calls=9200 pfa_total_us_per_call=78.2
(Worker_TP7 pid=2917699) [IDE_006/TSK_009 profile pid=2917699 tag=pagedfa_baseline_fix] #47/100 disp_calls=0 disp_total_us_per_call=0.0 lookup_us=0.0 layout_us=0.0 meta_us=0.0 hcattn_us=0.0 pfa_calls=9400 pfa_total_us_per_call=78.2
