(Worker_TP1 pid=2912236) [IDE_006/TSK_009 profile pid=2912236 tag=pagedfa] #19/100 disp_calls=0 disp_total_us_per_call=0.0 lookup_us=0.0 layout_us=0.0 meta_us=0.0 hcattn_us=0.0 pfa_calls=3800 pfa_total_us_per_call=101.0
[IDE_006/TSK_009 profile pid=2912235 tag=pagedfa] #19/100 disp_calls=0 disp_total_us_per_call=0.0 lookup_us=0.0 layout_us=0.0 meta_us=0.0 hcattn_us=0.0 pfa_calls=3800 pfa_total_us_per_call=98.5
(Worker_TP4 pid=2912239) [IDE_006/TSK_009 profile pid=2912239 tag=pagedfa] #20/100 disp_calls=0 disp_total_us_per_call=0.0 lookup_us=0.0 layout_us=0.0 meta_us=0.0 hcattn_us=0.0 pfa_calls=4000 pfa_total_us_per_call=95.7
(Worker_TP7 pid=2912242) [IDE_006/TSK_009 profile pid=2912242 tag=pagedfa] #20/100 disp_calls=0 disp_total_us_per_call=0.0 lookup_us=0.0 layout_us=0.0 meta_us=0.0 hcattn_us=0.0 pfa_calls=4000 pfa_total_us_per_call=96.9
(Worker_TP5 pid=2912240) [IDE_006/TSK_009 profile pid=2912240 tag=pagedfa] #20/100 disp_calls=0 disp_total_us_per_call=0.0 lookup_us=0.0 layout_us=0.0 meta_us=0.0 hcattn_us=0.0 pfa_calls=4000 pfa_total_us_per_call=98.0
(Worker_TP6 pid=2912241) [IDE_006/TSK_009 profile pid=2912241 tag=pagedfa] #20/100 disp_calls=0 disp_total_us_per_call=0.0 lookup_us=0.0 layout_us=0.0 meta_us=0.0 hcattn_us=0.0 pfa_calls=4000 pfa_total_us_per_call=99.8
(Worker_TP2 pid=2912237) [IDE_006/TSK_009 profile pid=2912237 tag=pagedfa] #20/100 disp_calls=0 disp_total_us_per_call=0.0 lookup_us=0.0 layout_us=0.0 meta_us=0.0 hcattn_us=0.0 pfa_calls=4000 pfa_total_us_per_call=98.7
(Worker_TP0 pid=2912235) [IDE_006/TSK_009 profile pid=2912235 tag=pagedfa] #20/100 disp_calls=0 disp_total_us_per_call=0.0 lookup_us=0.0 layout_us=0.0 meta_us=0.0 hcattn_us=0.0 pfa_calls=4000 pfa_total_us_per_call=97.3
(Worker_TP1 pid=2912236) [IDE_006/TSK_009 profile pid=2912236 tag=pagedfa] #20/100 disp_calls=0 disp_total_us_per_call=0.0 lookup_us=0.0 layout_us=0.0 meta_us=0.0 hcattn_us=0.0 pfa_calls=4000 pfa_total_us_per_call=99.7
(Worker_TP3 pid=2912238) [IDE_006/TSK_009 profile pid=2912238 tag=pagedfa] #20/100 disp_calls=0 disp_total_us_per_call=0.0 lookup_us=0.0 layout_us=0.0 meta_us=0.0 hcattn_us=0.0 pfa_calls=4000 pfa_total_us_per_call=99.8
(Worker_TP0 pid=2912235) Capturing CUDA graphs (decode, FULL):  45%|████▌     | 23/51 [00:02<00:02,  9.93it/s](Worker_TP6 pid=2912241) [IDE_006/TSK_009 profile pid=2912241 tag=pagedfa] #21/100 disp_calls=0 disp_total_us_per_call=0.0 lookup_us=0.0 layout_us=0.0 meta_us=0.0 hcattn_us=0.0 pfa_calls=4200 pfa_total_us_per_call=98.5
(Worker_TP1 pid=2912236) [IDE_006/TSK_009 profile pid=2912236 tag=pagedfa] #21/100 disp_calls=0 disp_total_us_per_call=0.0 lookup_us=0.0 layout_us=0.0 meta_us=0.0 hcattn_us=0.0 pfa_calls=4200 pfa_total_us_per_call=98.5
(Worker_TP5 pid=2912240) [IDE_006/TSK_009 profile pid=2912240 tag=pagedfa] #21/100 disp_calls=0 disp_total_us_per_call=0.0 lookup_us=0.0 layout_us=0.0 meta_us=0.0 hcattn_us=0.0 pfa_calls=4200 pfa_total_us_per_call=97.0
(Worker_TP4 pid=2912239) [IDE_006/TSK_009 profile pid=2912239 tag=pagedfa] #21/100 disp_calls=0 disp_total_us_per_call=0.0 lookup_us=0.0 layout_us=0.0 meta_us=0.0 hcattn_us=0.0 pfa_calls=4200 pfa_total_us_per_call=94.7
(Worker_TP2 pid=2912237) [IDE_006/TSK_009 profile pid=2912237 tag=pagedfa] #21/100 disp_calls=0 disp_total_us_per_call=0.0 lookup_us=0.0 layout_us=0.0 meta_us=0.0 hcattn_us=0.0 pfa_calls=4200 pfa_total_us_per_call=97.6
(Worker_TP3 pid=2912238) [IDE_006/TSK_009 profile pid=2912238 tag=pagedfa] #21/100 disp_calls=0 disp_total_us_per_call=0.0 lookup_us=0.0 layout_us=0.0 meta_us=0.0 hcattn_us=0.0 pfa_calls=4200 pfa_total_us_per_call=98.6
(Worker_TP7 pid=2912242) [IDE_006/TSK_009 profile pid=2912242 tag=pagedfa] #21/100 disp_calls=0 disp_total_us_per_call=0.0 lookup_us=0.0 layout_us=0.0 meta_us=0.0 hcattn_us=0.0 pfa_calls=4200 pfa_total_us_per_call=95.8
[IDE_006/TSK_009 profile pid=2912235 tag=pagedfa] #21/100 disp_calls=0 disp_total_us_per_call=0.0 lookup_us=0.0 layout_us=0.0 meta_us=0.0 hcattn_us=0.0 pfa_calls=4200 pfa_total_us_per_call=96.3
(Worker_TP0 pid=2912235) Capturing CUDA graphs (decode, FULL):  49%|████▉     | 25/51 [00:02<00:02, 10.04it/s](Worker_TP6 pid=2912241) [IDE_006/TSK_009 profile pid=2912241 tag=pagedfa] #22/100 disp_calls=0 disp_total_us_per_call=0.0 lookup_us=0.0 layout_us=0.0 meta_us=0.0 hcattn_us=0.0 pfa_calls=4400 pfa_total_us_per_call=97.1
(Worker_TP5 pid=2912240) [IDE_006/TSK_009 profile pid=2912240 tag=pagedfa] #22/100 disp_calls=0 disp_total_us_per_call=0.0 lookup_us=0.0 layout_us=0.0 meta_us=0.0 hcattn_us=0.0 pfa_calls=4400 pfa_total_us_per_call=95.8
(Worker_TP4 pid=2912239) [IDE_006/TSK_009 profile pid=2912239 tag=pagedfa] #22/100 disp_calls=0 disp_total_us_per_call=0.0 lookup_us=0.0 layout_us=0.0 meta_us=0.0 hcattn_us=0.0 pfa_calls=4400 pfa_total_us_per_call=93.6
(Worker_TP7 pid=2912242) [IDE_006/TSK_009 profile pid=2912242 tag=pagedfa] #22/100 disp_calls=0 disp_total_us_per_call=0.0 lookup_us=0.0 layout_us=0.0 meta_us=0.0 hcattn_us=0.0 pfa_calls=4400 pfa_total_us_per_call=94.8
(Worker_TP3 pid=2912238) [IDE_006/TSK_009 profile pid=2912238 tag=pagedfa] #22/100 disp_calls=0 disp_total_us_per_call=0.0 lookup_us=0.0 layout_us=0.0 meta_us=0.0 hcattn_us=0.0 pfa_calls=4400 pfa_total_us_per_call=97.3
(Worker_TP2 pid=2912237) [IDE_006/TSK_009 profile pid=2912237 tag=pagedfa] #22/100 disp_calls=0 disp_total_us_per_call=0.0 lookup_us=0.0 layout_us=0.0 meta_us=0.0 hcattn_us=0.0 pfa_calls=4400 pfa_total_us_per_call=96.5
[IDE_006/TSK_009 profile pid=2912235 tag=pagedfa] #22/100 disp_calls=0 disp_total_us_per_call=0.0 lookup_us=0.0 layout_us=0.0 meta_us=0.0 hcattn_us=0.0 pfa_calls=4400 pfa_total_us_per_call=95.2
(Worker_TP1 pid=2912236) [IDE_006/TSK_009 profile pid=2912236 tag=pagedfa] #22/100 disp_calls=0 disp_total_us_per_call=0.0 lookup_us=0.0 layout_us=0.0 meta_us=0.0 hcattn_us=0.0 pfa_calls=4400 pfa_total_us_per_call=97.3
(Worker_TP0 pid=2912235) Capturing CUDA graphs (decode, FULL):  51%|█████     | 26/51 [00:02<00:02,  9.78it/s](Worker_TP7 pid=2912242) [IDE_006/TSK_009 profile pid=2912242 tag=pagedfa] #23/100 disp_calls=0 disp_total_us_per_call=0.0 lookup_us=0.0 layout_us=0.0 meta_us=0.0 hcattn_us=0.0 pfa_calls=4600 pfa_total_us_per_call=95.2
(Worker_TP6 pid=2912241) [IDE_006/TSK_009 profile pid=2912241 tag=pagedfa] #23/100 disp_calls=0 disp_total_us_per_call=0.0 lookup_us=0.0 layout_us=0.0 meta_us=0.0 hcattn_us=0.0 pfa_calls=4600 pfa_total_us_per_call=96.8
[IDE_006/TSK_009 profile pid=2912235 tag=pagedfa] #23/100 disp_calls=0 disp_total_us_per_call=0.0 lookup_us=0.0 layout_us=0.0 meta_us=0.0 hcattn_us=0.0 pfa_calls=4600 pfa_total_us_per_call=95.7
(Worker_TP4 pid=2912239) [IDE_006/TSK_009 profile pid=2912239 tag=pagedfa] #23/100 disp_calls=0 disp_total_us_per_call=0.0 lookup_us=0.0 layout_us=0.0 meta_us=0.0 hcattn_us=0.0 pfa_calls=4600 pfa_total_us_per_call=94.2
(Worker_TP2 pid=2912237) [IDE_006/TSK_009 profile pid=2912237 tag=pagedfa] #23/100 disp_calls=0 disp_total_us_per_call=0.0 lookup_us=0.0 layout_us=0.0 meta_us=0.0 hcattn_us=0.0 pfa_calls=4600 pfa_total_us_per_call=96.9
(Worker_TP1 pid=2912236) [IDE_006/TSK_009 profile pid=2912236 tag=pagedfa] #23/100 disp_calls=0 disp_total_us_per_call=0.0 lookup_us=0.0 layout_us=0.0 meta_us=0.0 hcattn_us=0.0 pfa_calls=4600 pfa_total_us_per_call=97.8
(Worker_TP3 pid=2912238) [IDE_006/TSK_009 profile pid=2912238 tag=pagedfa] #23/100 disp_calls=0 disp_total_us_per_call=0.0 lookup_us=0.0 layout_us=0.0 meta_us=0.0 hcattn_us=0.0 pfa_calls=4600 pfa_total_us_per_call=97.5
(Worker_TP5 pid=2912240) [IDE_006/TSK_009 profile pid=2912240 tag=pagedfa] #23/100 disp_calls=0 disp_total_us_per_call=0.0 lookup_us=0.0 layout_us=0.0 meta_us=0.0 hcattn_us=0.0 pfa_calls=4600 pfa_total_us_per_call=96.2
(Worker_TP0 pid=2912235) Capturing CUDA graphs (decode, FULL):  53%|█████▎    | 27/51 [00:02<00:02,  9.78it/s](Worker_TP6 pid=2912241) [IDE_006/TSK_009 profile pid=2912241 tag=pagedfa] #24/100 disp_calls=0 disp_total_us_per_call=0.0 lookup_us=0.0 layout_us=0.0 meta_us=0.0 hcattn_us=0.0 pfa_calls=4800 pfa_total_us_per_call=95.7
(Worker_TP4 pid=2912239) [IDE_006/TSK_009 profile pid=2912239 tag=pagedfa] #24/100 disp_calls=0 disp_total_us_per_call=0.0 lookup_us=0.0 layout_us=0.0 meta_us=0.0 hcattn_us=0.0 pfa_calls=4800 pfa_total_us_per_call=93.3
(Worker_TP2 pid=2912237) [IDE_006/TSK_009 profile pid=2912237 tag=pagedfa] #24/100 disp_calls=0 disp_total_us_per_call=0.0 lookup_us=0.0 layout_us=0.0 meta_us=0.0 hcattn_us=0.0 pfa_calls=4800 pfa_total_us_per_call=95.9
(Worker_TP3 pid=2912238) [IDE_006/TSK_009 profile pid=2912238 tag=pagedfa] #24/100 disp_calls=0 disp_total_us_per_call=0.0 lookup_us=0.0 layout_us=0.0 meta_us=0.0 hcattn_us=0.0 pfa_calls=4800 pfa_total_us_per_call=96.5
[IDE_006/TSK_009 profile pid=2912235 tag=pagedfa] #24/100 disp_calls=0 disp_total_us_per_call=0.0 lookup_us=0.0 layout_us=0.0 meta_us=0.0 hcattn_us=0.0 pfa_calls=4800 pfa_total_us_per_call=94.9
(Worker_TP1 pid=2912236) [IDE_006/TSK_009 profile pid=2912236 tag=pagedfa] #24/100 disp_calls=0 disp_total_us_per_call=0.0 lookup_us=0.0 layout_us=0.0 meta_us=0.0 hcattn_us=0.0 pfa_calls=4800 pfa_total_us_per_call=97.0
(Worker_TP0 pid=2912235) Capturing CUDA graphs (decode, FULL):  55%|█████▍    | 28/51 [00:03<00:02,  9.79it/s](Worker_TP7 pid=2912242) [IDE_006/TSK_009 profile pid=2912242 tag=pagedfa] #24/100 disp_calls=0 disp_total_us_per_call=0.0 lookup_us=0.0 layout_us=0.0 meta_us=0.0 hcattn_us=0.0 pfa_calls=4800 pfa_total_us_per_call=95.5
(Worker_TP5 pid=2912240) [IDE_006/TSK_009 profile pid=2912240 tag=pagedfa] #24/100 disp_calls=0 disp_total_us_per_call=0.0 lookup_us=0.0 layout_us=0.0 meta_us=0.0 hcattn_us=0.0 pfa_calls=4800 pfa_total_us_per_call=96.5
Capturing CUDA graphs (decode, FULL):  57%|█████▋    | 29/51 [00:03<00:02,  7.69it/s](Worker_TP4 pid=2912239) [IDE_006/TSK_009 profile pid=2912239 tag=pagedfa] #25/100 disp_calls=0 disp_total_us_per_call=0.0 lookup_us=0.0 layout_us=0.0 meta_us=0.0 hcattn_us=0.0 pfa_calls=5000 pfa_total_us_per_call=93.4
(Worker_TP6 pid=2912241) [IDE_006/TSK_009 profile pid=2912241 tag=pagedfa] #25/100 disp_calls=0 disp_total_us_per_call=0.0 lookup_us=0.0 layout_us=0.0 meta_us=0.0 hcattn_us=0.0 pfa_calls=5000 pfa_total_us_per_call=95.6
(Worker_TP2 pid=2912237) [IDE_006/TSK_009 profile pid=2912237 tag=pagedfa] #25/100 disp_calls=0 disp_total_us_per_call=0.0 lookup_us=0.0 layout_us=0.0 meta_us=0.0 hcattn_us=0.0 pfa_calls=5000 pfa_total_us_per_call=96.0
(Worker_TP1 pid=2912236) [IDE_006/TSK_009 profile pid=2912236 tag=pagedfa] #25/100 disp_calls=0 disp_total_us_per_call=0.0 lookup_us=0.0 layout_us=0.0 meta_us=0.0 hcattn_us=0.0 pfa_calls=5000 pfa_total_us_per_call=97.0
(Worker_TP3 pid=2912238) [IDE_006/TSK_009 profile pid=2912238 tag=pagedfa] #25/100 disp_calls=0 disp_total_us_per_call=0.0 lookup_us=0.0 layout_us=0.0 meta_us=0.0 hcattn_us=0.0 pfa_calls=5000 pfa_total_us_per_call=96.5
[IDE_006/TSK_009 profile pid=2912235 tag=pagedfa] #25/100 disp_calls=0 disp_total_us_per_call=0.0 lookup_us=0.0 layout_us=0.0 meta_us=0.0 hcattn_us=0.0 pfa_calls=5000 pfa_total_us_per_call=95.2
(Worker_TP7 pid=2912242) [IDE_006/TSK_009 profile pid=2912242 tag=pagedfa] #25/100 disp_calls=0 disp_total_us_per_call=0.0 lookup_us=0.0 layout_us=0.0 meta_us=0.0 hcattn_us=0.0 pfa_calls=5000 pfa_total_us_per_call=97.7
(Worker_TP5 pid=2912240) [IDE_006/TSK_009 profile pid=2912240 tag=pagedfa] #25/100 disp_calls=0 disp_total_us_per_call=0.0 lookup_us=0.0 layout_us=0.0 meta_us=0.0 hcattn_us=0.0 pfa_calls=5000 pfa_total_us_per_call=98.7
(Worker_TP0 pid=2912235) Capturing CUDA graphs (decode, FULL):  59%|█████▉    | 30/51 [00:03<00:02,  7.55it/s](Worker_TP4 pid=2912239) [IDE_006/TSK_009 profile pid=2912239 tag=pagedfa] #26/100 disp_calls=0 disp_total_us_per_call=0.0 lookup_us=0.0 layout_us=0.0 meta_us=0.0 hcattn_us=0.0 pfa_calls=5200 pfa_total_us_per_call=92.6
(Worker_TP5 pid=2912240) [IDE_006/TSK_009 profile pid=2912240 tag=pagedfa] #26/100 disp_calls=0 disp_total_us_per_call=0.0 lookup_us=0.0 layout_us=0.0 meta_us=0.0 hcattn_us=0.0 pfa_calls=5200 pfa_total_us_per_call=97.7
(Worker_TP2 pid=2912237) [IDE_006/TSK_009 profile pid=2912237 tag=pagedfa] #26/100 disp_calls=0 disp_total_us_per_call=0.0 lookup_us=0.0 layout_us=0.0 meta_us=0.0 hcattn_us=0.0 pfa_calls=5200 pfa_total_us_per_call=95.0
(Worker_TP7 pid=2912242) [IDE_006/TSK_009 profile pid=2912242 tag=pagedfa] #26/100 disp_calls=0 disp_total_us_per_call=0.0 lookup_us=0.0 layout_us=0.0 meta_us=0.0 hcattn_us=0.0 pfa_calls=5200 pfa_total_us_per_call=96.8
(Worker_TP6 pid=2912241) [IDE_006/TSK_009 profile pid=2912241 tag=pagedfa] #26/100 disp_calls=0 disp_total_us_per_call=0.0 lookup_us=0.0 layout_us=0.0 meta_us=0.0 hcattn_us=0.0 pfa_calls=5200 pfa_total_us_per_call=94.7
(Worker_TP1 pid=2912236) [IDE_006/TSK_009 profile pid=2912236 tag=pagedfa] #26/100 disp_calls=0 disp_total_us_per_call=0.0 lookup_us=0.0 layout_us=0.0 meta_us=0.0 hcattn_us=0.0 pfa_calls=5200 pfa_total_us_per_call=96.1
(Worker_TP3 pid=2912238) [IDE_006/TSK_009 profile pid=2912238 tag=pagedfa] #26/100 disp_calls=0 disp_total_us_per_call=0.0 lookup_us=0.0 layout_us=0.0 meta_us=0.0 hcattn_us=0.0 pfa_calls=5200 pfa_total_us_per_call=95.6
[IDE_006/TSK_009 profile pid=2912235 tag=pagedfa] #26/100 disp_calls=0 disp_total_us_per_call=0.0 lookup_us=0.0 layout_us=0.0 meta_us=0.0 hcattn_us=0.0 pfa_calls=5200 pfa_total_us_per_call=94.4
(Worker_TP5 pid=2912240) [IDE_006/TSK_009 profile pid=2912240 tag=pagedfa] #27/100 disp_calls=0 disp_total_us_per_call=0.0 lookup_us=0.0 layout_us=0.0 meta_us=0.0 hcattn_us=0.0 pfa_calls=5400 pfa_total_us_per_call=96.7
(Worker_TP6 pid=2912241) [IDE_006/TSK_009 profile pid=2912241 tag=pagedfa] #27/100 disp_calls=0 disp_total_us_per_call=0.0 lookup_us=0.0 layout_us=0.0 meta_us=0.0 hcattn_us=0.0 pfa_calls=5400 pfa_total_us_per_call=93.8
(Worker_TP4 pid=2912239) [IDE_006/TSK_009 profile pid=2912239 tag=pagedfa] #27/100 disp_calls=0 disp_total_us_per_call=0.0 lookup_us=0.0 layout_us=0.0 meta_us=0.0 hcattn_us=0.0 pfa_calls=5400 pfa_total_us_per_call=91.8
(Worker_TP7 pid=2912242) [IDE_006/TSK_009 profile pid=2912242 tag=pagedfa] #27/100 disp_calls=0 disp_total_us_per_call=0.0 lookup_us=0.0 layout_us=0.0 meta_us=0.0 hcattn_us=0.0 pfa_calls=5400 pfa_total_us_per_call=95.9
(Worker_TP2 pid=2912237) [IDE_006/TSK_009 profile pid=2912237 tag=pagedfa] #27/100 disp_calls=0 disp_total_us_per_call=0.0 lookup_us=0.0 layout_us=0.0 meta_us=0.0 hcattn_us=0.0 pfa_calls=5400 pfa_total_us_per_call=94.2
(Worker_TP3 pid=2912238) [IDE_006/TSK_009 profile pid=2912238 tag=pagedfa] #27/100 disp_calls=0 disp_total_us_per_call=0.0 lookup_us=0.0 layout_us=0.0 meta_us=0.0 hcattn_us=0.0 pfa_calls=5400 pfa_total_us_per_call=94.7
(Worker_TP0 pid=2912235) [IDE_006/TSK_009 profile pid=2912235 tag=pagedfa] #27/100 disp_calls=0 disp_total_us_per_call=0.0 lookup_us=0.0 layout_us=0.0 meta_us=0.0 hcattn_us=0.0 pfa_calls=5400 pfa_total_us_per_call=93.6
(Worker_TP1 pid=2912236) [IDE_006/TSK_009 profile pid=2912236 tag=pagedfa] #27/100 disp_calls=0 disp_total_us_per_call=0.0 lookup_us=0.0 layout_us=0.0 meta_us=0.0 hcattn_us=0.0 pfa_calls=5400 pfa_total_us_per_call=95.2
(Worker_TP0 pid=2912235) Capturing CUDA graphs (decode, FULL):  63%|██████▎   | 32/51 [00:03<00:02,  8.48it/s](Worker_TP5 pid=2912240) [IDE_006/TSK_009 profile pid=2912240 tag=pagedfa] #28/100 disp_calls=0 disp_total_us_per_call=0.0 lookup_us=0.0 layout_us=0.0 meta_us=0.0 hcattn_us=0.0 pfa_calls=5600 pfa_total_us_per_call=95.7
(Worker_TP6 pid=2912241) [IDE_006/TSK_009 profile pid=2912241 tag=pagedfa] #28/100 disp_calls=0 disp_total_us_per_call=0.0 lookup_us=0.0 layout_us=0.0 meta_us=0.0 hcattn_us=0.0 pfa_calls=5600 pfa_total_us_per_call=92.9
(Worker_TP4 pid=2912239) [IDE_006/TSK_009 profile pid=2912239 tag=pagedfa] #28/100 disp_calls=0 disp_total_us_per_call=0.0 lookup_us=0.0 layout_us=0.0 meta_us=0.0 hcattn_us=0.0 pfa_calls=5600 pfa_total_us_per_call=91.0
(Worker_TP2 pid=2912237) [IDE_006/TSK_009 profile pid=2912237 tag=pagedfa] #28/100 disp_calls=0 disp_total_us_per_call=0.0 lookup_us=0.0 layout_us=0.0 meta_us=0.0 hcattn_us=0.0 pfa_calls=5600 pfa_total_us_per_call=93.4
(Worker_TP3 pid=2912238) [IDE_006/TSK_009 profile pid=2912238 tag=pagedfa] #28/100 disp_calls=0 disp_total_us_per_call=0.0 lookup_us=0.0 layout_us=0.0 meta_us=0.0 hcattn_us=0.0 pfa_calls=5600 pfa_total_us_per_call=93.8
[IDE_006/TSK_009 profile pid=2912235 tag=pagedfa] #28/100 disp_calls=0 disp_total_us_per_call=0.0 lookup_us=0.0 layout_us=0.0 meta_us=0.0 hcattn_us=0.0 pfa_calls=5600 pfa_total_us_per_call=92.9
(Worker_TP7 pid=2912242) [IDE_006/TSK_009 profile pid=2912242 tag=pagedfa] #28/100 disp_calls=0 disp_total_us_per_call=0.0 lookup_us=0.0 layout_us=0.0 meta_us=0.0 hcattn_us=0.0 pfa_calls=5600 pfa_total_us_per_call=94.9
(Worker_TP1 pid=2912236) [IDE_006/TSK_009 profile pid=2912236 tag=pagedfa] #28/100 disp_calls=0 disp_total_us_per_call=0.0 lookup_us=0.0 layout_us=0.0 meta_us=0.0 hcattn_us=0.0 pfa_calls=5600 pfa_total_us_per_call=94.4
(Worker_TP0 pid=2912235) Capturing CUDA graphs (decode, FULL):  67%|██████▋   | 34/51 [00:03<00:01,  9.09it/s](Worker_TP6 pid=2912241) [IDE_006/TSK_009 profile pid=2912241 tag=pagedfa] #29/100 disp_calls=0 disp_total_us_per_call=0.0 lookup_us=0.0 layout_us=0.0 meta_us=0.0 hcattn_us=0.0 pfa_calls=5800 pfa_total_us_per_call=92.3
(Worker_TP7 pid=2912242) [IDE_006/TSK_009 profile pid=2912242 tag=pagedfa] #29/100 disp_calls=0 disp_total_us_per_call=0.0 lookup_us=0.0 layout_us=0.0 meta_us=0.0 hcattn_us=0.0 pfa_calls=5800 pfa_total_us_per_call=94.2
(Worker_TP4 pid=2912239) [IDE_006/TSK_009 profile pid=2912239 tag=pagedfa] #29/100 disp_calls=0 disp_total_us_per_call=0.0 lookup_us=0.0 layout_us=0.0 meta_us=0.0 hcattn_us=0.0 pfa_calls=5800 pfa_total_us_per_call=90.4
(Worker_TP2 pid=2912237) [IDE_006/TSK_009 profile pid=2912237 tag=pagedfa] #29/100 disp_calls=0 disp_total_us_per_call=0.0 lookup_us=0.0 layout_us=0.0 meta_us=0.0 hcattn_us=0.0 pfa_calls=5800 pfa_total_us_per_call=92.7
(Worker_TP1 pid=2912236) [IDE_006/TSK_009 profile pid=2912236 tag=pagedfa] #29/100 disp_calls=0 disp_total_us_per_call=0.0 lookup_us=0.0 layout_us=0.0 meta_us=0.0 hcattn_us=0.0 pfa_calls=5800 pfa_total_us_per_call=93.7
(Worker_TP5 pid=2912240) [IDE_006/TSK_009 profile pid=2912240 tag=pagedfa] #29/100 disp_calls=0 disp_total_us_per_call=0.0 lookup_us=0.0 layout_us=0.0 meta_us=0.0 hcattn_us=0.0 pfa_calls=5800 pfa_total_us_per_call=94.9
(Worker_TP3 pid=2912238) [IDE_006/TSK_009 profile pid=2912238 tag=pagedfa] #29/100 disp_calls=0 disp_total_us_per_call=0.0 lookup_us=0.0 layout_us=0.0 meta_us=0.0 hcattn_us=0.0 pfa_calls=5800 pfa_total_us_per_call=93.2
[IDE_006/TSK_009 profile pid=2912235 tag=pagedfa] #29/100 disp_calls=0 disp_total_us_per_call=0.0 lookup_us=0.0 layout_us=0.0 meta_us=0.0 hcattn_us=0.0 pfa_calls=5800 pfa_total_us_per_call=92.4
(Worker_TP6 pid=2912241) [IDE_006/TSK_009 profile pid=2912241 tag=pagedfa] #30/100 disp_calls=0 disp_total_us_per_call=0.0 lookup_us=0.0 layout_us=0.0 meta_us=0.0 hcattn_us=0.0 pfa_calls=6000 pfa_total_us_per_call=91.5
(Worker_TP5 pid=2912240) [IDE_006/TSK_009 profile pid=2912240 tag=pagedfa] #30/100 disp_calls=0 disp_total_us_per_call=0.0 lookup_us=0.0 layout_us=0.0 meta_us=0.0 hcattn_us=0.0 pfa_calls=6000 pfa_total_us_per_call=94.1
(Worker_TP7 pid=2912242) [IDE_006/TSK_009 profile pid=2912242 tag=pagedfa] #30/100 disp_calls=0 disp_total_us_per_call=0.0 lookup_us=0.0 layout_us=0.0 meta_us=0.0 hcattn_us=0.0 pfa_calls=6000 pfa_total_us_per_call=93.4
(Worker_TP2 pid=2912237) [IDE_006/TSK_009 profile pid=2912237 tag=pagedfa] #30/100 disp_calls=0 disp_total_us_per_call=0.0 lookup_us=0.0 layout_us=0.0 meta_us=0.0 hcattn_us=0.0 pfa_calls=6000 pfa_total_us_per_call=92.1
(Worker_TP3 pid=2912238) [IDE_006/TSK_009 profile pid=2912238 tag=pagedfa] #30/100 disp_calls=0 disp_total_us_per_call=0.0 lookup_us=0.0 layout_us=0.0 meta_us=0.0 hcattn_us=0.0 pfa_calls=6000 pfa_total_us_per_call=92.5
(Worker_TP1 pid=2912236) [IDE_006/TSK_009 profile pid=2912236 tag=pagedfa] #30/100 disp_calls=0 disp_total_us_per_call=0.0 lookup_us=0.0 layout_us=0.0 meta_us=0.0 hcattn_us=0.0 pfa_calls=6000 pfa_total_us_per_call=93.0
(Worker_TP4 pid=2912239) [IDE_006/TSK_009 profile pid=2912239 tag=pagedfa] #30/100 disp_calls=0 disp_total_us_per_call=0.0 lookup_us=0.0 layout_us=0.0 meta_us=0.0 hcattn_us=0.0 pfa_calls=6000 pfa_total_us_per_call=89.7
(Worker_TP0 pid=2912235) [IDE_006/TSK_009 profile pid=2912235 tag=pagedfa] #30/100 disp_calls=0 disp_total_us_per_call=0.0 lookup_us=0.0 layout_us=0.0 meta_us=0.0 hcattn_us=0.0 pfa_calls=6000 pfa_total_us_per_call=91.7
(Worker_TP0 pid=2912235) Capturing CUDA graphs (decode, FULL):  71%|███████   | 36/51 [00:03<00:01,  9.57it/s](Worker_TP6 pid=2912241) [IDE_006/TSK_009 profile pid=2912241 tag=pagedfa] #31/100 disp_calls=0 disp_total_us_per_call=0.0 lookup_us=0.0 layout_us=0.0 meta_us=0.0 hcattn_us=0.0 pfa_calls=6200 pfa_total_us_per_call=90.8
(Worker_TP5 pid=2912240) [IDE_006/TSK_009 profile pid=2912240 tag=pagedfa] #31/100 disp_calls=0 disp_total_us_per_call=0.0 lookup_us=0.0 layout_us=0.0 meta_us=0.0 hcattn_us=0.0 pfa_calls=6200 pfa_total_us_per_call=93.3
(Worker_TP7 pid=2912242) [IDE_006/TSK_009 profile pid=2912242 tag=pagedfa] #31/100 disp_calls=0 disp_total_us_per_call=0.0 lookup_us=0.0 layout_us=0.0 meta_us=0.0 hcattn_us=0.0 pfa_calls=6200 pfa_total_us_per_call=92.6
(Worker_TP3 pid=2912238) [IDE_006/TSK_009 profile pid=2912238 tag=pagedfa] #31/100 disp_calls=0 disp_total_us_per_call=0.0 lookup_us=0.0 layout_us=0.0 meta_us=0.0 hcattn_us=0.0 pfa_calls=6200 pfa_total_us_per_call=91.8
(Worker_TP2 pid=2912237) [IDE_006/TSK_009 profile pid=2912237 tag=pagedfa] #31/100 disp_calls=0 disp_total_us_per_call=0.0 lookup_us=0.0 layout_us=0.0 meta_us=0.0 hcattn_us=0.0 pfa_calls=6200 pfa_total_us_per_call=91.4
(Worker_TP4 pid=2912239) [IDE_006/TSK_009 profile pid=2912239 tag=pagedfa] #31/100 disp_calls=0 disp_total_us_per_call=0.0 lookup_us=0.0 layout_us=0.0 meta_us=0.0 hcattn_us=0.0 pfa_calls=6200 pfa_total_us_per_call=89.1
(Worker_TP1 pid=2912236) [IDE_006/TSK_009 profile pid=2912236 tag=pagedfa] #31/100 disp_calls=0 disp_total_us_per_call=0.0 lookup_us=0.0 layout_us=0.0 meta_us=0.0 hcattn_us=0.0 pfa_calls=6200 pfa_total_us_per_call=92.2
[IDE_006/TSK_009 profile pid=2912235 tag=pagedfa] #31/100 disp_calls=0 disp_total_us_per_call=0.0 lookup_us=0.0 layout_us=0.0 meta_us=0.0 hcattn_us=0.0 pfa_calls=6200 pfa_total_us_per_call=91.1
(Worker_TP6 pid=2912241) [IDE_006/TSK_009 profile pid=2912241 tag=pagedfa] #32/100 disp_calls=0 disp_total_us_per_call=0.0 lookup_us=0.0 layout_us=0.0 meta_us=0.0 hcattn_us=0.0 pfa_calls=6400 pfa_total_us_per_call=90.0
(Worker_TP4 pid=2912239) [IDE_006/TSK_009 profile pid=2912239 tag=pagedfa] #32/100 disp_calls=0 disp_total_us_per_call=0.0 lookup_us=0.0 layout_us=0.0 meta_us=0.0 hcattn_us=0.0 pfa_calls=6400 pfa_total_us_per_call=88.5
(Worker_TP5 pid=2912240) [IDE_006/TSK_009 profile pid=2912240 tag=pagedfa] #32/100 disp_calls=0 disp_total_us_per_call=0.0 lookup_us=0.0 layout_us=0.0 meta_us=0.0 hcattn_us=0.0 pfa_calls=6400 pfa_total_us_per_call=92.5
(Worker_TP2 pid=2912237) [IDE_006/TSK_009 profile pid=2912237 tag=pagedfa] #32/100 disp_calls=0 disp_total_us_per_call=0.0 lookup_us=0.0 layout_us=0.0 meta_us=0.0 hcattn_us=0.0 pfa_calls=6400 pfa_total_us_per_call=90.7
(Worker_TP1 pid=2912236) [IDE_006/TSK_009 profile pid=2912236 tag=pagedfa] #32/100 disp_calls=0 disp_total_us_per_call=0.0 lookup_us=0.0 layout_us=0.0 meta_us=0.0 hcattn_us=0.0 pfa_calls=6400 pfa_total_us_per_call=91.5
(Worker_TP3 pid=2912238) [IDE_006/TSK_009 profile pid=2912238 tag=pagedfa] #32/100 disp_calls=0 disp_total_us_per_call=0.0 lookup_us=0.0 layout_us=0.0 meta_us=0.0 hcattn_us=0.0 pfa_calls=6400 pfa_total_us_per_call=91.1
(Worker_TP7 pid=2912242) [IDE_006/TSK_009 profile pid=2912242 tag=pagedfa] #32/100 disp_calls=0 disp_total_us_per_call=0.0 lookup_us=0.0 layout_us=0.0 meta_us=0.0 hcattn_us=0.0 pfa_calls=6400 pfa_total_us_per_call=91.8
(Worker_TP0 pid=2912235) [IDE_006/TSK_009 profile pid=2912235 tag=pagedfa] #32/100 disp_calls=0 disp_total_us_per_call=0.0 lookup_us=0.0 layout_us=0.0 meta_us=0.0 hcattn_us=0.0 pfa_calls=6400 pfa_total_us_per_call=90.5
(Worker_TP0 pid=2912235) Capturing CUDA graphs (decode, FULL):  75%|███████▍  | 38/51 [00:04<00:01,  9.87it/s]Capturing CUDA graphs (decode, FULL):  76%|███████▋  | 39/51 [00:04<00:01,  9.86it/s](Worker_TP3 pid=2912238) [IDE_006/TSK_009 profile pid=2912238 tag=pagedfa] #33/100 disp_calls=0 disp_total_us_per_call=0.0 lookup_us=0.0 layout_us=0.0 meta_us=0.0 hcattn_us=0.0 pfa_calls=6600 pfa_total_us_per_call=90.4
(Worker_TP5 pid=2912240) [IDE_006/TSK_009 profile pid=2912240 tag=pagedfa] #33/100 disp_calls=0 disp_total_us_per_call=0.0 lookup_us=0.0 layout_us=0.0 meta_us=0.0 hcattn_us=0.0 pfa_calls=6600 pfa_total_us_per_call=91.8
(Worker_TP4 pid=2912239) [IDE_006/TSK_009 profile pid=2912239 tag=pagedfa] #33/100 disp_calls=0 disp_total_us_per_call=0.0 lookup_us=0.0 layout_us=0.0 meta_us=0.0 hcattn_us=0.0 pfa_calls=6600 pfa_total_us_per_call=87.9
(Worker_TP7 pid=2912242) [IDE_006/TSK_009 profile pid=2912242 tag=pagedfa] #33/100 disp_calls=0 disp_total_us_per_call=0.0 lookup_us=0.0 layout_us=0.0 meta_us=0.0 hcattn_us=0.0 pfa_calls=6600 pfa_total_us_per_call=91.2
(Worker_TP1 pid=2912236) [IDE_006/TSK_009 profile pid=2912236 tag=pagedfa] #33/100 disp_calls=0 disp_total_us_per_call=0.0 lookup_us=0.0 layout_us=0.0 meta_us=0.0 hcattn_us=0.0 pfa_calls=6600 pfa_total_us_per_call=91.0
[IDE_006/TSK_009 profile pid=2912235 tag=pagedfa] #33/100 disp_calls=0 disp_total_us_per_call=0.0 lookup_us=0.0 layout_us=0.0 meta_us=0.0 hcattn_us=0.0 pfa_calls=6600 pfa_total_us_per_call=90.0
(Worker_TP2 pid=2912237) [IDE_006/TSK_009 profile pid=2912237 tag=pagedfa] #33/100 disp_calls=0 disp_total_us_per_call=0.0 lookup_us=0.0 layout_us=0.0 meta_us=0.0 hcattn_us=0.0 pfa_calls=6600 pfa_total_us_per_call=90.1
(Worker_TP6 pid=2912241) [IDE_006/TSK_009 profile pid=2912241 tag=pagedfa] #33/100 disp_calls=0 disp_total_us_per_call=0.0 lookup_us=0.0 layout_us=0.0 meta_us=0.0 hcattn_us=0.0 pfa_calls=6600 pfa_total_us_per_call=89.4
(Worker_TP0 pid=2912235) Capturing CUDA graphs (decode, FULL):  78%|███████▊  | 40/51 [00:04<00:01,  9.89it/s](Worker_TP7 pid=2912242) [IDE_006/TSK_009 profile pid=2912242 tag=pagedfa] #34/100 disp_calls=0 disp_total_us_per_call=0.0 lookup_us=0.0 layout_us=0.0 meta_us=0.0 hcattn_us=0.0 pfa_calls=6800 pfa_total_us_per_call=90.6
(Worker_TP4 pid=2912239) [IDE_006/TSK_009 profile pid=2912239 tag=pagedfa] #34/100 disp_calls=0 disp_total_us_per_call=0.0 lookup_us=0.0 layout_us=0.0 meta_us=0.0 hcattn_us=0.0 pfa_calls=6800 pfa_total_us_per_call=87.3
(Worker_TP6 pid=2912241) [IDE_006/TSK_009 profile pid=2912241 tag=pagedfa] #34/100 disp_calls=0 disp_total_us_per_call=0.0 lookup_us=0.0 layout_us=0.0 meta_us=0.0 hcattn_us=0.0 pfa_calls=6800 pfa_total_us_per_call=88.9
(Worker_TP2 pid=2912237) [IDE_006/TSK_009 profile pid=2912237 tag=pagedfa] #34/100 disp_calls=0 disp_total_us_per_call=0.0 lookup_us=0.0 layout_us=0.0 meta_us=0.0 hcattn_us=0.0 pfa_calls=6800 pfa_total_us_per_call=89.5
(Worker_TP5 pid=2912240) [IDE_006/TSK_009 profile pid=2912240 tag=pagedfa] #34/100 disp_calls=0 disp_total_us_per_call=0.0 lookup_us=0.0 layout_us=0.0 meta_us=0.0 hcattn_us=0.0 pfa_calls=6800 pfa_total_us_per_call=91.2
(Worker_TP1 pid=2912236) [IDE_006/TSK_009 profile pid=2912236 tag=pagedfa] #34/100 disp_calls=0 disp_total_us_per_call=0.0 lookup_us=0.0 layout_us=0.0 meta_us=0.0 hcattn_us=0.0 pfa_calls=6800 pfa_total_us_per_call=90.4
[IDE_006/TSK_009 profile pid=2912235 tag=pagedfa] #34/100 disp_calls=0 disp_total_us_per_call=0.0 lookup_us=0.0 layout_us=0.0 meta_us=0.0 hcattn_us=0.0 pfa_calls=6800 pfa_total_us_per_call=89.5
(Worker_TP3 pid=2912238) [IDE_006/TSK_009 profile pid=2912238 tag=pagedfa] #34/100 disp_calls=0 disp_total_us_per_call=0.0 lookup_us=0.0 layout_us=0.0 meta_us=0.0 hcattn_us=0.0 pfa_calls=6800 pfa_total_us_per_call=89.9
(Worker_TP6 pid=2912241) [IDE_006/TSK_009 profile pid=2912241 tag=pagedfa] #35/100 disp_calls=0 disp_total_us_per_call=0.0 lookup_us=0.0 layout_us=0.0 meta_us=0.0 hcattn_us=0.0 pfa_calls=7000 pfa_total_us_per_call=88.5
(Worker_TP7 pid=2912242) [IDE_006/TSK_009 profile pid=2912242 tag=pagedfa] #35/100 disp_calls=0 disp_total_us_per_call=0.0 lookup_us=0.0 layout_us=0.0 meta_us=0.0 hcattn_us=0.0 pfa_calls=7000 pfa_total_us_per_call=90.1
(Worker_TP1 pid=2912236) [IDE_006/TSK_009 profile pid=2912236 tag=pagedfa] #35/100 disp_calls=0 disp_total_us_per_call=0.0 lookup_us=0.0 layout_us=0.0 meta_us=0.0 hcattn_us=0.0 pfa_calls=7000 pfa_total_us_per_call=90.0
(Worker_TP4 pid=2912239) [IDE_006/TSK_009 profile pid=2912239 tag=pagedfa] #35/100 disp_calls=0 disp_total_us_per_call=0.0 lookup_us=0.0 layout_us=0.0 meta_us=0.0 hcattn_us=0.0 pfa_calls=7000 pfa_total_us_per_call=87.0
(Worker_TP3 pid=2912238) [IDE_006/TSK_009 profile pid=2912238 tag=pagedfa] #35/100 disp_calls=0 disp_total_us_per_call=0.0 lookup_us=0.0 layout_us=0.0 meta_us=0.0 hcattn_us=0.0 pfa_calls=7000 pfa_total_us_per_call=89.4
(Worker_TP2 pid=2912237) [IDE_006/TSK_009 profile pid=2912237 tag=pagedfa] #35/100 disp_calls=0 disp_total_us_per_call=0.0 lookup_us=0.0 layout_us=0.0 meta_us=0.0 hcattn_us=0.0 pfa_calls=7000 pfa_total_us_per_call=89.2
(Worker_TP0 pid=2912235) [IDE_006/TSK_009 profile pid=2912235 tag=pagedfa] #35/100 disp_calls=0 disp_total_us_per_call=0.0 lookup_us=0.0 layout_us=0.0 meta_us=0.0 hcattn_us=0.0 pfa_calls=7000 pfa_total_us_per_call=89.2
(Worker_TP5 pid=2912240) [IDE_006/TSK_009 profile pid=2912240 tag=pagedfa] #35/100 disp_calls=0 disp_total_us_per_call=0.0 lookup_us=0.0 layout_us=0.0 meta_us=0.0 hcattn_us=0.0 pfa_calls=7000 pfa_total_us_per_call=90.6
(Worker_TP0 pid=2912235) Capturing CUDA graphs (decode, FULL):  82%|████████▏ | 42/51 [00:04<00:00,  9.89it/s](Worker_TP3 pid=2912238) [IDE_006/TSK_009 profile pid=2912238 tag=pagedfa] #36/100 disp_calls=0 disp_total_us_per_call=0.0 lookup_us=0.0 layout_us=0.0 meta_us=0.0 hcattn_us=0.0 pfa_calls=7200 pfa_total_us_per_call=89.0
(Worker_TP5 pid=2912240) [IDE_006/TSK_009 profile pid=2912240 tag=pagedfa] #36/100 disp_calls=0 disp_total_us_per_call=0.0 lookup_us=0.0 layout_us=0.0 meta_us=0.0 hcattn_us=0.0 pfa_calls=7200 pfa_total_us_per_call=90.1
(Worker_TP4 pid=2912239) [IDE_006/TSK_009 profile pid=2912239 tag=pagedfa] #36/100 disp_calls=0 disp_total_us_per_call=0.0 lookup_us=0.0 layout_us=0.0 meta_us=0.0 hcattn_us=0.0 pfa_calls=7200 pfa_total_us_per_call=86.6
(Worker_TP1 pid=2912236) [IDE_006/TSK_009 profile pid=2912236 tag=pagedfa] #36/100 disp_calls=0 disp_total_us_per_call=0.0 lookup_us=0.0 layout_us=0.0 meta_us=0.0 hcattn_us=0.0 pfa_calls=7200 pfa_total_us_per_call=89.5
[IDE_006/TSK_009 profile pid=2912235 tag=pagedfa] #36/100 disp_calls=0 disp_total_us_per_call=0.0 lookup_us=0.0 layout_us=0.0 meta_us=0.0 hcattn_us=0.0 pfa_calls=7200 pfa_total_us_per_call=88.8
(Worker_TP6 pid=2912241) [IDE_006/TSK_009 profile pid=2912241 tag=pagedfa] #36/100 disp_calls=0 disp_total_us_per_call=0.0 lookup_us=0.0 layout_us=0.0 meta_us=0.0 hcattn_us=0.0 pfa_calls=7200 pfa_total_us_per_call=88.0
(Worker_TP2 pid=2912237) [IDE_006/TSK_009 profile pid=2912237 tag=pagedfa] #36/100 disp_calls=0 disp_total_us_per_call=0.0 lookup_us=0.0 layout_us=0.0 meta_us=0.0 hcattn_us=0.0 pfa_calls=7200 pfa_total_us_per_call=88.7
(Worker_TP7 pid=2912242) [IDE_006/TSK_009 profile pid=2912242 tag=pagedfa] #36/100 disp_calls=0 disp_total_us_per_call=0.0 lookup_us=0.0 layout_us=0.0 meta_us=0.0 hcattn_us=0.0 pfa_calls=7200 pfa_total_us_per_call=89.5
(Worker_TP0 pid=2912235) Capturing CUDA graphs (decode, FULL):  84%|████████▍ | 43/51 [00:04<00:00,  9.54it/s](Worker_TP6 pid=2912241) [IDE_006/TSK_009 profile pid=2912241 tag=pagedfa] #37/100 disp_calls=0 disp_total_us_per_call=0.0 lookup_us=0.0 layout_us=0.0 meta_us=0.0 hcattn_us=0.0 pfa_calls=7400 pfa_total_us_per_call=87.6
(Worker_TP5 pid=2912240) [IDE_006/TSK_009 profile pid=2912240 tag=pagedfa] #37/100 disp_calls=0 disp_total_us_per_call=0.0 lookup_us=0.0 layout_us=0.0 meta_us=0.0 hcattn_us=0.0 pfa_calls=7400 pfa_total_us_per_call=89.6
(Worker_TP7 pid=2912242) [IDE_006/TSK_009 profile pid=2912242 tag=pagedfa] #37/100 disp_calls=0 disp_total_us_per_call=0.0 lookup_us=0.0 layout_us=0.0 meta_us=0.0 hcattn_us=0.0 pfa_calls=7400 pfa_total_us_per_call=89.1
(Worker_TP2 pid=2912237) [IDE_006/TSK_009 profile pid=2912237 tag=pagedfa] #37/100 disp_calls=0 disp_total_us_per_call=0.0 lookup_us=0.0 layout_us=0.0 meta_us=0.0 hcattn_us=0.0 pfa_calls=7400 pfa_total_us_per_call=88.4
(Worker_TP1 pid=2912236) [IDE_006/TSK_009 profile pid=2912236 tag=pagedfa] #37/100 disp_calls=0 disp_total_us_per_call=0.0 lookup_us=0.0 layout_us=0.0 meta_us=0.0 hcattn_us=0.0 pfa_calls=7400 pfa_total_us_per_call=89.2
(Worker_TP3 pid=2912238) [IDE_006/TSK_009 profile pid=2912238 tag=pagedfa] #37/100 disp_calls=0 disp_total_us_per_call=0.0 lookup_us=0.0 layout_us=0.0 meta_us=0.0 hcattn_us=0.0 pfa_calls=7400 pfa_total_us_per_call=88.6
[IDE_006/TSK_009 profile pid=2912235 tag=pagedfa] #37/100 disp_calls=0 disp_total_us_per_call=0.0 lookup_us=0.0 layout_us=0.0 meta_us=0.0 hcattn_us=0.0 pfa_calls=7400 pfa_total_us_per_call=88.6
(Worker_TP4 pid=2912239) [IDE_006/TSK_009 profile pid=2912239 tag=pagedfa] #37/100 disp_calls=0 disp_total_us_per_call=0.0 lookup_us=0.0 layout_us=0.0 meta_us=0.0 hcattn_us=0.0 pfa_calls=7400 pfa_total_us_per_call=86.5
(Worker_TP0 pid=2912235) Capturing CUDA graphs (decode, FULL):  88%|████████▊ | 45/51 [00:04<00:00,  9.99it/s](Worker_TP5 pid=2912240) [IDE_006/TSK_009 profile pid=2912240 tag=pagedfa] #38/100 disp_calls=0 disp_total_us_per_call=0.0 lookup_us=0.0 layout_us=0.0 meta_us=0.0 hcattn_us=0.0 pfa_calls=7600 pfa_total_us_per_call=89.1
(Worker_TP7 pid=2912242) [IDE_006/TSK_009 profile pid=2912242 tag=pagedfa] #38/100 disp_calls=0 disp_total_us_per_call=0.0 lookup_us=0.0 layout_us=0.0 meta_us=0.0 hcattn_us=0.0 pfa_calls=7600 pfa_total_us_per_call=88.6
(Worker_TP6 pid=2912241) [IDE_006/TSK_009 profile pid=2912241 tag=pagedfa] #38/100 disp_calls=0 disp_total_us_per_call=0.0 lookup_us=0.0 layout_us=0.0 meta_us=0.0 hcattn_us=0.0 pfa_calls=7600 pfa_total_us_per_call=87.2
(Worker_TP2 pid=2912237) [IDE_006/TSK_009 profile pid=2912237 tag=pagedfa] #38/100 disp_calls=0 disp_total_us_per_call=0.0 lookup_us=0.0 layout_us=0.0 meta_us=0.0 hcattn_us=0.0 pfa_calls=7600 pfa_total_us_per_call=88.0
(Worker_TP1 pid=2912236) [IDE_006/TSK_009 profile pid=2912236 tag=pagedfa] #38/100 disp_calls=0 disp_total_us_per_call=0.0 lookup_us=0.0 layout_us=0.0 meta_us=0.0 hcattn_us=0.0 pfa_calls=7600 pfa_total_us_per_call=88.8
(Worker_TP3 pid=2912238) [IDE_006/TSK_009 profile pid=2912238 tag=pagedfa] #38/100 disp_calls=0 disp_total_us_per_call=0.0 lookup_us=0.0 layout_us=0.0 meta_us=0.0 hcattn_us=0.0 pfa_calls=7600 pfa_total_us_per_call=88.2
(Worker_TP4 pid=2912239) [IDE_006/TSK_009 profile pid=2912239 tag=pagedfa] #38/100 disp_calls=0 disp_total_us_per_call=0.0 lookup_us=0.0 layout_us=0.0 meta_us=0.0 hcattn_us=0.0 pfa_calls=7600 pfa_total_us_per_call=86.1
[IDE_006/TSK_009 profile pid=2912235 tag=pagedfa] #38/100 disp_calls=0 disp_total_us_per_call=0.0 lookup_us=0.0 layout_us=0.0 meta_us=0.0 hcattn_us=0.0 pfa_calls=7600 pfa_total_us_per_call=88.2
(Worker_TP1 pid=2912236) [IDE_006/TSK_009 profile pid=2912236 tag=pagedfa] #39/100 disp_calls=0 disp_total_us_per_call=0.0 lookup_us=0.0 layout_us=0.0 meta_us=0.0 hcattn_us=0.0 pfa_calls=7800 pfa_total_us_per_call=88.3
(Worker_TP7 pid=2912242) [IDE_006/TSK_009 profile pid=2912242 tag=pagedfa] #39/100 disp_calls=0 disp_total_us_per_call=0.0 lookup_us=0.0 layout_us=0.0 meta_us=0.0 hcattn_us=0.0 pfa_calls=7800 pfa_total_us_per_call=88.2
(Worker_TP4 pid=2912239) [IDE_006/TSK_009 profile pid=2912239 tag=pagedfa] #39/100 disp_calls=0 disp_total_us_per_call=0.0 lookup_us=0.0 layout_us=0.0 meta_us=0.0 hcattn_us=0.0 pfa_calls=7800 pfa_total_us_per_call=85.7
(Worker_TP2 pid=2912237) [IDE_006/TSK_009 profile pid=2912237 tag=pagedfa] #39/100 disp_calls=0 disp_total_us_per_call=0.0 lookup_us=0.0 layout_us=0.0 meta_us=0.0 hcattn_us=0.0 pfa_calls=7800 pfa_total_us_per_call=87.6
(Worker_TP6 pid=2912241) [IDE_006/TSK_009 profile pid=2912241 tag=pagedfa] #39/100 disp_calls=0 disp_total_us_per_call=0.0 lookup_us=0.0 layout_us=0.0 meta_us=0.0 hcattn_us=0.0 pfa_calls=7800 pfa_total_us_per_call=86.7
(Worker_TP5 pid=2912240) [IDE_006/TSK_009 profile pid=2912240 tag=pagedfa] #39/100 disp_calls=0 disp_total_us_per_call=0.0 lookup_us=0.0 layout_us=0.0 meta_us=0.0 hcattn_us=0.0 pfa_calls=7800 pfa_total_us_per_call=88.6
(Worker_TP3 pid=2912238) [IDE_006/TSK_009 profile pid=2912238 tag=pagedfa] #39/100 disp_calls=0 disp_total_us_per_call=0.0 lookup_us=0.0 layout_us=0.0 meta_us=0.0 hcattn_us=0.0 pfa_calls=7800 pfa_total_us_per_call=87.8
(Worker_TP0 pid=2912235) [IDE_006/TSK_009 profile pid=2912235 tag=pagedfa] #39/100 disp_calls=0 disp_total_us_per_call=0.0 lookup_us=0.0 layout_us=0.0 meta_us=0.0 hcattn_us=0.0 pfa_calls=7800 pfa_total_us_per_call=87.8
(Worker_TP0 pid=2912235) Capturing CUDA graphs (decode, FULL):  92%|█████████▏| 47/51 [00:05<00:00, 10.62it/s](Worker_TP6 pid=2912241) [IDE_006/TSK_009 profile pid=2912241 tag=pagedfa] #40/100 disp_calls=0 disp_total_us_per_call=0.0 lookup_us=0.0 layout_us=0.0 meta_us=0.0 hcattn_us=0.0 pfa_calls=8000 pfa_total_us_per_call=86.3
(Worker_TP4 pid=2912239) [IDE_006/TSK_009 profile pid=2912239 tag=pagedfa] #40/100 disp_calls=0 disp_total_us_per_call=0.0 lookup_us=0.0 layout_us=0.0 meta_us=0.0 hcattn_us=0.0 pfa_calls=8000 pfa_total_us_per_call=85.3
(Worker_TP1 pid=2912236) [IDE_006/TSK_009 profile pid=2912236 tag=pagedfa] #40/100 disp_calls=0 disp_total_us_per_call=0.0 lookup_us=0.0 layout_us=0.0 meta_us=0.0 hcattn_us=0.0 pfa_calls=8000 pfa_total_us_per_call=87.8
(Worker_TP5 pid=2912240) [IDE_006/TSK_009 profile pid=2912240 tag=pagedfa] #40/100 disp_calls=0 disp_total_us_per_call=0.0 lookup_us=0.0 layout_us=0.0 meta_us=0.0 hcattn_us=0.0 pfa_calls=8000 pfa_total_us_per_call=88.1
(Worker_TP7 pid=2912242) [IDE_006/TSK_009 profile pid=2912242 tag=pagedfa] #40/100 disp_calls=0 disp_total_us_per_call=0.0 lookup_us=0.0 layout_us=0.0 meta_us=0.0 hcattn_us=0.0 pfa_calls=8000 pfa_total_us_per_call=87.6
(Worker_TP2 pid=2912237) [IDE_006/TSK_009 profile pid=2912237 tag=pagedfa] #40/100 disp_calls=0 disp_total_us_per_call=0.0 lookup_us=0.0 layout_us=0.0 meta_us=0.0 hcattn_us=0.0 pfa_calls=8000 pfa_total_us_per_call=87.1
(Worker_TP3 pid=2912238) [IDE_006/TSK_009 profile pid=2912238 tag=pagedfa] #40/100 disp_calls=0 disp_total_us_per_call=0.0 lookup_us=0.0 layout_us=0.0 meta_us=0.0 hcattn_us=0.0 pfa_calls=8000 pfa_total_us_per_call=87.3
[IDE_006/TSK_009 profile pid=2912235 tag=pagedfa] #40/100 disp_calls=0 disp_total_us_per_call=0.0 lookup_us=0.0 layout_us=0.0 meta_us=0.0 hcattn_us=0.0 pfa_calls=8000 pfa_total_us_per_call=87.4
(Worker_TP0 pid=2912235) Capturing CUDA graphs (decode, FULL):  96%|█████████▌| 49/51 [00:05<00:00, 11.00it/s](Worker_TP7 pid=2912242) [IDE_006/TSK_009 profile pid=2912242 tag=pagedfa] #41/100 disp_calls=0 disp_total_us_per_call=0.0 lookup_us=0.0 layout_us=0.0 meta_us=0.0 hcattn_us=0.0 pfa_calls=8200 pfa_total_us_per_call=87.2
(Worker_TP2 pid=2912237) [IDE_006/TSK_009 profile pid=2912237 tag=pagedfa] #41/100 disp_calls=0 disp_total_us_per_call=0.0 lookup_us=0.0 layout_us=0.0 meta_us=0.0 hcattn_us=0.0 pfa_calls=8200 pfa_total_us_per_call=86.7
(Worker_TP1 pid=2912236) [IDE_006/TSK_009 profile pid=2912236 tag=pagedfa] #41/100 disp_calls=0 disp_total_us_per_call=0.0 lookup_us=0.0 layout_us=0.0 meta_us=0.0 hcattn_us=0.0 pfa_calls=8200 pfa_total_us_per_call=87.4
(Worker_TP6 pid=2912241) [IDE_006/TSK_009 profile pid=2912241 tag=pagedfa] #41/100 disp_calls=0 disp_total_us_per_call=0.0 lookup_us=0.0 layout_us=0.0 meta_us=0.0 hcattn_us=0.0 pfa_calls=8200 pfa_total_us_per_call=85.9
(Worker_TP3 pid=2912238) [IDE_006/TSK_009 profile pid=2912238 tag=pagedfa] #41/100 disp_calls=0 disp_total_us_per_call=0.0 lookup_us=0.0 layout_us=0.0 meta_us=0.0 hcattn_us=0.0 pfa_calls=8200 pfa_total_us_per_call=86.9
(Worker_TP5 pid=2912240) [IDE_006/TSK_009 profile pid=2912240 tag=pagedfa] #41/100 disp_calls=0 disp_total_us_per_call=0.0 lookup_us=0.0 layout_us=0.0 meta_us=0.0 hcattn_us=0.0 pfa_calls=8200 pfa_total_us_per_call=87.6
[IDE_006/TSK_009 profile pid=2912235 tag=pagedfa] #41/100 disp_calls=0 disp_total_us_per_call=0.0 lookup_us=0.0 layout_us=0.0 meta_us=0.0 hcattn_us=0.0 pfa_calls=8200 pfa_total_us_per_call=87.0
(Worker_TP4 pid=2912239) [IDE_006/TSK_009 profile pid=2912239 tag=pagedfa] #41/100 disp_calls=0 disp_total_us_per_call=0.0 lookup_us=0.0 layout_us=0.0 meta_us=0.0 hcattn_us=0.0 pfa_calls=8200 pfa_total_us_per_call=85.2
(Worker_TP5 pid=2912240) [IDE_006/TSK_009 profile pid=2912240 tag=pagedfa] #42/100 disp_calls=0 disp_total_us_per_call=0.0 lookup_us=0.0 layout_us=0.0 meta_us=0.0 hcattn_us=0.0 pfa_calls=8400 pfa_total_us_per_call=87.2
(Worker_TP7 pid=2912242) [IDE_006/TSK_009 profile pid=2912242 tag=pagedfa] #42/100 disp_calls=0 disp_total_us_per_call=0.0 lookup_us=0.0 layout_us=0.0 meta_us=0.0 hcattn_us=0.0 pfa_calls=8400 pfa_total_us_per_call=86.7
(Worker_TP4 pid=2912239) [IDE_006/TSK_009 profile pid=2912239 tag=pagedfa] #42/100 disp_calls=0 disp_total_us_per_call=0.0 lookup_us=0.0 layout_us=0.0 meta_us=0.0 hcattn_us=0.0 pfa_calls=8400 pfa_total_us_per_call=84.8
(Worker_TP6 pid=2912241) [IDE_006/TSK_009 profile pid=2912241 tag=pagedfa] #42/100 disp_calls=0 disp_total_us_per_call=0.0 lookup_us=0.0 layout_us=0.0 meta_us=0.0 hcattn_us=0.0 pfa_calls=8400 pfa_total_us_per_call=85.5
(Worker_TP2 pid=2912237) [IDE_006/TSK_009 profile pid=2912237 tag=pagedfa] #42/100 disp_calls=0 disp_total_us_per_call=0.0 lookup_us=0.0 layout_us=0.0 meta_us=0.0 hcattn_us=0.0 pfa_calls=8400 pfa_total_us_per_call=86.3
(Worker_TP3 pid=2912238) [IDE_006/TSK_009 profile pid=2912238 tag=pagedfa] #42/100 disp_calls=0 disp_total_us_per_call=0.0 lookup_us=0.0 layout_us=0.0 meta_us=0.0 hcattn_us=0.0 pfa_calls=8400 pfa_total_us_per_call=86.6
(Worker_TP0 pid=2912235) [IDE_006/TSK_009 profile pid=2912235 tag=pagedfa] #42/100 disp_calls=0 disp_total_us_per_call=0.0 lookup_us=0.0 layout_us=0.0 meta_us=0.0 hcattn_us=0.0 pfa_calls=8400 pfa_total_us_per_call=86.7
(Worker_TP1 pid=2912236) [IDE_006/TSK_009 profile pid=2912236 tag=pagedfa] #42/100 disp_calls=0 disp_total_us_per_call=0.0 lookup_us=0.0 layout_us=0.0 meta_us=0.0 hcattn_us=0.0 pfa_calls=8400 pfa_total_us_per_call=87.2
(Worker_TP0 pid=2912235) Capturing CUDA graphs (decode, FULL): 100%|██████████| 51/51 [00:05<00:00, 11.20it/s]Capturing CUDA graphs (decode, FULL): 100%|██████████| 51/51 [00:05<00:00,  9.52it/s]
(EngineCore pid=2911744) <frozen importlib._bootstrap_external>:1301: FutureWarning: The cuda.cudart module is deprecated and will be removed in a future release, please switch to use the cuda.bindings.runtime module instead.
(EngineCore pid=2911744) <frozen importlib._bootstrap_external>:1301: FutureWarning: The cuda.nvrtc module is deprecated and will be removed in a future release, please switch to use the cuda.bindings.nvrtc module instead.
Rendering prompts:   0%|          | 0/100 [00:00<?, ?it/s]Rendering prompts:   3%|▎         | 3/100 [00:00<00:03, 26.86it/s]Rendering prompts:   7%|▋         | 7/100 [00:00<00:02, 33.01it/s]Rendering prompts:  11%|█         | 11/100 [00:00<00:02, 35.24it/s]Rendering prompts:  15%|█▌        | 15/100 [00:00<00:02, 36.20it/s]Rendering prompts:  19%|█▉        | 19/100 [00:00<00:02, 36.30it/s](Worker_TP6 pid=2912241) [IDE_006/TSK_009 profile pid=2912241 tag=pagedfa] #43/100 disp_calls=0 disp_total_us_per_call=0.0 lookup_us=0.0 layout_us=0.0 meta_us=0.0 hcattn_us=0.0 pfa_calls=8600 pfa_total_us_per_call=86.3
(Worker_TP5 pid=2912240) [IDE_006/TSK_009 profile pid=2912240 tag=pagedfa] #43/100 disp_calls=0 disp_total_us_per_call=0.0 lookup_us=0.0 layout_us=0.0 meta_us=0.0 hcattn_us=0.0 pfa_calls=8600 pfa_total_us_per_call=87.0
(Worker_TP1 pid=2912236) [IDE_006/TSK_009 profile pid=2912236 tag=pagedfa] #43/100 disp_calls=0 disp_total_us_per_call=0.0 lookup_us=0.0 layout_us=0.0 meta_us=0.0 hcattn_us=0.0 pfa_calls=8600 pfa_total_us_per_call=87.1
(Worker_TP2 pid=2912237) [IDE_006/TSK_009 profile pid=2912237 tag=pagedfa] #43/100 disp_calls=0 disp_total_us_per_call=0.0 lookup_us=0.0 layout_us=0.0 meta_us=0.0 hcattn_us=0.0 pfa_calls=8600 pfa_total_us_per_call=86.2
(Worker_TP7 pid=2912242) [IDE_006/TSK_009 profile pid=2912242 tag=pagedfa] #43/100 disp_calls=0 disp_total_us_per_call=0.0 lookup_us=0.0 layout_us=0.0 meta_us=0.0 hcattn_us=0.0 pfa_calls=8600 pfa_total_us_per_call=87.4
(Worker_TP4 pid=2912239) [IDE_006/TSK_009 profile pid=2912239 tag=pagedfa] #43/100 disp_calls=0 disp_total_us_per_call=0.0 lookup_us=0.0 layout_us=0.0 meta_us=0.0 hcattn_us=0.0 pfa_calls=8600 pfa_total_us_per_call=84.7
(Worker_TP0 pid=2912235) [IDE_006/TSK_009 profile pid=2912235 tag=pagedfa] #43/100 disp_calls=0 disp_total_us_per_call=0.0 lookup_us=0.0 layout_us=0.0 meta_us=0.0 hcattn_us=0.0 pfa_calls=8600 pfa_total_us_per_call=86.7
(Worker_TP3 pid=2912238) [IDE_006/TSK_009 profile pid=2912238 tag=pagedfa] #43/100 disp_calls=0 disp_total_us_per_call=0.0 lookup_us=0.0 layout_us=0.0 meta_us=0.0 hcattn_us=0.0 pfa_calls=8600 pfa_total_us_per_call=86.5
Rendering prompts:  23%|██▎       | 23/100 [00:00<00:02, 36.85it/s]Rendering prompts:  27%|██▋       | 27/100 [00:00<00:01, 37.20it/s]Rendering prompts:  31%|███       | 31/100 [00:00<00:01, 37.33it/s]Rendering prompts:  35%|███▌      | 35/100 [00:00<00:01, 37.46it/s]Rendering prompts:  39%|███▉      | 39/100 [00:01<00:01, 37.63it/s]Rendering prompts:  43%|████▎     | 43/100 [00:01<00:01, 37.75it/s]Rendering prompts:  47%|████▋     | 47/100 [00:01<00:01, 37.83it/s]Rendering prompts:  51%|█████     | 51/100 [00:01<00:01, 36.76it/s]Rendering prompts:  55%|█████▌    | 55/100 [00:01<00:01, 37.14it/s]Rendering prompts:  59%|█████▉    | 59/100 [00:01<00:01, 37.27it/s]Rendering prompts:  63%|██████▎   | 63/100 [00:01<00:00, 37.46it/s]Rendering prompts:  67%|██████▋   | 67/100 [00:01<00:00, 37.56it/s]Rendering prompts:  71%|███████   | 71/100 [00:01<00:00, 37.68it/s]Rendering prompts:  75%|███████▌  | 75/100 [00:02<00:00, 37.77it/s](Worker_TP2 pid=2912237) [IDE_006/TSK_009 profile pid=2912237 tag=pagedfa] #44/100 disp_calls=0 disp_total_us_per_call=0.0 lookup_us=0.0 layout_us=0.0 meta_us=0.0 hcattn_us=0.0 pfa_calls=8800 pfa_total_us_per_call=101.8
(Worker_TP1 pid=2912236) [IDE_006/TSK_009 profile pid=2912236 tag=pagedfa] #44/100 disp_calls=0 disp_total_us_per_call=0.0 lookup_us=0.0 layout_us=0.0 meta_us=0.0 hcattn_us=0.0 pfa_calls=8800 pfa_total_us_per_call=102.7
(Worker_TP0 pid=2912235) [IDE_006/TSK_009 profile pid=2912235 tag=pagedfa] #44/100 disp_calls=0 disp_total_us_per_call=0.0 lookup_us=0.0 layout_us=0.0 meta_us=0.0 hcattn_us=0.0 pfa_calls=8800 pfa_total_us_per_call=102.4
(Worker_TP5 pid=2912240) [IDE_006/TSK_009 profile pid=2912240 tag=pagedfa] #44/100 disp_calls=0 disp_total_us_per_call=0.0 lookup_us=0.0 layout_us=0.0 meta_us=0.0 hcattn_us=0.0 pfa_calls=8800 pfa_total_us_per_call=102.6
(Worker_TP6 pid=2912241) [IDE_006/TSK_009 profile pid=2912241 tag=pagedfa] #44/100 disp_calls=0 disp_total_us_per_call=0.0 lookup_us=0.0 layout_us=0.0 meta_us=0.0 hcattn_us=0.0 pfa_calls=8800 pfa_total_us_per_call=101.9
(Worker_TP4 pid=2912239) [IDE_006/TSK_009 profile pid=2912239 tag=pagedfa] #44/100 disp_calls=0 disp_total_us_per_call=0.0 lookup_us=0.0 layout_us=0.0 meta_us=0.0 hcattn_us=0.0 pfa_calls=8800 pfa_total_us_per_call=100.8
(Worker_TP7 pid=2912242) [IDE_006/TSK_009 profile pid=2912242 tag=pagedfa] #44/100 disp_calls=0 disp_total_us_per_call=0.0 lookup_us=0.0 layout_us=0.0 meta_us=0.0 hcattn_us=0.0 pfa_calls=8800 pfa_total_us_per_call=103.5
(Worker_TP3 pid=2912238) [IDE_006/TSK_009 profile pid=2912238 tag=pagedfa] #44/100 disp_calls=0 disp_total_us_per_call=0.0 lookup_us=0.0 layout_us=0.0 meta_us=0.0 hcattn_us=0.0 pfa_calls=8800 pfa_total_us_per_call=102.1
Rendering prompts:  79%|███████▉  | 79/100 [00:02<00:00, 37.73it/s]Rendering prompts:  83%|████████▎ | 83/100 [00:02<00:00, 37.79it/s]Rendering prompts:  87%|████████▋ | 87/100 [00:02<00:00, 36.56it/s]Rendering prompts:  91%|█████████ | 91/100 [00:02<00:00, 36.88it/s]Rendering prompts:  95%|█████████▌| 95/100 [00:02<00:00, 37.23it/s]Rendering prompts:  99%|█████████▉| 99/100 [00:02<00:00, 37.49it/s]Rendering prompts: 100%|██████████| 100/100 [00:02<00:00, 37.04it/s]
Processed prompts:   0%|          | 0/100 [00:00<?, ?it/s, est. speed input: 0.00 toks/s, output: 0.00 toks/s](Worker_TP6 pid=2912241) [IDE_006/TSK_009 profile pid=2912241 tag=pagedfa] #45/100 disp_calls=0 disp_total_us_per_call=0.0 lookup_us=0.0 layout_us=0.0 meta_us=0.0 hcattn_us=0.0 pfa_calls=9000 pfa_total_us_per_call=116.8
(Worker_TP5 pid=2912240) [IDE_006/TSK_009 profile pid=2912240 tag=pagedfa] #45/100 disp_calls=0 disp_total_us_per_call=0.0 lookup_us=0.0 layout_us=0.0 meta_us=0.0 hcattn_us=0.0 pfa_calls=9000 pfa_total_us_per_call=117.4
(Worker_TP4 pid=2912239) [IDE_006/TSK_009 profile pid=2912239 tag=pagedfa] #45/100 disp_calls=0 disp_total_us_per_call=0.0 lookup_us=0.0 layout_us=0.0 meta_us=0.0 hcattn_us=0.0 pfa_calls=9000 pfa_total_us_per_call=116.1
(Worker_TP1 pid=2912236) [IDE_006/TSK_009 profile pid=2912236 tag=pagedfa] #45/100 disp_calls=0 disp_total_us_per_call=0.0 lookup_us=0.0 layout_us=0.0 meta_us=0.0 hcattn_us=0.0 pfa_calls=9000 pfa_total_us_per_call=117.7
(Worker_TP3 pid=2912238) [IDE_006/TSK_009 profile pid=2912238 tag=pagedfa] #45/100 disp_calls=0 disp_total_us_per_call=0.0 lookup_us=0.0 layout_us=0.0 meta_us=0.0 hcattn_us=0.0 pfa_calls=9000 pfa_total_us_per_call=117.3
(Worker_TP7 pid=2912242) [IDE_006/TSK_009 profile pid=2912242 tag=pagedfa] #45/100 disp_calls=0 disp_total_us_per_call=0.0 lookup_us=0.0 layout_us=0.0 meta_us=0.0 hcattn_us=0.0 pfa_calls=9000 pfa_total_us_per_call=118.9
(Worker_TP0 pid=2912235) [IDE_006/TSK_009 profile pid=2912235 tag=pagedfa] #45/100 disp_calls=0 disp_total_us_per_call=0.0 lookup_us=0.0 layout_us=0.0 meta_us=0.0 hcattn_us=0.0 pfa_calls=9000 pfa_total_us_per_call=117.3
