(Worker_TP7 pid=2917699) INFO 04-29 00:35:14 [intel_cpu_utils.py:119] NUMA initialized: 2 nodes available
(Worker_TP7 pid=2917699) INFO 04-29 00:35:14 [numa_aware.py:241] [IDE_006/TSK_004] rank=7 bound CPU memory preference to NUMA node 1
(Worker_TP6 pid=2917698) INFO 04-29 00:35:14 [intel_cpu_utils.py:119] NUMA initialized: 2 nodes available
(Worker_TP6 pid=2917698) INFO 04-29 00:35:14 [numa_aware.py:241] [IDE_006/TSK_004] rank=6 bound CPU memory preference to NUMA node 1
(Worker_TP5 pid=2917697) INFO 04-29 00:35:14 [intel_cpu_utils.py:119] NUMA initialized: 2 nodes available
(Worker_TP5 pid=2917697) INFO 04-29 00:35:14 [numa_aware.py:241] [IDE_006/TSK_004] rank=5 bound CPU memory preference to NUMA node 1
(Worker_TP2 pid=2917694) INFO 04-29 00:35:14 [intel_cpu_utils.py:119] NUMA initialized: 2 nodes available
(Worker_TP2 pid=2917694) INFO 04-29 00:35:14 [numa_aware.py:241] [IDE_006/TSK_004] rank=2 bound CPU memory preference to NUMA node 0
(Worker_TP0 pid=2917692) INFO 04-29 00:35:14 [intel_cpu_utils.py:119] NUMA initialized: 2 nodes available
(Worker_TP0 pid=2917692) INFO 04-29 00:35:14 [numa_aware.py:241] [IDE_006/TSK_004] rank=0 bound CPU memory preference to NUMA node 0
(Worker_TP5 pid=2917697) INFO 04-29 00:35:16 [numa_aware.py:317] [IDE_006/TSK_004] rank=5 pinned threads to NUMA node 1 (28/112 cores: 84~111)
(Worker_TP5 pid=2917697) INFO 04-29 00:35:16 [cpu_gpu.py:429] Allocating 160 CPU tensors...
(Worker_TP3 pid=2917695) INFO 04-29 00:35:16 [numa_aware.py:317] [IDE_006/TSK_004] rank=3 pinned threads to NUMA node 0 (28/112 cores: 140~167)
(Worker_TP3 pid=2917695) INFO 04-29 00:35:16 [cpu_gpu.py:429] Allocating 160 CPU tensors...
(Worker_TP4 pid=2917696) INFO 04-29 00:35:16 [numa_aware.py:317] [IDE_006/TSK_004] rank=4 pinned threads to NUMA node 1 (28/112 cores: 56~83)
(Worker_TP4 pid=2917696) INFO 04-29 00:35:16 [cpu_gpu.py:429] Allocating 160 CPU tensors...
(Worker_TP6 pid=2917698) INFO 04-29 00:35:16 [numa_aware.py:317] [IDE_006/TSK_004] rank=6 pinned threads to NUMA node 1 (28/112 cores: 168~195)
(Worker_TP6 pid=2917698) INFO 04-29 00:35:16 [cpu_gpu.py:429] Allocating 160 CPU tensors...
(Worker_TP1 pid=2917693) INFO 04-29 00:35:16 [numa_aware.py:317] [IDE_006/TSK_004] rank=1 pinned threads to NUMA node 0 (28/112 cores: 28~55)
(Worker_TP1 pid=2917693) INFO 04-29 00:35:16 [cpu_gpu.py:429] Allocating 160 CPU tensors...
(Worker_TP7 pid=2917699) INFO 04-29 00:35:16 [numa_aware.py:317] [IDE_006/TSK_004] rank=7 pinned threads to NUMA node 1 (28/112 cores: 196~223)
(Worker_TP7 pid=2917699) INFO 04-29 00:35:16 [cpu_gpu.py:429] Allocating 160 CPU tensors...
(Worker_TP2 pid=2917694) INFO 04-29 00:35:16 [numa_aware.py:317] [IDE_006/TSK_004] rank=2 pinned threads to NUMA node 0 (28/112 cores: 112~139)
(Worker_TP2 pid=2917694) INFO 04-29 00:35:16 [cpu_gpu.py:429] Allocating 160 CPU tensors...
(Worker_TP0 pid=2917692) INFO 04-29 00:35:16 [numa_aware.py:317] [IDE_006/TSK_004] rank=0 pinned threads to NUMA node 0 (28/112 cores: 0~27)
(Worker_TP0 pid=2917692) INFO 04-29 00:35:16 [cpu_gpu.py:429] Allocating 160 CPU tensors...
(Worker_TP3 pid=2917695) INFO 04-29 00:36:16 [custom_all_reduce.py:215] Registering 0 cuda graph addresses
(Worker_TP7 pid=2917699) INFO 04-29 00:36:16 [custom_all_reduce.py:215] Registering 0 cuda graph addresses
(Worker_TP1 pid=2917693) INFO 04-29 00:36:16 [custom_all_reduce.py:215] Registering 0 cuda graph addresses
(Worker_TP4 pid=2917696) INFO 04-29 00:36:16 [custom_all_reduce.py:215] Registering 0 cuda graph addresses
(Worker_TP6 pid=2917698) INFO 04-29 00:36:16 [custom_all_reduce.py:215] Registering 0 cuda graph addresses
(Worker_TP2 pid=2917694) INFO 04-29 00:36:16 [custom_all_reduce.py:215] Registering 0 cuda graph addresses
(Worker_TP5 pid=2917697) INFO 04-29 00:36:16 [custom_all_reduce.py:215] Registering 0 cuda graph addresses
(Worker_TP0 pid=2917692) INFO 04-29 00:36:16 [custom_all_reduce.py:215] Registering 0 cuda graph addresses
(Worker_TP7 pid=2917699) INFO 04-29 00:36:16 [gpu_worker.py:601] CUDA graph pool memory: 0.95 GiB (actual), 0.91 GiB (estimated), difference: 0.04 GiB (4.1%).
(Worker_TP1 pid=2917693) INFO 04-29 00:36:16 [gpu_worker.py:601] CUDA graph pool memory: 0.95 GiB (actual), 0.91 GiB (estimated), difference: 0.04 GiB (4.1%).
(Worker_TP3 pid=2917695) INFO 04-29 00:36:16 [gpu_worker.py:601] CUDA graph pool memory: 0.95 GiB (actual), 0.91 GiB (estimated), difference: 0.04 GiB (4.1%).
(Worker_TP5 pid=2917697) INFO 04-29 00:36:16 [gpu_worker.py:601] CUDA graph pool memory: 0.95 GiB (actual), 0.91 GiB (estimated), difference: 0.04 GiB (4.3%).
(Worker_TP6 pid=2917698) INFO 04-29 00:36:16 [gpu_worker.py:601] CUDA graph pool memory: 0.95 GiB (actual), 0.91 GiB (estimated), difference: 0.04 GiB (4.1%).
(Worker_TP4 pid=2917696) INFO 04-29 00:36:17 [gpu_worker.py:601] CUDA graph pool memory: 0.95 GiB (actual), 0.91 GiB (estimated), difference: 0.04 GiB (4.1%).
(Worker_TP2 pid=2917694) INFO 04-29 00:36:17 [gpu_worker.py:601] CUDA graph pool memory: 0.95 GiB (actual), 0.91 GiB (estimated), difference: 0.04 GiB (4.3%).
(Worker_TP0 pid=2917692) INFO 04-29 00:36:17 [gpu_model_runner.py:6305] Graph capturing finished in 15 secs, took 0.95 GiB
(Worker_TP0 pid=2917692) INFO 04-29 00:36:17 [gpu_worker.py:601] CUDA graph pool memory: 0.95 GiB (actual), 0.91 GiB (estimated), difference: 0.04 GiB (4.1%).
(EngineCore pid=2917234) INFO 04-29 00:36:17 [core.py:299] init engine (profile, create kv cache, warmup model) took 91.88 s (compilation: 28.11 s)
(EngineCore pid=2917234) INFO 04-29 00:36:19 [factory.py:64] Creating v1 connector with name: OffloadingConnector and engine_id: 93e39ecf-5baf-4b08-8f76-091c8d36e1cb
(EngineCore pid=2917234) WARNING 04-29 00:36:19 [base.py:189] Initializing KVConnectorBase_V1. This API is experimental and subject to change in the future as we iterate the design.
(EngineCore pid=2917234) INFO 04-29 00:36:19 [factory.py:51] Creating offloading spec with name: CPUOffloadingSpec
(EngineCore pid=2917234) WARNING 04-29 00:36:19 [spec.py:75] Initializing OffloadingSpec. This API is experimental and subject to change in the future as we iterate the design.
(EngineCore pid=2917234) INFO 04-29 00:36:19 [vllm.py:834] Asynchronous scheduling is enabled.
(EngineCore pid=2917234) INFO 04-29 00:36:19 [kernel.py:199] Final IR op priority after setting platform defaults: IrOpPriorityConfig(rms_norm=['native'])
(EngineCore pid=2917234) INFO 04-29 00:36:20 [compilation.py:294] Enabled custom fusions: allreduce_rms
  [split_on] batched generate: 100 prompts in flight
  [split_on] batched generate complete: 100 prompts in 80.3s (avg 0.80s/prompt)
[split_on] done in 215.2s
(EngineCore pid=2917234) INFO 04-29 00:37:40 [core.py:1234] Shutdown initiated (timeout=0)
(EngineCore pid=2917234) INFO 04-29 00:37:40 [core.py:1257] Shutdown complete
(Worker_TP6 pid=2917698) INFO 04-29 00:37:40 [multiproc_executor.py:872] WorkerProc shutting down.
(Worker_TP0 pid=2917692) INFO 04-29 00:37:40 [multiproc_executor.py:775] Parent process exited, terminating worker queues
(Worker_TP7 pid=2917699) INFO 04-29 00:37:40 [multiproc_executor.py:872] WorkerProc shutting down.
(Worker_TP5 pid=2917697) INFO 04-29 00:37:40 [multiproc_executor.py:872] WorkerProc shutting down.
(Worker_TP1 pid=2917693) INFO 04-29 00:37:40 [multiproc_executor.py:872] WorkerProc shutting down.
(Worker_TP3 pid=2917695) INFO 04-29 00:37:40 [multiproc_executor.py:872] WorkerProc shutting down.
(Worker_TP2 pid=2917694) INFO 04-29 00:37:40 [multiproc_executor.py:872] WorkerProc shutting down.
(Worker_TP0 pid=2917692) INFO 04-29 00:37:40 [multiproc_executor.py:872] WorkerProc shutting down.
(Worker_TP4 pid=2917696) INFO 04-29 00:37:40 [multiproc_executor.py:872] WorkerProc shutting down.

============================================================
D-i  (token divergence):  FAIL  [informational — does not affect overall]
D-ii (logprob / PPL):     PASS  [binding]
overall:                  PASS
results -> /workspace/vllm_hybrid/eval/results/20260429_003112_Intel_Xeon_Platinum_8480+x2_H100_80GB_HBM3x8_tsk009_disp_prof_C/e2e_artifacts
============================================================
