(Worker pid=2917694) <frozen importlib._bootstrap_external>:1301: FutureWarning: The cuda.nvrtc module is deprecated and will be removed in a future release, please switch to use the cuda.bindings.nvrtc module instead.
(Worker pid=2917696) <frozen importlib._bootstrap_external>:1301: FutureWarning: The cuda.cudart module is deprecated and will be removed in a future release, please switch to use the cuda.bindings.runtime module instead.
(Worker pid=2917696) <frozen importlib._bootstrap_external>:1301: FutureWarning: The cuda.nvrtc module is deprecated and will be removed in a future release, please switch to use the cuda.bindings.nvrtc module instead.
(Worker pid=2917698) <frozen importlib._bootstrap_external>:1301: FutureWarning: The cuda.cudart module is deprecated and will be removed in a future release, please switch to use the cuda.bindings.runtime module instead.
(Worker pid=2917698) <frozen importlib._bootstrap_external>:1301: FutureWarning: The cuda.nvrtc module is deprecated and will be removed in a future release, please switch to use the cuda.bindings.nvrtc module instead.
(Worker pid=2917693) <frozen importlib._bootstrap_external>:1301: FutureWarning: The cuda.cudart module is deprecated and will be removed in a future release, please switch to use the cuda.bindings.runtime module instead.
(Worker pid=2917693) <frozen importlib._bootstrap_external>:1301: FutureWarning: The cuda.nvrtc module is deprecated and will be removed in a future release, please switch to use the cuda.bindings.nvrtc module instead.
(Worker_TP0 pid=2917692) Loading safetensors checkpoint shards:   0% Completed | 0/30 [00:00<?, ?it/s]
(Worker_TP0 pid=2917692) Loading safetensors checkpoint shards:   3% Completed | 1/30 [00:00<00:06,  4.40it/s]
(Worker_TP0 pid=2917692) Loading safetensors checkpoint shards:   7% Completed | 2/30 [00:00<00:08,  3.38it/s]
(Worker_TP0 pid=2917692) Loading safetensors checkpoint shards:  10% Completed | 3/30 [00:00<00:08,  3.21it/s]
(Worker_TP0 pid=2917692) Loading safetensors checkpoint shards:  13% Completed | 4/30 [00:01<00:08,  3.10it/s]
(Worker_TP0 pid=2917692) Loading safetensors checkpoint shards:  17% Completed | 5/30 [00:01<00:07,  3.22it/s]
(Worker_TP0 pid=2917692) Loading safetensors checkpoint shards:  20% Completed | 6/30 [00:01<00:07,  3.17it/s]
(Worker_TP0 pid=2917692) Loading safetensors checkpoint shards:  23% Completed | 7/30 [00:02<00:07,  3.09it/s]
(Worker_TP0 pid=2917692) Loading safetensors checkpoint shards:  27% Completed | 8/30 [00:02<00:07,  2.90it/s]
(Worker_TP0 pid=2917692) Loading safetensors checkpoint shards:  30% Completed | 9/30 [00:02<00:07,  2.74it/s]
(Worker_TP0 pid=2917692) Loading safetensors checkpoint shards:  33% Completed | 10/30 [00:03<00:06,  2.87it/s]
(Worker_TP0 pid=2917692) Loading safetensors checkpoint shards:  37% Completed | 11/30 [00:03<00:06,  2.81it/s]
(Worker_TP0 pid=2917692) Loading safetensors checkpoint shards:  40% Completed | 12/30 [00:04<00:06,  2.80it/s]
(Worker_TP0 pid=2917692) Loading safetensors checkpoint shards:  43% Completed | 13/30 [00:04<00:06,  2.75it/s]
(Worker_TP0 pid=2917692) Loading safetensors checkpoint shards:  47% Completed | 14/30 [00:04<00:06,  2.50it/s]
(Worker_TP0 pid=2917692) Loading safetensors checkpoint shards:  50% Completed | 15/30 [00:05<00:05,  2.55it/s]
(Worker_TP0 pid=2917692) Loading safetensors checkpoint shards:  53% Completed | 16/30 [00:05<00:05,  2.47it/s]
(Worker_TP0 pid=2917692) Loading safetensors checkpoint shards:  57% Completed | 17/30 [00:06<00:05,  2.46it/s]
(Worker_TP0 pid=2917692) Loading safetensors checkpoint shards:  60% Completed | 18/30 [00:06<00:04,  2.53it/s]
(Worker_TP0 pid=2917692) Loading safetensors checkpoint shards:  63% Completed | 19/30 [00:06<00:04,  2.56it/s]
(Worker_TP0 pid=2917692) Loading safetensors checkpoint shards:  67% Completed | 20/30 [00:07<00:03,  2.72it/s]
(Worker_TP0 pid=2917692) Loading safetensors checkpoint shards:  70% Completed | 21/30 [00:07<00:03,  2.71it/s]
(Worker_TP0 pid=2917692) Loading safetensors checkpoint shards:  73% Completed | 22/30 [00:07<00:02,  2.69it/s]
(Worker_TP0 pid=2917692) Loading safetensors checkpoint shards:  77% Completed | 23/30 [00:08<00:02,  2.72it/s]
(Worker_TP0 pid=2917692) Loading safetensors checkpoint shards:  80% Completed | 24/30 [00:08<00:02,  2.70it/s]
(Worker_TP0 pid=2917692) Loading safetensors checkpoint shards:  83% Completed | 25/30 [00:08<00:01,  2.86it/s]
(Worker_TP0 pid=2917692) Loading safetensors checkpoint shards:  87% Completed | 26/30 [00:09<00:01,  2.82it/s]
(Worker_TP0 pid=2917692) Loading safetensors checkpoint shards:  90% Completed | 27/30 [00:09<00:01,  2.77it/s]
(Worker_TP0 pid=2917692) Loading safetensors checkpoint shards:  93% Completed | 28/30 [00:10<00:00,  2.83it/s]
(Worker_TP0 pid=2917692) Loading safetensors checkpoint shards:  97% Completed | 29/30 [00:10<00:00,  2.88it/s]
(Worker_TP0 pid=2917692) Loading safetensors checkpoint shards: 100% Completed | 30/30 [00:10<00:00,  2.87it/s]
(Worker_TP0 pid=2917692) 
(Worker_TP0 pid=2917692) /workspace/vllm_dev_prj/lib/python3.12/site-packages/torch/distributed/c10d_logger.py:83: UserWarning: barrier(): using the device under current context. You can specify `device_id` in `init_process_group` to mute this warning.
(Worker_TP0 pid=2917692)   return func(*args, **kwargs)
(Worker_TP0 pid=2917692) /workspace/vllm_dev_prj/lib/python3.12/site-packages/torch/distributed/c10d_logger.py:83: UserWarning: barrier(): using the device under current context. You can specify `device_id` in `init_process_group` to mute this warning.
(Worker_TP0 pid=2917692)   return func(*args, **kwargs)
(Worker_TP6 pid=2917698) [IDE_006/TSK_009 profile pid=2917698 tag=pagedfa] #1/100 disp_calls=0 disp_total_us_per_call=0.0 lookup_us=0.0 layout_us=0.0 meta_us=0.0 hcattn_us=0.0 pfa_calls=200 pfa_total_us_per_call=125.0
(Worker_TP4 pid=2917696) [IDE_006/TSK_009 profile pid=2917696 tag=pagedfa] #1/100 disp_calls=0 disp_total_us_per_call=0.0 lookup_us=0.0 layout_us=0.0 meta_us=0.0 hcattn_us=0.0 pfa_calls=200 pfa_total_us_per_call=113.6
(Worker_TP3 pid=2917695) [IDE_006/TSK_009 profile pid=2917695 tag=pagedfa] #1/100 disp_calls=0 disp_total_us_per_call=0.0 lookup_us=0.0 layout_us=0.0 meta_us=0.0 hcattn_us=0.0 pfa_calls=200 pfa_total_us_per_call=104.7
(Worker_TP5 pid=2917697) [IDE_006/TSK_009 profile pid=2917697 tag=pagedfa] #1/100 disp_calls=0 disp_total_us_per_call=0.0 lookup_us=0.0 layout_us=0.0 meta_us=0.0 hcattn_us=0.0 pfa_calls=200 pfa_total_us_per_call=108.5
(Worker_TP7 pid=2917699) [IDE_006/TSK_009 profile pid=2917699 tag=pagedfa] #1/100 disp_calls=0 disp_total_us_per_call=0.0 lookup_us=0.0 layout_us=0.0 meta_us=0.0 hcattn_us=0.0 pfa_calls=200 pfa_total_us_per_call=123.4
(Worker_TP2 pid=2917694) [IDE_006/TSK_009 profile pid=2917694 tag=pagedfa] #1/100 disp_calls=0 disp_total_us_per_call=0.0 lookup_us=0.0 layout_us=0.0 meta_us=0.0 hcattn_us=0.0 pfa_calls=200 pfa_total_us_per_call=122.8
(Worker_TP1 pid=2917693) [IDE_006/TSK_009 profile pid=2917693 tag=pagedfa] #1/100 disp_calls=0 disp_total_us_per_call=0.0 lookup_us=0.0 layout_us=0.0 meta_us=0.0 hcattn_us=0.0 pfa_calls=200 pfa_total_us_per_call=119.0
(Worker_TP0 pid=2917692) [IDE_006/TSK_009 profile pid=2917692 tag=pagedfa] #1/100 disp_calls=0 disp_total_us_per_call=0.0 lookup_us=0.0 layout_us=0.0 meta_us=0.0 hcattn_us=0.0 pfa_calls=200 pfa_total_us_per_call=116.5
(Worker_TP7 pid=2917699) 2026-04-29 00:36:02,364 - INFO - autotuner.py:446 - flashinfer.jit: [Autotuner]: Autotuning process starts ...
(Worker_TP5 pid=2917697) 2026-04-29 00:36:02,364 - INFO - autotuner.py:446 - flashinfer.jit: [Autotuner]: Autotuning process starts ...
(Worker_TP6 pid=2917698) 2026-04-29 00:36:02,364 - INFO - autotuner.py:446 - flashinfer.jit: [Autotuner]: Autotuning process starts ...
(Worker_TP3 pid=2917695) 2026-04-29 00:36:02,364 - INFO - autotuner.py:446 - flashinfer.jit: [Autotuner]: Autotuning process starts ...
(Worker_TP1 pid=2917693) 2026-04-29 00:36:02,364 - INFO - autotuner.py:446 - flashinfer.jit: [Autotuner]: Autotuning process starts ...
(Worker_TP4 pid=2917696) 2026-04-29 00:36:02,365 - INFO - autotuner.py:446 - flashinfer.jit: [Autotuner]: Autotuning process starts ...
(Worker_TP0 pid=2917692) 2026-04-29 00:36:02,365 - INFO - autotuner.py:446 - flashinfer.jit: [Autotuner]: Autotuning process starts ...
(Worker_TP2 pid=2917694) 2026-04-29 00:36:02,366 - INFO - autotuner.py:446 - flashinfer.jit: [Autotuner]: Autotuning process starts ...
(Worker_TP5 pid=2917697) 2026-04-29 00:36:02,492 - INFO - autotuner.py:455 - flashinfer.jit: [Autotuner]: Autotuning process ends
(Worker_TP6 pid=2917698) 2026-04-29 00:36:02,492 - INFO - autotuner.py:455 - flashinfer.jit: [Autotuner]: Autotuning process ends
(Worker_TP1 pid=2917693) 2026-04-29 00:36:02,492 - INFO - autotuner.py:455 - flashinfer.jit: [Autotuner]: Autotuning process ends
(Worker_TP7 pid=2917699) 2026-04-29 00:36:02,492 - INFO - autotuner.py:455 - flashinfer.jit: [Autotuner]: Autotuning process ends
(Worker_TP4 pid=2917696) 2026-04-29 00:36:02,492 - INFO - autotuner.py:455 - flashinfer.jit: [Autotuner]: Autotuning process ends
(Worker_TP3 pid=2917695) 2026-04-29 00:36:02,492 - INFO - autotuner.py:455 - flashinfer.jit: [Autotuner]: Autotuning process ends
(Worker_TP0 pid=2917692) 2026-04-29 00:36:02,492 - INFO - autotuner.py:455 - flashinfer.jit: [Autotuner]: Autotuning process ends
(Worker_TP2 pid=2917694) 2026-04-29 00:36:02,492 - INFO - autotuner.py:455 - flashinfer.jit: [Autotuner]: Autotuning process ends
(Worker_TP0 pid=2917692) Capturing CUDA graphs (mixed prefill-decode, PIECEWISE):   0%|          | 0/51 [00:00<?, ?it/s]Capturing CUDA graphs (mixed prefill-decode, PIECEWISE):   2%|▏         | 1/51 [00:00<00:09,  5.09it/s]Capturing CUDA graphs (mixed prefill-decode, PIECEWISE):   4%|▍         | 2/51 [00:00<00:07,  6.46it/s]Capturing CUDA graphs (mixed prefill-decode, PIECEWISE):   6%|▌         | 3/51 [00:00<00:07,  6.69it/s]Capturing CUDA graphs (mixed prefill-decode, PIECEWISE):   8%|▊         | 4/51 [00:00<00:06,  6.76it/s]Capturing CUDA graphs (mixed prefill-decode, PIECEWISE):  10%|▉         | 5/51 [00:00<00:06,  7.04it/s]Capturing CUDA graphs (mixed prefill-decode, PIECEWISE):  12%|█▏        | 6/51 [00:00<00:06,  6.59it/s]Capturing CUDA graphs (mixed prefill-decode, PIECEWISE):  14%|█▎        | 7/51 [00:01<00:06,  6.71it/s]Capturing CUDA graphs (mixed prefill-decode, PIECEWISE):  16%|█▌        | 8/51 [00:01<00:06,  6.70it/s]Capturing CUDA graphs (mixed prefill-decode, PIECEWISE):  18%|█▊        | 9/51 [00:01<00:06,  6.69it/s]Capturing CUDA graphs (mixed prefill-decode, PIECEWISE):  20%|█▉        | 10/51 [00:01<00:06,  6.60it/s]Capturing CUDA graphs (mixed prefill-decode, PIECEWISE):  22%|██▏       | 11/51 [00:01<00:05,  6.83it/s]Capturing CUDA graphs (mixed prefill-decode, PIECEWISE):  24%|██▎       | 12/51 [00:01<00:05,  6.57it/s]Capturing CUDA graphs (mixed prefill-decode, PIECEWISE):  25%|██▌       | 13/51 [00:01<00:05,  6.62it/s]Capturing CUDA graphs (mixed prefill-decode, PIECEWISE):  27%|██▋       | 14/51 [00:02<00:05,  6.49it/s]Capturing CUDA graphs (mixed prefill-decode, PIECEWISE):  29%|██▉       | 15/51 [00:02<00:05,  6.37it/s]Capturing CUDA graphs (mixed prefill-decode, PIECEWISE):  31%|███▏      | 16/51 [00:02<00:05,  6.43it/s]Capturing CUDA graphs (mixed prefill-decode, PIECEWISE):  33%|███▎      | 17/51 [00:02<00:05,  6.44it/s]Capturing CUDA graphs (mixed prefill-decode, PIECEWISE):  35%|███▌      | 18/51 [00:02<00:05,  6.37it/s]Capturing CUDA graphs (mixed prefill-decode, PIECEWISE):  37%|███▋      | 19/51 [00:02<00:05,  6.14it/s]Capturing CUDA graphs (mixed prefill-decode, PIECEWISE):  39%|███▉      | 20/51 [00:03<00:04,  6.22it/s]Capturing CUDA graphs (mixed prefill-decode, PIECEWISE):  41%|████      | 21/51 [00:03<00:04,  6.33it/s]Capturing CUDA graphs (mixed prefill-decode, PIECEWISE):  43%|████▎     | 22/51 [00:03<00:04,  6.36it/s]Capturing CUDA graphs (mixed prefill-decode, PIECEWISE):  45%|████▌     | 23/51 [00:03<00:04,  6.31it/s]Capturing CUDA graphs (mixed prefill-decode, PIECEWISE):  47%|████▋     | 24/51 [00:03<00:04,  5.84it/s]Capturing CUDA graphs (mixed prefill-decode, PIECEWISE):  49%|████▉     | 25/51 [00:03<00:04,  6.03it/s]Capturing CUDA graphs (mixed prefill-decode, PIECEWISE):  51%|█████     | 26/51 [00:04<00:04,  6.10it/s]Capturing CUDA graphs (mixed prefill-decode, PIECEWISE):  53%|█████▎    | 27/51 [00:04<00:03,  6.19it/s]Capturing CUDA graphs (mixed prefill-decode, PIECEWISE):  55%|█████▍    | 28/51 [00:04<00:03,  6.06it/s]Capturing CUDA graphs (mixed prefill-decode, PIECEWISE):  57%|█████▋    | 29/51 [00:04<00:03,  6.15it/s]Capturing CUDA graphs (mixed prefill-decode, PIECEWISE):  59%|█████▉    | 30/51 [00:04<00:03,  6.23it/s]Capturing CUDA graphs (mixed prefill-decode, PIECEWISE):  61%|██████    | 31/51 [00:04<00:03,  6.10it/s]Capturing CUDA graphs (mixed prefill-decode, PIECEWISE):  63%|██████▎   | 32/51 [00:05<00:03,  5.98it/s]Capturing CUDA graphs (mixed prefill-decode, PIECEWISE):  65%|██████▍   | 33/51 [00:05<00:03,  5.82it/s]Capturing CUDA graphs (mixed prefill-decode, PIECEWISE):  67%|██████▋   | 34/51 [00:05<00:02,  5.92it/s]Capturing CUDA graphs (mixed prefill-decode, PIECEWISE):  69%|██████▊   | 35/51 [00:05<00:02,  5.97it/s]Capturing CUDA graphs (mixed prefill-decode, PIECEWISE):  71%|███████   | 36/51 [00:05<00:02,  5.73it/s]Capturing CUDA graphs (mixed prefill-decode, PIECEWISE):  73%|███████▎  | 37/51 [00:05<00:02,  5.73it/s]Capturing CUDA graphs (mixed prefill-decode, PIECEWISE):  75%|███████▍  | 38/51 [00:06<00:02,  5.77it/s]Capturing CUDA graphs (mixed prefill-decode, PIECEWISE):  76%|███████▋  | 39/51 [00:06<00:02,  5.76it/s]Capturing CUDA graphs (mixed prefill-decode, PIECEWISE):  78%|███████▊  | 40/51 [00:06<00:01,  5.76it/s]Capturing CUDA graphs (mixed prefill-decode, PIECEWISE):  80%|████████  | 41/51 [00:06<00:01,  5.48it/s]Capturing CUDA graphs (mixed prefill-decode, PIECEWISE):  82%|████████▏ | 42/51 [00:06<00:01,  5.51it/s]Capturing CUDA graphs (mixed prefill-decode, PIECEWISE):  84%|████████▍ | 43/51 [00:06<00:01,  5.68it/s]Capturing CUDA graphs (mixed prefill-decode, PIECEWISE):  86%|████████▋ | 44/51 [00:07<00:01,  5.61it/s]Capturing CUDA graphs (mixed prefill-decode, PIECEWISE):  88%|████████▊ | 45/51 [00:07<00:01,  5.79it/s]Capturing CUDA graphs (mixed prefill-decode, PIECEWISE):  90%|█████████ | 46/51 [00:07<00:00,  6.01it/s]Capturing CUDA graphs (mixed prefill-decode, PIECEWISE):  92%|█████████▏| 47/51 [00:07<00:00,  6.27it/s]Capturing CUDA graphs (mixed prefill-decode, PIECEWISE):  94%|█████████▍| 48/51 [00:07<00:00,  6.34it/s]Capturing CUDA graphs (mixed prefill-decode, PIECEWISE):  96%|█████████▌| 49/51 [00:07<00:00,  6.46it/s]Capturing CUDA graphs (mixed prefill-decode, PIECEWISE):  98%|█████████▊| 50/51 [00:08<00:00,  6.49it/s]Capturing CUDA graphs (mixed prefill-decode, PIECEWISE): 100%|██████████| 51/51 [00:08<00:00,  6.52it/s]Capturing CUDA graphs (mixed prefill-decode, PIECEWISE): 100%|██████████| 51/51 [00:08<00:00,  6.19it/s]
(Worker_TP0 pid=2917692) Capturing CUDA graphs (decode, FULL):   0%|          | 0/51 [00:00<?, ?it/s](Worker_TP3 pid=2917695) [IDE_006/TSK_009 profile pid=2917695 tag=pagedfa] #2/100 disp_calls=0 disp_total_us_per_call=0.0 lookup_us=0.0 layout_us=0.0 meta_us=0.0 hcattn_us=0.0 pfa_calls=400 pfa_total_us_per_call=89.5
(Worker_TP7 pid=2917699) [IDE_006/TSK_009 profile pid=2917699 tag=pagedfa] #2/100 disp_calls=0 disp_total_us_per_call=0.0 lookup_us=0.0 layout_us=0.0 meta_us=0.0 hcattn_us=0.0 pfa_calls=400 pfa_total_us_per_call=99.1
(Worker_TP6 pid=2917698) [IDE_006/TSK_009 profile pid=2917698 tag=pagedfa] #2/100 disp_calls=0 disp_total_us_per_call=0.0 lookup_us=0.0 layout_us=0.0 meta_us=0.0 hcattn_us=0.0 pfa_calls=400 pfa_total_us_per_call=98.9
[IDE_006/TSK_009 profile pid=2917692 tag=pagedfa] #2/100 disp_calls=0 disp_total_us_per_call=0.0 lookup_us=0.0 layout_us=0.0 meta_us=0.0 hcattn_us=0.0 pfa_calls=400 pfa_total_us_per_call=96.7
(Worker_TP4 pid=2917696) [IDE_006/TSK_009 profile pid=2917696 tag=pagedfa] #2/100 disp_calls=0 disp_total_us_per_call=0.0 lookup_us=0.0 layout_us=0.0 meta_us=0.0 hcattn_us=0.0 pfa_calls=400 pfa_total_us_per_call=94.9
(Worker_TP1 pid=2917693) [IDE_006/TSK_009 profile pid=2917693 tag=pagedfa] #2/100 disp_calls=0 disp_total_us_per_call=0.0 lookup_us=0.0 layout_us=0.0 meta_us=0.0 hcattn_us=0.0 pfa_calls=400 pfa_total_us_per_call=97.4
(Worker_TP5 pid=2917697) [IDE_006/TSK_009 profile pid=2917697 tag=pagedfa] #2/100 disp_calls=0 disp_total_us_per_call=0.0 lookup_us=0.0 layout_us=0.0 meta_us=0.0 hcattn_us=0.0 pfa_calls=400 pfa_total_us_per_call=91.9
(Worker_TP2 pid=2917694) [IDE_006/TSK_009 profile pid=2917694 tag=pagedfa] #2/100 disp_calls=0 disp_total_us_per_call=0.0 lookup_us=0.0 layout_us=0.0 meta_us=0.0 hcattn_us=0.0 pfa_calls=400 pfa_total_us_per_call=104.6
(Worker_TP0 pid=2917692) Capturing CUDA graphs (decode, FULL):   2%|▏         | 1/51 [00:00<00:07,  6.88it/s](Worker_TP6 pid=2917698) [IDE_006/TSK_009 profile pid=2917698 tag=pagedfa] #3/100 disp_calls=0 disp_total_us_per_call=0.0 lookup_us=0.0 layout_us=0.0 meta_us=0.0 hcattn_us=0.0 pfa_calls=600 pfa_total_us_per_call=91.8
(Worker_TP3 pid=2917695) [IDE_006/TSK_009 profile pid=2917695 tag=pagedfa] #3/100 disp_calls=0 disp_total_us_per_call=0.0 lookup_us=0.0 layout_us=0.0 meta_us=0.0 hcattn_us=0.0 pfa_calls=600 pfa_total_us_per_call=85.6
(Worker_TP7 pid=2917699) [IDE_006/TSK_009 profile pid=2917699 tag=pagedfa] #3/100 disp_calls=0 disp_total_us_per_call=0.0 lookup_us=0.0 layout_us=0.0 meta_us=0.0 hcattn_us=0.0 pfa_calls=600 pfa_total_us_per_call=91.3
(Worker_TP4 pid=2917696) [IDE_006/TSK_009 profile pid=2917696 tag=pagedfa] #3/100 disp_calls=0 disp_total_us_per_call=0.0 lookup_us=0.0 layout_us=0.0 meta_us=0.0 hcattn_us=0.0 pfa_calls=600 pfa_total_us_per_call=89.1
[IDE_006/TSK_009 profile pid=2917692 tag=pagedfa] #3/100 disp_calls=0 disp_total_us_per_call=0.0 lookup_us=0.0 layout_us=0.0 meta_us=0.0 hcattn_us=0.0 pfa_calls=600 pfa_total_us_per_call=89.8
(Worker_TP5 pid=2917697) [IDE_006/TSK_009 profile pid=2917697 tag=pagedfa] #3/100 disp_calls=0 disp_total_us_per_call=0.0 lookup_us=0.0 layout_us=0.0 meta_us=0.0 hcattn_us=0.0 pfa_calls=600 pfa_total_us_per_call=86.8
(Worker_TP1 pid=2917693) [IDE_006/TSK_009 profile pid=2917693 tag=pagedfa] #3/100 disp_calls=0 disp_total_us_per_call=0.0 lookup_us=0.0 layout_us=0.0 meta_us=0.0 hcattn_us=0.0 pfa_calls=600 pfa_total_us_per_call=91.4
(Worker_TP2 pid=2917694) [IDE_006/TSK_009 profile pid=2917694 tag=pagedfa] #3/100 disp_calls=0 disp_total_us_per_call=0.0 lookup_us=0.0 layout_us=0.0 meta_us=0.0 hcattn_us=0.0 pfa_calls=600 pfa_total_us_per_call=99.0
(Worker_TP0 pid=2917692) Capturing CUDA graphs (decode, FULL):   4%|▍         | 2/51 [00:00<00:06,  8.11it/s](Worker_TP4 pid=2917696) [IDE_006/TSK_009 profile pid=2917696 tag=pagedfa] #4/100 disp_calls=0 disp_total_us_per_call=0.0 lookup_us=0.0 layout_us=0.0 meta_us=0.0 hcattn_us=0.0 pfa_calls=800 pfa_total_us_per_call=86.4
(Worker_TP6 pid=2917698) [IDE_006/TSK_009 profile pid=2917698 tag=pagedfa] #4/100 disp_calls=0 disp_total_us_per_call=0.0 lookup_us=0.0 layout_us=0.0 meta_us=0.0 hcattn_us=0.0 pfa_calls=800 pfa_total_us_per_call=87.5
(Worker_TP3 pid=2917695) [IDE_006/TSK_009 profile pid=2917695 tag=pagedfa] #4/100 disp_calls=0 disp_total_us_per_call=0.0 lookup_us=0.0 layout_us=0.0 meta_us=0.0 hcattn_us=0.0 pfa_calls=800 pfa_total_us_per_call=82.8
(Worker_TP7 pid=2917699) [IDE_006/TSK_009 profile pid=2917699 tag=pagedfa] #4/100 disp_calls=0 disp_total_us_per_call=0.0 lookup_us=0.0 layout_us=0.0 meta_us=0.0 hcattn_us=0.0 pfa_calls=800 pfa_total_us_per_call=86.8
[IDE_006/TSK_009 profile pid=2917692 tag=pagedfa] #4/100 disp_calls=0 disp_total_us_per_call=0.0 lookup_us=0.0 layout_us=0.0 meta_us=0.0 hcattn_us=0.0 pfa_calls=800 pfa_total_us_per_call=87.0
(Worker_TP5 pid=2917697) [IDE_006/TSK_009 profile pid=2917697 tag=pagedfa] #4/100 disp_calls=0 disp_total_us_per_call=0.0 lookup_us=0.0 layout_us=0.0 meta_us=0.0 hcattn_us=0.0 pfa_calls=800 pfa_total_us_per_call=84.3
(Worker_TP1 pid=2917693) [IDE_006/TSK_009 profile pid=2917693 tag=pagedfa] #4/100 disp_calls=0 disp_total_us_per_call=0.0 lookup_us=0.0 layout_us=0.0 meta_us=0.0 hcattn_us=0.0 pfa_calls=800 pfa_total_us_per_call=87.8
(Worker_TP2 pid=2917694) [IDE_006/TSK_009 profile pid=2917694 tag=pagedfa] #4/100 disp_calls=0 disp_total_us_per_call=0.0 lookup_us=0.0 layout_us=0.0 meta_us=0.0 hcattn_us=0.0 pfa_calls=800 pfa_total_us_per_call=95.4
(Worker_TP0 pid=2917692) Capturing CUDA graphs (decode, FULL):   6%|▌         | 3/51 [00:00<00:05,  8.05it/s]Capturing CUDA graphs (decode, FULL):   8%|▊         | 4/51 [00:00<00:05,  8.21it/s](Worker_TP6 pid=2917698) [IDE_006/TSK_009 profile pid=2917698 tag=pagedfa] #5/100 disp_calls=0 disp_total_us_per_call=0.0 lookup_us=0.0 layout_us=0.0 meta_us=0.0 hcattn_us=0.0 pfa_calls=1000 pfa_total_us_per_call=98.7
(Worker_TP5 pid=2917697) [IDE_006/TSK_009 profile pid=2917697 tag=pagedfa] #5/100 disp_calls=0 disp_total_us_per_call=0.0 lookup_us=0.0 layout_us=0.0 meta_us=0.0 hcattn_us=0.0 pfa_calls=1000 pfa_total_us_per_call=97.3
(Worker_TP4 pid=2917696) [IDE_006/TSK_009 profile pid=2917696 tag=pagedfa] #5/100 disp_calls=0 disp_total_us_per_call=0.0 lookup_us=0.0 layout_us=0.0 meta_us=0.0 hcattn_us=0.0 pfa_calls=1000 pfa_total_us_per_call=100.3
(Worker_TP7 pid=2917699) [IDE_006/TSK_009 profile pid=2917699 tag=pagedfa] #5/100 disp_calls=0 disp_total_us_per_call=0.0 lookup_us=0.0 layout_us=0.0 meta_us=0.0 hcattn_us=0.0 pfa_calls=1000 pfa_total_us_per_call=101.1
(Worker_TP1 pid=2917693) [IDE_006/TSK_009 profile pid=2917693 tag=pagedfa] #5/100 disp_calls=0 disp_total_us_per_call=0.0 lookup_us=0.0 layout_us=0.0 meta_us=0.0 hcattn_us=0.0 pfa_calls=1000 pfa_total_us_per_call=101.2
[IDE_006/TSK_009 profile pid=2917692 tag=pagedfa] #5/100 disp_calls=0 disp_total_us_per_call=0.0 lookup_us=0.0 layout_us=0.0 meta_us=0.0 hcattn_us=0.0 pfa_calls=1000 pfa_total_us_per_call=100.7
(Worker_TP3 pid=2917695) [IDE_006/TSK_009 profile pid=2917695 tag=pagedfa] #5/100 disp_calls=0 disp_total_us_per_call=0.0 lookup_us=0.0 layout_us=0.0 meta_us=0.0 hcattn_us=0.0 pfa_calls=1000 pfa_total_us_per_call=97.8
(Worker_TP2 pid=2917694) [IDE_006/TSK_009 profile pid=2917694 tag=pagedfa] #5/100 disp_calls=0 disp_total_us_per_call=0.0 lookup_us=0.0 layout_us=0.0 meta_us=0.0 hcattn_us=0.0 pfa_calls=1000 pfa_total_us_per_call=108.0
(Worker_TP0 pid=2917692) Capturing CUDA graphs (decode, FULL):  10%|▉         | 5/51 [00:00<00:05,  8.36it/s](Worker_TP6 pid=2917698) [IDE_006/TSK_009 profile pid=2917698 tag=pagedfa] #6/100 disp_calls=0 disp_total_us_per_call=0.0 lookup_us=0.0 layout_us=0.0 meta_us=0.0 hcattn_us=0.0 pfa_calls=1200 pfa_total_us_per_call=94.7
(Worker_TP4 pid=2917696) [IDE_006/TSK_009 profile pid=2917696 tag=pagedfa] #6/100 disp_calls=0 disp_total_us_per_call=0.0 lookup_us=0.0 layout_us=0.0 meta_us=0.0 hcattn_us=0.0 pfa_calls=1200 pfa_total_us_per_call=96.4
(Worker_TP5 pid=2917697) [IDE_006/TSK_009 profile pid=2917697 tag=pagedfa] #6/100 disp_calls=0 disp_total_us_per_call=0.0 lookup_us=0.0 layout_us=0.0 meta_us=0.0 hcattn_us=0.0 pfa_calls=1200 pfa_total_us_per_call=93.6
(Worker_TP3 pid=2917695) [IDE_006/TSK_009 profile pid=2917695 tag=pagedfa] #6/100 disp_calls=0 disp_total_us_per_call=0.0 lookup_us=0.0 layout_us=0.0 meta_us=0.0 hcattn_us=0.0 pfa_calls=1200 pfa_total_us_per_call=94.1
(Worker_TP1 pid=2917693) [IDE_006/TSK_009 profile pid=2917693 tag=pagedfa] #6/100 disp_calls=0 disp_total_us_per_call=0.0 lookup_us=0.0 layout_us=0.0 meta_us=0.0 hcattn_us=0.0 pfa_calls=1200 pfa_total_us_per_call=97.7
(Worker_TP2 pid=2917694) [IDE_006/TSK_009 profile pid=2917694 tag=pagedfa] #6/100 disp_calls=0 disp_total_us_per_call=0.0 lookup_us=0.0 layout_us=0.0 meta_us=0.0 hcattn_us=0.0 pfa_calls=1200 pfa_total_us_per_call=103.4
[IDE_006/TSK_009 profile pid=2917692 tag=pagedfa] #6/100 disp_calls=0 disp_total_us_per_call=0.0 lookup_us=0.0 layout_us=0.0 meta_us=0.0 hcattn_us=0.0 pfa_calls=1200 pfa_total_us_per_call=97.2
(Worker_TP7 pid=2917699) [IDE_006/TSK_009 profile pid=2917699 tag=pagedfa] #6/100 disp_calls=0 disp_total_us_per_call=0.0 lookup_us=0.0 layout_us=0.0 meta_us=0.0 hcattn_us=0.0 pfa_calls=1200 pfa_total_us_per_call=98.3
(Worker_TP0 pid=2917692) Capturing CUDA graphs (decode, FULL):  12%|█▏        | 6/51 [00:00<00:05,  8.81it/s](Worker_TP1 pid=2917693) [IDE_006/TSK_009 profile pid=2917693 tag=pagedfa] #7/100 disp_calls=0 disp_total_us_per_call=0.0 lookup_us=0.0 layout_us=0.0 meta_us=0.0 hcattn_us=0.0 pfa_calls=1400 pfa_total_us_per_call=95.0
(Worker_TP7 pid=2917699) [IDE_006/TSK_009 profile pid=2917699 tag=pagedfa] #7/100 disp_calls=0 disp_total_us_per_call=0.0 lookup_us=0.0 layout_us=0.0 meta_us=0.0 hcattn_us=0.0 pfa_calls=1400 pfa_total_us_per_call=95.1
(Worker_TP2 pid=2917694) [IDE_006/TSK_009 profile pid=2917694 tag=pagedfa] #7/100 disp_calls=0 disp_total_us_per_call=0.0 lookup_us=0.0 layout_us=0.0 meta_us=0.0 hcattn_us=0.0 pfa_calls=1400 pfa_total_us_per_call=100.1
(Worker_TP5 pid=2917697) [IDE_006/TSK_009 profile pid=2917697 tag=pagedfa] #7/100 disp_calls=0 disp_total_us_per_call=0.0 lookup_us=0.0 layout_us=0.0 meta_us=0.0 hcattn_us=0.0 pfa_calls=1400 pfa_total_us_per_call=91.6
(Worker_TP6 pid=2917698) [IDE_006/TSK_009 profile pid=2917698 tag=pagedfa] #7/100 disp_calls=0 disp_total_us_per_call=0.0 lookup_us=0.0 layout_us=0.0 meta_us=0.0 hcattn_us=0.0 pfa_calls=1400 pfa_total_us_per_call=92.5
(Worker_TP4 pid=2917696) [IDE_006/TSK_009 profile pid=2917696 tag=pagedfa] #7/100 disp_calls=0 disp_total_us_per_call=0.0 lookup_us=0.0 layout_us=0.0 meta_us=0.0 hcattn_us=0.0 pfa_calls=1400 pfa_total_us_per_call=93.7
(Worker_TP3 pid=2917695) [IDE_006/TSK_009 profile pid=2917695 tag=pagedfa] #7/100 disp_calls=0 disp_total_us_per_call=0.0 lookup_us=0.0 layout_us=0.0 meta_us=0.0 hcattn_us=0.0 pfa_calls=1400 pfa_total_us_per_call=91.6
[IDE_006/TSK_009 profile pid=2917692 tag=pagedfa] #7/100 disp_calls=0 disp_total_us_per_call=0.0 lookup_us=0.0 layout_us=0.0 meta_us=0.0 hcattn_us=0.0 pfa_calls=1400 pfa_total_us_per_call=94.6
(Worker_TP4 pid=2917696) [IDE_006/TSK_009 profile pid=2917696 tag=pagedfa] #8/100 disp_calls=0 disp_total_us_per_call=0.0 lookup_us=0.0 layout_us=0.0 meta_us=0.0 hcattn_us=0.0 pfa_calls=1600 pfa_total_us_per_call=91.3
(Worker_TP6 pid=2917698) [IDE_006/TSK_009 profile pid=2917698 tag=pagedfa] #8/100 disp_calls=0 disp_total_us_per_call=0.0 lookup_us=0.0 layout_us=0.0 meta_us=0.0 hcattn_us=0.0 pfa_calls=1600 pfa_total_us_per_call=90.3
(Worker_TP1 pid=2917693) [IDE_006/TSK_009 profile pid=2917693 tag=pagedfa] #8/100 disp_calls=0 disp_total_us_per_call=0.0 lookup_us=0.0 layout_us=0.0 meta_us=0.0 hcattn_us=0.0 pfa_calls=1600 pfa_total_us_per_call=92.5
(Worker_TP3 pid=2917695) [IDE_006/TSK_009 profile pid=2917695 tag=pagedfa] #8/100 disp_calls=0 disp_total_us_per_call=0.0 lookup_us=0.0 layout_us=0.0 meta_us=0.0 hcattn_us=0.0 pfa_calls=1600 pfa_total_us_per_call=89.4
(Worker_TP2 pid=2917694) [IDE_006/TSK_009 profile pid=2917694 tag=pagedfa] #8/100 disp_calls=0 disp_total_us_per_call=0.0 lookup_us=0.0 layout_us=0.0 meta_us=0.0 hcattn_us=0.0 pfa_calls=1600 pfa_total_us_per_call=97.0
(Worker_TP7 pid=2917699) [IDE_006/TSK_009 profile pid=2917699 tag=pagedfa] #8/100 disp_calls=0 disp_total_us_per_call=0.0 lookup_us=0.0 layout_us=0.0 meta_us=0.0 hcattn_us=0.0 pfa_calls=1600 pfa_total_us_per_call=92.9
(Worker_TP5 pid=2917697) [IDE_006/TSK_009 profile pid=2917697 tag=pagedfa] #8/100 disp_calls=0 disp_total_us_per_call=0.0 lookup_us=0.0 layout_us=0.0 meta_us=0.0 hcattn_us=0.0 pfa_calls=1600 pfa_total_us_per_call=89.1
(Worker_TP0 pid=2917692) [IDE_006/TSK_009 profile pid=2917692 tag=pagedfa] #8/100 disp_calls=0 disp_total_us_per_call=0.0 lookup_us=0.0 layout_us=0.0 meta_us=0.0 hcattn_us=0.0 pfa_calls=1600 pfa_total_us_per_call=91.6
(Worker_TP0 pid=2917692) Capturing CUDA graphs (decode, FULL):  16%|█▌        | 8/51 [00:00<00:04,  9.52it/s](Worker_TP4 pid=2917696) [IDE_006/TSK_009 profile pid=2917696 tag=pagedfa] #9/100 disp_calls=0 disp_total_us_per_call=0.0 lookup_us=0.0 layout_us=0.0 meta_us=0.0 hcattn_us=0.0 pfa_calls=1800 pfa_total_us_per_call=90.9
(Worker_TP7 pid=2917699) [IDE_006/TSK_009 profile pid=2917699 tag=pagedfa] #9/100 disp_calls=0 disp_total_us_per_call=0.0 lookup_us=0.0 layout_us=0.0 meta_us=0.0 hcattn_us=0.0 pfa_calls=1800 pfa_total_us_per_call=91.0
(Worker_TP2 pid=2917694) [IDE_006/TSK_009 profile pid=2917694 tag=pagedfa] #9/100 disp_calls=0 disp_total_us_per_call=0.0 lookup_us=0.0 layout_us=0.0 meta_us=0.0 hcattn_us=0.0 pfa_calls=1800 pfa_total_us_per_call=95.0
(Worker_TP3 pid=2917695) [IDE_006/TSK_009 profile pid=2917695 tag=pagedfa] #9/100 disp_calls=0 disp_total_us_per_call=0.0 lookup_us=0.0 layout_us=0.0 meta_us=0.0 hcattn_us=0.0 pfa_calls=1800 pfa_total_us_per_call=88.2
(Worker_TP6 pid=2917698) [IDE_006/TSK_009 profile pid=2917698 tag=pagedfa] #9/100 disp_calls=0 disp_total_us_per_call=0.0 lookup_us=0.0 layout_us=0.0 meta_us=0.0 hcattn_us=0.0 pfa_calls=1800 pfa_total_us_per_call=89.4
(Worker_TP5 pid=2917697) [IDE_006/TSK_009 profile pid=2917697 tag=pagedfa] #9/100 disp_calls=0 disp_total_us_per_call=0.0 lookup_us=0.0 layout_us=0.0 meta_us=0.0 hcattn_us=0.0 pfa_calls=1800 pfa_total_us_per_call=87.9
(Worker_TP1 pid=2917693) [IDE_006/TSK_009 profile pid=2917693 tag=pagedfa] #9/100 disp_calls=0 disp_total_us_per_call=0.0 lookup_us=0.0 layout_us=0.0 meta_us=0.0 hcattn_us=0.0 pfa_calls=1800 pfa_total_us_per_call=91.7
[IDE_006/TSK_009 profile pid=2917692 tag=pagedfa] #9/100 disp_calls=0 disp_total_us_per_call=0.0 lookup_us=0.0 layout_us=0.0 meta_us=0.0 hcattn_us=0.0 pfa_calls=1800 pfa_total_us_per_call=89.8
(Worker_TP0 pid=2917692) Capturing CUDA graphs (decode, FULL):  20%|█▉        | 10/51 [00:01<00:04,  9.75it/s](Worker_TP7 pid=2917699) [IDE_006/TSK_009 profile pid=2917699 tag=pagedfa] #10/100 disp_calls=0 disp_total_us_per_call=0.0 lookup_us=0.0 layout_us=0.0 meta_us=0.0 hcattn_us=0.0 pfa_calls=2000 pfa_total_us_per_call=89.0
(Worker_TP4 pid=2917696) [IDE_006/TSK_009 profile pid=2917696 tag=pagedfa] #10/100 disp_calls=0 disp_total_us_per_call=0.0 lookup_us=0.0 layout_us=0.0 meta_us=0.0 hcattn_us=0.0 pfa_calls=2000 pfa_total_us_per_call=88.9
(Worker_TP6 pid=2917698) [IDE_006/TSK_009 profile pid=2917698 tag=pagedfa] #10/100 disp_calls=0 disp_total_us_per_call=0.0 lookup_us=0.0 layout_us=0.0 meta_us=0.0 hcattn_us=0.0 pfa_calls=2000 pfa_total_us_per_call=87.6
(Worker_TP3 pid=2917695) [IDE_006/TSK_009 profile pid=2917695 tag=pagedfa] #10/100 disp_calls=0 disp_total_us_per_call=0.0 lookup_us=0.0 layout_us=0.0 meta_us=0.0 hcattn_us=0.0 pfa_calls=2000 pfa_total_us_per_call=86.7
(Worker_TP2 pid=2917694) [IDE_006/TSK_009 profile pid=2917694 tag=pagedfa] #10/100 disp_calls=0 disp_total_us_per_call=0.0 lookup_us=0.0 layout_us=0.0 meta_us=0.0 hcattn_us=0.0 pfa_calls=2000 pfa_total_us_per_call=92.9
(Worker_TP5 pid=2917697) [IDE_006/TSK_009 profile pid=2917697 tag=pagedfa] #10/100 disp_calls=0 disp_total_us_per_call=0.0 lookup_us=0.0 layout_us=0.0 meta_us=0.0 hcattn_us=0.0 pfa_calls=2000 pfa_total_us_per_call=86.7
(Worker_TP1 pid=2917693) [IDE_006/TSK_009 profile pid=2917693 tag=pagedfa] #10/100 disp_calls=0 disp_total_us_per_call=0.0 lookup_us=0.0 layout_us=0.0 meta_us=0.0 hcattn_us=0.0 pfa_calls=2000 pfa_total_us_per_call=90.3
[IDE_006/TSK_009 profile pid=2917692 tag=pagedfa] #10/100 disp_calls=0 disp_total_us_per_call=0.0 lookup_us=0.0 layout_us=0.0 meta_us=0.0 hcattn_us=0.0 pfa_calls=2000 pfa_total_us_per_call=88.7
(Worker_TP0 pid=2917692) Capturing CUDA graphs (decode, FULL):  22%|██▏       | 11/51 [00:01<00:04,  9.51it/s](Worker_TP4 pid=2917696) [IDE_006/TSK_009 profile pid=2917696 tag=pagedfa] #11/100 disp_calls=0 disp_total_us_per_call=0.0 lookup_us=0.0 layout_us=0.0 meta_us=0.0 hcattn_us=0.0 pfa_calls=2200 pfa_total_us_per_call=87.9
(Worker_TP2 pid=2917694) [IDE_006/TSK_009 profile pid=2917694 tag=pagedfa] #11/100 disp_calls=0 disp_total_us_per_call=0.0 lookup_us=0.0 layout_us=0.0 meta_us=0.0 hcattn_us=0.0 pfa_calls=2200 pfa_total_us_per_call=91.3
(Worker_TP7 pid=2917699) [IDE_006/TSK_009 profile pid=2917699 tag=pagedfa] #11/100 disp_calls=0 disp_total_us_per_call=0.0 lookup_us=0.0 layout_us=0.0 meta_us=0.0 hcattn_us=0.0 pfa_calls=2200 pfa_total_us_per_call=87.8
(Worker_TP1 pid=2917693) [IDE_006/TSK_009 profile pid=2917693 tag=pagedfa] #11/100 disp_calls=0 disp_total_us_per_call=0.0 lookup_us=0.0 layout_us=0.0 meta_us=0.0 hcattn_us=0.0 pfa_calls=2200 pfa_total_us_per_call=89.1
(Worker_TP6 pid=2917698) [IDE_006/TSK_009 profile pid=2917698 tag=pagedfa] #11/100 disp_calls=0 disp_total_us_per_call=0.0 lookup_us=0.0 layout_us=0.0 meta_us=0.0 hcattn_us=0.0 pfa_calls=2200 pfa_total_us_per_call=86.4
(Worker_TP5 pid=2917697) [IDE_006/TSK_009 profile pid=2917697 tag=pagedfa] #11/100 disp_calls=0 disp_total_us_per_call=0.0 lookup_us=0.0 layout_us=0.0 meta_us=0.0 hcattn_us=0.0 pfa_calls=2200 pfa_total_us_per_call=85.9
[IDE_006/TSK_009 profile pid=2917692 tag=pagedfa] #11/100 disp_calls=0 disp_total_us_per_call=0.0 lookup_us=0.0 layout_us=0.0 meta_us=0.0 hcattn_us=0.0 pfa_calls=2200 pfa_total_us_per_call=87.7
(Worker_TP3 pid=2917695) [IDE_006/TSK_009 profile pid=2917695 tag=pagedfa] #11/100 disp_calls=0 disp_total_us_per_call=0.0 lookup_us=0.0 layout_us=0.0 meta_us=0.0 hcattn_us=0.0 pfa_calls=2200 pfa_total_us_per_call=86.0
(Worker_TP0 pid=2917692) Capturing CUDA graphs (decode, FULL):  24%|██▎       | 12/51 [00:01<00:04,  9.50it/s](Worker_TP7 pid=2917699) [IDE_006/TSK_009 profile pid=2917699 tag=pagedfa] #12/100 disp_calls=0 disp_total_us_per_call=0.0 lookup_us=0.0 layout_us=0.0 meta_us=0.0 hcattn_us=0.0 pfa_calls=2400 pfa_total_us_per_call=86.5
(Worker_TP3 pid=2917695) [IDE_006/TSK_009 profile pid=2917695 tag=pagedfa] #12/100 disp_calls=0 disp_total_us_per_call=0.0 lookup_us=0.0 layout_us=0.0 meta_us=0.0 hcattn_us=0.0 pfa_calls=2400 pfa_total_us_per_call=84.6
(Worker_TP6 pid=2917698) [IDE_006/TSK_009 profile pid=2917698 tag=pagedfa] #12/100 disp_calls=0 disp_total_us_per_call=0.0 lookup_us=0.0 layout_us=0.0 meta_us=0.0 hcattn_us=0.0 pfa_calls=2400 pfa_total_us_per_call=85.2
(Worker_TP2 pid=2917694) [IDE_006/TSK_009 profile pid=2917694 tag=pagedfa] #12/100 disp_calls=0 disp_total_us_per_call=0.0 lookup_us=0.0 layout_us=0.0 meta_us=0.0 hcattn_us=0.0 pfa_calls=2400 pfa_total_us_per_call=89.7
(Worker_TP1 pid=2917693) [IDE_006/TSK_009 profile pid=2917693 tag=pagedfa] #12/100 disp_calls=0 disp_total_us_per_call=0.0 lookup_us=0.0 layout_us=0.0 meta_us=0.0 hcattn_us=0.0 pfa_calls=2400 pfa_total_us_per_call=87.7
(Worker_TP4 pid=2917696) [IDE_006/TSK_009 profile pid=2917696 tag=pagedfa] #12/100 disp_calls=0 disp_total_us_per_call=0.0 lookup_us=0.0 layout_us=0.0 meta_us=0.0 hcattn_us=0.0 pfa_calls=2400 pfa_total_us_per_call=86.8
(Worker_TP5 pid=2917697) [IDE_006/TSK_009 profile pid=2917697 tag=pagedfa] #12/100 disp_calls=0 disp_total_us_per_call=0.0 lookup_us=0.0 layout_us=0.0 meta_us=0.0 hcattn_us=0.0 pfa_calls=2400 pfa_total_us_per_call=84.8
[IDE_006/TSK_009 profile pid=2917692 tag=pagedfa] #12/100 disp_calls=0 disp_total_us_per_call=0.0 lookup_us=0.0 layout_us=0.0 meta_us=0.0 hcattn_us=0.0 pfa_calls=2400 pfa_total_us_per_call=86.4
(Worker_TP0 pid=2917692) Capturing CUDA graphs (decode, FULL):  27%|██▋       | 14/51 [00:01<00:03,  9.90it/s](Worker_TP4 pid=2917696) [IDE_006/TSK_009 profile pid=2917696 tag=pagedfa] #13/100 disp_calls=0 disp_total_us_per_call=0.0 lookup_us=0.0 layout_us=0.0 meta_us=0.0 hcattn_us=0.0 pfa_calls=2600 pfa_total_us_per_call=86.7
(Worker_TP6 pid=2917698) [IDE_006/TSK_009 profile pid=2917698 tag=pagedfa] #13/100 disp_calls=0 disp_total_us_per_call=0.0 lookup_us=0.0 layout_us=0.0 meta_us=0.0 hcattn_us=0.0 pfa_calls=2600 pfa_total_us_per_call=85.2
(Worker_TP3 pid=2917695) [IDE_006/TSK_009 profile pid=2917695 tag=pagedfa] #13/100 disp_calls=0 disp_total_us_per_call=0.0 lookup_us=0.0 layout_us=0.0 meta_us=0.0 hcattn_us=0.0 pfa_calls=2600 pfa_total_us_per_call=84.7
(Worker_TP7 pid=2917699) [IDE_006/TSK_009 profile pid=2917699 tag=pagedfa] #13/100 disp_calls=0 disp_total_us_per_call=0.0 lookup_us=0.0 layout_us=0.0 meta_us=0.0 hcattn_us=0.0 pfa_calls=2600 pfa_total_us_per_call=86.5
[IDE_006/TSK_009 profile pid=2917692 tag=pagedfa] #13/100 disp_calls=0 disp_total_us_per_call=0.0 lookup_us=0.0 layout_us=0.0 meta_us=0.0 hcattn_us=0.0 pfa_calls=2600 pfa_total_us_per_call=86.1
(Worker_TP2 pid=2917694) [IDE_006/TSK_009 profile pid=2917694 tag=pagedfa] #13/100 disp_calls=0 disp_total_us_per_call=0.0 lookup_us=0.0 layout_us=0.0 meta_us=0.0 hcattn_us=0.0 pfa_calls=2600 pfa_total_us_per_call=89.6
(Worker_TP5 pid=2917697) [IDE_006/TSK_009 profile pid=2917697 tag=pagedfa] #13/100 disp_calls=0 disp_total_us_per_call=0.0 lookup_us=0.0 layout_us=0.0 meta_us=0.0 hcattn_us=0.0 pfa_calls=2600 pfa_total_us_per_call=84.7
(Worker_TP1 pid=2917693) [IDE_006/TSK_009 profile pid=2917693 tag=pagedfa] #13/100 disp_calls=0 disp_total_us_per_call=0.0 lookup_us=0.0 layout_us=0.0 meta_us=0.0 hcattn_us=0.0 pfa_calls=2600 pfa_total_us_per_call=87.9
(Worker_TP0 pid=2917692) Capturing CUDA graphs (decode, FULL):  29%|██▉       | 15/51 [00:01<00:03,  9.87it/s](Worker_TP7 pid=2917699) [IDE_006/TSK_009 profile pid=2917699 tag=pagedfa] #14/100 disp_calls=0 disp_total_us_per_call=0.0 lookup_us=0.0 layout_us=0.0 meta_us=0.0 hcattn_us=0.0 pfa_calls=2800 pfa_total_us_per_call=87.1
(Worker_TP6 pid=2917698) [IDE_006/TSK_009 profile pid=2917698 tag=pagedfa] #14/100 disp_calls=0 disp_total_us_per_call=0.0 lookup_us=0.0 layout_us=0.0 meta_us=0.0 hcattn_us=0.0 pfa_calls=2800 pfa_total_us_per_call=86.2
(Worker_TP4 pid=2917696) [IDE_006/TSK_009 profile pid=2917696 tag=pagedfa] #14/100 disp_calls=0 disp_total_us_per_call=0.0 lookup_us=0.0 layout_us=0.0 meta_us=0.0 hcattn_us=0.0 pfa_calls=2800 pfa_total_us_per_call=86.5
(Worker_TP3 pid=2917695) [IDE_006/TSK_009 profile pid=2917695 tag=pagedfa] #14/100 disp_calls=0 disp_total_us_per_call=0.0 lookup_us=0.0 layout_us=0.0 meta_us=0.0 hcattn_us=0.0 pfa_calls=2800 pfa_total_us_per_call=85.8
(Worker_TP2 pid=2917694) [IDE_006/TSK_009 profile pid=2917694 tag=pagedfa] #14/100 disp_calls=0 disp_total_us_per_call=0.0 lookup_us=0.0 layout_us=0.0 meta_us=0.0 hcattn_us=0.0 pfa_calls=2800 pfa_total_us_per_call=89.5
(Worker_TP5 pid=2917697) [IDE_006/TSK_009 profile pid=2917697 tag=pagedfa] #14/100 disp_calls=0 disp_total_us_per_call=0.0 lookup_us=0.0 layout_us=0.0 meta_us=0.0 hcattn_us=0.0 pfa_calls=2800 pfa_total_us_per_call=84.9
[IDE_006/TSK_009 profile pid=2917692 tag=pagedfa] #14/100 disp_calls=0 disp_total_us_per_call=0.0 lookup_us=0.0 layout_us=0.0 meta_us=0.0 hcattn_us=0.0 pfa_calls=2800 pfa_total_us_per_call=86.1
(Worker_TP1 pid=2917693) [IDE_006/TSK_009 profile pid=2917693 tag=pagedfa] #14/100 disp_calls=0 disp_total_us_per_call=0.0 lookup_us=0.0 layout_us=0.0 meta_us=0.0 hcattn_us=0.0 pfa_calls=2800 pfa_total_us_per_call=88.0
(Worker_TP4 pid=2917696) [IDE_006/TSK_009 profile pid=2917696 tag=pagedfa] #15/100 disp_calls=0 disp_total_us_per_call=0.0 lookup_us=0.0 layout_us=0.0 meta_us=0.0 hcattn_us=0.0 pfa_calls=3000 pfa_total_us_per_call=85.5
(Worker_TP7 pid=2917699) [IDE_006/TSK_009 profile pid=2917699 tag=pagedfa] #15/100 disp_calls=0 disp_total_us_per_call=0.0 lookup_us=0.0 layout_us=0.0 meta_us=0.0 hcattn_us=0.0 pfa_calls=3000 pfa_total_us_per_call=85.8
(Worker_TP6 pid=2917698) [IDE_006/TSK_009 profile pid=2917698 tag=pagedfa] #15/100 disp_calls=0 disp_total_us_per_call=0.0 lookup_us=0.0 layout_us=0.0 meta_us=0.0 hcattn_us=0.0 pfa_calls=3000 pfa_total_us_per_call=85.3
(Worker_TP2 pid=2917694) [IDE_006/TSK_009 profile pid=2917694 tag=pagedfa] #15/100 disp_calls=0 disp_total_us_per_call=0.0 lookup_us=0.0 layout_us=0.0 meta_us=0.0 hcattn_us=0.0 pfa_calls=3000 pfa_total_us_per_call=88.3
(Worker_TP5 pid=2917697) [IDE_006/TSK_009 profile pid=2917697 tag=pagedfa] #15/100 disp_calls=0 disp_total_us_per_call=0.0 lookup_us=0.0 layout_us=0.0 meta_us=0.0 hcattn_us=0.0 pfa_calls=3000 pfa_total_us_per_call=84.1
(Worker_TP1 pid=2917693) [IDE_006/TSK_009 profile pid=2917693 tag=pagedfa] #15/100 disp_calls=0 disp_total_us_per_call=0.0 lookup_us=0.0 layout_us=0.0 meta_us=0.0 hcattn_us=0.0 pfa_calls=3000 pfa_total_us_per_call=87.1
(Worker_TP0 pid=2917692) [IDE_006/TSK_009 profile pid=2917692 tag=pagedfa] #15/100 disp_calls=0 disp_total_us_per_call=0.0 lookup_us=0.0 layout_us=0.0 meta_us=0.0 hcattn_us=0.0 pfa_calls=3000 pfa_total_us_per_call=85.2
(Worker_TP3 pid=2917695) [IDE_006/TSK_009 profile pid=2917695 tag=pagedfa] #15/100 disp_calls=0 disp_total_us_per_call=0.0 lookup_us=0.0 layout_us=0.0 meta_us=0.0 hcattn_us=0.0 pfa_calls=3000 pfa_total_us_per_call=85.0
(Worker_TP0 pid=2917692) Capturing CUDA graphs (decode, FULL):  33%|███▎      | 17/51 [00:01<00:03,  9.41it/s](Worker_TP2 pid=2917694) [IDE_006/TSK_009 profile pid=2917694 tag=pagedfa] #16/100 disp_calls=0 disp_total_us_per_call=0.0 lookup_us=0.0 layout_us=0.0 meta_us=0.0 hcattn_us=0.0 pfa_calls=3200 pfa_total_us_per_call=87.1
(Worker_TP4 pid=2917696) [IDE_006/TSK_009 profile pid=2917696 tag=pagedfa] #16/100 disp_calls=0 disp_total_us_per_call=0.0 lookup_us=0.0 layout_us=0.0 meta_us=0.0 hcattn_us=0.0 pfa_calls=3200 pfa_total_us_per_call=84.4
(Worker_TP3 pid=2917695) [IDE_006/TSK_009 profile pid=2917695 tag=pagedfa] #16/100 disp_calls=0 disp_total_us_per_call=0.0 lookup_us=0.0 layout_us=0.0 meta_us=0.0 hcattn_us=0.0 pfa_calls=3200 pfa_total_us_per_call=84.0
(Worker_TP6 pid=2917698) [IDE_006/TSK_009 profile pid=2917698 tag=pagedfa] #16/100 disp_calls=0 disp_total_us_per_call=0.0 lookup_us=0.0 layout_us=0.0 meta_us=0.0 hcattn_us=0.0 pfa_calls=3200 pfa_total_us_per_call=84.3
(Worker_TP1 pid=2917693) [IDE_006/TSK_009 profile pid=2917693 tag=pagedfa] #16/100 disp_calls=0 disp_total_us_per_call=0.0 lookup_us=0.0 layout_us=0.0 meta_us=0.0 hcattn_us=0.0 pfa_calls=3200 pfa_total_us_per_call=86.1
(Worker_TP7 pid=2917699) [IDE_006/TSK_009 profile pid=2917699 tag=pagedfa] #16/100 disp_calls=0 disp_total_us_per_call=0.0 lookup_us=0.0 layout_us=0.0 meta_us=0.0 hcattn_us=0.0 pfa_calls=3200 pfa_total_us_per_call=84.7
[IDE_006/TSK_009 profile pid=2917692 tag=pagedfa] #16/100 disp_calls=0 disp_total_us_per_call=0.0 lookup_us=0.0 layout_us=0.0 meta_us=0.0 hcattn_us=0.0 pfa_calls=3200 pfa_total_us_per_call=84.3
(Worker_TP5 pid=2917697) [IDE_006/TSK_009 profile pid=2917697 tag=pagedfa] #16/100 disp_calls=0 disp_total_us_per_call=0.0 lookup_us=0.0 layout_us=0.0 meta_us=0.0 hcattn_us=0.0 pfa_calls=3200 pfa_total_us_per_call=83.3
(Worker_TP0 pid=2917692) Capturing CUDA graphs (decode, FULL):  37%|███▋      | 19/51 [00:02<00:03,  9.75it/s](Worker_TP7 pid=2917699) [IDE_006/TSK_009 profile pid=2917699 tag=pagedfa] #17/100 disp_calls=0 disp_total_us_per_call=0.0 lookup_us=0.0 layout_us=0.0 meta_us=0.0 hcattn_us=0.0 pfa_calls=3400 pfa_total_us_per_call=84.0
(Worker_TP4 pid=2917696) [IDE_006/TSK_009 profile pid=2917696 tag=pagedfa] #17/100 disp_calls=0 disp_total_us_per_call=0.0 lookup_us=0.0 layout_us=0.0 meta_us=0.0 hcattn_us=0.0 pfa_calls=3400 pfa_total_us_per_call=83.7
(Worker_TP6 pid=2917698) [IDE_006/TSK_009 profile pid=2917698 tag=pagedfa] #17/100 disp_calls=0 disp_total_us_per_call=0.0 lookup_us=0.0 layout_us=0.0 meta_us=0.0 hcattn_us=0.0 pfa_calls=3400 pfa_total_us_per_call=83.7
(Worker_TP2 pid=2917694) [IDE_006/TSK_009 profile pid=2917694 tag=pagedfa] #17/100 disp_calls=0 disp_total_us_per_call=0.0 lookup_us=0.0 layout_us=0.0 meta_us=0.0 hcattn_us=0.0 pfa_calls=3400 pfa_total_us_per_call=86.3
(Worker_TP3 pid=2917695) [IDE_006/TSK_009 profile pid=2917695 tag=pagedfa] #17/100 disp_calls=0 disp_total_us_per_call=0.0 lookup_us=0.0 layout_us=0.0 meta_us=0.0 hcattn_us=0.0 pfa_calls=3400 pfa_total_us_per_call=83.4
(Worker_TP1 pid=2917693) [IDE_006/TSK_009 profile pid=2917693 tag=pagedfa] #17/100 disp_calls=0 disp_total_us_per_call=0.0 lookup_us=0.0 layout_us=0.0 meta_us=0.0 hcattn_us=0.0 pfa_calls=3400 pfa_total_us_per_call=85.5
[IDE_006/TSK_009 profile pid=2917692 tag=pagedfa] #17/100 disp_calls=0 disp_total_us_per_call=0.0 lookup_us=0.0 layout_us=0.0 meta_us=0.0 hcattn_us=0.0 pfa_calls=3400 pfa_total_us_per_call=83.7
(Worker_TP5 pid=2917697) [IDE_006/TSK_009 profile pid=2917697 tag=pagedfa] #17/100 disp_calls=0 disp_total_us_per_call=0.0 lookup_us=0.0 layout_us=0.0 meta_us=0.0 hcattn_us=0.0 pfa_calls=3400 pfa_total_us_per_call=82.8
(Worker_TP2 pid=2917694) [IDE_006/TSK_009 profile pid=2917694 tag=pagedfa] #18/100 disp_calls=0 disp_total_us_per_call=0.0 lookup_us=0.0 layout_us=0.0 meta_us=0.0 hcattn_us=0.0 pfa_calls=3600 pfa_total_us_per_call=85.3
(Worker_TP7 pid=2917699) [IDE_006/TSK_009 profile pid=2917699 tag=pagedfa] #18/100 disp_calls=0 disp_total_us_per_call=0.0 lookup_us=0.0 layout_us=0.0 meta_us=0.0 hcattn_us=0.0 pfa_calls=3600 pfa_total_us_per_call=83.2
(Worker_TP3 pid=2917695) [IDE_006/TSK_009 profile pid=2917695 tag=pagedfa] #18/100 disp_calls=0 disp_total_us_per_call=0.0 lookup_us=0.0 layout_us=0.0 meta_us=0.0 hcattn_us=0.0 pfa_calls=3600 pfa_total_us_per_call=82.6
(Worker_TP6 pid=2917698) [IDE_006/TSK_009 profile pid=2917698 tag=pagedfa] #18/100 disp_calls=0 disp_total_us_per_call=0.0 lookup_us=0.0 layout_us=0.0 meta_us=0.0 hcattn_us=0.0 pfa_calls=3600 pfa_total_us_per_call=83.0
(Worker_TP4 pid=2917696) [IDE_006/TSK_009 profile pid=2917696 tag=pagedfa] #18/100 disp_calls=0 disp_total_us_per_call=0.0 lookup_us=0.0 layout_us=0.0 meta_us=0.0 hcattn_us=0.0 pfa_calls=3600 pfa_total_us_per_call=82.9
(Worker_TP1 pid=2917693) [IDE_006/TSK_009 profile pid=2917693 tag=pagedfa] #18/100 disp_calls=0 disp_total_us_per_call=0.0 lookup_us=0.0 layout_us=0.0 meta_us=0.0 hcattn_us=0.0 pfa_calls=3600 pfa_total_us_per_call=84.6
(Worker_TP5 pid=2917697) [IDE_006/TSK_009 profile pid=2917697 tag=pagedfa] #18/100 disp_calls=0 disp_total_us_per_call=0.0 lookup_us=0.0 layout_us=0.0 meta_us=0.0 hcattn_us=0.0 pfa_calls=3600 pfa_total_us_per_call=82.1
(Worker_TP0 pid=2917692) [IDE_006/TSK_009 profile pid=2917692 tag=pagedfa] #18/100 disp_calls=0 disp_total_us_per_call=0.0 lookup_us=0.0 layout_us=0.0 meta_us=0.0 hcattn_us=0.0 pfa_calls=3600 pfa_total_us_per_call=83.0
(Worker_TP0 pid=2917692) Capturing CUDA graphs (decode, FULL):  41%|████      | 21/51 [00:02<00:02, 10.06it/s](Worker_TP4 pid=2917696) [IDE_006/TSK_009 profile pid=2917696 tag=pagedfa] #19/100 disp_calls=0 disp_total_us_per_call=0.0 lookup_us=0.0 layout_us=0.0 meta_us=0.0 hcattn_us=0.0 pfa_calls=3800 pfa_total_us_per_call=82.2
(Worker_TP1 pid=2917693) [IDE_006/TSK_009 profile pid=2917693 tag=pagedfa] #19/100 disp_calls=0 disp_total_us_per_call=0.0 lookup_us=0.0 layout_us=0.0 meta_us=0.0 hcattn_us=0.0 pfa_calls=3800 pfa_total_us_per_call=83.7
(Worker_TP6 pid=2917698) [IDE_006/TSK_009 profile pid=2917698 tag=pagedfa] #19/100 disp_calls=0 disp_total_us_per_call=0.0 lookup_us=0.0 layout_us=0.0 meta_us=0.0 hcattn_us=0.0 pfa_calls=3800 pfa_total_us_per_call=82.3
(Worker_TP2 pid=2917694) [IDE_006/TSK_009 profile pid=2917694 tag=pagedfa] #19/100 disp_calls=0 disp_total_us_per_call=0.0 lookup_us=0.0 layout_us=0.0 meta_us=0.0 hcattn_us=0.0 pfa_calls=3800 pfa_total_us_per_call=84.5
(Worker_TP7 pid=2917699) [IDE_006/TSK_009 profile pid=2917699 tag=pagedfa] #19/100 disp_calls=0 disp_total_us_per_call=0.0 lookup_us=0.0 layout_us=0.0 meta_us=0.0 hcattn_us=0.0 pfa_calls=3800 pfa_total_us_per_call=82.4
[IDE_006/TSK_009 profile pid=2917692 tag=pagedfa] #19/100 disp_calls=0 disp_total_us_per_call=0.0 lookup_us=0.0 layout_us=0.0 meta_us=0.0 hcattn_us=0.0 pfa_calls=3800 pfa_total_us_per_call=82.3
(Worker_TP3 pid=2917695) [IDE_006/TSK_009 profile pid=2917695 tag=pagedfa] #19/100 disp_calls=0 disp_total_us_per_call=0.0 lookup_us=0.0 layout_us=0.0 meta_us=0.0 hcattn_us=0.0 pfa_calls=3800 pfa_total_us_per_call=81.9
(Worker_TP5 pid=2917697) [IDE_006/TSK_009 profile pid=2917697 tag=pagedfa] #19/100 disp_calls=0 disp_total_us_per_call=0.0 lookup_us=0.0 layout_us=0.0 meta_us=0.0 hcattn_us=0.0 pfa_calls=3800 pfa_total_us_per_call=81.4
(Worker_TP4 pid=2917696) [IDE_006/TSK_009 profile pid=2917696 tag=pagedfa] #20/100 disp_calls=0 disp_total_us_per_call=0.0 lookup_us=0.0 layout_us=0.0 meta_us=0.0 hcattn_us=0.0 pfa_calls=4000 pfa_total_us_per_call=81.6
(Worker_TP6 pid=2917698) [IDE_006/TSK_009 profile pid=2917698 tag=pagedfa] #20/100 disp_calls=0 disp_total_us_per_call=0.0 lookup_us=0.0 layout_us=0.0 meta_us=0.0 hcattn_us=0.0 pfa_calls=4000 pfa_total_us_per_call=85.3
(Worker_TP3 pid=2917695) [IDE_006/TSK_009 profile pid=2917695 tag=pagedfa] #20/100 disp_calls=0 disp_total_us_per_call=0.0 lookup_us=0.0 layout_us=0.0 meta_us=0.0 hcattn_us=0.0 pfa_calls=4000 pfa_total_us_per_call=84.9
(Worker_TP7 pid=2917699) [IDE_006/TSK_009 profile pid=2917699 tag=pagedfa] #20/100 disp_calls=0 disp_total_us_per_call=0.0 lookup_us=0.0 layout_us=0.0 meta_us=0.0 hcattn_us=0.0 pfa_calls=4000 pfa_total_us_per_call=85.4
(Worker_TP2 pid=2917694) [IDE_006/TSK_009 profile pid=2917694 tag=pagedfa] #20/100 disp_calls=0 disp_total_us_per_call=0.0 lookup_us=0.0 layout_us=0.0 meta_us=0.0 hcattn_us=0.0 pfa_calls=4000 pfa_total_us_per_call=87.5
(Worker_TP1 pid=2917693) [IDE_006/TSK_009 profile pid=2917693 tag=pagedfa] #20/100 disp_calls=0 disp_total_us_per_call=0.0 lookup_us=0.0 layout_us=0.0 meta_us=0.0 hcattn_us=0.0 pfa_calls=4000 pfa_total_us_per_call=86.9
(Worker_TP5 pid=2917697) [IDE_006/TSK_009 profile pid=2917697 tag=pagedfa] #20/100 disp_calls=0 disp_total_us_per_call=0.0 lookup_us=0.0 layout_us=0.0 meta_us=0.0 hcattn_us=0.0 pfa_calls=4000 pfa_total_us_per_call=80.9
(Worker_TP0 pid=2917692) [IDE_006/TSK_009 profile pid=2917692 tag=pagedfa] #20/100 disp_calls=0 disp_total_us_per_call=0.0 lookup_us=0.0 layout_us=0.0 meta_us=0.0 hcattn_us=0.0 pfa_calls=4000 pfa_total_us_per_call=85.3
